#
# There is insufficient memory for the Java Runtime Environment to continue.
# Native memory allocation (malloc) failed to allocate 224592 bytes. Error detail: Chunk::new
# Possible reasons:
#   The system is out of physical RAM or swap space
#   This process is running with CompressedOops enabled, and the Java Heap may be blocking the growth of the native heap
# Possible solutions:
#   Reduce memory load on the system
#   Increase physical memory or swap space
#   Check if swap backing store is full
#   Decrease Java heap size (-Xmx/-Xms)
#   Decrease number of Java threads
#   Decrease Java thread stack sizes (-Xss)
#   Set larger code cache with -XX:ReservedCodeCacheSize=
#   JVM is running with Unscaled Compressed Oops mode in which the Java heap is
#     placed in the first 4GB address space. The Java Heap base address is the
#     maximum limit for the native heap growth. Please use -XX:HeapBaseMinAddress
#     to set the Java Heap base and to place the Java Heap above 4GB virtual address.
# This output file may be truncated or incomplete.
#
#  Out of Memory Error (arena.cpp:168), pid=21628, tid=13096
#
# JRE version: OpenJDK Runtime Environment Temurin-21.0.12.1+1 (21.0.12.1+1) (build 21.0.12.1+1-LTS)
# Java VM: OpenJDK 64-Bit Server VM Temurin-21.0.12.1+1 (21.0.12.1+1-LTS, mixed mode, sharing, tiered, compressed oops, compressed class ptrs, parallel gc, windows-amd64)
# No core dump will be written. Minidumps are not enabled by default on client versions of Windows
#

---------------  S U M M A R Y ------------

Command Line: --add-modules=ALL-SYSTEM --add-opens=java.base/java.util=ALL-UNNAMED --add-opens=java.base/java.lang=ALL-UNNAMED --add-opens=java.base/sun.nio.fs=ALL-UNNAMED -Declipse.application=org.eclipse.jdt.ls.core.id1 -Dosgi.bundles.defaultStartLevel=4 -Declipse.product=org.eclipse.jdt.ls.core.product -Djava.import.generatesMetadataFilesAtProjectRoot=false -Dm2e.project.cache.size=50 -DDetectVMInstallationsJob.disabled=true -Dfile.encoding=utf8 -XX:+UseParallelGC -XX:GCTimeRatio=4 -XX:AdaptiveSizePolicyWeight=90 -Dsun.zip.disableMemoryMapping=true -Xmx2G -Xms100m -Xlog:disable -javaagent:c:\Users\PC\.vscode\extensions\redhat.java-1.56.0-win32-x64\lombok\lombok-1.18.39-4050.jar -XX:+HeapDumpOnOutOfMemoryError -XX:HeapDumpPath=c:\Users\PC\AppData\Roaming\Code\User\workspaceStorage\ec1410200dd7bcd3f80d97ac2a3ddf05\redhat.java -Daether.dependencyCollector.impl=bf c:\Users\PC\.vscode\extensions\redhat.java-1.56.0-win32-x64\server\plugins\org.eclipse.equinox.launcher_1.8.0.v20260804-1928.jar -configuration c:\Users\PC\AppData\Roaming\Code\User\globalStorage\redhat.java\1.56.0\config_win -data c:\Users\PC\AppData\Roaming\Code\User\workspaceStorage\ec1410200dd7bcd3f80d97ac2a3ddf05\redhat.java\jdt_ws --stdio

Host: Intel(R) Core(TM) i5-8250U CPU @ 1.60GHz, 8 cores, 7G,  Windows 10 , 64 bit Build 19041 (10.0.19041.5915)
Time: Thu Oct  1 17:52:46 2026 Morocco Standard Time elapsed time: 4.685759 seconds (0d 0h 0m 4s)

---------------  T H R E A D  ---------------

Current thread (0x0000020dfd16f9c0):  JavaThread "C2 CompilerThread1" daemon [_thread_in_native, id=13096, stack(0x00000084cb100000,0x00000084cb200000) (1024K)]


Current CompileTask:
C2:4685 1312       4       java.io.DataInputStream::readFully (59 bytes)

Stack: [0x00000084cb100000,0x00000084cb200000]
Native frames: (J=compiled Java code, j=interpreted, Vv=VM code, C=native code)
V  [jvm.dll+0x6d83e9]
V  [jvm.dll+0x8b5736]
V  [jvm.dll+0x8b7cee]
V  [jvm.dll+0x8b83d3]
V  [jvm.dll+0x284596]
V  [jvm.dll+0xc685d]
V  [jvm.dll+0xc6da1]
V  [jvm.dll+0x3bf18b]
V  [jvm.dll+0x1e4149]
V  [jvm.dll+0x24c853]
V  [jvm.dll+0x24bce0]
V  [jvm.dll+0x1cb4ae]
V  [jvm.dll+0x25baad]
V  [jvm.dll+0x25a03a]
V  [jvm.dll+0x3f8aae]
V  [jvm.dll+0x8600cd]
V  [jvm.dll+0x6d6c1d]
C  [ucrtbase.dll+0x21bb2]
C  [KERNEL32.DLL+0x17374]
C  [ntdll.dll+0x4cc91]


---------------  P R O C E S S  ---------------

Threads class SMR info:
_java_thread_list=0x0000020dfd14f160, length=12, elements={
0x0000020de4844620, 0x0000020dfb2b18f0, 0x0000020dfb2b2e40, 0x0000020dfb2b64a0,
0x0000020dfb2b7100, 0x0000020dfb2b9df0, 0x0000020dfb2ba850, 0x0000020dfb2bb690,
0x0000020dfb2fe5d0, 0x0000020dfcd3e890, 0x0000020dfce770c0, 0x0000020dfd16f9c0
}

Java Threads: ( => current thread )
  0x0000020de4844620 JavaThread "main"                              [_thread_in_Java, id=14332, stack(0x00000084ca300000,0x00000084ca400000) (1024K)]
  0x0000020dfb2b18f0 JavaThread "Reference Handler"          daemon [_thread_blocked, id=3860, stack(0x00000084ca700000,0x00000084ca800000) (1024K)]
  0x0000020dfb2b2e40 JavaThread "Finalizer"                  daemon [_thread_blocked, id=20796, stack(0x00000084ca800000,0x00000084ca900000) (1024K)]
  0x0000020dfb2b64a0 JavaThread "Signal Dispatcher"          daemon [_thread_blocked, id=23308, stack(0x00000084ca900000,0x00000084caa00000) (1024K)]
  0x0000020dfb2b7100 JavaThread "Attach Listener"            daemon [_thread_blocked, id=10980, stack(0x00000084caa00000,0x00000084cab00000) (1024K)]
  0x0000020dfb2b9df0 JavaThread "Service Thread"             daemon [_thread_blocked, id=18156, stack(0x00000084cab00000,0x00000084cac00000) (1024K)]
  0x0000020dfb2ba850 JavaThread "Monitor Deflation Thread"   daemon [_thread_blocked, id=18644, stack(0x00000084cac00000,0x00000084cad00000) (1024K)]
  0x0000020dfb2bb690 JavaThread "C2 CompilerThread0"         daemon [_thread_in_native, id=17456, stack(0x00000084cad00000,0x00000084cae00000) (1024K)]
  0x0000020dfb2fe5d0 JavaThread "C1 CompilerThread0"         daemon [_thread_blocked, id=2428, stack(0x00000084cae00000,0x00000084caf00000) (1024K)]
  0x0000020dfcd3e890 JavaThread "Common-Cleaner"             daemon [_thread_blocked, id=16332, stack(0x00000084caf00000,0x00000084cb000000) (1024K)]
  0x0000020dfce770c0 JavaThread "Notification Thread"        daemon [_thread_blocked, id=1076, stack(0x00000084cb000000,0x00000084cb100000) (1024K)]
=>0x0000020dfd16f9c0 JavaThread "C2 CompilerThread1"         daemon [_thread_in_native, id=13096, stack(0x00000084cb100000,0x00000084cb200000) (1024K)]
Total: 12

Other Threads:
  0x0000020de48fff30 VMThread "VM Thread"                           [id=19836, stack(0x00000084ca600000,0x00000084ca700000) (1024K)]
  0x0000020de48ada00 WatcherThread "VM Periodic Task Thread"        [id=17848, stack(0x00000084ca500000,0x00000084ca600000) (1024K)]
  0x0000020de48611e0 WorkerThread "GC Thread#0"                     [id=12104, stack(0x00000084ca400000,0x00000084ca500000) (1024K)]
  0x0000020dfd71f2f0 WorkerThread "GC Thread#1"                     [id=21284, stack(0x00000084cb200000,0x00000084cb300000) (1024K)]
  0x0000020dfd2b87f0 WorkerThread "GC Thread#2"                     [id=3672, stack(0x00000084cb300000,0x00000084cb400000) (1024K)]
  0x0000020dfd2b8ba0 WorkerThread "GC Thread#3"                     [id=13536, stack(0x00000084cb400000,0x00000084cb500000) (1024K)]
  0x0000020dfd40bf00 WorkerThread "GC Thread#4"                     [id=17536, stack(0x00000084cb500000,0x00000084cb600000) (1024K)]
  0x0000020dfd40c2b0 WorkerThread "GC Thread#5"                     [id=11536, stack(0x00000084cb600000,0x00000084cb700000) (1024K)]
  0x0000020dfd40c660 WorkerThread "GC Thread#6"                     [id=8024, stack(0x00000084cb700000,0x00000084cb800000) (1024K)]
Total: 9

Threads with active compile tasks:
C2 CompilerThread0  4743 1302       4       java.io.DataInputStream::readUTF (501 bytes)
C2 CompilerThread1  4743 1312       4       java.io.DataInputStream::readFully (59 bytes)
Total: 2

VM state: not at safepoint (normal execution)

VM Mutex/Monitor currently owned by a thread: None

Heap address: 0x0000000080000000, size: 2048 MB, Compressed Oops mode: 32-bit

CDS archive(s) mapped at: [0x0000020d80000000-0x0000020d80ba0000-0x0000020d80ba0000), size 12189696, SharedBaseAddress: 0x0000020d80000000, ArchiveRelocationMode: 1.
Compressed class space mapped at: 0x0000020d81000000-0x0000020dc1000000, reserved size: 1073741824
Narrow klass base: 0x0000020d80000000, Narrow klass shift: 0, Narrow klass range: 0x100000000

GC Precious Log:
 CardTable entry size: 512
 CPUs: 8 total, 8 available
 Memory: 8042M
 Large Page Support: Disabled
 NUMA Support: Disabled
 Compressed Oops: Enabled (32-bit)
 Alignments: Space 512K, Generation 512K, Heap 2M
 Heap Min Capacity: 100M
 Heap Initial Capacity: 100M
 Heap Max Capacity: 2G
 Pre-touch: Disabled
 Parallel Workers: 8

Heap:
 PSYoungGen      total 29696K, used 11584K [0x00000000d5580000, 0x00000000d7680000, 0x0000000100000000)
  eden space 25600K, 32% used [0x00000000d5580000,0x00000000d5d9c1d0,0x00000000d6e80000)
  from space 4096K, 80% used [0x00000000d6e80000,0x00000000d71b4148,0x00000000d7280000)
  to   space 4096K, 0% used [0x00000000d7280000,0x00000000d7280000,0x00000000d7680000)
 ParOldGen       total 68608K, used 0K [0x0000000080000000, 0x0000000084300000, 0x00000000d5580000)
  object space 68608K, 0% used [0x0000000080000000,0x0000000080000000,0x0000000084300000)
 Metaspace       used 5917K, committed 6208K, reserved 1114112K
  class space    used 614K, committed 768K, reserved 1048576K

Card table byte_map: [0x0000020de4220000,0x0000020de4630000] _byte_map_base: 0x0000020de3e20000

Marking Bits: (ParMarkBitMap*) 0x00007fff2ef544a0
 Begin Bits: [0x0000020df6d00000, 0x0000020df8d00000)
 End Bits:   [0x0000020df8d00000, 0x0000020dfad00000)

Polling page: 0x0000020de4010000

Metaspace:

Usage:
  Non-class:      5.18 MB used.
      Class:    614.94 KB used.
       Both:      5.78 MB used.

Virtual space:
  Non-class space:       64.00 MB reserved,       5.31 MB (  8%) committed,  1 nodes.
      Class space:        1.00 GB reserved,     768.00 KB ( <1%) committed,  1 nodes.
             Both:        1.06 GB reserved,       6.06 MB ( <1%) committed. 

Chunk freelists:
   Non-Class:  10.19 MB
       Class:  15.09 MB
        Both:  25.28 MB

MaxMetaspaceSize: unlimited
CompressedClassSpaceSize: 1.00 GB
Initial GC threshold: 21.00 MB
Current GC threshold: 21.00 MB
CDS: on
 - commit_granule_bytes: 65536.
 - commit_granule_words: 8192.
 - virtual_space_node_default_size: 8388608.
 - enlarge_chunks_in_place: 1.
 - use_allocation_guard: 0.


Internal statistics:

num_allocs_failed_limit: 0.
num_arena_births: 190.
num_arena_deaths: 0.
num_vsnodes_births: 2.
num_vsnodes_deaths: 0.
num_space_committed: 97.
num_space_uncommitted: 0.
num_chunks_returned_to_freelist: 0.
num_chunks_taken_from_freelist: 307.
num_chunk_merges: 0.
num_chunk_splits: 195.
num_chunks_enlarged: 122.
num_inconsistent_stats: 0.

CodeHeap 'non-profiled nmethods': size=120000Kb used=514Kb max_used=514Kb free=119485Kb
 bounds [0x0000020def520000, 0x0000020def790000, 0x0000020df6a50000]
CodeHeap 'profiled nmethods': size=120000Kb used=2246Kb max_used=2246Kb free=117754Kb
 bounds [0x0000020de7a50000, 0x0000020de7cc0000, 0x0000020deef80000]
CodeHeap 'non-nmethods': size=5760Kb used=1204Kb max_used=1224Kb free=4555Kb
 bounds [0x0000020deef80000, 0x0000020def1f0000, 0x0000020def520000]
CodeCache: size=245760Kb, used=3964Kb, max_used=3984Kb, free=241794Kb
 total_blobs=1787, nmethods=1317, adapters=377, full_count=0
Compilation: enabled, stopped_count=0, restarted_count=0

Compilation events (20 events):
Event: 4.632 Thread 0x0000020dfd16f9c0 1312       4       java.io.DataInputStream::readFully (59 bytes)
Event: 4.632 Thread 0x0000020dfb2fe5d0 nmethod 1317 0x0000020de7c74b10 code [0x0000020de7c74cc0, 0x0000020de7c74de0]
Event: 4.632 Thread 0x0000020dfb2fe5d0 1316       3       java.lang.StringLatin1::toChars (16 bytes)
Event: 4.633 Thread 0x0000020dfb2fe5d0 nmethod 1316 0x0000020de7c74e90 code [0x0000020de7c75040, 0x0000020de7c75220]
Event: 4.633 Thread 0x0000020dfb2fe5d0 1318       3       org.eclipse.osgi.container.ModuleDatabase$Persistence::readMapValue (111 bytes)
Event: 4.636 Thread 0x0000020dfb2fe5d0 nmethod 1318 0x0000020de7c75310 code [0x0000020de7c756a0, 0x0000020de7c769f8]
Event: 4.636 Thread 0x0000020dfb2fe5d0 1320       3       org.eclipse.osgi.container.ModuleDatabase$Persistence::readMap (118 bytes)
Event: 4.640 Thread 0x0000020dfb2fe5d0 nmethod 1320 0x0000020de7c77110 code [0x0000020de7c774c0, 0x0000020de7c78a48]
Event: 4.640 Thread 0x0000020dfb2fe5d0 1321       3       org.eclipse.osgi.container.ModuleDatabase$Persistence::readVersion0 (96 bytes)
Event: 4.645 Thread 0x0000020dfb2fe5d0 nmethod 1321 0x0000020de7c79390 code [0x0000020de7c797e0, 0x0000020de7c7b600]
Event: 4.646 Thread 0x0000020dfb2fe5d0 1319       3       org.eclipse.osgi.container.ModuleDatabase$Persistence::readIndexedMap (16 bytes)
Event: 4.648 Thread 0x0000020dfb2fe5d0 nmethod 1319 0x0000020de7c7c010 code [0x0000020de7c7c240, 0x0000020de7c7c938]
Event: 4.648 Thread 0x0000020dfb2fe5d0 1322       3       java.util.Collections::unmodifiableMap (22 bytes)
Event: 4.649 Thread 0x0000020dfb2fe5d0 nmethod 1322 0x0000020de7c7cc90 code [0x0000020de7c7ce80, 0x0000020de7c7d2d0]
Event: 4.649 Thread 0x0000020dfb2fe5d0 1323       3       java.util.Collections$UnmodifiableMap::<init> (22 bytes)
Event: 4.649 Thread 0x0000020dfb2fe5d0 nmethod 1323 0x0000020de7c7d490 code [0x0000020de7c7d640, 0x0000020de7c7d8c0]
Event: 4.667 Thread 0x0000020dfb2fe5d0 1327       3       org.eclipse.osgi.container.ModuleDatabase$Persistence::readVersion (7 bytes)
Event: 4.668 Thread 0x0000020dfb2fe5d0 nmethod 1327 0x0000020de7c7da10 code [0x0000020de7c7dbc0, 0x0000020de7c7dce0]
Event: 4.669 Thread 0x0000020dfb2fe5d0 1328       3       org.eclipse.osgi.container.ModuleDatabase$Persistence::readListValue (97 bytes)
Event: 4.672 Thread 0x0000020dfb2fe5d0 nmethod 1328 0x0000020de7c7dd90 code [0x0000020de7c7e100, 0x0000020de7c7f3d0]

GC Heap History (2 events):
Event: 3.752 GC heap before
{Heap before GC invocations=1 (full 0):
 PSYoungGen      total 29696K, used 25600K [0x00000000d5580000, 0x00000000d7680000, 0x0000000100000000)
  eden space 25600K, 100% used [0x00000000d5580000,0x00000000d6e80000,0x00000000d6e80000)
  from space 4096K, 0% used [0x00000000d7280000,0x00000000d7280000,0x00000000d7680000)
  to   space 4096K, 0% used [0x00000000d6e80000,0x00000000d6e80000,0x00000000d7280000)
 ParOldGen       total 68608K, used 0K [0x0000000080000000, 0x0000000084300000, 0x00000000d5580000)
  object space 68608K, 0% used [0x0000000080000000,0x0000000080000000,0x0000000084300000)
 Metaspace       used 4327K, committed 4544K, reserved 1114112K
  class space    used 474K, committed 576K, reserved 1048576K
}
Event: 3.778 GC heap after
{Heap after GC invocations=1 (full 0):
 PSYoungGen      total 29696K, used 3280K [0x00000000d5580000, 0x00000000d7680000, 0x0000000100000000)
  eden space 25600K, 0% used [0x00000000d5580000,0x00000000d5580000,0x00000000d6e80000)
  from space 4096K, 80% used [0x00000000d6e80000,0x00000000d71b4148,0x00000000d7280000)
  to   space 4096K, 0% used [0x00000000d7280000,0x00000000d7280000,0x00000000d7680000)
 ParOldGen       total 68608K, used 0K [0x0000000080000000, 0x0000000084300000, 0x00000000d5580000)
  object space 68608K, 0% used [0x0000000080000000,0x0000000080000000,0x0000000084300000)
 Metaspace       used 4327K, committed 4544K, reserved 1114112K
  class space    used 474K, committed 576K, reserved 1048576K
}

Dll operation events (16 events):
Event: 0.030 Attempting to load shared library c:\Users\PC\.vscode\extensions\redhat.java-1.56.0-win32-x64\jre\21.0.12.1-win32-x86_64\bin\java.dll
Event: 0.030 Loaded shared library c:\Users\PC\.vscode\extensions\redhat.java-1.56.0-win32-x64\jre\21.0.12.1-win32-x86_64\bin\java.dll
Event: 0.837 Attempting to load shared library c:\Users\PC\.vscode\extensions\redhat.java-1.56.0-win32-x64\jre\21.0.12.1-win32-x86_64\bin\zip.dll
Event: 0.838 Loaded shared library c:\Users\PC\.vscode\extensions\redhat.java-1.56.0-win32-x64\jre\21.0.12.1-win32-x86_64\bin\zip.dll
Event: 0.915 Attempting to load shared library C:\Users\PC\.vscode\extensions\redhat.java-1.56.0-win32-x64\jre\21.0.12.1-win32-x86_64\bin\instrument.dll
Event: 0.915 Loaded shared library C:\Users\PC\.vscode\extensions\redhat.java-1.56.0-win32-x64\jre\21.0.12.1-win32-x86_64\bin\instrument.dll
Event: 0.940 Attempting to load shared library C:\Users\PC\.vscode\extensions\redhat.java-1.56.0-win32-x64\jre\21.0.12.1-win32-x86_64\bin\net.dll
Event: 0.943 Loaded shared library C:\Users\PC\.vscode\extensions\redhat.java-1.56.0-win32-x64\jre\21.0.12.1-win32-x86_64\bin\net.dll
Event: 0.953 Attempting to load shared library C:\Users\PC\.vscode\extensions\redhat.java-1.56.0-win32-x64\jre\21.0.12.1-win32-x86_64\bin\nio.dll
Event: 0.954 Loaded shared library C:\Users\PC\.vscode\extensions\redhat.java-1.56.0-win32-x64\jre\21.0.12.1-win32-x86_64\bin\nio.dll
Event: 0.965 Attempting to load shared library C:\Users\PC\.vscode\extensions\redhat.java-1.56.0-win32-x64\jre\21.0.12.1-win32-x86_64\bin\zip.dll
Event: 0.965 Loaded shared library C:\Users\PC\.vscode\extensions\redhat.java-1.56.0-win32-x64\jre\21.0.12.1-win32-x86_64\bin\zip.dll
Event: 1.024 Attempting to load shared library C:\Users\PC\.vscode\extensions\redhat.java-1.56.0-win32-x64\jre\21.0.12.1-win32-x86_64\bin\jimage.dll
Event: 1.024 Loaded shared library C:\Users\PC\.vscode\extensions\redhat.java-1.56.0-win32-x64\jre\21.0.12.1-win32-x86_64\bin\jimage.dll
Event: 1.309 Attempting to load shared library c:\Users\PC\.vscode\extensions\redhat.java-1.56.0-win32-x64\jre\21.0.12.1-win32-x86_64\bin\verify.dll
Event: 1.310 Loaded shared library c:\Users\PC\.vscode\extensions\redhat.java-1.56.0-win32-x64\jre\21.0.12.1-win32-x86_64\bin\verify.dll

Deoptimization events (20 events):
Event: 4.008 Thread 0x0000020de4844620 Uncommon trap: trap_request=0xffffff45 fr.pc=0x0000020def590c58 relative=0x0000000000000298
Event: 4.008 Thread 0x0000020de4844620 Uncommon trap: reason=unstable_if action=reinterpret pc=0x0000020def590c58 method=java.util.HashMap.hash(Ljava/lang/Object;)I @ 1 c2
Event: 4.008 Thread 0x0000020de4844620 DEOPT PACKING pc=0x0000020def590c58 sp=0x00000084ca3fecd0
Event: 4.008 Thread 0x0000020de4844620 DEOPT UNPACKING pc=0x0000020deefd3aa2 sp=0x00000084ca3feb68 mode 2
Event: 4.013 Thread 0x0000020de4844620 Uncommon trap: trap_request=0xffffff45 fr.pc=0x0000020def58b454 relative=0x0000000000000294
Event: 4.013 Thread 0x0000020de4844620 Uncommon trap: reason=unstable_if action=reinterpret pc=0x0000020def58b454 method=java.util.HashMap.hash(Ljava/lang/Object;)I @ 1 c2
Event: 4.013 Thread 0x0000020de4844620 DEOPT PACKING pc=0x0000020def58b454 sp=0x00000084ca3fec40
Event: 4.013 Thread 0x0000020de4844620 DEOPT UNPACKING pc=0x0000020deefd3aa2 sp=0x00000084ca3feb48 mode 2
Event: 4.013 Thread 0x0000020de4844620 Uncommon trap: trap_request=0xffffff45 fr.pc=0x0000020def58b954 relative=0x00000000000000b4
Event: 4.013 Thread 0x0000020de4844620 Uncommon trap: reason=unstable_if action=reinterpret pc=0x0000020def58b954 method=java.util.HashMap.hash(Ljava/lang/Object;)I @ 1 c2
Event: 4.014 Thread 0x0000020de4844620 DEOPT PACKING pc=0x0000020def58b954 sp=0x00000084ca3fecf0
Event: 4.014 Thread 0x0000020de4844620 DEOPT UNPACKING pc=0x0000020deefd3aa2 sp=0x00000084ca3fec88 mode 2
Event: 4.014 Thread 0x0000020de4844620 Uncommon trap: trap_request=0xffffffde fr.pc=0x0000020def56e854 relative=0x00000000000005b4
Event: 4.014 Thread 0x0000020de4844620 Uncommon trap: reason=class_check action=maybe_recompile pc=0x0000020def56e854 method=java.util.Collections$UnmodifiableCollection$1.<init>(Ljava/util/Collections$UnmodifiableCollection;)V @ 17 c2
Event: 4.014 Thread 0x0000020de4844620 DEOPT PACKING pc=0x0000020def56e854 sp=0x00000084ca3fed20
Event: 4.014 Thread 0x0000020de4844620 DEOPT UNPACKING pc=0x0000020deefd3aa2 sp=0x00000084ca3fec68 mode 2
Event: 4.267 Thread 0x0000020de4844620 Uncommon trap: trap_request=0xffffff45 fr.pc=0x0000020def57457c relative=0x000000000000019c
Event: 4.267 Thread 0x0000020de4844620 Uncommon trap: reason=unstable_if action=reinterpret pc=0x0000020def57457c method=java.lang.invoke.VarHandle.checkAccessModeThenIsDirect(Ljava/lang/invoke/VarHandle$AccessDescriptor;)Z @ 4 c2
Event: 4.267 Thread 0x0000020de4844620 DEOPT PACKING pc=0x0000020def57457c sp=0x00000084ca3fecd0
Event: 4.267 Thread 0x0000020de4844620 DEOPT UNPACKING pc=0x0000020deefd3aa2 sp=0x00000084ca3fec28 mode 2

Classes loaded (20 events):
Event: 4.450 Loading class java/util/AbstractQueue done
Event: 4.450 Loading class java/util/concurrent/SynchronousQueue done
Event: 4.450 Loading class java/util/concurrent/SynchronousQueue$Transferer
Event: 4.451 Loading class java/util/concurrent/LinkedTransferQueue
Event: 4.451 Loading class java/util/concurrent/TransferQueue
Event: 4.452 Loading class java/util/concurrent/TransferQueue done
Event: 4.452 Loading class java/util/concurrent/LinkedTransferQueue done
Event: 4.452 Loading class java/util/concurrent/SynchronousQueue$Transferer done
Event: 4.452 Loading class java/util/concurrent/LinkedTransferQueue$DualNode
Event: 4.453 Loading class java/util/concurrent/LinkedTransferQueue$DualNode done
Event: 4.454 Loading class java/util/concurrent/RejectedExecutionHandler
Event: 4.456 Loading class java/util/concurrent/RejectedExecutionHandler done
Event: 4.456 Loading class java/util/concurrent/LinkedBlockingQueue
Event: 4.457 Loading class java/util/concurrent/LinkedBlockingQueue done
Event: 4.457 Loading class java/util/concurrent/LinkedBlockingQueue$Node
Event: 4.457 Loading class java/util/concurrent/LinkedBlockingQueue$Node done
Event: 4.526 Loading class java/util/concurrent/Semaphore$NonfairSync
Event: 4.526 Loading class java/util/concurrent/Semaphore$Sync
Event: 4.527 Loading class java/util/concurrent/Semaphore$Sync done
Event: 4.527 Loading class java/util/concurrent/Semaphore$NonfairSync done

Classes unloaded (0 events):
No events

Classes redefined (0 events):
No events

Internal exceptions (20 events):
Event: 2.841 Thread 0x0000020de4844620 Exception <a 'java/io/FileNotFoundException'{0x00000000d64d6238}> (0x00000000d64d6238) 
thrown [s\src\hotspot\share\prims\jni.cpp, line 520]
Event: 2.842 Thread 0x0000020de4844620 Exception <a 'java/io/FileNotFoundException'{0x00000000d64d6e70}> (0x00000000d64d6e70) 
thrown [s\src\hotspot\share\prims\jni.cpp, line 520]
Event: 2.843 Thread 0x0000020de4844620 Exception <a 'java/io/FileNotFoundException'{0x00000000d64d79a0}> (0x00000000d64d79a0) 
thrown [s\src\hotspot\share\prims\jni.cpp, line 520]
Event: 2.885 Thread 0x0000020de4844620 Implicit null exception at 0x0000020def552b24 to 0x0000020def5530f0
Event: 2.893 Thread 0x0000020de4844620 Exception <a 'java/io/FileNotFoundException'{0x00000000d650fde0}> (0x00000000d650fde0) 
thrown [s\src\hotspot\share\prims\jni.cpp, line 520]
Event: 2.948 Thread 0x0000020de4844620 Exception <a 'java/lang/NoSuchMethodError'{0x00000000d65489d8}: 'java.lang.Object java.lang.invoke.DirectMethodHandle$Holder.invokeInterface(java.lang.Object, java.lang.Object)'> (0x00000000d65489d8) 
thrown [s\src\hotspot\share\interpreter\linkResolver.cpp, line 773]
Event: 2.956 Thread 0x0000020de4844620 Exception <a 'java/lang/NoSuchMethodError'{0x00000000d655bfe8}: 'java.lang.Object java.lang.invoke.Invokers$Holder.invokeExact_MT(java.lang.Object, java.lang.Object, java.lang.Object, java.lang.Object, java.lang.Object, java.lang.Object)'> (0x00000000d655bfe8) 
thrown [s\src\hotspot\share\interpreter\linkResolver.cpp, line 773]
Event: 2.964 Thread 0x0000020de4844620 Exception <a 'java/lang/NoSuchMethodError'{0x00000000d65730c0}: 'int java.lang.invoke.DirectMethodHandle$Holder.invokeStatic(java.lang.Object, java.lang.Object, java.lang.Object, java.lang.Object, java.lang.Object)'> (0x00000000d65730c0) 
thrown [s\src\hotspot\share\interpreter\linkResolver.cpp, line 773]
Event: 3.030 Thread 0x0000020de4844620 Exception <a 'java/lang/NoSuchMethodError'{0x00000000d6606648}: 'java.lang.Object java.lang.invoke.DirectMethodHandle$Holder.invokeInterface(java.lang.Object, java.lang.Object, int)'> (0x00000000d6606648) 
thrown [s\src\hotspot\share\interpreter\linkResolver.cpp, line 773]
Event: 3.434 Thread 0x0000020de4844620 Exception <a 'java/lang/NoSuchMethodError'{0x00000000d6a8a7a0}: 'java.lang.ClassLoader java.lang.ClassLoader.getPlatformClassLoader(java.lang.Class)'> (0x00000000d6a8a7a0) 
thrown [s\src\hotspot\share\interpreter\linkResolver.cpp, line 773]
Event: 3.795 Thread 0x0000020de4844620 Exception <a 'java/lang/ClassNotFoundException'{0x00000000d55c3520}: sun/net/www/protocol/c/Handler> (0x00000000d55c3520) 
thrown [s\src\hotspot\share\classfile\systemDictionary.cpp, line 313]
Event: 3.795 Thread 0x0000020de4844620 Exception <a 'java/lang/ClassNotFoundException'{0x00000000d55c48b8}: sun/net/www/protocol/c/Handler> (0x00000000d55c48b8) 
thrown [s\src\hotspot\share\classfile\systemDictionary.cpp, line 313]
Event: 3.796 Thread 0x0000020de4844620 Exception <a 'java/lang/ClassNotFoundException'{0x00000000d55c5aa0}: sun/net/www/protocol/c/Handler> (0x00000000d55c5aa0) 
thrown [s\src\hotspot\share\classfile\systemDictionary.cpp, line 313]
Event: 3.826 Thread 0x0000020de4844620 Exception <a 'java/io/FileNotFoundException'{0x00000000d55eed38}> (0x00000000d55eed38) 
thrown [s\src\hotspot\share\prims\jni.cpp, line 520]
Event: 4.007 Thread 0x0000020de4844620 Implicit null exception at 0x0000020def582566 to 0x0000020def582612
Event: 4.008 Thread 0x0000020de4844620 Implicit null exception at 0x0000020def590a1a to 0x0000020def590c40
Event: 4.009 Thread 0x0000020de4844620 Exception <a 'java/lang/NoSuchMethodError'{0x00000000d5721b50}: 'void java.lang.invoke.DirectMethodHandle$Holder.invokeStatic(java.lang.Object, java.lang.Object, java.lang.Object, java.lang.Object)'> (0x00000000d5721b50) 
thrown [s\src\hotspot\share\interpreter\linkResolver.cpp, line 773]
Event: 4.013 Thread 0x0000020de4844620 Implicit null exception at 0x0000020def58b21a to 0x0000020def58b43c
Event: 4.013 Thread 0x0000020de4844620 Implicit null exception at 0x0000020def58b8c0 to 0x0000020def58b945
Event: 4.394 Thread 0x0000020de4844620 Exception <a 'java/lang/NoSuchMethodError'{0x00000000d5a072d0}: 'void java.lang.invoke.DirectMethodHandle$Holder.invokeSpecial(java.lang.Object, java.lang.Object, java.lang.Object)'> (0x00000000d5a072d0) 
thrown [s\src\hotspot\share\interpreter\linkResolver.cpp, line 773]

ZGC Phase Switch (0 events):
No events

VM Operations (16 events):
Event: 0.834 Executing non-safepoint VM operation: HandshakeAllThreads (Deoptimize)
Event: 0.834 Executing non-safepoint VM operation: HandshakeAllThreads (Deoptimize) done
Event: 1.068 Executing non-safepoint VM operation: HandshakeAllThreads (Deoptimize)
Event: 1.068 Executing non-safepoint VM operation: HandshakeAllThreads (Deoptimize) done
Event: 2.072 Executing safepoint VM operation: Cleanup
Event: 2.089 Executing safepoint VM operation: Cleanup done
Event: 2.499 Executing non-safepoint VM operation: HandshakeAllThreads (Deoptimize)
Event: 2.499 Executing non-safepoint VM operation: HandshakeAllThreads (Deoptimize) done
Event: 2.672 Executing non-safepoint VM operation: HandshakeAllThreads (Deoptimize)
Event: 2.672 Executing non-safepoint VM operation: HandshakeAllThreads (Deoptimize) done
Event: 3.670 Executing non-safepoint VM operation: HandshakeAllThreads (Deoptimize)
Event: 3.670 Executing non-safepoint VM operation: HandshakeAllThreads (Deoptimize) done
Event: 3.670 Executing safepoint VM operation: Cleanup
Event: 3.670 Executing safepoint VM operation: Cleanup done
Event: 3.751 Executing safepoint VM operation: ParallelGCFailedAllocation (Allocation Failure)
Event: 3.778 Executing safepoint VM operation: ParallelGCFailedAllocation (Allocation Failure) done

Memory protections (0 events):
No events

Nmethod flushes (0 events):
No events

Events (18 events):
Event: 0.148 Thread 0x0000020de4844620 Thread added: 0x0000020de4844620
Event: 0.347 Thread 0x0000020de4844620 Thread added: 0x0000020dfb2b18f0
Event: 0.347 Thread 0x0000020de4844620 Thread added: 0x0000020dfb2b2e40
Event: 0.348 Thread 0x0000020de4844620 Thread added: 0x0000020dfb2b64a0
Event: 0.348 Thread 0x0000020de4844620 Thread added: 0x0000020dfb2b7100
Event: 0.348 Thread 0x0000020de4844620 Thread added: 0x0000020dfb2b9df0
Event: 0.349 Thread 0x0000020de4844620 Thread added: 0x0000020dfb2ba850
Event: 0.349 Thread 0x0000020de4844620 Thread added: 0x0000020dfb2bb690
Event: 0.425 Thread 0x0000020de4844620 Thread added: 0x0000020dfb2fe5d0
Event: 0.935 Thread 0x0000020de4844620 Thread added: 0x0000020dfcd3e890
Event: 1.304 Thread 0x0000020dfb2fe5d0 Thread added: 0x0000020dfcdf48c0
Event: 1.549 Thread 0x0000020dfcdf48c0 Thread exited: 0x0000020dfcdf48c0
Event: 1.681 Thread 0x0000020de4844620 Thread added: 0x0000020dfce770c0
Event: 2.120 Thread 0x0000020dfb2fe5d0 Thread added: 0x0000020dfcf248f0
Event: 2.944 Thread 0x0000020dfcf248f0 Thread exited: 0x0000020dfcf248f0
Event: 3.465 Thread 0x0000020dfb2fe5d0 Thread added: 0x0000020dfd6ebc60
Event: 3.795 Thread 0x0000020dfd6ebc60 Thread exited: 0x0000020dfd6ebc60
Event: 4.632 Thread 0x0000020dfb2fe5d0 Thread added: 0x0000020dfd16f9c0


Dynamic libraries:
0x00007ff790220000 - 0x00007ff79022e000 	c:\Users\PC\.vscode\extensions\redhat.java-1.56.0-win32-x64\jre\21.0.12.1-win32-x86_64\bin\java.exe
0x00007fff75ad0000 - 0x00007fff75cc8000 	C:\Windows\SYSTEM32\ntdll.dll
0x00007fff759c0000 - 0x00007fff75a82000 	C:\Windows\System32\KERNEL32.DLL
0x00007fff73520000 - 0x00007fff73816000 	C:\Windows\System32\KERNELBASE.dll
0x00007fff73200000 - 0x00007fff73300000 	C:\Windows\System32\ucrtbase.dll
0x00007fff6ca10000 - 0x00007fff6ca28000 	c:\Users\PC\.vscode\extensions\redhat.java-1.56.0-win32-x64\jre\21.0.12.1-win32-x86_64\bin\jli.dll
0x00007fff752f0000 - 0x00007fff75491000 	C:\Windows\System32\USER32.dll
0x00007fff73950000 - 0x00007fff73972000 	C:\Windows\System32\win32u.dll
0x00007fff75030000 - 0x00007fff7505b000 	C:\Windows\System32\GDI32.dll
0x00007fff739d0000 - 0x00007fff73ae9000 	C:\Windows\System32\gdi32full.dll
0x00007fff73160000 - 0x00007fff731fd000 	C:\Windows\System32\msvcp_win.dll
0x00007fff6c020000 - 0x00007fff6c03e000 	c:\Users\PC\.vscode\extensions\redhat.java-1.56.0-win32-x64\jre\21.0.12.1-win32-x86_64\bin\VCRUNTIME140.dll
0x00007fff5fc60000 - 0x00007fff5fefb000 	C:\Windows\WinSxS\amd64_microsoft.windows.common-controls_6595b64144ccf1df_6.0.19041.6456_none_60b8a6cb71f64256\COMCTL32.dll
0x00007fff73de0000 - 0x00007fff73e7e000 	C:\Windows\System32\msvcrt.dll
0x00007fff75510000 - 0x00007fff7553f000 	C:\Windows\System32\IMM32.DLL
0x00007fff6dd30000 - 0x00007fff6dd3c000 	c:\Users\PC\.vscode\extensions\redhat.java-1.56.0-win32-x64\jre\21.0.12.1-win32-x86_64\bin\vcruntime140_1.dll
0x00007fff47d80000 - 0x00007fff47e0d000 	c:\Users\PC\.vscode\extensions\redhat.java-1.56.0-win32-x64\jre\21.0.12.1-win32-x86_64\bin\msvcp140.dll
0x00007fff2e290000 - 0x00007fff2f032000 	c:\Users\PC\.vscode\extensions\redhat.java-1.56.0-win32-x64\jre\21.0.12.1-win32-x86_64\bin\server\jvm.dll
0x00007fff73e80000 - 0x00007fff73f31000 	C:\Windows\System32\ADVAPI32.dll
0x00007fff74690000 - 0x00007fff7472f000 	C:\Windows\System32\sechost.dll
0x00007fff73cc0000 - 0x00007fff73de0000 	C:\Windows\System32\RPCRT4.dll
0x00007fff734f0000 - 0x00007fff73517000 	C:\Windows\System32\bcrypt.dll
0x00007fff754a0000 - 0x00007fff7550b000 	C:\Windows\System32\WS2_32.dll
0x00007fff72660000 - 0x00007fff726ab000 	C:\Windows\SYSTEM32\POWRPROF.dll
0x00007fff5c220000 - 0x00007fff5c22a000 	C:\Windows\SYSTEM32\VERSION.dll
0x00007fff5f2f0000 - 0x00007fff5f317000 	C:\Windows\SYSTEM32\WINMM.dll
0x00007fff72520000 - 0x00007fff72532000 	C:\Windows\SYSTEM32\UMPDC.dll
0x00007fff71930000 - 0x00007fff71942000 	C:\Windows\SYSTEM32\kernel.appcore.dll
0x00007fff6d600000 - 0x00007fff6d60a000 	c:\Users\PC\.vscode\extensions\redhat.java-1.56.0-win32-x64\jre\21.0.12.1-win32-x86_64\bin\jimage.dll
0x00007fff71630000 - 0x00007fff71831000 	C:\Windows\SYSTEM32\DBGHELP.DLL
0x00007fff59c70000 - 0x00007fff59ca4000 	C:\Windows\SYSTEM32\dbgcore.DLL
0x00007fff73460000 - 0x00007fff734e2000 	C:\Windows\System32\bcryptPrimitives.dll
0x00007fff6bfe0000 - 0x00007fff6bfef000 	c:\Users\PC\.vscode\extensions\redhat.java-1.56.0-win32-x64\jre\21.0.12.1-win32-x86_64\bin\instrument.dll
0x00007fff6ac40000 - 0x00007fff6ac60000 	c:\Users\PC\.vscode\extensions\redhat.java-1.56.0-win32-x64\jre\21.0.12.1-win32-x86_64\bin\java.dll
0x00007fff748c0000 - 0x00007fff75030000 	C:\Windows\System32\SHELL32.dll
0x00007fff70e80000 - 0x00007fff71625000 	C:\Windows\SYSTEM32\windows.storage.dll
0x00007fff74240000 - 0x00007fff74594000 	C:\Windows\System32\combase.dll
0x00007fff72ab0000 - 0x00007fff72adb000 	C:\Windows\SYSTEM32\Wldp.dll
0x00007fff73fa0000 - 0x00007fff7406d000 	C:\Windows\System32\OLEAUT32.dll
0x00007fff740d0000 - 0x00007fff7417d000 	C:\Windows\System32\SHCORE.dll
0x00007fff74730000 - 0x00007fff7478b000 	C:\Windows\System32\shlwapi.dll
0x00007fff73090000 - 0x00007fff730b4000 	C:\Windows\SYSTEM32\profapi.dll
0x00007fff6a7a0000 - 0x00007fff6a7b8000 	c:\Users\PC\.vscode\extensions\redhat.java-1.56.0-win32-x64\jre\21.0.12.1-win32-x86_64\bin\zip.dll
0x00007fff6bfd0000 - 0x00007fff6bfe0000 	C:\Users\PC\.vscode\extensions\redhat.java-1.56.0-win32-x64\jre\21.0.12.1-win32-x86_64\bin\net.dll
0x00007fff6f720000 - 0x00007fff6f82a000 	C:\Windows\SYSTEM32\WINHTTP.dll
0x00007fff72890000 - 0x00007fff728fa000 	C:\Windows\system32\mswsock.dll
0x00007fff6a770000 - 0x00007fff6a786000 	C:\Users\PC\.vscode\extensions\redhat.java-1.56.0-win32-x64\jre\21.0.12.1-win32-x86_64\bin\nio.dll
0x00007fff6bab0000 - 0x00007fff6bac0000 	c:\Users\PC\.vscode\extensions\redhat.java-1.56.0-win32-x64\jre\21.0.12.1-win32-x86_64\bin\verify.dll

JVMTI agents:
c:\Users\PC\.vscode\extensions\redhat.java-1.56.0-win32-x64\lombok\lombok-1.18.39-4050.jar path:c:\Users\PC\.vscode\extensions\redhat.java-1.56.0-win32-x64\jre\21.0.12.1-win32-x86_64\bin\instrument.dll, loaded, initialized, instrumentlib options:none

dbghelp: loaded successfully - version: 4.0.5 - missing functions: none
symbol engine: initialized successfully - sym options: 0x614 - pdb path: .;c:\Users\PC\.vscode\extensions\redhat.java-1.56.0-win32-x64\jre\21.0.12.1-win32-x86_64\bin;C:\Windows\SYSTEM32;C:\Windows\WinSxS\amd64_microsoft.windows.common-controls_6595b64144ccf1df_6.0.19041.6456_none_60b8a6cb71f64256;c:\Users\PC\.vscode\extensions\redhat.java-1.56.0-win32-x64\jre\21.0.12.1-win32-x86_64\bin\server

VM Arguments:
jvm_args: --add-modules=ALL-SYSTEM --add-opens=java.base/java.util=ALL-UNNAMED --add-opens=java.base/java.lang=ALL-UNNAMED --add-opens=java.base/sun.nio.fs=ALL-UNNAMED -Declipse.application=org.eclipse.jdt.ls.core.id1 -Dosgi.bundles.defaultStartLevel=4 -Declipse.product=org.eclipse.jdt.ls.core.product -Djava.import.generatesMetadataFilesAtProjectRoot=false -Dm2e.project.cache.size=50 -DDetectVMInstallationsJob.disabled=true -Dfile.encoding=utf8 -XX:+UseParallelGC -XX:GCTimeRatio=4 -XX:AdaptiveSizePolicyWeight=90 -Dsun.zip.disableMemoryMapping=true -Xmx2G -Xms100m -Xlog:disable -javaagent:c:\Users\PC\.vscode\extensions\redhat.java-1.56.0-win32-x64\lombok\lombok-1.18.39-4050.jar -XX:+HeapDumpOnOutOfMemoryError -XX:HeapDumpPath=c:\Users\PC\AppData\Roaming\Code\User\workspaceStorage\ec1410200dd7bcd3f80d97ac2a3ddf05\redhat.java -Daether.dependencyCollector.impl=bf 
java_command: c:\Users\PC\.vscode\extensions\redhat.java-1.56.0-win32-x64\server\plugins\org.eclipse.equinox.launcher_1.8.0.v20260804-1928.jar -configuration c:\Users\PC\AppData\Roaming\Code\User\globalStorage\redhat.java\1.56.0\config_win -data c:\Users\PC\AppData\Roaming\Code\User\workspaceStorage\ec1410200dd7bcd3f80d97ac2a3ddf05\redhat.java\jdt_ws --stdio
java_class_path (initial): c:\Users\PC\.vscode\extensions\redhat.java-1.56.0-win32-x64\server\plugins\org.eclipse.equinox.launcher_1.8.0.v20260804-1928.jar
Launcher Type: SUN_STANDARD

[Global flags]
    uintx AdaptiveSizePolicyWeight                 = 90                                        {product} {command line}
     intx CICompilerCount                          = 4                                         {product} {ergonomic}
    uintx GCTimeRatio                              = 4                                         {product} {command line}
     bool HeapDumpOnOutOfMemoryError               = true                                   {manageable} {command line}
    ccstr HeapDumpPath                             = c:\Users\PC\AppData\Roaming\Code\User\workspaceStorage\ec1410200dd7bcd3f80d97ac2a3ddf05\redhat.java         {manageable} {command line}
   size_t InitialHeapSize                          = 104857600                                 {product} {command line}
   size_t MaxHeapSize                              = 2147483648                                {product} {command line}
   size_t MaxNewSize                               = 715653120                                 {product} {ergonomic}
   size_t MinHeapDeltaBytes                        = 524288                                    {product} {ergonomic}
   size_t MinHeapSize                              = 104857600                                 {product} {command line}
   size_t NewSize                                  = 34603008                                  {product} {ergonomic}
    uintx NonNMethodCodeHeapSize                   = 5839372                                {pd product} {ergonomic}
    uintx NonProfiledCodeHeapSize                  = 122909434                              {pd product} {ergonomic}
   size_t OldSize                                  = 70254592                                  {product} {ergonomic}
    uintx ProfiledCodeHeapSize                     = 122909434                              {pd product} {ergonomic}
    uintx ReservedCodeCacheSize                    = 251658240                              {pd product} {ergonomic}
     bool SegmentedCodeCache                       = true                                      {product} {ergonomic}
   size_t SoftMaxHeapSize                          = 2147483648                             {manageable} {ergonomic}
     bool UseCompressedOops                        = true                           {product lp64_product} {ergonomic}
     bool UseLargePagesIndividualAllocation        = false                                  {pd product} {ergonomic}
     bool UseParallelGC                            = true                                      {product} {command line}

Logging:
Log output configuration:
 #0: stdout all=off uptime,level,tags foldmultilines=false
 #1: stderr all=off uptime,level,tags foldmultilines=false

Release file:
JAVA_VERSION="21.0.12.1" 
MODULES="java.base java.compiler java.datatransfer java.xml java.prefs java.desktop java.instrument java.logging java.management java.security.sasl java.naming java.rmi java.management.rmi java.net.http java.scripting java.security.jgss java.transaction.xa java.sql java.sql.rowset java.xml.crypto java.se java.smartcardio jdk.accessibility jdk.internal.jvmstat jdk.attach jdk.charsets jdk.internal.opt jdk.zipfs jdk.compiler jdk.crypto.ec jdk.crypto.cryptoki jdk.crypto.mscapi jdk.dynalink jdk.internal.ed jdk.editpad jdk.hotspot.agent jdk.httpserver jdk.internal.le jdk.internal.vm.ci jdk.internal.vm.compiler jdk.internal.vm.compiler.management jdk.jartool jdk.javadoc jdk.jcmd jdk.management jdk.management.agent jdk.jconsole jdk.jdeps jdk.jdwp.agent jdk.jdi jdk.jfr jdk.jshell jdk.jsobject jdk.jstatd jdk.localedata jdk.management.jfr jdk.naming.dns jdk.naming.rmi jdk.net jdk.nio.mapmode jdk.random jdk.sctp jdk.security.auth jdk.security.jgss jdk.unsupported jdk.unsupported.desktop jdk.xml.dom" 

Environment Variables:
PATH=C:\Program Files\Eclipse Adoptium\jdk-25.0.2.10-hotspot\bin;C:\app\PC\product\21c\dbhomeXE\bin;C:\Program Files\Eclipse Adoptium\jdk-8.0.382.5-hotspot\bin;C:\Program Files\Eclipse Adoptium\jdk-17.0.17.10-hotspot\bin;C:\Program Files (x86)\Common Files\Oracle\Java\javapath;C:\Windows\system32;C:\Windows;C:\Windows\System32\Wbem;C:\Windows\System32\WindowsPowerShell\v1.0\;C:\Windows\System32\OpenSSH\;C:\msys64\mingw64\bin;C:\Program Files\MySQL\MySQL Server 8.0\bin;C:\Program Files\Microsoft SQL Server\150\Tools\Binn\;C:\Program Files\Microsoft SQL Server\Client SDK\ODBC\170\Tools\Binn\;C:\Program Files\dotnet\;C:\Program Files (x86)\Windows Kits\10\Windows Performance Toolkit\;%MAVEN_HOME%\bin;C:\Program Files\ZeroC\Ice-3.7.9\bin;C:\Program Files (x86)\Microsoft SQL Server\170\Tools\Binn\;C:\Program Files\Microsoft SQL Server\170\Tools\Binn\;C:\Program Files\Microsoft SQL Server\Client SDK\ODBC\180\Tools\Binn\;C:\Program Files\Microsoft SQL Server\170\DTS\Binn\;C:\Program Files\Git\cmd;C:\Program Files\nodejs\;C:\Program Files\WSL\;C:\Users\PC\Desktop\sonar-scanner-cli-5.0.1.3006-windows\sonar-scanner-5.0.1.3006-windows\bin;C:\Users\PC\AppData\Local\Programs\Python\Python314\Scripts\;C:\Users\PC\AppData\Local\Programs\Python\Python314\;C:\Program Files\MySQL\MySQL Shell 8.0\bin\;C:\Users\PC\AppData\Local\Microsoft\WindowsApps;C:\Users\PC\AppData\Local\Programs\Microsoft VS Code\bin;C:\Users\PC\.dotnet\tools;C:\Users\PC\AppData\Roaming\npm;C:\Program Files\nodejs\;C:\Users\PC\AppData\Local\Programs\Python\Python314;C:\Users\PC\AppData\Local\Programs\Python\Python314\Scripts;C:\Users\PC\Desktop\apache-maven-3.9.16-bin\bin;C:\Users\PC\Desktop\sonar-scanner-cli-5.0.1.3006-windows\sonar-scanner-5.0.1.3006-windows\bin;
USERNAME=PC
OS=Windows_NT
PROCESSOR_IDENTIFIER=Intel64 Family 6 Model 142 Stepping 10, GenuineIntel
TMP=C:\Users\PC\AppData\Local\Temp
TEMP=C:\Users\PC\AppData\Local\Temp




Periodic native trim disabled

---------------  S Y S T E M  ---------------

OS:
 Windows 10 , 64 bit Build 19041 (10.0.19041.5915)
OS uptime: 0 days 4:26 hours
Hyper-V role detected

CPU: total 8 (initial active 8) (4 cores per cpu, 2 threads per core) family 6 model 142 stepping 10 microcode 0xb4, cx8, cmov, fxsr, ht, mmx, 3dnowpref, sse, sse2, sse3, ssse3, sse4.1, sse4.2, popcnt, lzcnt, tsc, tscinvbit, avx, avx2, aes, erms, clmul, bmi1, bmi2, adx, fma, vzeroupper, clflush, clflushopt, hv, rdtscp, f16c
Processor Information for the first 8 processors :
  Max Mhz: 1800, Current Mhz: 1600, Mhz Limit: 1584

Memory: 4k page, system-wide physical 8042M (491M free)
TotalPageFile size 17965M (AvailPageFile size 13M)
current process WorkingSet (physical memory assigned to process): 85M, peak: 85M
current process commit charge ("private bytes"): 239M, peak: 239M

vm_info: OpenJDK 64-Bit Server VM (21.0.12.1+1-LTS) for windows-amd64 JRE (21.0.12.1+1-LTS), built on 2026-08-18T00:00:00Z by "admin" with MS VC++ 17.12 (VS2022)

END.
