#
# There is insufficient memory for the Java Runtime Environment to continue.
# Native memory allocation (malloc) failed to allocate 113456 bytes. Error detail: Chunk::new
# Possible reasons:
#   The system is out of physical RAM or swap space
#   This process is running with CompressedOops enabled, and the Java Heap may be blocking the growth of the native heap
# Possible solutions:
#   Reduce memory load on the system
#   Increase physical memory or swap space
#   Check if swap backing store is full
#   Decrease Java heap size (-Xmx/-Xms)
#   Decrease number of Java threads
#   Decrease Java thread stack sizes (-Xss)
#   Set larger code cache with -XX:ReservedCodeCacheSize=
#   JVM is running with Unscaled Compressed Oops mode in which the Java heap is
#     placed in the first 4GB address space. The Java Heap base address is the
#     maximum limit for the native heap growth. Please use -XX:HeapBaseMinAddress
#     to set the Java Heap base and to place the Java Heap above 4GB virtual address.
# This output file may be truncated or incomplete.
#
#  Out of Memory Error (arena.cpp:168), pid=12096, tid=2052
#
# JRE version: OpenJDK Runtime Environment Temurin-21.0.12.1+1 (21.0.12.1+1) (build 21.0.12.1+1-LTS)
# Java VM: OpenJDK 64-Bit Server VM Temurin-21.0.12.1+1 (21.0.12.1+1-LTS, mixed mode, sharing, tiered, compressed oops, compressed class ptrs, parallel gc, windows-amd64)
# No core dump will be written. Minidumps are not enabled by default on client versions of Windows
#

---------------  S U M M A R Y ------------

Command Line: --add-modules=ALL-SYSTEM --add-opens=java.base/java.util=ALL-UNNAMED --add-opens=java.base/java.lang=ALL-UNNAMED --add-opens=java.base/sun.nio.fs=ALL-UNNAMED -Declipse.application=org.eclipse.jdt.ls.core.id1 -Dosgi.bundles.defaultStartLevel=4 -Declipse.product=org.eclipse.jdt.ls.core.product -Djava.import.generatesMetadataFilesAtProjectRoot=false -Dm2e.project.cache.size=50 -DDetectVMInstallationsJob.disabled=true -Dfile.encoding=utf8 -XX:+UseParallelGC -XX:GCTimeRatio=4 -XX:AdaptiveSizePolicyWeight=90 -Dsun.zip.disableMemoryMapping=true -Xmx2G -Xms100m -Xlog:disable -javaagent:c:\Users\PC\.vscode\extensions\redhat.java-1.56.0-win32-x64\lombok\lombok-1.18.39-4050.jar c:\Users\PC\.vscode\extensions\redhat.java-1.56.0-win32-x64\server\plugins\org.eclipse.equinox.launcher_1.8.0.v20260804-1928.jar -configuration c:\Users\PC\AppData\Roaming\Code\User\globalStorage\redhat.java\1.56.0\config_ss_win -data c:\Users\PC\AppData\Roaming\Code\User\workspaceStorage\ec1410200dd7bcd3f80d97ac2a3ddf05\redhat.java\ss_ws --pipe=\\.\pipe\lsp-1f8d872c2eade0d835bff078e32f6a12-sock

Host: Intel(R) Core(TM) i5-8250U CPU @ 1.60GHz, 8 cores, 7G,  Windows 10 , 64 bit Build 19041 (10.0.19041.5915)
Time: Thu Oct  1 17:52:28 2026 Morocco Standard Time elapsed time: 27.981791 seconds (0d 0h 0m 27s)

---------------  T H R E A D  ---------------

Current thread (0x0000027229cef240):  JavaThread "C2 CompilerThread0" daemon [_thread_in_native, id=2052, stack(0x000000985c600000,0x000000985c700000) (1024K)]


Current CompileTask:
C2:27982 5448       4       org.eclipse.jdt.internal.compiler.lookup.ModuleBinding::getOrCreateDeclaredPackage (136 bytes)

Stack: [0x000000985c600000,0x000000985c700000]
Native frames: (J=compiled Java code, j=interpreted, Vv=VM code, C=native code)
V  [jvm.dll+0x6d83e9]
V  [jvm.dll+0x8b5736]
V  [jvm.dll+0x8b7cee]
V  [jvm.dll+0x8b83d3]
V  [jvm.dll+0x284596]
V  [jvm.dll+0xc685d]
V  [jvm.dll+0xc6da1]
V  [jvm.dll+0x5df599]
V  [jvm.dll+0x38b701]
V  [jvm.dll+0x38ab1a]
V  [jvm.dll+0x24c700]
V  [jvm.dll+0x24bce0]
V  [jvm.dll+0x1cb4ae]
V  [jvm.dll+0x25baad]
V  [jvm.dll+0x25a03a]
V  [jvm.dll+0x3f8aae]
V  [jvm.dll+0x8600cd]
V  [jvm.dll+0x6d6c1d]
C  [ucrtbase.dll+0x21bb2]
C  [KERNEL32.DLL+0x17374]
C  [ntdll.dll+0x4cc91]


---------------  P R O C E S S  ---------------

Threads class SMR info:
_java_thread_list=0x0000027283b36380, length=41, elements={
0x0000027229d672e0, 0x0000027229cd0590, 0x0000027229cd1ea0, 0x0000027229cd37b0,
0x0000027229cd6900, 0x0000027229cd8fd0, 0x0000027229cdb730, 0x0000027229cef240,
0x0000027229cf29c0, 0x0000027229cdbdc0, 0x0000027229cdaa10, 0x0000027229cd9660,
0x0000027229cd9cf0, 0x0000027229cdb0a0, 0x0000027229cdc450, 0x00000272881f4ed0,
0x00000272881f1a50, 0x00000272881f3490, 0x00000272881f5560, 0x00000272881f4840,
0x00000272881f20e0, 0x00000272881f6fa0, 0x00000272881f5bf0, 0x00000272881f6910,
0x00000272881f2770, 0x00000272881f7630, 0x00000272881f2e00, 0x00000272881f3b20,
0x00000272881f7cc0, 0x00000272881f6280, 0x00000272881f41b0, 0x00000272881f8350,
0x00000272881f13c0, 0x00000272837df3a0, 0x00000272837dfa30, 0x00000272837e00c0,
0x00000272837e0750, 0x00000272837e0de0, 0x00000272837e2820, 0x00000272837e2190,
0x0000027283bbc7f0
}

Java Threads: ( => current thread )
  0x0000027229d672e0 JavaThread "main"                              [_thread_blocked, id=9844, stack(0x000000985bc00000,0x000000985bd00000) (1024K)]
  0x0000027229cd0590 JavaThread "Reference Handler"          daemon [_thread_blocked, id=13628, stack(0x000000985c000000,0x000000985c100000) (1024K)]
  0x0000027229cd1ea0 JavaThread "Finalizer"                  daemon [_thread_blocked, id=8504, stack(0x000000985c100000,0x000000985c200000) (1024K)]
  0x0000027229cd37b0 JavaThread "Signal Dispatcher"          daemon [_thread_blocked, id=16508, stack(0x000000985c200000,0x000000985c300000) (1024K)]
  0x0000027229cd6900 JavaThread "Attach Listener"            daemon [_thread_blocked, id=22296, stack(0x000000985c300000,0x000000985c400000) (1024K)]
  0x0000027229cd8fd0 JavaThread "Service Thread"             daemon [_thread_blocked, id=14528, stack(0x000000985c400000,0x000000985c500000) (1024K)]
  0x0000027229cdb730 JavaThread "Monitor Deflation Thread"   daemon [_thread_blocked, id=3340, stack(0x000000985c500000,0x000000985c600000) (1024K)]
=>0x0000027229cef240 JavaThread "C2 CompilerThread0"         daemon [_thread_in_native, id=2052, stack(0x000000985c600000,0x000000985c700000) (1024K)]
  0x0000027229cf29c0 JavaThread "C1 CompilerThread0"         daemon [_thread_blocked, id=23080, stack(0x000000985c700000,0x000000985c800000) (1024K)]
  0x0000027229cdbdc0 JavaThread "Common-Cleaner"             daemon [_thread_blocked, id=23628, stack(0x000000985c900000,0x000000985ca00000) (1024K)]
  0x0000027229cdaa10 JavaThread "Notification Thread"        daemon [_thread_blocked, id=20816, stack(0x000000985ca00000,0x000000985cb00000) (1024K)]
  0x0000027229cd9660 JavaThread "Active Thread: Equinox Container: b823b82f-cb4e-4c84-b990-72c6af5b7769"        [_thread_blocked, id=8828, stack(0x000000985d200000,0x000000985d300000) (1024K)]
  0x0000027229cd9cf0 JavaThread "Framework Event Dispatcher: Equinox Container: b823b82f-cb4e-4c84-b990-72c6af5b7769" daemon [_thread_blocked, id=22404, stack(0x000000985d300000,0x000000985d400000) (1024K)]
  0x0000027229cdb0a0 JavaThread "Start Level: Equinox Container: b823b82f-cb4e-4c84-b990-72c6af5b7769" daemon [_thread_blocked, id=23320, stack(0x000000985d400000,0x000000985d500000) (1024K)]
  0x0000027229cdc450 JavaThread "SCR Component Actor"        daemon [_thread_blocked, id=22092, stack(0x000000985d600000,0x000000985d700000) (1024K)]
  0x00000272881f4ed0 JavaThread "Worker-JM"                         [_thread_blocked, id=2304, stack(0x000000985d700000,0x000000985d800000) (1024K)]
  0x00000272881f1a50 JavaThread "JNA Cleaner"                daemon [_thread_blocked, id=24048, stack(0x000000985c800000,0x000000985c900000) (1024K)]
  0x00000272881f3490 JavaThread "Worker-0"                          [_thread_blocked, id=5412, stack(0x000000985cb00000,0x000000985cc00000) (1024K)]
  0x00000272881f5560 JavaThread "Worker-1: Building"                [_thread_blocked, id=8848, stack(0x000000985d800000,0x000000985d900000) (1024K)]
  0x00000272881f4840 JavaThread "Thread-1"                   daemon [_thread_in_native, id=24464, stack(0x000000985dd00000,0x000000985de00000) (1024K)]
  0x00000272881f20e0 JavaThread "Thread-2"                   daemon [_thread_in_native, id=24104, stack(0x000000985de00000,0x000000985df00000) (1024K)]
  0x00000272881f6fa0 JavaThread "Thread-3"                   daemon [_thread_in_native, id=24808, stack(0x000000985df00000,0x000000985e000000) (1024K)]
  0x00000272881f5bf0 JavaThread "Thread-4"                   daemon [_thread_in_native, id=22024, stack(0x000000985e000000,0x000000985e100000) (1024K)]
  0x00000272881f6910 JavaThread "Thread-5"                   daemon [_thread_in_native, id=13992, stack(0x000000985e100000,0x000000985e200000) (1024K)]
  0x00000272881f2770 JavaThread "Thread-6"                   daemon [_thread_in_native, id=22896, stack(0x000000985e200000,0x000000985e300000) (1024K)]
  0x00000272881f7630 JavaThread "Thread-7"                   daemon [_thread_in_native, id=21044, stack(0x000000985e300000,0x000000985e400000) (1024K)]
  0x00000272881f2e00 JavaThread "Thread-8"                   daemon [_thread_in_native, id=8032, stack(0x000000985e400000,0x000000985e500000) (1024K)]
  0x00000272881f3b20 JavaThread "Thread-9"                   daemon [_thread_in_native, id=17660, stack(0x000000985e500000,0x000000985e600000) (1024K)]
  0x00000272881f7cc0 JavaThread "pool-2-thread-1"                   [_thread_blocked, id=16096, stack(0x000000985e600000,0x000000985e700000) (1024K)]
  0x00000272881f6280 JavaThread "Worker-2"                          [_thread_blocked, id=17144, stack(0x000000985e700000,0x000000985e800000) (1024K)]
  0x00000272881f41b0 JavaThread "WorkspaceEventsHandler"            [_thread_blocked, id=16256, stack(0x000000985e800000,0x000000985e900000) (1024K)]
  0x00000272881f8350 JavaThread "pool-1-thread-1"                   [_thread_blocked, id=17476, stack(0x000000985e900000,0x000000985ea00000) (1024K)]
  0x00000272881f13c0 JavaThread "ForkJoinPool.commonPool-worker-1" daemon [_thread_in_Java, id=20444, stack(0x000000985d900000,0x000000985da00000) (1024K)]
  0x00000272837df3a0 JavaThread "Compiler Source File Reader" daemon [_thread_blocked, id=11436, stack(0x000000985eb00000,0x000000985ec00000) (1024K)]
  0x00000272837dfa30 JavaThread "Compiler Processing Task"   daemon [_thread_in_native, id=7824, stack(0x000000985ec00000,0x000000985ed00000) (1024K)]
  0x00000272837e00c0 JavaThread "ForkJoinPool.commonPool-worker-2" daemon [_thread_blocked, id=15684, stack(0x000000985da00000,0x000000985db00000) (1024K)]
  0x00000272837e0750 JavaThread "ForkJoinPool.commonPool-worker-3" daemon [_thread_blocked, id=19728, stack(0x000000985ea00000,0x000000985eb00000) (1024K)]
  0x00000272837e0de0 JavaThread "ForkJoinPool.commonPool-worker-4" daemon [_thread_blocked, id=17700, stack(0x000000985ed00000,0x000000985ee00000) (1024K)]
  0x00000272837e2820 JavaThread "Compiler Source File Reader" daemon [_thread_blocked, id=18680, stack(0x000000985ee00000,0x000000985ef00000) (1024K)]
  0x00000272837e2190 JavaThread "Compiler Source File Reader" daemon [_thread_blocked, id=22544, stack(0x000000985ef00000,0x000000985f000000) (1024K)]
  0x0000027283bbc7f0 JavaThread "C2 CompilerThread1"         daemon [_thread_in_vm, id=17440, stack(0x000000985f000000,0x000000985f100000) (1024K)]
Total: 41

Other Threads:
  0x0000027229e207c0 VMThread "VM Thread"                           [id=16696, stack(0x000000985bf00000,0x000000985c000000) (1024K)]
  0x0000027229dd2120 WatcherThread "VM Periodic Task Thread"        [id=20116, stack(0x000000985be00000,0x000000985bf00000) (1024K)]
  0x0000027229d845e0 WorkerThread "GC Thread#0"                     [id=18984, stack(0x000000985bd00000,0x000000985be00000) (1024K)]
  0x0000027288045160 WorkerThread "GC Thread#1"                     [id=22508, stack(0x000000985cc00000,0x000000985cd00000) (1024K)]
  0x0000027283622a30 WorkerThread "GC Thread#2"                     [id=6360, stack(0x000000985cd00000,0x000000985ce00000) (1024K)]
  0x0000027283622de0 WorkerThread "GC Thread#3"                     [id=14020, stack(0x000000985ce00000,0x000000985cf00000) (1024K)]
  0x00000272836233a0 WorkerThread "GC Thread#4"                     [id=5284, stack(0x000000985cf00000,0x000000985d000000) (1024K)]
  0x0000027283623b60 WorkerThread "GC Thread#5"                     [id=23856, stack(0x000000985d000000,0x000000985d100000) (1024K)]
  0x0000027283623f10 WorkerThread "GC Thread#6"                     [id=17484, stack(0x000000985d100000,0x000000985d200000) (1024K)]
  0x0000027288086fd0 WorkerThread "GC Thread#7"                     [id=17692, stack(0x000000985d500000,0x000000985d600000) (1024K)]
Total: 10

Threads with active compile tasks:
C2 CompilerThread0  28064 5448       4       org.eclipse.jdt.internal.compiler.lookup.ModuleBinding::getOrCreateDeclaredPackage (136 bytes)
C2 CompilerThread1  28064 5510   !   4       java.util.zip.ZipFile::getEntry (59 bytes)
Total: 2

VM state: not at safepoint (normal execution)

VM Mutex/Monitor currently owned by a thread: None

Heap address: 0x0000000080000000, size: 2048 MB, Compressed Oops mode: 32-bit

CDS archive(s) mapped at: [0x0000027241000000-0x0000027241ba0000-0x0000027241ba0000), size 12189696, SharedBaseAddress: 0x0000027241000000, ArchiveRelocationMode: 1.
Compressed class space mapped at: 0x0000027242000000-0x0000027282000000, reserved size: 1073741824
Narrow klass base: 0x0000027241000000, Narrow klass shift: 0, Narrow klass range: 0x100000000

GC Precious Log:
 CardTable entry size: 512
 CPUs: 8 total, 8 available
 Memory: 8042M
 Large Page Support: Disabled
 NUMA Support: Disabled
 Compressed Oops: Enabled (32-bit)
 Alignments: Space 512K, Generation 512K, Heap 2M
 Heap Min Capacity: 100M
 Heap Initial Capacity: 100M
 Heap Max Capacity: 2G
 Pre-touch: Disabled
 Parallel Workers: 8

Heap:
 PSYoungGen      total 22528K, used 3429K [0x00000000d5580000, 0x00000000d6d80000, 0x0000000100000000)
  eden space 21504K, 11% used [0x00000000d5580000,0x00000000d57d9c18,0x00000000d6a80000)
  from space 1024K, 99% used [0x00000000d6c00000,0x00000000d6cffa48,0x00000000d6d00000)
  to   space 1536K, 0% used [0x00000000d6a80000,0x00000000d6a80000,0x00000000d6c00000)
 ParOldGen       total 68608K, used 29987K [0x0000000080000000, 0x0000000084300000, 0x00000000d5580000)
  object space 68608K, 43% used [0x0000000080000000,0x0000000081d48d40,0x0000000084300000)
 Metaspace       used 42946K, committed 44096K, reserved 1114112K
  class space    used 4336K, committed 4864K, reserved 1048576K

Card table byte_map: [0x0000027229710000,0x0000027229b20000] _byte_map_base: 0x0000027229310000

Marking Bits: (ParMarkBitMap*) 0x00007fff2ef544a0
 Begin Bits: [0x000002723c220000, 0x000002723e220000)
 End Bits:   [0x000002723e220000, 0x0000027240220000)

Polling page: 0x0000027227bb0000

Metaspace:

Usage:
  Non-class:     37.70 MB used.
      Class:      4.24 MB used.
       Both:     41.94 MB used.

Virtual space:
  Non-class space:       64.00 MB reserved,      38.31 MB ( 60%) committed,  1 nodes.
      Class space:        1.00 GB reserved,       4.75 MB ( <1%) committed,  1 nodes.
             Both:        1.06 GB reserved,      43.06 MB (  4%) committed. 

Chunk freelists:
   Non-Class:  9.62 MB
       Class:  11.28 MB
        Both:  20.91 MB

MaxMetaspaceSize: unlimited
CompressedClassSpaceSize: 1.00 GB
Initial GC threshold: 21.00 MB
Current GC threshold: 58.38 MB
CDS: on
 - commit_granule_bytes: 65536.
 - commit_granule_words: 8192.
 - virtual_space_node_default_size: 8388608.
 - enlarge_chunks_in_place: 1.
 - use_allocation_guard: 0.


Internal statistics:

num_allocs_failed_limit: 6.
num_arena_births: 792.
num_arena_deaths: 34.
num_vsnodes_births: 2.
num_vsnodes_deaths: 0.
num_space_committed: 689.
num_space_uncommitted: 0.
num_chunks_returned_to_freelist: 46.
num_chunks_taken_from_freelist: 2624.
num_chunk_merges: 14.
num_chunk_splits: 1652.
num_chunks_enlarged: 1023.
num_inconsistent_stats: 0.

CodeHeap 'non-profiled nmethods': size=120000Kb used=3331Kb max_used=3331Kb free=116668Kb
 bounds [0x0000027234a40000, 0x0000027234d90000, 0x000002723bf70000]
CodeHeap 'profiled nmethods': size=120000Kb used=10519Kb max_used=10519Kb free=109480Kb
 bounds [0x000002722cf70000, 0x000002722d9c0000, 0x00000272344a0000]
CodeHeap 'non-nmethods': size=5760Kb used=1409Kb max_used=1476Kb free=4350Kb
 bounds [0x00000272344a0000, 0x0000027234710000, 0x0000027234a40000]
CodeCache: size=245760Kb, used=15259Kb, max_used=15326Kb, free=230498Kb
 total_blobs=5846, nmethods=5127, adapters=625, full_count=0
Compilation: enabled, stopped_count=0, restarted_count=0

Compilation events (20 events):
Event: 27.899 Thread 0x0000027283bbc7f0 nmethod 5492 0x0000027234d7e190 code [0x0000027234d7e340, 0x0000027234d7e578]
Event: 27.904 Thread 0x0000027229cf29c0 5493       3       org.eclipse.jdt.core.Signature::getSimpleNames (183 bytes)
Event: 27.906 Thread 0x0000027229cf29c0 nmethod 5493 0x000002722d9b1a90 code [0x000002722d9b1cc0, 0x000002722d9b27a8]
Event: 27.907 Thread 0x0000027229cf29c0 5494   !   3       org.eclipse.jdt.internal.core.SearchableEnvironment::$SWITCH_TABLE$org$eclipse$jdt$internal$compiler$env$IModuleAwareNameEnvironment$LookupStrategy (74 bytes)
Event: 27.908 Thread 0x0000027229cf29c0 nmethod 5494 0x000002722d9b2b10 code [0x000002722d9b2ce0, 0x000002722d9b30f0]
Event: 27.937 Thread 0x0000027283bbc7f0 5495       4       org.eclipse.jdt.internal.core.util.Util::equalArraysOrNull (72 bytes)
Event: 27.960 Thread 0x0000027283bbc7f0 nmethod 5495 0x0000027234d7e710 code [0x0000027234d7e900, 0x0000027234d7ef08]
Event: 27.962 Thread 0x0000027283bbc7f0 5496       4       org.eclipse.jdt.core.compiler.CharOperation::splitOn (159 bytes)
Event: 27.966 Thread 0x0000027229cf29c0 5497       3       org.eclipse.jdt.internal.compiler.lookup.BinaryTypeBinding::enclosingType (54 bytes)
Event: 27.967 Thread 0x0000027229cf29c0 nmethod 5497 0x000002722d9b3290 code [0x000002722d9b3440, 0x000002722d9b3730]
Event: 27.968 Thread 0x0000027229cf29c0 5499       1       org.eclipse.jdt.internal.core.SingleTypeRequestor::getType (5 bytes)
Event: 27.968 Thread 0x0000027229cf29c0 nmethod 5499 0x0000027234d7f210 code [0x0000027234d7f3a0, 0x0000027234d7f468]
Event: 27.969 Thread 0x0000027229cf29c0 5500       1       org.eclipse.jdt.internal.core.BinaryType::getElementType (3 bytes)
Event: 27.969 Thread 0x0000027229cf29c0 nmethod 5500 0x0000027234d7f510 code [0x0000027234d7f6a0, 0x0000027234d7f768]
Event: 27.969 Thread 0x0000027229cf29c0 5501       3       org.eclipse.jdt.internal.core.JavaModelManager::getPerProjectInfoCheckExistence (38 bytes)
Event: 27.970 Thread 0x0000027229cf29c0 nmethod 5501 0x000002722d9b3810 code [0x000002722d9b3a60, 0x000002722d9b4290]
Event: 27.976 Thread 0x0000027229cf29c0 5502       3       java.lang.Integer::equals (29 bytes)
Event: 27.976 Thread 0x0000027229cf29c0 nmethod 5502 0x000002722d9b4590 code [0x000002722d9b4740, 0x000002722d9b4b08]
Event: 27.976 Thread 0x0000027229cf29c0 5503       3       org.eclipse.jdt.internal.compiler.parser.Scanner::resetLookBack (17 bytes)
Event: 27.977 Thread 0x0000027229cf29c0 nmethod 5503 0x000002722d9b4c10 code [0x000002722d9b4dc0, 0x000002722d9b5178]

GC Heap History (20 events):
Event: 12.304 GC heap before
{Heap before GC invocations=15 (full 1):
 PSYoungGen      total 24576K, used 24162K [0x00000000d5580000, 0x00000000d7180000, 0x0000000100000000)
  eden space 21504K, 100% used [0x00000000d5580000,0x00000000d6a80000,0x00000000d6a80000)
  from space 3072K, 86% used [0x00000000d6a80000,0x00000000d6d18810,0x00000000d6d80000)
  to   space 3584K, 0% used [0x00000000d6e00000,0x00000000d6e00000,0x00000000d7180000)
 ParOldGen       total 68608K, used 20282K [0x0000000080000000, 0x0000000084300000, 0x00000000d5580000)
  object space 68608K, 29% used [0x0000000080000000,0x00000000813ce908,0x0000000084300000)
 Metaspace       used 34133K, committed 35200K, reserved 1114112K
  class space    used 3497K, committed 3968K, reserved 1048576K
}
Event: 12.312 GC heap after
{Heap after GC invocations=15 (full 1):
 PSYoungGen      total 24064K, used 2436K [0x00000000d5580000, 0x00000000d7080000, 0x0000000100000000)
  eden space 21504K, 0% used [0x00000000d5580000,0x00000000d5580000,0x00000000d6a80000)
  from space 2560K, 95% used [0x00000000d6e00000,0x00000000d7061000,0x00000000d7080000)
  to   space 3072K, 0% used [0x00000000d6a80000,0x00000000d6a80000,0x00000000d6d80000)
 ParOldGen       total 68608K, used 22656K [0x0000000080000000, 0x0000000084300000, 0x00000000d5580000)
  object space 68608K, 33% used [0x0000000080000000,0x00000000816202c8,0x0000000084300000)
 Metaspace       used 34133K, committed 35200K, reserved 1114112K
  class space    used 3497K, committed 3968K, reserved 1048576K
}
Event: 12.483 GC heap before
{Heap before GC invocations=16 (full 1):
 PSYoungGen      total 24064K, used 23940K [0x00000000d5580000, 0x00000000d7080000, 0x0000000100000000)
  eden space 21504K, 100% used [0x00000000d5580000,0x00000000d6a80000,0x00000000d6a80000)
  from space 2560K, 95% used [0x00000000d6e00000,0x00000000d7061000,0x00000000d7080000)
  to   space 3072K, 0% used [0x00000000d6a80000,0x00000000d6a80000,0x00000000d6d80000)
 ParOldGen       total 68608K, used 22656K [0x0000000080000000, 0x0000000084300000, 0x00000000d5580000)
  object space 68608K, 33% used [0x0000000080000000,0x00000000816202c8,0x0000000084300000)
 Metaspace       used 34233K, committed 35264K, reserved 1114112K
  class space    used 3497K, committed 3968K, reserved 1048576K
}
Event: 12.490 GC heap after
{Heap after GC invocations=16 (full 1):
 PSYoungGen      total 24576K, used 2560K [0x00000000d5580000, 0x00000000d7080000, 0x0000000100000000)
  eden space 21504K, 0% used [0x00000000d5580000,0x00000000d5580000,0x00000000d6a80000)
  from space 3072K, 83% used [0x00000000d6a80000,0x00000000d6d00010,0x00000000d6d80000)
  to   space 3072K, 0% used [0x00000000d6d80000,0x00000000d6d80000,0x00000000d7080000)
 ParOldGen       total 68608K, used 24960K [0x0000000080000000, 0x0000000084300000, 0x00000000d5580000)
  object space 68608K, 36% used [0x0000000080000000,0x00000000818603c8,0x0000000084300000)
 Metaspace       used 34233K, committed 35264K, reserved 1114112K
  class space    used 3497K, committed 3968K, reserved 1048576K
}
Event: 12.742 GC heap before
{Heap before GC invocations=17 (full 1):
 PSYoungGen      total 24576K, used 24064K [0x00000000d5580000, 0x00000000d7080000, 0x0000000100000000)
  eden space 21504K, 100% used [0x00000000d5580000,0x00000000d6a80000,0x00000000d6a80000)
  from space 3072K, 83% used [0x00000000d6a80000,0x00000000d6d00010,0x00000000d6d80000)
  to   space 3072K, 0% used [0x00000000d6d80000,0x00000000d6d80000,0x00000000d7080000)
 ParOldGen       total 68608K, used 24960K [0x0000000080000000, 0x0000000084300000, 0x00000000d5580000)
  object space 68608K, 36% used [0x0000000080000000,0x00000000818603c8,0x0000000084300000)
 Metaspace       used 34681K, committed 35712K, reserved 1114112K
  class space    used 3552K, committed 3968K, reserved 1048576K
}
Event: 12.752 GC heap after
{Heap after GC invocations=17 (full 1):
 PSYoungGen      total 23552K, used 2048K [0x00000000d5580000, 0x00000000d6f80000, 0x0000000100000000)
  eden space 21504K, 0% used [0x00000000d5580000,0x00000000d5580000,0x00000000d6a80000)
  from space 2048K, 100% used [0x00000000d6d80000,0x00000000d6f80000,0x00000000d6f80000)
  to   space 2560K, 0% used [0x00000000d6a80000,0x00000000d6a80000,0x00000000d6d00000)
 ParOldGen       total 68608K, used 27360K [0x0000000080000000, 0x0000000084300000, 0x00000000d5580000)
  object space 68608K, 39% used [0x0000000080000000,0x0000000081ab83d8,0x0000000084300000)
 Metaspace       used 34681K, committed 35712K, reserved 1114112K
  class space    used 3552K, committed 3968K, reserved 1048576K
}
Event: 12.776 GC heap before
{Heap before GC invocations=18 (full 1):
 PSYoungGen      total 23552K, used 3600K [0x00000000d5580000, 0x00000000d6f80000, 0x0000000100000000)
  eden space 21504K, 7% used [0x00000000d5580000,0x00000000d5704208,0x00000000d6a80000)
  from space 2048K, 100% used [0x00000000d6d80000,0x00000000d6f80000,0x00000000d6f80000)
  to   space 2560K, 0% used [0x00000000d6a80000,0x00000000d6a80000,0x00000000d6d00000)
 ParOldGen       total 68608K, used 27360K [0x0000000080000000, 0x0000000084300000, 0x00000000d5580000)
  object space 68608K, 39% used [0x0000000080000000,0x0000000081ab83d8,0x0000000084300000)
 Metaspace       used 34800K, committed 35840K, reserved 1114112K
  class space    used 3559K, committed 4032K, reserved 1048576K
}
Event: 12.782 GC heap after
{Heap after GC invocations=18 (full 1):
 PSYoungGen      total 24064K, used 274K [0x00000000d5580000, 0x00000000d6e00000, 0x0000000100000000)
  eden space 21504K, 0% used [0x00000000d5580000,0x00000000d5580000,0x00000000d6a80000)
  from space 2560K, 10% used [0x00000000d6a80000,0x00000000d6ac4af8,0x00000000d6d00000)
  to   space 1024K, 0% used [0x00000000d6d00000,0x00000000d6d00000,0x00000000d6e00000)
 ParOldGen       total 68608K, used 29250K [0x0000000080000000, 0x0000000084300000, 0x00000000d5580000)
  object space 68608K, 42% used [0x0000000080000000,0x0000000081c90b18,0x0000000084300000)
 Metaspace       used 34800K, committed 35840K, reserved 1114112K
  class space    used 3559K, committed 4032K, reserved 1048576K
}
Event: 12.782 GC heap before
{Heap before GC invocations=19 (full 2):
 PSYoungGen      total 24064K, used 274K [0x00000000d5580000, 0x00000000d6e00000, 0x0000000100000000)
  eden space 21504K, 0% used [0x00000000d5580000,0x00000000d5580000,0x00000000d6a80000)
  from space 2560K, 10% used [0x00000000d6a80000,0x00000000d6ac4af8,0x00000000d6d00000)
  to   space 1024K, 0% used [0x00000000d6d00000,0x00000000d6d00000,0x00000000d6e00000)
 ParOldGen       total 68608K, used 29250K [0x0000000080000000, 0x0000000084300000, 0x00000000d5580000)
  object space 68608K, 42% used [0x0000000080000000,0x0000000081c90b18,0x0000000084300000)
 Metaspace       used 34800K, committed 35840K, reserved 1114112K
  class space    used 3559K, committed 4032K, reserved 1048576K
}
Event: 12.907 GC heap after
{Heap after GC invocations=19 (full 2):
 PSYoungGen      total 24064K, used 0K [0x00000000d5580000, 0x00000000d6e00000, 0x0000000100000000)
  eden space 21504K, 0% used [0x00000000d5580000,0x00000000d5580000,0x00000000d6a80000)
  from space 2560K, 0% used [0x00000000d6a80000,0x00000000d6a80000,0x00000000d6d00000)
  to   space 1024K, 0% used [0x00000000d6d00000,0x00000000d6d00000,0x00000000d6e00000)
 ParOldGen       total 68608K, used 27863K [0x0000000080000000, 0x0000000084300000, 0x00000000d5580000)
  object space 68608K, 40% used [0x0000000080000000,0x0000000081b35fc0,0x0000000084300000)
 Metaspace       used 34782K, committed 35840K, reserved 1114112K
  class space    used 3554K, committed 4032K, reserved 1048576K
}
Event: 14.214 GC heap before
{Heap before GC invocations=20 (full 2):
 PSYoungGen      total 24064K, used 21504K [0x00000000d5580000, 0x00000000d6e00000, 0x0000000100000000)
  eden space 21504K, 100% used [0x00000000d5580000,0x00000000d6a80000,0x00000000d6a80000)
  from space 2560K, 0% used [0x00000000d6a80000,0x00000000d6a80000,0x00000000d6d00000)
  to   space 1024K, 0% used [0x00000000d6d00000,0x00000000d6d00000,0x00000000d6e00000)
 ParOldGen       total 68608K, used 27863K [0x0000000080000000, 0x0000000084300000, 0x00000000d5580000)
  object space 68608K, 40% used [0x0000000080000000,0x0000000081b35fc0,0x0000000084300000)
 Metaspace       used 36254K, committed 37312K, reserved 1114112K
  class space    used 3713K, committed 4160K, reserved 1048576K
}
Event: 14.218 GC heap after
{Heap after GC invocations=20 (full 2):
 PSYoungGen      total 22016K, used 464K [0x00000000d5580000, 0x00000000d6d80000, 0x0000000100000000)
  eden space 21504K, 0% used [0x00000000d5580000,0x00000000d5580000,0x00000000d6a80000)
  from space 512K, 90% used [0x00000000d6d00000,0x00000000d6d74010,0x00000000d6d80000)
  to   space 1024K, 0% used [0x00000000d6b80000,0x00000000d6b80000,0x00000000d6c80000)
 ParOldGen       total 68608K, used 27871K [0x0000000080000000, 0x0000000084300000, 0x00000000d5580000)
  object space 68608K, 40% used [0x0000000080000000,0x0000000081b37fc0,0x0000000084300000)
 Metaspace       used 36254K, committed 37312K, reserved 1114112K
  class space    used 3713K, committed 4160K, reserved 1048576K
}
Event: 17.635 GC heap before
{Heap before GC invocations=21 (full 2):
 PSYoungGen      total 22016K, used 21877K [0x00000000d5580000, 0x00000000d6d80000, 0x0000000100000000)
  eden space 21504K, 99% used [0x00000000d5580000,0x00000000d6a69568,0x00000000d6a80000)
  from space 512K, 90% used [0x00000000d6d00000,0x00000000d6d74010,0x00000000d6d80000)
  to   space 1024K, 0% used [0x00000000d6b80000,0x00000000d6b80000,0x00000000d6c80000)
 ParOldGen       total 68608K, used 27871K [0x0000000080000000, 0x0000000084300000, 0x00000000d5580000)
  object space 68608K, 40% used [0x0000000080000000,0x0000000081b37fc0,0x0000000084300000)
 Metaspace       used 38097K, committed 39168K, reserved 1114112K
  class space    used 3911K, committed 4352K, reserved 1048576K
}
Event: 17.638 GC heap after
{Heap after GC invocations=21 (full 2):
 PSYoungGen      total 22528K, used 1014K [0x00000000d5580000, 0x00000000d6e80000, 0x0000000100000000)
  eden space 21504K, 0% used [0x00000000d5580000,0x00000000d5580000,0x00000000d6a80000)
  from space 1024K, 99% used [0x00000000d6b80000,0x00000000d6c7db38,0x00000000d6c80000)
  to   space 2048K, 0% used [0x00000000d6c80000,0x00000000d6c80000,0x00000000d6e80000)
 ParOldGen       total 68608K, used 28494K [0x0000000080000000, 0x0000000084300000, 0x00000000d5580000)
  object space 68608K, 41% used [0x0000000080000000,0x0000000081bd3a10,0x0000000084300000)
 Metaspace       used 38097K, committed 39168K, reserved 1114112K
  class space    used 3911K, committed 4352K, reserved 1048576K
}
Event: 18.597 GC heap before
{Heap before GC invocations=22 (full 2):
 PSYoungGen      total 22528K, used 22518K [0x00000000d5580000, 0x00000000d6e80000, 0x0000000100000000)
  eden space 21504K, 100% used [0x00000000d5580000,0x00000000d6a80000,0x00000000d6a80000)
  from space 1024K, 99% used [0x00000000d6b80000,0x00000000d6c7db38,0x00000000d6c80000)
  to   space 2048K, 0% used [0x00000000d6c80000,0x00000000d6c80000,0x00000000d6e80000)
 ParOldGen       total 68608K, used 28494K [0x0000000080000000, 0x0000000084300000, 0x00000000d5580000)
  object space 68608K, 41% used [0x0000000080000000,0x0000000081bd3a10,0x0000000084300000)
 Metaspace       used 38126K, committed 39232K, reserved 1114112K
  class space    used 3911K, committed 4352K, reserved 1048576K
}
Event: 18.602 GC heap after
{Heap after GC invocations=22 (full 2):
 PSYoungGen      total 23040K, used 1351K [0x00000000d5580000, 0x00000000d6e00000, 0x0000000100000000)
  eden space 21504K, 0% used [0x00000000d5580000,0x00000000d5580000,0x00000000d6a80000)
  from space 1536K, 87% used [0x00000000d6c80000,0x00000000d6dd1e48,0x00000000d6e00000)
  to   space 1536K, 0% used [0x00000000d6b00000,0x00000000d6b00000,0x00000000d6c80000)
 ParOldGen       total 68608K, used 29702K [0x0000000080000000, 0x0000000084300000, 0x00000000d5580000)
  object space 68608K, 43% used [0x0000000080000000,0x0000000081d01a70,0x0000000084300000)
 Metaspace       used 38126K, committed 39232K, reserved 1114112K
  class space    used 3911K, committed 4352K, reserved 1048576K
}
Event: 19.577 GC heap before
{Heap before GC invocations=23 (full 2):
 PSYoungGen      total 23040K, used 22855K [0x00000000d5580000, 0x00000000d6e00000, 0x0000000100000000)
  eden space 21504K, 100% used [0x00000000d5580000,0x00000000d6a80000,0x00000000d6a80000)
  from space 1536K, 87% used [0x00000000d6c80000,0x00000000d6dd1e48,0x00000000d6e00000)
  to   space 1536K, 0% used [0x00000000d6b00000,0x00000000d6b00000,0x00000000d6c80000)
 ParOldGen       total 68608K, used 29702K [0x0000000080000000, 0x0000000084300000, 0x00000000d5580000)
  object space 68608K, 43% used [0x0000000080000000,0x0000000081d01a70,0x0000000084300000)
 Metaspace       used 39841K, committed 40960K, reserved 1114112K
  class space    used 4066K, committed 4544K, reserved 1048576K
}
Event: 19.579 GC heap after
{Heap after GC invocations=23 (full 2):
 PSYoungGen      total 22016K, used 256K [0x00000000d5580000, 0x00000000d6d00000, 0x0000000100000000)
  eden space 21504K, 0% used [0x00000000d5580000,0x00000000d5580000,0x00000000d6a80000)
  from space 512K, 50% used [0x00000000d6b00000,0x00000000d6b40000,0x00000000d6b80000)
  to   space 1024K, 0% used [0x00000000d6c00000,0x00000000d6c00000,0x00000000d6d00000)
 ParOldGen       total 68608K, used 29734K [0x0000000080000000, 0x0000000084300000, 0x00000000d5580000)
  object space 68608K, 43% used [0x0000000080000000,0x0000000081d09a70,0x0000000084300000)
 Metaspace       used 39841K, committed 40960K, reserved 1114112K
  class space    used 4066K, committed 4544K, reserved 1048576K
}
Event: 27.676 GC heap before
{Heap before GC invocations=24 (full 2):
 PSYoungGen      total 22016K, used 21760K [0x00000000d5580000, 0x00000000d6d00000, 0x0000000100000000)
  eden space 21504K, 100% used [0x00000000d5580000,0x00000000d6a80000,0x00000000d6a80000)
  from space 512K, 50% used [0x00000000d6b00000,0x00000000d6b40000,0x00000000d6b80000)
  to   space 1024K, 0% used [0x00000000d6c00000,0x00000000d6c00000,0x00000000d6d00000)
 ParOldGen       total 68608K, used 29734K [0x0000000080000000, 0x0000000084300000, 0x00000000d5580000)
  object space 68608K, 43% used [0x0000000080000000,0x0000000081d09a70,0x0000000084300000)
 Metaspace       used 42707K, committed 43840K, reserved 1114112K
  class space    used 4318K, committed 4800K, reserved 1048576K
}
Event: 27.680 GC heap after
{Heap after GC invocations=24 (full 2):
 PSYoungGen      total 22528K, used 1022K [0x00000000d5580000, 0x00000000d6d80000, 0x0000000100000000)
  eden space 21504K, 0% used [0x00000000d5580000,0x00000000d5580000,0x00000000d6a80000)
  from space 1024K, 99% used [0x00000000d6c00000,0x00000000d6cffa48,0x00000000d6d00000)
  to   space 1536K, 0% used [0x00000000d6a80000,0x00000000d6a80000,0x00000000d6c00000)
 ParOldGen       total 68608K, used 29987K [0x0000000080000000, 0x0000000084300000, 0x00000000d5580000)
  object space 68608K, 43% used [0x0000000080000000,0x0000000081d48d40,0x0000000084300000)
 Metaspace       used 42707K, committed 43840K, reserved 1114112K
  class space    used 4318K, committed 4800K, reserved 1048576K
}

Dll operation events (20 events):
Event: 0.022 Attempting to load shared library c:\Users\PC\.vscode\extensions\redhat.java-1.56.0-win32-x64\jre\21.0.12.1-win32-x86_64\bin\java.dll
Event: 0.022 Loaded shared library c:\Users\PC\.vscode\extensions\redhat.java-1.56.0-win32-x64\jre\21.0.12.1-win32-x86_64\bin\java.dll
Event: 0.168 Attempting to load shared library c:\Users\PC\.vscode\extensions\redhat.java-1.56.0-win32-x64\jre\21.0.12.1-win32-x86_64\bin\zip.dll
Event: 0.170 Loaded shared library c:\Users\PC\.vscode\extensions\redhat.java-1.56.0-win32-x64\jre\21.0.12.1-win32-x86_64\bin\zip.dll
Event: 0.237 Attempting to load shared library C:\Users\PC\.vscode\extensions\redhat.java-1.56.0-win32-x64\jre\21.0.12.1-win32-x86_64\bin\instrument.dll
Event: 0.237 Loaded shared library C:\Users\PC\.vscode\extensions\redhat.java-1.56.0-win32-x64\jre\21.0.12.1-win32-x86_64\bin\instrument.dll
Event: 0.248 Attempting to load shared library C:\Users\PC\.vscode\extensions\redhat.java-1.56.0-win32-x64\jre\21.0.12.1-win32-x86_64\bin\net.dll
Event: 0.250 Loaded shared library C:\Users\PC\.vscode\extensions\redhat.java-1.56.0-win32-x64\jre\21.0.12.1-win32-x86_64\bin\net.dll
Event: 0.254 Attempting to load shared library C:\Users\PC\.vscode\extensions\redhat.java-1.56.0-win32-x64\jre\21.0.12.1-win32-x86_64\bin\nio.dll
Event: 0.255 Loaded shared library C:\Users\PC\.vscode\extensions\redhat.java-1.56.0-win32-x64\jre\21.0.12.1-win32-x86_64\bin\nio.dll
Event: 0.263 Attempting to load shared library C:\Users\PC\.vscode\extensions\redhat.java-1.56.0-win32-x64\jre\21.0.12.1-win32-x86_64\bin\zip.dll
Event: 0.263 Loaded shared library C:\Users\PC\.vscode\extensions\redhat.java-1.56.0-win32-x64\jre\21.0.12.1-win32-x86_64\bin\zip.dll
Event: 0.312 Attempting to load shared library C:\Users\PC\.vscode\extensions\redhat.java-1.56.0-win32-x64\jre\21.0.12.1-win32-x86_64\bin\jimage.dll
Event: 0.312 Loaded shared library C:\Users\PC\.vscode\extensions\redhat.java-1.56.0-win32-x64\jre\21.0.12.1-win32-x86_64\bin\jimage.dll
Event: 0.490 Attempting to load shared library c:\Users\PC\.vscode\extensions\redhat.java-1.56.0-win32-x64\jre\21.0.12.1-win32-x86_64\bin\verify.dll
Event: 0.491 Loaded shared library c:\Users\PC\.vscode\extensions\redhat.java-1.56.0-win32-x64\jre\21.0.12.1-win32-x86_64\bin\verify.dll
Event: 3.232 Attempting to load shared library C:\Users\PC\AppData\Roaming\Code\User\globalStorage\redhat.java\1.56.0\config_ss_win\org.eclipse.equinox.launcher\org.eclipse.equinox.launcher.win32.win32.x86_64_1.3.100.v20260804-1928\eclipse_11924.dll
Event: 3.238 Loaded shared library C:\Users\PC\AppData\Roaming\Code\User\globalStorage\redhat.java\1.56.0\config_ss_win\org.eclipse.equinox.launcher\org.eclipse.equinox.launcher.win32.win32.x86_64_1.3.100.v20260804-1928\eclipse_11924.dll
Event: 5.006 Attempting to load shared library C:\Users\PC\AppData\Local\Temp\jna-2547\jna6712732796653849429.dll
Event: 5.291 Loaded shared library C:\Users\PC\AppData\Local\Temp\jna-2547\jna6712732796653849429.dll

Deoptimization events (20 events):
Event: 23.812 Thread 0x00000272881f5560 Uncommon trap: trap_request=0xffffff6e fr.pc=0x0000027234d489c8 relative=0x00000000000003e8
Event: 23.812 Thread 0x00000272881f5560 Uncommon trap: reason=loop_limit_check action=maybe_recompile pc=0x0000027234d489c8 method=org.eclipse.jdt.core.compiler.CharOperation.concatWith([[CC)[C @ 121 c2
Event: 23.812 Thread 0x00000272881f5560 DEOPT PACKING pc=0x0000027234d489c8 sp=0x000000985d8fdaa0
Event: 23.812 Thread 0x00000272881f5560 DEOPT UNPACKING pc=0x00000272344f3aa2 sp=0x000000985d8fda60 mode 2
Event: 23.818 Thread 0x00000272881f5560 Uncommon trap: trap_request=0xffffff45 fr.pc=0x0000027234b56580 relative=0x0000000000000260
Event: 23.818 Thread 0x00000272881f5560 Uncommon trap: reason=unstable_if action=reinterpret pc=0x0000027234b56580 method=java.util.Arrays.equals([C[C)Z @ 8 c2
Event: 23.818 Thread 0x00000272881f5560 DEOPT PACKING pc=0x0000027234b56580 sp=0x000000985d8fe460
Event: 23.818 Thread 0x00000272881f5560 DEOPT UNPACKING pc=0x00000272344f3aa2 sp=0x000000985d8fe418 mode 2
Event: 24.473 Thread 0x00000272881f5560 Uncommon trap: trap_request=0xffffff45 fr.pc=0x0000027234b171ec relative=0x00000000000000cc
Event: 24.473 Thread 0x00000272881f5560 Uncommon trap: reason=unstable_if action=reinterpret pc=0x0000027234b171ec method=java.util.Hashtable$Enumerator.nextElement()Ljava/lang/Object; @ 87 c2
Event: 24.473 Thread 0x00000272881f5560 DEOPT PACKING pc=0x0000027234b171ec sp=0x000000985d8fef80
Event: 24.473 Thread 0x00000272881f5560 DEOPT UNPACKING pc=0x00000272344f3aa2 sp=0x000000985d8feea8 mode 2
Event: 24.556 Thread 0x00000272881f5560 Uncommon trap: trap_request=0xffffff45 fr.pc=0x0000027234a8f63c relative=0x000000000000009c
Event: 24.556 Thread 0x00000272881f5560 Uncommon trap: reason=unstable_if action=reinterpret pc=0x0000027234a8f63c method=java.util.Hashtable$Enumerator.nextElement()Ljava/lang/Object; @ 87 c2
Event: 24.556 Thread 0x00000272881f5560 DEOPT PACKING pc=0x0000027234a8f63c sp=0x000000985d8fef40
Event: 24.556 Thread 0x00000272881f5560 DEOPT UNPACKING pc=0x00000272344f3aa2 sp=0x000000985d8feec0 mode 2
Event: 27.683 Thread 0x00000272881f13c0 Uncommon trap: trap_request=0xffffff45 fr.pc=0x0000027234c5600c relative=0x00000000000007ec
Event: 27.683 Thread 0x00000272881f13c0 Uncommon trap: reason=unstable_if action=reinterpret pc=0x0000027234c5600c method=org.eclipse.jdt.internal.core.util.WeakHashSet.cleanupGarbageCollectedValues()V @ 140 c2
Event: 27.683 Thread 0x00000272881f13c0 DEOPT PACKING pc=0x0000027234c5600c sp=0x000000985d9fdbb0
Event: 27.683 Thread 0x00000272881f13c0 DEOPT UNPACKING pc=0x00000272344f3aa2 sp=0x000000985d9fdab8 mode 2

Classes loaded (20 events):
Event: 25.680 Loading class sun/util/logging/resources/logging
Event: 25.680 Loading class sun/util/logging/resources/logging done
Event: 25.681 Loading class sun/util/logging/resources/logging_en
Event: 25.681 Loading class sun/util/logging/resources/logging_en done
Event: 25.681 Loading class sun/util/logging/resources/logging_en
Event: 25.681 Loading class sun/util/logging/resources/logging_en done
Event: 25.682 Loading class sun/util/logging/resources/logging_en_CA
Event: 25.682 Loading class sun/util/logging/resources/logging_en_CA done
Event: 25.682 Loading class sun/util/logging/resources/logging_en_CA
Event: 25.682 Loading class sun/util/logging/resources/logging_en_CA done
Event: 25.683 Loading class java/util/Formatter$DateTime
Event: 25.683 Loading class java/util/Formatter$DateTime done
Event: 25.684 Loading class java/time/ZonedDateTime$1
Event: 25.684 Loading class java/time/ZonedDateTime$1 done
Event: 27.305 Loading class java/util/stream/DistinctOps
Event: 27.305 Loading class java/util/stream/DistinctOps done
Event: 27.305 Loading class java/util/stream/DistinctOps$1
Event: 27.306 Loading class java/util/stream/DistinctOps$1 done
Event: 27.307 Loading class java/util/stream/DistinctOps$1$2
Event: 27.307 Loading class java/util/stream/DistinctOps$1$2 done

Classes unloaded (17 events):
Event: 6.429 Thread 0x0000027229e207c0 Unloading class 0x000002724218dc00 'java/lang/invoke/LambdaForm$MH+0x000002724218dc00'
Event: 6.429 Thread 0x0000027229e207c0 Unloading class 0x000002724218d800 'java/lang/invoke/LambdaForm$MH+0x000002724218d800'
Event: 6.429 Thread 0x0000027229e207c0 Unloading class 0x000002724218d400 'java/lang/invoke/LambdaForm$MH+0x000002724218d400'
Event: 6.429 Thread 0x0000027229e207c0 Unloading class 0x000002724218d000 'java/lang/invoke/LambdaForm$MH+0x000002724218d000'
Event: 6.429 Thread 0x0000027229e207c0 Unloading class 0x000002724218cc00 'java/lang/invoke/LambdaForm$BMH+0x000002724218cc00'
Event: 6.429 Thread 0x0000027229e207c0 Unloading class 0x000002724218c800 'java/lang/invoke/LambdaForm$DMH+0x000002724218c800'
Event: 6.429 Thread 0x0000027229e207c0 Unloading class 0x000002724218b400 'java/lang/invoke/LambdaForm$DMH+0x000002724218b400'
Event: 12.806 Thread 0x0000027229e207c0 Unloading class 0x00000272423d6400 'java/lang/invoke/LambdaForm$MH+0x00000272423d6400'
Event: 12.806 Thread 0x0000027229e207c0 Unloading class 0x00000272423d5c00 'java/lang/invoke/LambdaForm$MH+0x00000272423d5c00'
Event: 12.806 Thread 0x0000027229e207c0 Unloading class 0x00000272423d5400 'java/lang/invoke/LambdaForm$MH+0x00000272423d5400'
Event: 12.806 Thread 0x0000027229e207c0 Unloading class 0x00000272423d4c00 'java/lang/invoke/LambdaForm$MH+0x00000272423d4c00'
Event: 12.806 Thread 0x0000027229e207c0 Unloading class 0x00000272423d4800 'java/lang/invoke/LambdaForm$DMH+0x00000272423d4800'
Event: 12.806 Thread 0x0000027229e207c0 Unloading class 0x00000272423d3c00 'java/lang/invoke/LambdaForm$MH+0x00000272423d3c00'
Event: 12.806 Thread 0x0000027229e207c0 Unloading class 0x00000272423d3400 'java/lang/invoke/LambdaForm$MH+0x00000272423d3400'
Event: 12.806 Thread 0x0000027229e207c0 Unloading class 0x00000272423d3000 'java/lang/invoke/LambdaForm$DMH+0x00000272423d3000'
Event: 12.806 Thread 0x0000027229e207c0 Unloading class 0x00000272423d2000 'java/lang/invoke/LambdaForm$MH+0x00000272423d2000'
Event: 12.806 Thread 0x0000027229e207c0 Unloading class 0x00000272423d1800 'java/lang/invoke/LambdaForm$MH+0x00000272423d1800'

Classes redefined (0 events):
No events

Internal exceptions (20 events):
Event: 11.766 Thread 0x00000272881f5560 Exception <a 'java/lang/NoSuchMethodError'{0x00000000d5d1eb10}: 'int java.lang.invoke.DirectMethodHandle$Holder.invokeSpecial(java.lang.Object, java.lang.Object, java.lang.Object, java.lang.Object)'> (0x00000000d5d1eb10) 
thrown [s\src\hotspot\share\interpreter\linkResolver.cpp, line 773]
Event: 11.767 Thread 0x00000272881f8350 Exception <a 'java/lang/NoSuchMethodError'{0x00000000d5d26290}: 'int java.lang.invoke.DirectMethodHandle$Holder.invokeSpecial(java.lang.Object, java.lang.Object, java.lang.Object, java.lang.Object)'> (0x00000000d5d26290) 
thrown [s\src\hotspot\share\interpreter\linkResolver.cpp, line 773]
Event: 11.773 Thread 0x00000272881f5560 Exception <a 'java/lang/NoSuchMethodError'{0x00000000d5d7bfd0}: 'java.lang.Object java.lang.invoke.DirectMethodHandle$Holder.invokeStatic(java.lang.Object, int, java.lang.Object, java.lang.Object)'> (0x00000000d5d7bfd0) 
thrown [s\src\hotspot\share\interpreter\linkResolver.cpp, line 773]
Event: 11.773 Thread 0x00000272881f8350 Exception <a 'java/lang/NoSuchMethodError'{0x00000000d5d303c0}: 'java.lang.Object java.lang.invoke.DirectMethodHandle$Holder.invokeStatic(java.lang.Object, int, java.lang.Object, java.lang.Object)'> (0x00000000d5d303c0) 
thrown [s\src\hotspot\share\interpreter\linkResolver.cpp, line 773]
Event: 11.774 Thread 0x00000272881f5560 Exception <a 'java/lang/NoSuchMethodError'{0x00000000d5d7fa80}: 'java.lang.Object java.lang.invoke.DelegatingMethodHandle$Holder.delegate(java.lang.Object, int, java.lang.Object, java.lang.Object)'> (0x00000000d5d7fa80) 
thrown [s\src\hotspot\share\interpreter\linkResolver.cpp, line 773]
Event: 11.774 Thread 0x00000272881f8350 Exception <a 'java/lang/NoSuchMethodError'{0x00000000d5d339b8}: 'java.lang.Object java.lang.invoke.DelegatingMethodHandle$Holder.delegate(java.lang.Object, int, java.lang.Object, java.lang.Object)'> (0x00000000d5d339b8) 
thrown [s\src\hotspot\share\interpreter\linkResolver.cpp, line 773]
Event: 11.780 Thread 0x00000272881f8350 Exception <a 'java/lang/NoSuchMethodError'{0x00000000d5d947e8}: 'int java.lang.invoke.Invokers$Holder.linkToTargetMethod(java.lang.Object, java.lang.Object, java.lang.Object)'> (0x00000000d5d947e8) 
thrown [s\src\hotspot\share\interpreter\linkResolver.cpp, line 773]
Event: 12.940 Thread 0x00000272881f13c0 Exception <a 'java/lang/LinkageError'{0x00000000d55eb128}: loader lombok.launch.ShadowClassLoader @33613101 attempted duplicate class definition for lombok.launch.PatchFixesHider$Transform. (lombok.launch.PatchFixesHider$Transform is in unnamed module of loader lombok.launch.ShadowClassLoader @33613101, parent loader org.eclipse.osgi.internal.loader.EquinoxClassLoader @47c398ef)> (0x00000000d55eb128) 
thrown [s\src\hotspot\share\classfile\systemDictionary.cpp, line 1673]
Event: 14.388 Thread 0x00000272881f8350 Implicit null exception at 0x0000027234aea2a0 to 0x0000027234aeadf8
Event: 14.596 Thread 0x00000272881f13c0 Exception <a 'java/lang/NoSuchMethodError'{0x00000000d5f98e68}: 'java.lang.Object java.lang.invoke.DirectMethodHandle$Holder.invokeSpecial(java.lang.Object, java.lang.Object, java.lang.Object, java.lang.Object, int, java.lang.Object, java.lang.Object)'> (0x00000000d5f98e68) 
thrown [s\src\hotspot\share\interpreter\linkResolver.cpp, line 773]
Event: 14.923 Thread 0x00000272881f8350 Exception <a 'java/lang/IncompatibleClassChangeError'{0x00000000d60dc2a0}: Found class java.lang.Object, but interface was expected> (0x00000000d60dc2a0) 
thrown [s\src\hotspot\share\interpreter\linkResolver.cpp, line 840]
Event: 15.022 Thread 0x00000272881f5560 Exception <a 'java/lang/NoSuchMethodError'{0x00000000d61f7f88}: 'java.lang.Object java.lang.invoke.DirectMethodHandle$Holder.invokeSpecial(java.lang.Object, java.lang.Object, int, long)'> (0x00000000d61f7f88) 
thrown [s\src\hotspot\share\interpreter\linkResolver.cpp, line 773]
Event: 16.738 Thread 0x00000272881f8350 Exception <a 'java/lang/IncompatibleClassChangeError'{0x00000000d6557cd8}: Found class java.lang.Object, but interface was expected> (0x00000000d6557cd8) 
thrown [s\src\hotspot\share\interpreter\linkResolver.cpp, line 840]
Event: 17.062 Thread 0x00000272881f13c0 Exception <a 'java/lang/NoSuchMethodError'{0x00000000d67ebb58}: 'int java.lang.invoke.Invokers$Holder.invokeExact_MT(java.lang.Object, java.lang.Object)'> (0x00000000d67ebb58) 
thrown [s\src\hotspot\share\interpreter\linkResolver.cpp, line 773]
Event: 17.189 Thread 0x00000272881f8350 Exception <a 'java/lang/IncompatibleClassChangeError'{0x00000000d656f750}: Found class java.lang.Object, but interface was expected> (0x00000000d656f750) 
thrown [s\src\hotspot\share\interpreter\linkResolver.cpp, line 840]
Event: 17.345 Thread 0x00000272881f13c0 Exception <a 'java/lang/NoSuchMethodError'{0x00000000d69271e8}: 'int java.lang.invoke.DirectMethodHandle$Holder.invokeInterface(java.lang.Object, java.lang.Object)'> (0x00000000d69271e8) 
thrown [s\src\hotspot\share\interpreter\linkResolver.cpp, line 773]
Event: 17.345 Thread 0x00000272881f13c0 Exception <a 'java/lang/IncompatibleClassChangeError'{0x00000000d692a4b8}: Found class java.lang.Object, but interface was expected> (0x00000000d692a4b8) 
thrown [s\src\hotspot\share\interpreter\linkResolver.cpp, line 840]
Event: 23.710 Thread 0x00000272881f5560 Exception <a 'java/lang/NoSuchMethodError'{0x00000000d5f33368}: 'int java.lang.invoke.DirectMethodHandle$Holder.invokeSpecialIFC(java.lang.Object, java.lang.Object, java.lang.Object)'> (0x00000000d5f33368) 
thrown [s\src\hotspot\share\interpreter\linkResolver.cpp, line 773]
Event: 23.818 Thread 0x00000272881f5560 Implicit null exception at 0x0000027234b5634f to 0x0000027234b56570
Event: 25.680 Thread 0x00000272881f8350 Exception <a 'java/lang/ClassNotFoundException'{0x00000000d6724288}: sun/util/logging/resources/spi/loggingProvider> (0x00000000d6724288) 
thrown [s\src\hotspot\share\classfile\systemDictionary.cpp, line 313]

ZGC Phase Switch (0 events):
No events

VM Operations (20 events):
Event: 19.577 Executing safepoint VM operation: ParallelGCFailedAllocation (Allocation Failure)
Event: 19.579 Executing safepoint VM operation: ParallelGCFailedAllocation (Allocation Failure) done
Event: 22.494 Executing non-safepoint VM operation: HandshakeAllThreads (Deoptimize)
Event: 22.494 Executing non-safepoint VM operation: HandshakeAllThreads (Deoptimize) done
Event: 22.494 Executing safepoint VM operation: Cleanup
Event: 22.494 Executing safepoint VM operation: Cleanup done
Event: 22.495 Executing non-safepoint VM operation: HandshakeAllThreads (Deoptimize)
Event: 22.496 Executing non-safepoint VM operation: HandshakeAllThreads (Deoptimize) done
Event: 23.503 Executing safepoint VM operation: Cleanup
Event: 23.506 Executing safepoint VM operation: Cleanup done
Event: 23.715 Executing non-safepoint VM operation: HandshakeAllThreads (Deoptimize)
Event: 23.736 Executing non-safepoint VM operation: HandshakeAllThreads (Deoptimize) done
Event: 23.741 Executing non-safepoint VM operation: HandshakeAllThreads (Deoptimize)
Event: 23.741 Executing non-safepoint VM operation: HandshakeAllThreads (Deoptimize) done
Event: 24.741 Executing safepoint VM operation: Cleanup
Event: 24.741 Executing safepoint VM operation: Cleanup done
Event: 25.742 Executing safepoint VM operation: Cleanup
Event: 25.742 Executing safepoint VM operation: Cleanup done
Event: 27.575 Executing safepoint VM operation: ParallelGCFailedAllocation (Allocation Failure)
Event: 27.680 Executing safepoint VM operation: ParallelGCFailedAllocation (Allocation Failure) done

Memory protections (0 events):
No events

Nmethod flushes (20 events):
Event: 12.825 Thread 0x0000027229e207c0 flushing  nmethod 0x000002722d2bd110
Event: 12.825 Thread 0x0000027229e207c0 flushing  nmethod 0x000002722d2cfc10
Event: 12.825 Thread 0x0000027229e207c0 flushing  nmethod 0x000002722d2cff10
Event: 12.825 Thread 0x0000027229e207c0 flushing  nmethod 0x000002722d2e7210
Event: 12.825 Thread 0x0000027229e207c0 flushing  nmethod 0x000002722d34b410
Event: 12.825 Thread 0x0000027229e207c0 flushing  nmethod 0x000002722d3a3190
Event: 12.825 Thread 0x0000027229e207c0 flushing  nmethod 0x000002722d3a5b90
Event: 12.825 Thread 0x0000027229e207c0 flushing  nmethod 0x000002722d3c5710
Event: 12.825 Thread 0x0000027229e207c0 flushing  nmethod 0x000002722d3c6110
Event: 12.825 Thread 0x0000027229e207c0 flushing  nmethod 0x000002722d3cb710
Event: 12.825 Thread 0x0000027229e207c0 flushing  nmethod 0x000002722d3cca90
Event: 12.825 Thread 0x0000027229e207c0 flushing  nmethod 0x000002722d403f90
Event: 12.825 Thread 0x0000027229e207c0 flushing  nmethod 0x000002722d40f190
Event: 12.825 Thread 0x0000027229e207c0 flushing  nmethod 0x000002722d448090
Event: 12.825 Thread 0x0000027229e207c0 flushing  nmethod 0x000002722d448490
Event: 12.825 Thread 0x0000027229e207c0 flushing  nmethod 0x000002722d448e10
Event: 12.825 Thread 0x0000027229e207c0 flushing  nmethod 0x000002722d452c10
Event: 12.825 Thread 0x0000027229e207c0 flushing  nmethod 0x000002722d457490
Event: 12.825 Thread 0x0000027229e207c0 flushing  nmethod 0x000002722d457f10
Event: 12.825 Thread 0x0000027229e207c0 flushing  nmethod 0x000002722d45ce10

Events (20 events):
Event: 13.102 Thread 0x00000272881f5560 Thread added: 0x00000272837df3a0
Event: 13.761 Thread 0x0000027283bbd590 Thread exited: 0x0000027283bbd590
Event: 13.937 Thread 0x0000027283bbc120 Thread exited: 0x0000027283bbc120
Event: 14.600 Thread 0x0000027229cf29c0 Thread added: 0x0000027283bbd590
Event: 14.601 Thread 0x0000027229cf29c0 Thread added: 0x0000027283bbc120
Event: 14.725 Thread 0x00000272881f5560 Thread added: 0x00000272837dfa30
Event: 15.655 Thread 0x0000027283bbc120 Thread exited: 0x0000027283bbc120
Event: 16.748 Thread 0x0000027283bbd590 Thread exited: 0x0000027283bbd590
Event: 16.749 Thread 0x00000272881f8350 Thread added: 0x00000272837e00c0
Event: 17.294 Thread 0x0000027229cf29c0 Thread added: 0x0000027283bbc120
Event: 17.706 Thread 0x0000027229cf29c0 Thread added: 0x0000027283bbf0d0
Event: 19.416 Thread 0x0000027283bbf0d0 Thread exited: 0x0000027283bbf0d0
Event: 22.402 Thread 0x0000027283bbc120 Thread exited: 0x0000027283bbc120
Event: 24.518 Thread 0x0000027229cf29c0 Thread added: 0x0000027283bbf0d0
Event: 24.871 Thread 0x0000027283bbf0d0 Thread exited: 0x0000027283bbf0d0
Event: 27.249 Thread 0x00000272881f8350 Thread added: 0x00000272837e0750
Event: 27.287 Thread 0x00000272881f8350 Thread added: 0x00000272837e0de0
Event: 27.394 Thread 0x00000272881f5560 Thread added: 0x00000272837e2820
Event: 27.395 Thread 0x00000272881f5560 Thread added: 0x00000272837e2190
Event: 27.681 Thread 0x0000027229cf29c0 Thread added: 0x0000027283bbc7f0


Dynamic libraries:
0x00007ff790220000 - 0x00007ff79022e000 	c:\Users\PC\.vscode\extensions\redhat.java-1.56.0-win32-x64\jre\21.0.12.1-win32-x86_64\bin\java.exe
0x00007fff75ad0000 - 0x00007fff75cc8000 	C:\Windows\SYSTEM32\ntdll.dll
0x00007fff759c0000 - 0x00007fff75a82000 	C:\Windows\System32\KERNEL32.DLL
0x00007fff73520000 - 0x00007fff73816000 	C:\Windows\System32\KERNELBASE.dll
0x00007fff73200000 - 0x00007fff73300000 	C:\Windows\System32\ucrtbase.dll
0x00007fff6ca10000 - 0x00007fff6ca28000 	c:\Users\PC\.vscode\extensions\redhat.java-1.56.0-win32-x64\jre\21.0.12.1-win32-x86_64\bin\jli.dll
0x00007fff6c020000 - 0x00007fff6c03e000 	c:\Users\PC\.vscode\extensions\redhat.java-1.56.0-win32-x64\jre\21.0.12.1-win32-x86_64\bin\VCRUNTIME140.dll
0x00007fff752f0000 - 0x00007fff75491000 	C:\Windows\System32\USER32.dll
0x00007fff5fc60000 - 0x00007fff5fefb000 	C:\Windows\WinSxS\amd64_microsoft.windows.common-controls_6595b64144ccf1df_6.0.19041.6456_none_60b8a6cb71f64256\COMCTL32.dll
0x00007fff73950000 - 0x00007fff73972000 	C:\Windows\System32\win32u.dll
0x00007fff73de0000 - 0x00007fff73e7e000 	C:\Windows\System32\msvcrt.dll
0x00007fff75030000 - 0x00007fff7505b000 	C:\Windows\System32\GDI32.dll
0x00007fff739d0000 - 0x00007fff73ae9000 	C:\Windows\System32\gdi32full.dll
0x00007fff73160000 - 0x00007fff731fd000 	C:\Windows\System32\msvcp_win.dll
0x00007fff75510000 - 0x00007fff7553f000 	C:\Windows\System32\IMM32.DLL
0x00007fff6dd30000 - 0x00007fff6dd3c000 	c:\Users\PC\.vscode\extensions\redhat.java-1.56.0-win32-x64\jre\21.0.12.1-win32-x86_64\bin\vcruntime140_1.dll
0x00007fff47d80000 - 0x00007fff47e0d000 	c:\Users\PC\.vscode\extensions\redhat.java-1.56.0-win32-x64\jre\21.0.12.1-win32-x86_64\bin\msvcp140.dll
0x00007fff2e290000 - 0x00007fff2f032000 	c:\Users\PC\.vscode\extensions\redhat.java-1.56.0-win32-x64\jre\21.0.12.1-win32-x86_64\bin\server\jvm.dll
0x00007fff73e80000 - 0x00007fff73f31000 	C:\Windows\System32\ADVAPI32.dll
0x00007fff74690000 - 0x00007fff7472f000 	C:\Windows\System32\sechost.dll
0x00007fff73cc0000 - 0x00007fff73de0000 	C:\Windows\System32\RPCRT4.dll
0x00007fff734f0000 - 0x00007fff73517000 	C:\Windows\System32\bcrypt.dll
0x00007fff754a0000 - 0x00007fff7550b000 	C:\Windows\System32\WS2_32.dll
0x00007fff5c220000 - 0x00007fff5c22a000 	C:\Windows\SYSTEM32\VERSION.dll
0x00007fff5f2f0000 - 0x00007fff5f317000 	C:\Windows\SYSTEM32\WINMM.dll
0x00007fff72660000 - 0x00007fff726ab000 	C:\Windows\SYSTEM32\POWRPROF.dll
0x00007fff72520000 - 0x00007fff72532000 	C:\Windows\SYSTEM32\UMPDC.dll
0x00007fff71930000 - 0x00007fff71942000 	C:\Windows\SYSTEM32\kernel.appcore.dll
0x00007fff6d600000 - 0x00007fff6d60a000 	c:\Users\PC\.vscode\extensions\redhat.java-1.56.0-win32-x64\jre\21.0.12.1-win32-x86_64\bin\jimage.dll
0x00007fff71630000 - 0x00007fff71831000 	C:\Windows\SYSTEM32\DBGHELP.DLL
0x00007fff59c70000 - 0x00007fff59ca4000 	C:\Windows\SYSTEM32\dbgcore.DLL
0x00007fff73460000 - 0x00007fff734e2000 	C:\Windows\System32\bcryptPrimitives.dll
0x00007fff6bfe0000 - 0x00007fff6bfef000 	c:\Users\PC\.vscode\extensions\redhat.java-1.56.0-win32-x64\jre\21.0.12.1-win32-x86_64\bin\instrument.dll
0x00007fff6ac40000 - 0x00007fff6ac60000 	c:\Users\PC\.vscode\extensions\redhat.java-1.56.0-win32-x64\jre\21.0.12.1-win32-x86_64\bin\java.dll
0x00007fff748c0000 - 0x00007fff75030000 	C:\Windows\System32\SHELL32.dll
0x00007fff70e80000 - 0x00007fff71625000 	C:\Windows\SYSTEM32\windows.storage.dll
0x00007fff74240000 - 0x00007fff74594000 	C:\Windows\System32\combase.dll
0x00007fff72ab0000 - 0x00007fff72adb000 	C:\Windows\SYSTEM32\Wldp.dll
0x00007fff73fa0000 - 0x00007fff7406d000 	C:\Windows\System32\OLEAUT32.dll
0x00007fff740d0000 - 0x00007fff7417d000 	C:\Windows\System32\SHCORE.dll
0x00007fff74730000 - 0x00007fff7478b000 	C:\Windows\System32\shlwapi.dll
0x00007fff73090000 - 0x00007fff730b4000 	C:\Windows\SYSTEM32\profapi.dll
0x00007fff6a7a0000 - 0x00007fff6a7b8000 	c:\Users\PC\.vscode\extensions\redhat.java-1.56.0-win32-x64\jre\21.0.12.1-win32-x86_64\bin\zip.dll
0x00007fff6bfd0000 - 0x00007fff6bfe0000 	C:\Users\PC\.vscode\extensions\redhat.java-1.56.0-win32-x64\jre\21.0.12.1-win32-x86_64\bin\net.dll
0x00007fff6f720000 - 0x00007fff6f82a000 	C:\Windows\SYSTEM32\WINHTTP.dll
0x00007fff72890000 - 0x00007fff728fa000 	C:\Windows\system32\mswsock.dll
0x00007fff6a770000 - 0x00007fff6a786000 	C:\Users\PC\.vscode\extensions\redhat.java-1.56.0-win32-x64\jre\21.0.12.1-win32-x86_64\bin\nio.dll
0x00007fff6bab0000 - 0x00007fff6bac0000 	c:\Users\PC\.vscode\extensions\redhat.java-1.56.0-win32-x64\jre\21.0.12.1-win32-x86_64\bin\verify.dll
0x00007fff67ac0000 - 0x00007fff67b05000 	C:\Users\PC\AppData\Roaming\Code\User\globalStorage\redhat.java\1.56.0\config_ss_win\org.eclipse.equinox.launcher\org.eclipse.equinox.launcher.win32.win32.x86_64_1.3.100.v20260804-1928\eclipse_11924.dll
0x00007fff74790000 - 0x00007fff748bb000 	C:\Windows\System32\ole32.dll
0x00007fff72af0000 - 0x00007fff72b08000 	C:\Windows\SYSTEM32\CRYPTSP.dll
0x00007fff72160000 - 0x00007fff72198000 	C:\Windows\system32\rsaenh.dll
0x00007fff73010000 - 0x00007fff7303e000 	C:\Windows\SYSTEM32\USERENV.dll
0x00007fff72a20000 - 0x00007fff72a2c000 	C:\Windows\SYSTEM32\CRYPTBASE.dll
0x00007fff72540000 - 0x00007fff7257b000 	C:\Windows\SYSTEM32\IPHLPAPI.DLL
0x00007fff74210000 - 0x00007fff74218000 	C:\Windows\System32\NSI.dll
0x00007fff5e200000 - 0x00007fff5e249000 	C:\Users\PC\AppData\Local\Temp\jna-2547\jna6712732796653849429.dll
0x00007fff75540000 - 0x00007fff75548000 	C:\Windows\System32\PSAPI.DLL
0x00007fff68b80000 - 0x00007fff68b97000 	C:\Windows\SYSTEM32\dhcpcsvc6.DLL
0x00007fff68d00000 - 0x00007fff68d1d000 	C:\Windows\SYSTEM32\dhcpcsvc.DLL

JVMTI agents:
c:\Users\PC\.vscode\extensions\redhat.java-1.56.0-win32-x64\lombok\lombok-1.18.39-4050.jar path:c:\Users\PC\.vscode\extensions\redhat.java-1.56.0-win32-x64\jre\21.0.12.1-win32-x86_64\bin\instrument.dll, loaded, initialized, instrumentlib options:none

dbghelp: loaded successfully - version: 4.0.5 - missing functions: none
symbol engine: initialized successfully - sym options: 0x614 - pdb path: .;c:\Users\PC\.vscode\extensions\redhat.java-1.56.0-win32-x64\jre\21.0.12.1-win32-x86_64\bin;C:\Windows\SYSTEM32;C:\Windows\WinSxS\amd64_microsoft.windows.common-controls_6595b64144ccf1df_6.0.19041.6456_none_60b8a6cb71f64256;c:\Users\PC\.vscode\extensions\redhat.java-1.56.0-win32-x64\jre\21.0.12.1-win32-x86_64\bin\server;C:\Users\PC\AppData\Roaming\Code\User\globalStorage\redhat.java\1.56.0\config_ss_win\org.eclipse.equinox.launcher\org.eclipse.equinox.launcher.win32.win32.x86_64_1.3.100.v20260804-1928;C:\Users\PC\AppData\Local\Temp\jna-2547

VM Arguments:
jvm_args: --add-modules=ALL-SYSTEM --add-opens=java.base/java.util=ALL-UNNAMED --add-opens=java.base/java.lang=ALL-UNNAMED --add-opens=java.base/sun.nio.fs=ALL-UNNAMED -Declipse.application=org.eclipse.jdt.ls.core.id1 -Dosgi.bundles.defaultStartLevel=4 -Declipse.product=org.eclipse.jdt.ls.core.product -Djava.import.generatesMetadataFilesAtProjectRoot=false -Dm2e.project.cache.size=50 -DDetectVMInstallationsJob.disabled=true -Dfile.encoding=utf8 -XX:+UseParallelGC -XX:GCTimeRatio=4 -XX:AdaptiveSizePolicyWeight=90 -Dsun.zip.disableMemoryMapping=true -Xmx2G -Xms100m -Xlog:disable -javaagent:c:\Users\PC\.vscode\extensions\redhat.java-1.56.0-win32-x64\lombok\lombok-1.18.39-4050.jar 
java_command: c:\Users\PC\.vscode\extensions\redhat.java-1.56.0-win32-x64\server\plugins\org.eclipse.equinox.launcher_1.8.0.v20260804-1928.jar -configuration c:\Users\PC\AppData\Roaming\Code\User\globalStorage\redhat.java\1.56.0\config_ss_win -data c:\Users\PC\AppData\Roaming\Code\User\workspaceStorage\ec1410200dd7bcd3f80d97ac2a3ddf05\redhat.java\ss_ws --pipe=\\.\pipe\lsp-1f8d872c2eade0d835bff078e32f6a12-sock
java_class_path (initial): c:\Users\PC\.vscode\extensions\redhat.java-1.56.0-win32-x64\server\plugins\org.eclipse.equinox.launcher_1.8.0.v20260804-1928.jar
Launcher Type: SUN_STANDARD

[Global flags]
    uintx AdaptiveSizePolicyWeight                 = 90                                        {product} {command line}
     intx CICompilerCount                          = 4                                         {product} {ergonomic}
    uintx GCTimeRatio                              = 4                                         {product} {command line}
   size_t InitialHeapSize                          = 104857600                                 {product} {command line}
   size_t MaxHeapSize                              = 2147483648                                {product} {command line}
   size_t MaxNewSize                               = 715653120                                 {product} {ergonomic}
   size_t MinHeapDeltaBytes                        = 524288                                    {product} {ergonomic}
   size_t MinHeapSize                              = 104857600                                 {product} {command line}
   size_t NewSize                                  = 34603008                                  {product} {ergonomic}
    uintx NonNMethodCodeHeapSize                   = 5839372                                {pd product} {ergonomic}
    uintx NonProfiledCodeHeapSize                  = 122909434                              {pd product} {ergonomic}
   size_t OldSize                                  = 70254592                                  {product} {ergonomic}
    uintx ProfiledCodeHeapSize                     = 122909434                              {pd product} {ergonomic}
    uintx ReservedCodeCacheSize                    = 251658240                              {pd product} {ergonomic}
     bool SegmentedCodeCache                       = true                                      {product} {ergonomic}
   size_t SoftMaxHeapSize                          = 2147483648                             {manageable} {ergonomic}
     bool UseCompressedOops                        = true                           {product lp64_product} {ergonomic}
     bool UseLargePagesIndividualAllocation        = false                                  {pd product} {ergonomic}
     bool UseParallelGC                            = true                                      {product} {command line}

Logging:
Log output configuration:
 #0: stdout all=off uptime,level,tags foldmultilines=false
 #1: stderr all=off uptime,level,tags foldmultilines=false

Release file:
JAVA_VERSION="21.0.12.1" 
MODULES="java.base java.compiler java.datatransfer java.xml java.prefs java.desktop java.instrument java.logging java.management java.security.sasl java.naming java.rmi java.management.rmi java.net.http java.scripting java.security.jgss java.transaction.xa java.sql java.sql.rowset java.xml.crypto java.se java.smartcardio jdk.accessibility jdk.internal.jvmstat jdk.attach jdk.charsets jdk.internal.opt jdk.zipfs jdk.compiler jdk.crypto.ec jdk.crypto.cryptoki jdk.crypto.mscapi jdk.dynalink jdk.internal.ed jdk.editpad jdk.hotspot.agent jdk.httpserver jdk.internal.le jdk.internal.vm.ci jdk.internal.vm.compiler jdk.internal.vm.compiler.management jdk.jartool jdk.javadoc jdk.jcmd jdk.management jdk.management.agent jdk.jconsole jdk.jdeps jdk.jdwp.agent jdk.jdi jdk.jfr jdk.jshell jdk.jsobject jdk.jstatd jdk.localedata jdk.management.jfr jdk.naming.dns jdk.naming.rmi jdk.net jdk.nio.mapmode jdk.random jdk.sctp jdk.security.auth jdk.security.jgss jdk.unsupported jdk.unsupported.desktop jdk.xml.dom" 

Environment Variables:
PATH=C:\Program Files\Eclipse Adoptium\jdk-25.0.2.10-hotspot\bin;C:\app\PC\product\21c\dbhomeXE\bin;C:\Program Files\Eclipse Adoptium\jdk-8.0.382.5-hotspot\bin;C:\Program Files\Eclipse Adoptium\jdk-17.0.17.10-hotspot\bin;C:\Program Files (x86)\Common Files\Oracle\Java\javapath;C:\Windows\system32;C:\Windows;C:\Windows\System32\Wbem;C:\Windows\System32\WindowsPowerShell\v1.0\;C:\Windows\System32\OpenSSH\;C:\msys64\mingw64\bin;C:\Program Files\MySQL\MySQL Server 8.0\bin;C:\Program Files\Microsoft SQL Server\150\Tools\Binn\;C:\Program Files\Microsoft SQL Server\Client SDK\ODBC\170\Tools\Binn\;C:\Program Files\dotnet\;C:\Program Files (x86)\Windows Kits\10\Windows Performance Toolkit\;%MAVEN_HOME%\bin;C:\Program Files\ZeroC\Ice-3.7.9\bin;C:\Program Files (x86)\Microsoft SQL Server\170\Tools\Binn\;C:\Program Files\Microsoft SQL Server\170\Tools\Binn\;C:\Program Files\Microsoft SQL Server\Client SDK\ODBC\180\Tools\Binn\;C:\Program Files\Microsoft SQL Server\170\DTS\Binn\;C:\Program Files\Git\cmd;C:\Program Files\nodejs\;C:\Program Files\WSL\;C:\Users\PC\Desktop\sonar-scanner-cli-5.0.1.3006-windows\sonar-scanner-5.0.1.3006-windows\bin;C:\Users\PC\AppData\Local\Programs\Python\Python314\Scripts\;C:\Users\PC\AppData\Local\Programs\Python\Python314\;C:\Program Files\MySQL\MySQL Shell 8.0\bin\;C:\Users\PC\AppData\Local\Microsoft\WindowsApps;C:\Users\PC\AppData\Local\Programs\Microsoft VS Code\bin;C:\Users\PC\.dotnet\tools;C:\Users\PC\AppData\Roaming\npm;C:\Program Files\nodejs\;C:\Users\PC\AppData\Local\Programs\Python\Python314;C:\Users\PC\AppData\Local\Programs\Python\Python314\Scripts;C:\Users\PC\Desktop\apache-maven-3.9.16-bin\bin;C:\Users\PC\Desktop\sonar-scanner-cli-5.0.1.3006-windows\sonar-scanner-5.0.1.3006-windows\bin;
USERNAME=PC
OS=Windows_NT
PROCESSOR_IDENTIFIER=Intel64 Family 6 Model 142 Stepping 10, GenuineIntel
TMP=C:\Users\PC\AppData\Local\Temp
TEMP=C:\Users\PC\AppData\Local\Temp




Periodic native trim disabled

---------------  S Y S T E M  ---------------

OS:
 Windows 10 , 64 bit Build 19041 (10.0.19041.5915)
OS uptime: 0 days 4:26 hours
Hyper-V role detected

CPU: total 8 (initial active 8) (4 cores per cpu, 2 threads per core) family 6 model 142 stepping 10 microcode 0xb4, cx8, cmov, fxsr, ht, mmx, 3dnowpref, sse, sse2, sse3, ssse3, sse4.1, sse4.2, popcnt, lzcnt, tsc, tscinvbit, avx, avx2, aes, erms, clmul, bmi1, bmi2, adx, fma, vzeroupper, clflush, clflushopt, hv, rdtscp, f16c
Processor Information for the first 8 processors :
  Max Mhz: 1800, Current Mhz: 1600, Mhz Limit: 1584

Memory: 4k page, system-wide physical 8042M (536M free)
TotalPageFile size 17965M (AvailPageFile size 1M)
current process WorkingSet (physical memory assigned to process): 193M, peak: 204M
current process commit charge ("private bytes"): 305M, peak: 316M

vm_info: OpenJDK 64-Bit Server VM (21.0.12.1+1-LTS) for windows-amd64 JRE (21.0.12.1+1-LTS), built on 2026-08-18T00:00:00Z by "admin" with MS VC++ 17.12 (VS2022)

END.
