#
# There is insufficient memory for the Java Runtime Environment to continue.
# Native memory allocation (malloc) failed to allocate 2364752 bytes. Error detail: Chunk::new
# Possible reasons:
#   The system is out of physical RAM or swap space
#   This process is running with CompressedOops enabled, and the Java Heap may be blocking the growth of the native heap
# Possible solutions:
#   Reduce memory load on the system
#   Increase physical memory or swap space
#   Check if swap backing store is full
#   Decrease Java heap size (-Xmx/-Xms)
#   Decrease number of Java threads
#   Decrease Java thread stack sizes (-Xss)
#   Set larger code cache with -XX:ReservedCodeCacheSize=
#   JVM is running with Unscaled Compressed Oops mode in which the Java heap is
#     placed in the first 4GB address space. The Java Heap base address is the
#     maximum limit for the native heap growth. Please use -XX:HeapBaseMinAddress
#     to set the Java Heap base and to place the Java Heap above 4GB virtual address.
# This output file may be truncated or incomplete.
#
#  Out of Memory Error (arena.cpp:168), pid=4972, tid=10168
#
# JRE version: OpenJDK Runtime Environment Temurin-21.0.12.1+1 (21.0.12.1+1) (build 21.0.12.1+1-LTS)
# Java VM: OpenJDK 64-Bit Server VM Temurin-21.0.12.1+1 (21.0.12.1+1-LTS, mixed mode, sharing, tiered, compressed oops, compressed class ptrs, parallel gc, windows-amd64)
# No core dump will be written. Minidumps are not enabled by default on client versions of Windows
#

---------------  S U M M A R Y ------------

Command Line: --add-modules=ALL-SYSTEM --add-opens=java.base/java.util=ALL-UNNAMED --add-opens=java.base/java.lang=ALL-UNNAMED --add-opens=java.base/sun.nio.fs=ALL-UNNAMED -Declipse.application=org.eclipse.jdt.ls.core.id1 -Dosgi.bundles.defaultStartLevel=4 -Declipse.product=org.eclipse.jdt.ls.core.product -Djava.import.generatesMetadataFilesAtProjectRoot=false -Dm2e.project.cache.size=50 -DDetectVMInstallationsJob.disabled=true -Dfile.encoding=utf8 -XX:+UseParallelGC -XX:GCTimeRatio=4 -XX:AdaptiveSizePolicyWeight=90 -Dsun.zip.disableMemoryMapping=true -Xmx2G -Xms100m -Xlog:disable -javaagent:c:\Users\PC\.vscode\extensions\redhat.java-1.56.0-win32-x64\lombok\lombok-1.18.39-4050.jar -XX:+HeapDumpOnOutOfMemoryError -XX:HeapDumpPath=c:\Users\PC\AppData\Roaming\Code\User\workspaceStorage\ec1410200dd7bcd3f80d97ac2a3ddf05\redhat.java -Daether.dependencyCollector.impl=bf c:\Users\PC\.vscode\extensions\redhat.java-1.56.0-win32-x64\server\plugins\org.eclipse.equinox.launcher_1.8.0.v20260804-1928.jar -configuration c:\Users\PC\AppData\Roaming\Code\User\globalStorage\redhat.java\1.56.0\config_win -data c:\Users\PC\AppData\Roaming\Code\User\workspaceStorage\ec1410200dd7bcd3f80d97ac2a3ddf05\redhat.java\jdt_ws --pipe=\\.\pipe\lsp-91a765a73214633ff264d1e25edce263-sock

Host: Intel(R) Core(TM) i5-8250U CPU @ 1.60GHz, 8 cores, 7G,  Windows 10 , 64 bit Build 19041 (10.0.19041.5915)
Time: Thu Oct  1 17:43:53 2026 Morocco Standard Time elapsed time: 27.321603 seconds (0d 0h 0m 27s)

---------------  T H R E A D  ---------------

Current thread (0x000002420fe1a0c0):  JavaThread "C2 CompilerThread1" daemon [_thread_in_native, id=10168, stack(0x000000a685200000,0x000000a685300000) (1024K)]


Current CompileTask:
C2:27321 8833 % !   4       org.eclipse.jdt.internal.core.JarPackageFragmentRoot::computeChildren @ 139 (523 bytes)

Stack: [0x000000a685200000,0x000000a685300000]
Native frames: (J=compiled Java code, j=interpreted, Vv=VM code, C=native code)
V  [jvm.dll+0x6d83e9]
V  [jvm.dll+0x8b5736]
V  [jvm.dll+0x8b7cee]
V  [jvm.dll+0x8b83d3]
V  [jvm.dll+0x284596]
V  [jvm.dll+0xc685d]
V  [jvm.dll+0xc6da1]
V  [jvm.dll+0x3bf18b]
V  [jvm.dll+0x38b6d2]
V  [jvm.dll+0x38ab1a]
V  [jvm.dll+0x24c700]
V  [jvm.dll+0x24bce0]
V  [jvm.dll+0x1cb4ae]
V  [jvm.dll+0x25baad]
V  [jvm.dll+0x25a03a]
V  [jvm.dll+0x3f8aae]
V  [jvm.dll+0x8600cd]
V  [jvm.dll+0x6d6c1d]
C  [ucrtbase.dll+0x21bb2]
C  [KERNEL32.DLL+0x17374]
C  [ntdll.dll+0x4cc91]


---------------  P R O C E S S  ---------------

Threads class SMR info:
_java_thread_list=0x000002420d5b71e0, length=69, elements={
0x00000241ae323b50, 0x00000241c4d91040, 0x00000241c4d91f60, 0x00000241c4d979f0,
0x00000241c4d98910, 0x00000241c4d9c650, 0x00000241c4da31e0, 0x00000241c4da4240,
0x00000241c4da69b0, 0x0000024207824fe0, 0x000002420788f0e0, 0x000002420c8b25c0,
0x000002420cb4d2c0, 0x000002420c954050, 0x000002420c722020, 0x000002420cf50d00,
0x000002420cf8da40, 0x00000242079ed0f0, 0x00000242079ec3d0, 0x00000242079ede10,
0x00000242079eca60, 0x00000242079eeb30, 0x00000242079eb6b0, 0x00000242079ebd40,
0x000002420e51b5f0, 0x000002420e51d030, 0x000002420e51e3e0, 0x000002420e51dd50,
0x000002420e51ea70, 0x000002420e51d6c0, 0x000002420e51f100, 0x000002420e51f790,
0x000002420e51fe20, 0x000002420e5204b0, 0x000002420e520b40, 0x000002420e51c9a0,
0x000002420e51af60, 0x000002420e5211d0, 0x000002420e521860, 0x000002420e51a8d0,
0x000002420e521ef0, 0x000002420e51bc80, 0x000002420f5fee20, 0x000002420f5ff4b0,
0x000002420f601580, 0x000002420f5fd3e0, 0x000002420f601c10, 0x000002420f6022a0,
0x000002420f5fe100, 0x000002420f5fcd50, 0x000002420f602930, 0x000002420f5fb9a0,
0x000002420f5fc6c0, 0x000002420f5fda70, 0x000002420f5ffb40, 0x000002420fe1a0c0,
0x000002420fe18580, 0x000002420c0e0850, 0x000002420c0de780, 0x000002420c0e3640,
0x000002420c0e0ee0, 0x000002420c0e3cd0, 0x000002420c0e4360, 0x000002420c0dee10,
0x000002420c0e5da0, 0x000002420c0e2920, 0x000002420c0e5080, 0x000002420c0e2290,
0x000002420c0df4a0
}

Java Threads: ( => current thread )
  0x00000241ae323b50 JavaThread "main"                              [_thread_blocked, id=22596, stack(0x000000a683300000,0x000000a683400000) (1024K)]
  0x00000241c4d91040 JavaThread "Reference Handler"          daemon [_thread_blocked, id=12272, stack(0x000000a683700000,0x000000a683800000) (1024K)]
  0x00000241c4d91f60 JavaThread "Finalizer"                  daemon [_thread_blocked, id=20704, stack(0x000000a683800000,0x000000a683900000) (1024K)]
  0x00000241c4d979f0 JavaThread "Signal Dispatcher"          daemon [_thread_blocked, id=8936, stack(0x000000a683900000,0x000000a683a00000) (1024K)]
  0x00000241c4d98910 JavaThread "Attach Listener"            daemon [_thread_blocked, id=21940, stack(0x000000a683a00000,0x000000a683b00000) (1024K)]
  0x00000241c4d9c650 JavaThread "Service Thread"             daemon [_thread_blocked, id=12200, stack(0x000000a683b00000,0x000000a683c00000) (1024K)]
  0x00000241c4da31e0 JavaThread "Monitor Deflation Thread"   daemon [_thread_blocked, id=18000, stack(0x000000a683c00000,0x000000a683d00000) (1024K)]
  0x00000241c4da4240 JavaThread "C2 CompilerThread0"         daemon [_thread_blocked, id=21032, stack(0x000000a683d00000,0x000000a683e00000) (1024K)]
  0x00000241c4da69b0 JavaThread "C1 CompilerThread0"         daemon [_thread_in_native, id=14840, stack(0x000000a683e00000,0x000000a683f00000) (1024K)]
  0x0000024207824fe0 JavaThread "Common-Cleaner"             daemon [_thread_blocked, id=8908, stack(0x000000a683f00000,0x000000a684000000) (1024K)]
  0x000002420788f0e0 JavaThread "Notification Thread"        daemon [_thread_blocked, id=3796, stack(0x000000a684000000,0x000000a684100000) (1024K)]
  0x000002420c8b25c0 JavaThread "Active Thread: Equinox Container: 313e6211-cbd3-4902-b809-850830e62e5c"        [_thread_blocked, id=21092, stack(0x000000a684900000,0x000000a684a00000) (1024K)]
  0x000002420cb4d2c0 JavaThread "Refresh Thread: Equinox Container: 313e6211-cbd3-4902-b809-850830e62e5c" daemon [_thread_blocked, id=1484, stack(0x000000a684b00000,0x000000a684c00000) (1024K)]
  0x000002420c954050 JavaThread "Framework Event Dispatcher: Equinox Container: 313e6211-cbd3-4902-b809-850830e62e5c" daemon [_thread_blocked, id=11920, stack(0x000000a684c00000,0x000000a684d00000) (1024K)]
  0x000002420c722020 JavaThread "Start Level: Equinox Container: 313e6211-cbd3-4902-b809-850830e62e5c" daemon [_thread_blocked, id=2836, stack(0x000000a684d00000,0x000000a684e00000) (1024K)]
  0x000002420cf50d00 JavaThread "Bundle File Closer"         daemon [_thread_blocked, id=21480, stack(0x000000a684e00000,0x000000a684f00000) (1024K)]
  0x000002420cf8da40 JavaThread "SCR Component Actor"        daemon [_thread_blocked, id=2212, stack(0x000000a684100000,0x000000a684200000) (1024K)]
  0x00000242079ed0f0 JavaThread "Worker-JM"                         [_thread_blocked, id=14916, stack(0x000000a685000000,0x000000a685100000) (1024K)]
  0x00000242079ec3d0 JavaThread "JNA Cleaner"                daemon [_thread_blocked, id=23980, stack(0x000000a684200000,0x000000a684300000) (1024K)]
  0x00000242079ede10 JavaThread "Worker-0"                          [_thread_blocked, id=25092, stack(0x000000a684f00000,0x000000a685000000) (1024K)]
  0x00000242079eca60 JavaThread "Worker-1"                          [_thread_blocked, id=2348, stack(0x000000a685100000,0x000000a685200000) (1024K)]
  0x00000242079eeb30 JavaThread "Java indexing"              daemon [_thread_blocked, id=15412, stack(0x000000a685300000,0x000000a685400000) (1024K)]
  0x00000242079eb6b0 JavaThread "Worker-2"                          [_thread_blocked, id=4852, stack(0x000000a685700000,0x000000a685800000) (1024K)]
  0x00000242079ebd40 JavaThread "Worker-3"                          [_thread_blocked, id=19992, stack(0x000000a685800000,0x000000a685900000) (1024K)]
  0x000002420e51b5f0 JavaThread "Worker-4: Initialize workspace"        [_thread_in_Java, id=13164, stack(0x000000a685900000,0x000000a685a00000) (1024K)]
  0x000002420e51d030 JavaThread "Thread-1"                   daemon [_thread_in_native, id=4252, stack(0x000000a685a00000,0x000000a685b00000) (1024K)]
  0x000002420e51e3e0 JavaThread "Thread-2"                   daemon [_thread_in_native, id=9400, stack(0x000000a685b00000,0x000000a685c00000) (1024K)]
  0x000002420e51dd50 JavaThread "Thread-3"                   daemon [_thread_in_native, id=20416, stack(0x000000a685c00000,0x000000a685d00000) (1024K)]
  0x000002420e51ea70 JavaThread "Thread-4"                   daemon [_thread_in_native, id=11516, stack(0x000000a685d00000,0x000000a685e00000) (1024K)]
  0x000002420e51d6c0 JavaThread "Thread-5"                   daemon [_thread_in_native, id=22164, stack(0x000000a685e00000,0x000000a685f00000) (1024K)]
  0x000002420e51f100 JavaThread "Thread-6"                   daemon [_thread_in_native, id=21568, stack(0x000000a685f00000,0x000000a686000000) (1024K)]
  0x000002420e51f790 JavaThread "Thread-7"                   daemon [_thread_in_native, id=20152, stack(0x000000a686000000,0x000000a686100000) (1024K)]
  0x000002420e51fe20 JavaThread "Thread-8"                   daemon [_thread_in_native, id=9044, stack(0x000000a686100000,0x000000a686200000) (1024K)]
  0x000002420e5204b0 JavaThread "Thread-9"                   daemon [_thread_in_native, id=14816, stack(0x000000a686200000,0x000000a686300000) (1024K)]
  0x000002420e520b40 JavaThread "pool-2-thread-1"                   [_thread_blocked, id=11380, stack(0x000000a686300000,0x000000a686400000) (1024K)]
  0x000002420e51c9a0 JavaThread "WorkspaceEventsHandler"            [_thread_blocked, id=12956, stack(0x000000a686400000,0x000000a686500000) (1024K)]
  0x000002420e51af60 JavaThread "pool-1-thread-1"                   [_thread_blocked, id=25524, stack(0x000000a686500000,0x000000a686600000) (1024K)]
  0x000002420e5211d0 JavaThread "PatternSearchJob-worker-1"  daemon [_thread_blocked, id=15892, stack(0x000000a686600000,0x000000a686700000) (1024K)]
  0x000002420e521860 JavaThread "PatternSearchJob-worker-2"  daemon [_thread_blocked, id=12700, stack(0x000000a686700000,0x000000a686800000) (1024K)]
  0x000002420e51a8d0 JavaThread "PatternSearchJob-worker-3"  daemon [_thread_blocked, id=25144, stack(0x000000a686800000,0x000000a686900000) (1024K)]
  0x000002420e521ef0 JavaThread "PatternSearchJob-worker-4"  daemon [_thread_blocked, id=25376, stack(0x000000a686900000,0x000000a686a00000) (1024K)]
  0x000002420e51bc80 JavaThread "PatternSearchJob-worker-5"  daemon [_thread_blocked, id=4708, stack(0x000000a686a00000,0x000000a686b00000) (1024K)]
  0x000002420f5fee20 JavaThread "PatternSearchJob-worker-6"  daemon [_thread_blocked, id=22628, stack(0x000000a686b00000,0x000000a686c00000) (1024K)]
  0x000002420f5ff4b0 JavaThread "PatternSearchJob-worker-7"  daemon [_thread_blocked, id=20836, stack(0x000000a686c00000,0x000000a686d00000) (1024K)]
  0x000002420f601580 JavaThread "ForkJoinPool.commonPool-worker-1" daemon [_thread_blocked, id=15340, stack(0x000000a686d00000,0x000000a686e00000) (1024K)]
  0x000002420f5fd3e0 JavaThread "LocalFile Deleter"          daemon [_thread_blocked, id=5724, stack(0x000000a686e00000,0x000000a686f00000) (1024K)]
  0x000002420f601c10 JavaThread "LocalFile Deleter"          daemon [_thread_blocked, id=16800, stack(0x000000a686f00000,0x000000a687000000) (1024K)]
  0x000002420f6022a0 JavaThread "LocalFile Deleter"          daemon [_thread_blocked, id=3624, stack(0x000000a687000000,0x000000a687100000) (1024K)]
  0x000002420f5fe100 JavaThread "LocalFile Deleter"          daemon [_thread_blocked, id=5168, stack(0x000000a687100000,0x000000a687200000) (1024K)]
  0x000002420f5fcd50 JavaThread "LocalFile Deleter"          daemon [_thread_blocked, id=22280, stack(0x000000a687200000,0x000000a687300000) (1024K)]
  0x000002420f602930 JavaThread "LocalFile Deleter"          daemon [_thread_blocked, id=11644, stack(0x000000a687300000,0x000000a687400000) (1024K)]
  0x000002420f5fb9a0 JavaThread "LocalFile Deleter"          daemon [_thread_blocked, id=4212, stack(0x000000a687400000,0x000000a687500000) (1024K)]
  0x000002420f5fc6c0 JavaThread "LocalFile Deleter"          daemon [_thread_blocked, id=15456, stack(0x000000a687500000,0x000000a687600000) (1024K)]
  0x000002420f5fda70 JavaThread "Compiler Source File Reader" daemon [_thread_blocked, id=20408, stack(0x000000a687600000,0x000000a687700000) (1024K)]
  0x000002420f5ffb40 JavaThread "Compiler Source File Reader" daemon [_thread_blocked, id=10272, stack(0x000000a687700000,0x000000a687800000) (1024K)]
=>0x000002420fe1a0c0 JavaThread "C2 CompilerThread1"         daemon [_thread_in_native, id=10168, stack(0x000000a685200000,0x000000a685300000) (1024K)]
  0x000002420fe18580 JavaThread "C2 CompilerThread2"         daemon [_thread_in_native, id=18012, stack(0x000000a685400000,0x000000a685500000) (1024K)]
  0x000002420c0e0850 JavaThread "ForkJoinPool.commonPool-worker-2" daemon [_thread_in_Java, id=17364, stack(0x000000a687800000,0x000000a687900000) (1024K)]
  0x000002420c0de780 JavaThread "ForkJoinPool.commonPool-worker-3" daemon [_thread_blocked, id=18536, stack(0x000000a687900000,0x000000a687a00000) (1024K)]
  0x000002420c0e3640 JavaThread "ForkJoinPool.commonPool-worker-4" daemon [_thread_in_Java, id=21972, stack(0x000000a687a00000,0x000000a687b00000) (1024K)]
  0x000002420c0e0ee0 JavaThread "ForkJoinPool.commonPool-worker-5" daemon [_thread_blocked, id=9664, stack(0x000000a687b00000,0x000000a687c00000) (1024K)]
  0x000002420c0e3cd0 JavaThread "ForkJoinPool.commonPool-worker-6" daemon [_thread_in_native, id=24528, stack(0x000000a687c00000,0x000000a687d00000) (1024K)]
  0x000002420c0e4360 JavaThread "Compiler Processing Task"   daemon [_thread_blocked, id=25364, stack(0x000000a687d00000,0x000000a687e00000) (1024K)]
  0x000002420c0dee10 JavaThread "ForkJoinPool.commonPool-worker-7" daemon [_thread_blocked, id=17344, stack(0x000000a687e00000,0x000000a687f00000) (1024K)]
  0x000002420c0e5da0 JavaThread "Compiler Class File Writer" daemon [_thread_blocked, id=3668, stack(0x000000a687f00000,0x000000a688000000) (1024K)]
  0x000002420c0e2920 JavaThread "Compiler Class File Writer" daemon [_thread_blocked, id=1584, stack(0x000000a688000000,0x000000a688100000) (1024K)]
  0x000002420c0e5080 JavaThread "Worker-5: Building"                [_thread_in_Java, id=20500, stack(0x000000a688100000,0x000000a688200000) (1024K)]
  0x000002420c0e2290 JavaThread "Compiler Source File Reader" daemon [_thread_blocked, id=10900, stack(0x000000a688200000,0x000000a688300000) (1024K)]
  0x000002420c0df4a0 JavaThread "Compiler Class File Writer" daemon [_thread_blocked, id=11532, stack(0x000000a688300000,0x000000a688400000) (1024K)]
Total: 69

Other Threads:
  0x00000241ae3e1810 VMThread "VM Thread"                           [id=21396, stack(0x000000a683600000,0x000000a683700000) (1024K)]
  0x00000241ae3901f0 WatcherThread "VM Periodic Task Thread"        [id=13740, stack(0x000000a683500000,0x000000a683600000) (1024K)]
  0x00000241ae343780 WorkerThread "GC Thread#0"                     [id=21868, stack(0x000000a683400000,0x000000a683500000) (1024K)]
  0x000002420c9ab2f0 WorkerThread "GC Thread#1"                     [id=23472, stack(0x000000a684300000,0x000000a684400000) (1024K)]
  0x000002420c6b0060 WorkerThread "GC Thread#2"                     [id=17440, stack(0x000000a684400000,0x000000a684500000) (1024K)]
  0x000002420c6b0410 WorkerThread "GC Thread#3"                     [id=2796, stack(0x000000a684500000,0x000000a684600000) (1024K)]
  0x000002420c776920 WorkerThread "GC Thread#4"                     [id=14020, stack(0x000000a684600000,0x000000a684700000) (1024K)]
  0x000002420c776cd0 WorkerThread "GC Thread#5"                     [id=24740, stack(0x000000a684700000,0x000000a684800000) (1024K)]
  0x000002420c777080 WorkerThread "GC Thread#6"                     [id=5284, stack(0x000000a684800000,0x000000a684900000) (1024K)]
  0x000002420c902f80 WorkerThread "GC Thread#7"                     [id=6560, stack(0x000000a684a00000,0x000000a684b00000) (1024K)]
Total: 10

Threads with active compile tasks:
C2 CompilerThread0  27415 9670       4       org.eclipse.jdt.internal.core.JavaElement::getElementInfo (18 bytes)
C1 CompilerThread0  27415 9688       3       org.eclipse.jdt.internal.compiler.lookup.ModuleBinding::getVisiblePackage (67 bytes)
C2 CompilerThread1  27415 8833 % !   4       org.eclipse.jdt.internal.core.JarPackageFragmentRoot::computeChildren @ 139 (523 bytes)
C2 CompilerThread2  27415 9452 % !   4       org.eclipse.jdt.internal.compiler.classfmt.ClassFileReader::<init> @ 81 (1968 bytes)
Total: 4

VM state: not at safepoint (normal execution)

VM Mutex/Monitor currently owned by a thread: None

Heap address: 0x0000000080000000, size: 2048 MB, Compressed Oops mode: 32-bit

CDS archive(s) mapped at: [0x00000241c5000000-0x00000241c5ba0000-0x00000241c5ba0000), size 12189696, SharedBaseAddress: 0x00000241c5000000, ArchiveRelocationMode: 1.
Compressed class space mapped at: 0x00000241c6000000-0x0000024206000000, reserved size: 1073741824
Narrow klass base: 0x00000241c5000000, Narrow klass shift: 0, Narrow klass range: 0x100000000

GC Precious Log:
 CardTable entry size: 512
 CPUs: 8 total, 8 available
 Memory: 8042M
 Large Page Support: Disabled
 NUMA Support: Disabled
 Compressed Oops: Enabled (32-bit)
 Alignments: Space 512K, Generation 512K, Heap 2M
 Heap Min Capacity: 100M
 Heap Initial Capacity: 100M
 Heap Max Capacity: 2G
 Pre-touch: Disabled
 Parallel Workers: 8

Heap:
 PSYoungGen      total 14336K, used 3748K [0x00000000d5580000, 0x00000000d6600000, 0x0000000100000000)
  eden space 13312K, 20% used [0x00000000d5580000,0x00000000d583ac08,0x00000000d6280000)
  from space 1024K, 93% used [0x00000000d6500000,0x00000000d65ee410,0x00000000d6600000)
  to   space 1536K, 0% used [0x00000000d6300000,0x00000000d6300000,0x00000000d6480000)
 ParOldGen       total 104960K, used 104586K [0x0000000080000000, 0x0000000086680000, 0x00000000d5580000)
  object space 104960K, 99% used [0x0000000080000000,0x0000000086622828,0x0000000086680000)
 Metaspace       used 64122K, committed 65536K, reserved 1114112K
  class space    used 6860K, committed 7488K, reserved 1048576K

Card table byte_map: [0x00000241add00000,0x00000241ae110000] _byte_map_base: 0x00000241ad900000

Marking Bits: (ParMarkBitMap*) 0x00007fff2ef544a0
 Begin Bits: [0x00000241c07e0000, 0x00000241c27e0000)
 End Bits:   [0x00000241c27e0000, 0x00000241c47e0000)

Polling page: 0x00000241adaf0000

Metaspace:

Usage:
  Non-class:     55.92 MB used.
      Class:      6.70 MB used.
       Both:     62.62 MB used.

Virtual space:
  Non-class space:       64.00 MB reserved,      56.69 MB ( 89%) committed,  1 nodes.
      Class space:        1.00 GB reserved,       7.31 MB ( <1%) committed,  1 nodes.
             Both:        1.06 GB reserved,      64.00 MB (  6%) committed. 

Chunk freelists:
   Non-Class:  6.95 MB
       Class:  8.67 MB
        Both:  15.62 MB

MaxMetaspaceSize: unlimited
CompressedClassSpaceSize: 1.00 GB
Initial GC threshold: 21.00 MB
Current GC threshold: 97.31 MB
CDS: on
 - commit_granule_bytes: 65536.
 - commit_granule_words: 8192.
 - virtual_space_node_default_size: 8388608.
 - enlarge_chunks_in_place: 1.
 - use_allocation_guard: 0.


Internal statistics:

num_allocs_failed_limit: 9.
num_arena_births: 1132.
num_arena_deaths: 20.
num_vsnodes_births: 2.
num_vsnodes_deaths: 0.
num_space_committed: 1024.
num_space_uncommitted: 0.
num_chunks_returned_to_freelist: 30.
num_chunks_taken_from_freelist: 4179.
num_chunk_merges: 14.
num_chunk_splits: 2542.
num_chunks_enlarged: 1394.
num_inconsistent_stats: 0.

CodeHeap 'non-profiled nmethods': size=120000Kb used=5927Kb max_used=5927Kb free=114072Kb
 bounds [0x00000241b9000000, 0x00000241b95d0000, 0x00000241c0530000]
CodeHeap 'profiled nmethods': size=120000Kb used=19760Kb max_used=19760Kb free=100239Kb
 bounds [0x00000241b1530000, 0x00000241b2880000, 0x00000241b8a60000]
CodeHeap 'non-nmethods': size=5760Kb used=1432Kb max_used=1531Kb free=4327Kb
 bounds [0x00000241b8a60000, 0x00000241b8cd0000, 0x00000241b9000000]
CodeCache: size=245760Kb, used=27119Kb, max_used=27218Kb, free=218638Kb
 total_blobs=9700, nmethods=8953, adapters=653, full_count=0
Compilation: enabled, stopped_count=0, restarted_count=0

Compilation events (20 events):
Event: 27.309 Thread 0x00000241c4da69b0 9629       3       org.eclipse.m2e.core.internal.embedder.FilterRepositorySystemSession::getData (22 bytes)
Event: 27.309 Thread 0x00000241c4da4240 nmethod 9422 0x00000241b95c4190 code [0x00000241b95c4320, 0x00000241b95c43e8]
Event: 27.309 Thread 0x00000241c4da4240 9311       4       java.util.HashSet::<init> (16 bytes)
Event: 27.310 Thread 0x00000241c4da69b0 nmethod 9629 0x00000241b284f910 code [0x00000241b284fac0, 0x00000241b284fcf0]
Event: 27.310 Thread 0x00000241c4da69b0 9628       3       org.eclipse.jdt.internal.compiler.lookup.PackageBinding::hasType0Any (28 bytes)
Event: 27.311 Thread 0x00000241c4da69b0 nmethod 9628 0x00000241b284fd90 code [0x00000241b284ff80, 0x00000241b2850508]
Event: 27.312 Thread 0x00000241c4da4240 nmethod 9311 0x00000241b95c4490 code [0x00000241b95c4620, 0x00000241b95c4738]
Event: 27.312 Thread 0x00000241c4da4240 9551       4       org.eclipse.jdt.internal.core.PackageFragment::getElementName (38 bytes)
Event: 27.313 Thread 0x00000241c4da69b0 9630       3       java.lang.Runtime::getRuntime (4 bytes)
Event: 27.313 Thread 0x00000241c4da69b0 nmethod 9630 0x00000241b2850690 code [0x00000241b2850820, 0x00000241b2850918]
Event: 27.314 Thread 0x00000241c4da69b0 9631       3       org.eclipse.jdt.internal.compiler.lookup.ModuleBinding::getRequiredModules (19 bytes)
Event: 27.314 Thread 0x00000241c4da4240 nmethod 9551 0x00000241b95c4810 code [0x00000241b95c49a0, 0x00000241b95c4ac0]
Event: 27.314 Thread 0x00000241c4da69b0 nmethod 9631 0x00000241b2850990 code [0x00000241b2850ba0, 0x00000241b2851250]
Event: 27.315 Thread 0x00000241c4da4240 9488       4       java.lang.reflect.Method::isCallerSensitive (38 bytes)
Event: 27.315 Thread 0x00000241c4da69b0 9632       3       org.eclipse.jdt.internal.core.JrtPackageFragmentRoot::getPackageFragment (10 bytes)
Event: 27.315 Thread 0x00000241c4da69b0 nmethod 9632 0x00000241b2851490 code [0x00000241b2851660, 0x00000241b28519c0]
Event: 27.315 Thread 0x00000241c4da69b0 9633       3       org.apache.maven.model.Model::getContributors (23 bytes)
Event: 27.316 Thread 0x00000241c4da69b0 nmethod 9633 0x00000241b2851b90 code [0x00000241b2851d60, 0x00000241b28520b8]
Event: 27.316 Thread 0x00000241c4da69b0 9634       3       java.util.TreeSet::size (10 bytes)
Event: 27.316 Thread 0x00000241c4da69b0 nmethod 9634 0x00000241b2852210 code [0x00000241b28523c0, 0x00000241b2852598]

GC Heap History (20 events):
Event: 25.989 GC heap before
{Heap before GC invocations=89 (full 3):
 PSYoungGen      total 14336K, used 13664K [0x00000000d5580000, 0x00000000d6580000, 0x0000000100000000)
  eden space 13312K, 100% used [0x00000000d5580000,0x00000000d6280000,0x00000000d6280000)
  from space 1024K, 34% used [0x00000000d6400000,0x00000000d6458000,0x00000000d6500000)
  to   space 512K, 0% used [0x00000000d6500000,0x00000000d6500000,0x00000000d6580000)
 ParOldGen       total 99328K, used 99164K [0x0000000080000000, 0x0000000086100000, 0x00000000d5580000)
  object space 99328K, 99% used [0x0000000080000000,0x00000000860d7348,0x0000000086100000)
 Metaspace       used 62690K, committed 64128K, reserved 1114112K
  class space    used 6742K, committed 7360K, reserved 1048576K
}
Event: 25.992 GC heap after
{Heap after GC invocations=89 (full 3):
 PSYoungGen      total 13824K, used 352K [0x00000000d5580000, 0x00000000d6580000, 0x0000000100000000)
  eden space 13312K, 0% used [0x00000000d5580000,0x00000000d5580000,0x00000000d6280000)
  from space 512K, 68% used [0x00000000d6500000,0x00000000d6558000,0x00000000d6580000)
  to   space 512K, 0% used [0x00000000d6480000,0x00000000d6480000,0x00000000d6500000)
 ParOldGen       total 99840K, used 99348K [0x0000000080000000, 0x0000000086180000, 0x00000000d5580000)
  object space 99840K, 99% used [0x0000000080000000,0x0000000086105348,0x0000000086180000)
 Metaspace       used 62690K, committed 64128K, reserved 1114112K
  class space    used 6742K, committed 7360K, reserved 1048576K
}
Event: 26.050 GC heap before
{Heap before GC invocations=90 (full 3):
 PSYoungGen      total 13824K, used 13664K [0x00000000d5580000, 0x00000000d6580000, 0x0000000100000000)
  eden space 13312K, 100% used [0x00000000d5580000,0x00000000d6280000,0x00000000d6280000)
  from space 512K, 68% used [0x00000000d6500000,0x00000000d6558000,0x00000000d6580000)
  to   space 512K, 0% used [0x00000000d6480000,0x00000000d6480000,0x00000000d6500000)
 ParOldGen       total 99840K, used 99348K [0x0000000080000000, 0x0000000086180000, 0x00000000d5580000)
  object space 99840K, 99% used [0x0000000080000000,0x0000000086105348,0x0000000086180000)
 Metaspace       used 62696K, committed 64128K, reserved 1114112K
  class space    used 6742K, committed 7360K, reserved 1048576K
}
Event: 26.053 GC heap after
{Heap after GC invocations=90 (full 3):
 PSYoungGen      total 13824K, used 416K [0x00000000d5580000, 0x00000000d6580000, 0x0000000100000000)
  eden space 13312K, 0% used [0x00000000d5580000,0x00000000d5580000,0x00000000d6280000)
  from space 512K, 81% used [0x00000000d6480000,0x00000000d64e8000,0x00000000d6500000)
  to   space 512K, 0% used [0x00000000d6500000,0x00000000d6500000,0x00000000d6580000)
 ParOldGen       total 99840K, used 99468K [0x0000000080000000, 0x0000000086180000, 0x00000000d5580000)
  object space 99840K, 99% used [0x0000000080000000,0x0000000086123348,0x0000000086180000)
 Metaspace       used 62696K, committed 64128K, reserved 1114112K
  class space    used 6742K, committed 7360K, reserved 1048576K
}
Event: 26.081 GC heap before
{Heap before GC invocations=91 (full 3):
 PSYoungGen      total 13824K, used 13728K [0x00000000d5580000, 0x00000000d6580000, 0x0000000100000000)
  eden space 13312K, 100% used [0x00000000d5580000,0x00000000d6280000,0x00000000d6280000)
  from space 512K, 81% used [0x00000000d6480000,0x00000000d64e8000,0x00000000d6500000)
  to   space 512K, 0% used [0x00000000d6500000,0x00000000d6500000,0x00000000d6580000)
 ParOldGen       total 99840K, used 99468K [0x0000000080000000, 0x0000000086180000, 0x00000000d5580000)
  object space 99840K, 99% used [0x0000000080000000,0x0000000086123348,0x0000000086180000)
 Metaspace       used 62700K, committed 64128K, reserved 1114112K
  class space    used 6742K, committed 7360K, reserved 1048576K
}
Event: 26.084 GC heap after
{Heap after GC invocations=91 (full 3):
 PSYoungGen      total 13824K, used 384K [0x00000000d5580000, 0x00000000d6580000, 0x0000000100000000)
  eden space 13312K, 0% used [0x00000000d5580000,0x00000000d5580000,0x00000000d6280000)
  from space 512K, 75% used [0x00000000d6500000,0x00000000d6560000,0x00000000d6580000)
  to   space 512K, 0% used [0x00000000d6480000,0x00000000d6480000,0x00000000d6500000)
 ParOldGen       total 99840K, used 99628K [0x0000000080000000, 0x0000000086180000, 0x00000000d5580000)
  object space 99840K, 99% used [0x0000000080000000,0x000000008614b358,0x0000000086180000)
 Metaspace       used 62700K, committed 64128K, reserved 1114112K
  class space    used 6742K, committed 7360K, reserved 1048576K
}
Event: 26.141 GC heap before
{Heap before GC invocations=92 (full 3):
 PSYoungGen      total 13824K, used 13696K [0x00000000d5580000, 0x00000000d6580000, 0x0000000100000000)
  eden space 13312K, 100% used [0x00000000d5580000,0x00000000d6280000,0x00000000d6280000)
  from space 512K, 75% used [0x00000000d6500000,0x00000000d6560000,0x00000000d6580000)
  to   space 512K, 0% used [0x00000000d6480000,0x00000000d6480000,0x00000000d6500000)
 ParOldGen       total 99840K, used 99628K [0x0000000080000000, 0x0000000086180000, 0x00000000d5580000)
  object space 99840K, 99% used [0x0000000080000000,0x000000008614b358,0x0000000086180000)
 Metaspace       used 62728K, committed 64192K, reserved 1114112K
  class space    used 6742K, committed 7360K, reserved 1048576K
}
Event: 26.144 GC heap after
{Heap after GC invocations=92 (full 3):
 PSYoungGen      total 13824K, used 512K [0x00000000d5580000, 0x00000000d6580000, 0x0000000100000000)
  eden space 13312K, 0% used [0x00000000d5580000,0x00000000d5580000,0x00000000d6280000)
  from space 512K, 100% used [0x00000000d6480000,0x00000000d6500000,0x00000000d6500000)
  to   space 512K, 0% used [0x00000000d6500000,0x00000000d6500000,0x00000000d6580000)
 ParOldGen       total 100352K, used 99916K [0x0000000080000000, 0x0000000086200000, 0x00000000d5580000)
  object space 100352K, 99% used [0x0000000080000000,0x0000000086193368,0x0000000086200000)
 Metaspace       used 62728K, committed 64192K, reserved 1114112K
  class space    used 6742K, committed 7360K, reserved 1048576K
}
Event: 26.210 GC heap before
{Heap before GC invocations=93 (full 3):
 PSYoungGen      total 13824K, used 13823K [0x00000000d5580000, 0x00000000d6580000, 0x0000000100000000)
  eden space 13312K, 99% used [0x00000000d5580000,0x00000000d627fd28,0x00000000d6280000)
  from space 512K, 100% used [0x00000000d6480000,0x00000000d6500000,0x00000000d6500000)
  to   space 512K, 0% used [0x00000000d6500000,0x00000000d6500000,0x00000000d6580000)
 ParOldGen       total 100352K, used 99916K [0x0000000080000000, 0x0000000086200000, 0x00000000d5580000)
  object space 100352K, 99% used [0x0000000080000000,0x0000000086193368,0x0000000086200000)
 Metaspace       used 62739K, committed 64192K, reserved 1114112K
  class space    used 6743K, committed 7360K, reserved 1048576K
}
Event: 26.224 GC heap after
{Heap after GC invocations=93 (full 3):
 PSYoungGen      total 13824K, used 384K [0x00000000d5580000, 0x00000000d6580000, 0x0000000100000000)
  eden space 13312K, 0% used [0x00000000d5580000,0x00000000d5580000,0x00000000d6280000)
  from space 512K, 75% used [0x00000000d6500000,0x00000000d6560000,0x00000000d6580000)
  to   space 1024K, 0% used [0x00000000d6380000,0x00000000d6380000,0x00000000d6480000)
 ParOldGen       total 100352K, used 100324K [0x0000000080000000, 0x0000000086200000, 0x00000000d5580000)
  object space 100352K, 99% used [0x0000000080000000,0x00000000861f9368,0x0000000086200000)
 Metaspace       used 62739K, committed 64192K, reserved 1114112K
  class space    used 6743K, committed 7360K, reserved 1048576K
}
Event: 26.275 GC heap before
{Heap before GC invocations=94 (full 3):
 PSYoungGen      total 13824K, used 13696K [0x00000000d5580000, 0x00000000d6580000, 0x0000000100000000)
  eden space 13312K, 100% used [0x00000000d5580000,0x00000000d6280000,0x00000000d6280000)
  from space 512K, 75% used [0x00000000d6500000,0x00000000d6560000,0x00000000d6580000)
  to   space 1024K, 0% used [0x00000000d6380000,0x00000000d6380000,0x00000000d6480000)
 ParOldGen       total 100352K, used 100324K [0x0000000080000000, 0x0000000086200000, 0x00000000d5580000)
  object space 100352K, 99% used [0x0000000080000000,0x00000000861f9368,0x0000000086200000)
 Metaspace       used 62743K, committed 64192K, reserved 1114112K
  class space    used 6744K, committed 7360K, reserved 1048576K
}
Event: 26.286 GC heap after
{Heap after GC invocations=94 (full 3):
 PSYoungGen      total 14336K, used 288K [0x00000000d5580000, 0x00000000d6580000, 0x0000000100000000)
  eden space 13312K, 0% used [0x00000000d5580000,0x00000000d5580000,0x00000000d6280000)
  from space 1024K, 28% used [0x00000000d6380000,0x00000000d63c8000,0x00000000d6480000)
  to   space 512K, 0% used [0x00000000d6500000,0x00000000d6500000,0x00000000d6580000)
 ParOldGen       total 100864K, used 100532K [0x0000000080000000, 0x0000000086280000, 0x00000000d5580000)
  object space 100864K, 99% used [0x0000000080000000,0x000000008622d368,0x0000000086280000)
 Metaspace       used 62743K, committed 64192K, reserved 1114112K
  class space    used 6744K, committed 7360K, reserved 1048576K
}
Event: 26.383 GC heap before
{Heap before GC invocations=95 (full 3):
 PSYoungGen      total 14336K, used 13600K [0x00000000d5580000, 0x00000000d6580000, 0x0000000100000000)
  eden space 13312K, 100% used [0x00000000d5580000,0x00000000d6280000,0x00000000d6280000)
  from space 1024K, 28% used [0x00000000d6380000,0x00000000d63c8000,0x00000000d6480000)
  to   space 512K, 0% used [0x00000000d6500000,0x00000000d6500000,0x00000000d6580000)
 ParOldGen       total 100864K, used 100532K [0x0000000080000000, 0x0000000086280000, 0x00000000d5580000)
  object space 100864K, 99% used [0x0000000080000000,0x000000008622d368,0x0000000086280000)
 Metaspace       used 62895K, committed 64320K, reserved 1114112K
  class space    used 6750K, committed 7360K, reserved 1048576K
}
Event: 26.386 GC heap after
{Heap after GC invocations=95 (full 3):
 PSYoungGen      total 13824K, used 480K [0x00000000d5580000, 0x00000000d6580000, 0x0000000100000000)
  eden space 13312K, 0% used [0x00000000d5580000,0x00000000d5580000,0x00000000d6280000)
  from space 512K, 93% used [0x00000000d6500000,0x00000000d6578020,0x00000000d6580000)
  to   space 1024K, 0% used [0x00000000d6380000,0x00000000d6380000,0x00000000d6480000)
 ParOldGen       total 100864K, used 100668K [0x0000000080000000, 0x0000000086280000, 0x00000000d5580000)
  object space 100864K, 99% used [0x0000000080000000,0x000000008624f368,0x0000000086280000)
 Metaspace       used 62895K, committed 64320K, reserved 1114112K
  class space    used 6750K, committed 7360K, reserved 1048576K
}
Event: 26.430 GC heap before
{Heap before GC invocations=96 (full 3):
 PSYoungGen      total 13824K, used 13792K [0x00000000d5580000, 0x00000000d6580000, 0x0000000100000000)
  eden space 13312K, 100% used [0x00000000d5580000,0x00000000d6280000,0x00000000d6280000)
  from space 512K, 93% used [0x00000000d6500000,0x00000000d6578020,0x00000000d6580000)
  to   space 1024K, 0% used [0x00000000d6380000,0x00000000d6380000,0x00000000d6480000)
 ParOldGen       total 100864K, used 100668K [0x0000000080000000, 0x0000000086280000, 0x00000000d5580000)
  object space 100864K, 99% used [0x0000000080000000,0x000000008624f368,0x0000000086280000)
 Metaspace       used 62913K, committed 64320K, reserved 1114112K
  class space    used 6751K, committed 7360K, reserved 1048576K
}
Event: 26.432 GC heap after
{Heap after GC invocations=96 (full 3):
 PSYoungGen      total 14336K, used 256K [0x00000000d5580000, 0x00000000d6580000, 0x0000000100000000)
  eden space 13312K, 0% used [0x00000000d5580000,0x00000000d5580000,0x00000000d6280000)
  from space 1024K, 25% used [0x00000000d6380000,0x00000000d63c0000,0x00000000d6480000)
  to   space 512K, 0% used [0x00000000d6500000,0x00000000d6500000,0x00000000d6580000)
 ParOldGen       total 101376K, used 100940K [0x0000000080000000, 0x0000000086300000, 0x00000000d5580000)
  object space 101376K, 99% used [0x0000000080000000,0x0000000086293388,0x0000000086300000)
 Metaspace       used 62913K, committed 64320K, reserved 1114112K
  class space    used 6751K, committed 7360K, reserved 1048576K
}
Event: 26.768 GC heap before
{Heap before GC invocations=97 (full 3):
 PSYoungGen      total 14336K, used 13564K [0x00000000d5580000, 0x00000000d6580000, 0x0000000100000000)
  eden space 13312K, 99% used [0x00000000d5580000,0x00000000d627f168,0x00000000d6280000)
  from space 1024K, 25% used [0x00000000d6380000,0x00000000d63c0000,0x00000000d6480000)
  to   space 512K, 0% used [0x00000000d6500000,0x00000000d6500000,0x00000000d6580000)
 ParOldGen       total 101376K, used 100940K [0x0000000080000000, 0x0000000086300000, 0x00000000d5580000)
  object space 101376K, 99% used [0x0000000080000000,0x0000000086293388,0x0000000086300000)
 Metaspace       used 63067K, committed 64384K, reserved 1114112K
  class space    used 6768K, committed 7360K, reserved 1048576K
}
Event: 26.778 GC heap after
{Heap after GC invocations=97 (full 3):
 PSYoungGen      total 13824K, used 512K [0x00000000d5580000, 0x00000000d6580000, 0x0000000100000000)
  eden space 13312K, 0% used [0x00000000d5580000,0x00000000d5580000,0x00000000d6280000)
  from space 512K, 100% used [0x00000000d6500000,0x00000000d6580000,0x00000000d6580000)
  to   space 1024K, 0% used [0x00000000d6380000,0x00000000d6380000,0x00000000d6480000)
 ParOldGen       total 102912K, used 102580K [0x0000000080000000, 0x0000000086480000, 0x00000000d5580000)
  object space 102912K, 99% used [0x0000000080000000,0x000000008642d1b8,0x0000000086480000)
 Metaspace       used 63067K, committed 64384K, reserved 1114112K
  class space    used 6768K, committed 7360K, reserved 1048576K
}
Event: 27.035 GC heap before
{Heap before GC invocations=98 (full 3):
 PSYoungGen      total 13824K, used 13824K [0x00000000d5580000, 0x00000000d6580000, 0x0000000100000000)
  eden space 13312K, 100% used [0x00000000d5580000,0x00000000d6280000,0x00000000d6280000)
  from space 512K, 100% used [0x00000000d6500000,0x00000000d6580000,0x00000000d6580000)
  to   space 1024K, 0% used [0x00000000d6380000,0x00000000d6380000,0x00000000d6480000)
 ParOldGen       total 102912K, used 102580K [0x0000000080000000, 0x0000000086480000, 0x00000000d5580000)
  object space 102912K, 99% used [0x0000000080000000,0x000000008642d1b8,0x0000000086480000)
 Metaspace       used 63432K, committed 64704K, reserved 1114112K
  class space    used 6799K, committed 7360K, reserved 1048576K
}
Event: 27.043 GC heap after
{Heap after GC invocations=98 (full 3):
 PSYoungGen      total 14336K, used 1022K [0x00000000d5580000, 0x00000000d6780000, 0x0000000100000000)
  eden space 13312K, 0% used [0x00000000d5580000,0x00000000d5580000,0x00000000d6280000)
  from space 1024K, 99% used [0x00000000d6380000,0x00000000d647fb30,0x00000000d6480000)
  to   space 2560K, 0% used [0x00000000d6500000,0x00000000d6500000,0x00000000d6780000)
 ParOldGen       total 103936K, used 103651K [0x0000000080000000, 0x0000000086580000, 0x00000000d5580000)
  object space 103936K, 99% used [0x0000000080000000,0x0000000086538cf8,0x0000000086580000)
 Metaspace       used 63432K, committed 64704K, reserved 1114112K
  class space    used 6799K, committed 7360K, reserved 1048576K
}

Dll operation events (20 events):
Event: 0.266 Attempting to load shared library C:\Users\PC\.vscode\extensions\redhat.java-1.56.0-win32-x64\jre\21.0.12.1-win32-x86_64\bin\instrument.dll
Event: 0.266 Loaded shared library C:\Users\PC\.vscode\extensions\redhat.java-1.56.0-win32-x64\jre\21.0.12.1-win32-x86_64\bin\instrument.dll
Event: 0.276 Attempting to load shared library C:\Users\PC\.vscode\extensions\redhat.java-1.56.0-win32-x64\jre\21.0.12.1-win32-x86_64\bin\net.dll
Event: 0.279 Loaded shared library C:\Users\PC\.vscode\extensions\redhat.java-1.56.0-win32-x64\jre\21.0.12.1-win32-x86_64\bin\net.dll
Event: 0.284 Attempting to load shared library C:\Users\PC\.vscode\extensions\redhat.java-1.56.0-win32-x64\jre\21.0.12.1-win32-x86_64\bin\nio.dll
Event: 0.284 Loaded shared library C:\Users\PC\.vscode\extensions\redhat.java-1.56.0-win32-x64\jre\21.0.12.1-win32-x86_64\bin\nio.dll
Event: 0.293 Attempting to load shared library C:\Users\PC\.vscode\extensions\redhat.java-1.56.0-win32-x64\jre\21.0.12.1-win32-x86_64\bin\zip.dll
Event: 0.293 Loaded shared library C:\Users\PC\.vscode\extensions\redhat.java-1.56.0-win32-x64\jre\21.0.12.1-win32-x86_64\bin\zip.dll
Event: 0.351 Attempting to load shared library C:\Users\PC\.vscode\extensions\redhat.java-1.56.0-win32-x64\jre\21.0.12.1-win32-x86_64\bin\jimage.dll
Event: 0.351 Loaded shared library C:\Users\PC\.vscode\extensions\redhat.java-1.56.0-win32-x64\jre\21.0.12.1-win32-x86_64\bin\jimage.dll
Event: 0.583 Attempting to load shared library c:\Users\PC\.vscode\extensions\redhat.java-1.56.0-win32-x64\jre\21.0.12.1-win32-x86_64\bin\verify.dll
Event: 0.583 Loaded shared library c:\Users\PC\.vscode\extensions\redhat.java-1.56.0-win32-x64\jre\21.0.12.1-win32-x86_64\bin\verify.dll
Event: 3.368 Attempting to load shared library C:\Users\PC\AppData\Roaming\Code\User\globalStorage\redhat.java\1.56.0\config_win\org.eclipse.equinox.launcher\org.eclipse.equinox.launcher.win32.win32.x86_64_1.3.100.v20260804-1928\eclipse_11924.dll
Event: 3.372 Loaded shared library C:\Users\PC\AppData\Roaming\Code\User\globalStorage\redhat.java\1.56.0\config_win\org.eclipse.equinox.launcher\org.eclipse.equinox.launcher.win32.win32.x86_64_1.3.100.v20260804-1928\eclipse_11924.dll
Event: 6.930 Attempting to load shared library C:\Users\PC\AppData\Local\Temp\jna-2547\jna17213421903442934409.dll
Event: 7.081 Loaded shared library C:\Users\PC\AppData\Local\Temp\jna-2547\jna17213421903442934409.dll
Event: 8.969 Attempting to load shared library C:\Users\PC\.vscode\extensions\redhat.java-1.56.0-win32-x64\jre\21.0.12.1-win32-x86_64\bin\management.dll
Event: 8.970 Loaded shared library C:\Users\PC\.vscode\extensions\redhat.java-1.56.0-win32-x64\jre\21.0.12.1-win32-x86_64\bin\management.dll
Event: 8.974 Attempting to load shared library C:\Users\PC\.vscode\extensions\redhat.java-1.56.0-win32-x64\jre\21.0.12.1-win32-x86_64\bin\management_ext.dll
Event: 8.975 Loaded shared library C:\Users\PC\.vscode\extensions\redhat.java-1.56.0-win32-x64\jre\21.0.12.1-win32-x86_64\bin\management_ext.dll

Deoptimization events (20 events):
Event: 27.048 Thread 0x000002420c0e3640 Uncommon trap: trap_request=0xffffff45 fr.pc=0x00000241b9192e40 relative=0x0000000000000580
Event: 27.048 Thread 0x000002420c0e3640 Uncommon trap: reason=unstable_if action=reinterpret pc=0x00000241b9192e40 method=java.util.concurrent.locks.ReentrantLock$Sync.lock()V @ 4 c2
Event: 27.077 Thread 0x000002420c0e3640 DEOPT PACKING pc=0x00000241b9192e40 sp=0x000000a687afcfb0
Event: 27.077 Thread 0x000002420c0e3640 DEOPT UNPACKING pc=0x00000241b8ab3aa2 sp=0x000000a687afceb0 mode 2
Event: 27.123 Thread 0x000002420c0e3cd0 Uncommon trap: trap_request=0xffffff6e fr.pc=0x00000241b95bd8e4 relative=0x00000000000003a4
Event: 27.123 Thread 0x000002420c0e3cd0 Uncommon trap: reason=loop_limit_check action=maybe_recompile pc=0x00000241b95bd8e4 method=org.eclipse.jdt.core.compiler.CharOperation.concatWith([[CC)[C @ 121 c2
Event: 27.123 Thread 0x000002420c0e3cd0 DEOPT PACKING pc=0x00000241b95bd8e4 sp=0x000000a687cfceb0
Event: 27.123 Thread 0x000002420c0e3cd0 DEOPT UNPACKING pc=0x00000241b8ab3aa2 sp=0x000000a687cfce60 mode 2
Event: 27.137 Thread 0x000002420c0e3cd0 Uncommon trap: trap_request=0xffffffc6 fr.pc=0x00000241b95a712c relative=0x0000000000000d8c
Event: 27.137 Thread 0x000002420c0e3cd0 Uncommon trap: reason=bimorphic_or_optimized_type_check action=maybe_recompile pc=0x00000241b95a712c method=org.eclipse.jdt.internal.core.NameLookup.getModuleDescription(Lorg/eclipse/jdt/internal/core/JavaProject;Lorg/eclipse/jdt/core/IPackageFragmentRoot
Event: 27.138 Thread 0x000002420c0e3cd0 DEOPT PACKING pc=0x00000241b95a712c sp=0x000000a687cfdd30
Event: 27.138 Thread 0x000002420c0e3cd0 DEOPT UNPACKING pc=0x00000241b8ab3aa2 sp=0x000000a687cfdcf8 mode 2
Event: 27.146 Thread 0x000002420c0e3cd0 Uncommon trap: trap_request=0xffffffc6 fr.pc=0x00000241b95a712c relative=0x0000000000000d8c
Event: 27.146 Thread 0x000002420c0e3cd0 Uncommon trap: reason=bimorphic_or_optimized_type_check action=maybe_recompile pc=0x00000241b95a712c method=org.eclipse.jdt.internal.core.NameLookup.getModuleDescription(Lorg/eclipse/jdt/internal/core/JavaProject;Lorg/eclipse/jdt/core/IPackageFragmentRoot
Event: 27.146 Thread 0x000002420c0e3cd0 DEOPT PACKING pc=0x00000241b95a712c sp=0x000000a687cfddc0
Event: 27.146 Thread 0x000002420c0e3cd0 DEOPT UNPACKING pc=0x00000241b8ab3aa2 sp=0x000000a687cfdd88 mode 2
Event: 27.155 Thread 0x000002420c0e3cd0 Uncommon trap: trap_request=0xffffffc6 fr.pc=0x00000241b95a712c relative=0x0000000000000d8c
Event: 27.156 Thread 0x000002420c0e3cd0 Uncommon trap: reason=bimorphic_or_optimized_type_check action=maybe_recompile pc=0x00000241b95a712c method=org.eclipse.jdt.internal.core.NameLookup.getModuleDescription(Lorg/eclipse/jdt/internal/core/JavaProject;Lorg/eclipse/jdt/core/IPackageFragmentRoot
Event: 27.156 Thread 0x000002420c0e3cd0 DEOPT PACKING pc=0x00000241b95a712c sp=0x000000a687cfddc0
Event: 27.156 Thread 0x000002420c0e3cd0 DEOPT UNPACKING pc=0x00000241b8ab3aa2 sp=0x000000a687cfdd88 mode 2

Classes loaded (20 events):
Event: 20.630 Loading class java/util/stream/DistinctOps$1$2
Event: 20.630 Loading class java/util/stream/DistinctOps$1$2 done
Event: 20.874 Loading class jdk/internal/module/IllegalAccessLogger
Event: 20.874 Loading class jdk/internal/module/IllegalAccessLogger done
Event: 20.897 Loading class javax/xml/transform/TransformerConfigurationException
Event: 20.897 Loading class javax/xml/transform/TransformerConfigurationException done
Event: 20.944 Loading class java/util/concurrent/ArrayBlockingQueue
Event: 20.945 Loading class java/util/concurrent/ArrayBlockingQueue done
Event: 21.628 Loading class java/util/concurrent/ConcurrentHashMap$KeySpliterator
Event: 21.629 Loading class java/util/concurrent/ConcurrentHashMap$KeySpliterator done
Event: 21.712 Loading class sun/nio/ch/ChannelOutputStream
Event: 21.717 Loading class sun/nio/ch/ChannelOutputStream done
Event: 21.911 Loading class java/lang/UnsupportedClassVersionError
Event: 21.911 Loading class java/lang/UnsupportedClassVersionError done
Event: 23.185 Loading class jdk/internal/module/IllegalAccessLogger
Event: 23.185 Loading class jdk/internal/module/IllegalAccessLogger done
Event: 24.271 Loading class sun/nio/fs/WindowsFileCopy
Event: 24.291 Loading class sun/nio/fs/WindowsFileCopy done
Event: 27.266 Loading class java/util/Hashtable$KeySet
Event: 27.266 Loading class java/util/Hashtable$KeySet done

Classes unloaded (10 events):
Event: 7.953 Thread 0x00000241ae3e1810 Unloading class 0x00000241c61a4000 'java/lang/invoke/LambdaForm$MH+0x00000241c61a4000'
Event: 7.953 Thread 0x00000241ae3e1810 Unloading class 0x00000241c61a3c00 'java/lang/invoke/LambdaForm$MH+0x00000241c61a3c00'
Event: 7.953 Thread 0x00000241ae3e1810 Unloading class 0x00000241c61a3800 'java/lang/invoke/LambdaForm$MH+0x00000241c61a3800'
Event: 7.953 Thread 0x00000241ae3e1810 Unloading class 0x00000241c61a3400 'java/lang/invoke/LambdaForm$MH+0x00000241c61a3400'
Event: 7.953 Thread 0x00000241ae3e1810 Unloading class 0x00000241c61a3000 'java/lang/invoke/LambdaForm$BMH+0x00000241c61a3000'
Event: 7.953 Thread 0x00000241ae3e1810 Unloading class 0x00000241c61a2c00 'java/lang/invoke/LambdaForm$DMH+0x00000241c61a2c00'
Event: 7.953 Thread 0x00000241ae3e1810 Unloading class 0x00000241c61a1800 'java/lang/invoke/LambdaForm$DMH+0x00000241c61a1800'
Event: 21.269 Thread 0x00000241ae3e1810 Unloading class 0x00000241c666d000 'java/lang/invoke/LambdaForm$MH+0x00000241c666d000'
Event: 21.269 Thread 0x00000241ae3e1810 Unloading class 0x00000241c666c800 'java/lang/invoke/LambdaForm$MH+0x00000241c666c800'
Event: 21.269 Thread 0x00000241ae3e1810 Unloading class 0x00000241c666c400 'java/lang/invoke/LambdaForm$MH+0x00000241c666c400'

Classes redefined (0 events):
No events

Internal exceptions (20 events):
Event: 21.475 Thread 0x000002420c0e0850 Implicit null exception at 0x00000241b945bfa9 to 0x00000241b945c900
Event: 21.621 Thread 0x000002420e51af60 Exception <a 'java/lang/IncompatibleClassChangeError'{0x00000000d5e38e58}: Found class java.lang.Object, but interface was expected> (0x00000000d5e38e58) 
thrown [s\src\hotspot\share\interpreter\linkResolver.cpp, line 840]
Event: 21.640 Thread 0x00000242079eca60 Exception <a 'java/lang/NoSuchMethodError'{0x00000000d5fa4ac0}: 'java.lang.Object java.lang.invoke.DirectMethodHandle$Holder.newInvokeSpecial(java.lang.Object, java.lang.Object, int, int, java.lang.Object)'> (0x00000000d5fa4ac0) 
thrown [s\src\hotspot\share\interpreter\linkResolver.cpp, line 773]
Event: 21.657 Thread 0x000002420e51af60 Exception <a 'java/lang/IncompatibleClassChangeError'{0x00000000d60492d0}: Found class java.lang.Object, but interface was expected> (0x00000000d60492d0) 
thrown [s\src\hotspot\share\interpreter\linkResolver.cpp, line 840]
Event: 21.947 Thread 0x000002420e51af60 Exception <a 'java/lang/NoSuchMethodError'{0x00000000d5bb5a10}: 'int java.lang.invoke.Invokers$Holder.invokeExact_MT(java.lang.Object, java.lang.Object)'> (0x00000000d5bb5a10) 
thrown [s\src\hotspot\share\interpreter\linkResolver.cpp, line 773]
Event: 22.051 Thread 0x00000242079eca60 Exception <a 'sun/nio/fs/WindowsException'{0x00000000d582c5a0}> (0x00000000d582c5a0) 
thrown [s\src\hotspot\share\prims\jni.cpp, line 520]
Event: 22.138 Thread 0x000002420f5fd3e0 Exception <a 'sun/nio/fs/WindowsException'{0x00000000d56ee050}> (0x00000000d56ee050) 
thrown [s\src\hotspot\share\prims\jni.cpp, line 520]
Event: 22.139 Thread 0x000002420f5fd3e0 Exception <a 'sun/nio/fs/WindowsException'{0x00000000d56ef158}> (0x00000000d56ef158) 
thrown [s\src\hotspot\share\prims\jni.cpp, line 520]
Event: 22.354 Thread 0x00000242079ede10 Exception <a 'java/lang/NoSuchMethodError'{0x00000000d5f20ac8}: 'java.lang.Object java.lang.invoke.DirectMethodHandle$Holder.invokeSpecial(java.lang.Object, java.lang.Object, int, long)'> (0x00000000d5f20ac8) 
thrown [s\src\hotspot\share\interpreter\linkResolver.cpp, line 773]
Event: 22.506 Thread 0x000002420c0de780 Exception <a 'java/lang/NoSuchMethodError'{0x00000000d6321828}: 'java.lang.Object java.lang.invoke.DirectMethodHandle$Holder.invokeSpecial(java.lang.Object, java.lang.Object, java.lang.Object, java.lang.Object, int, java.lang.Object, java.lang.Object)'> (0x00000000d6321828) 
thrown [s\src\hotspot\share\interpreter\linkResolver.cpp, line 773]
Event: 23.417 Thread 0x00000242079eca60 Exception <a 'sun/nio/fs/WindowsException'{0x00000000d6584b80}> (0x00000000d6584b80) 
thrown [s\src\hotspot\share\prims\jni.cpp, line 520]
Event: 23.417 Thread 0x00000242079eca60 Exception <a 'sun/nio/fs/WindowsException'{0x00000000d65853d0}> (0x00000000d65853d0) 
thrown [s\src\hotspot\share\prims\jni.cpp, line 520]
Event: 24.292 Thread 0x00000242079eeb30 Exception <a 'sun/nio/fs/WindowsException'{0x00000000d64c5fb8}> (0x00000000d64c5fb8) 
thrown [s\src\hotspot\share\prims\jni.cpp, line 520]
Event: 24.540 Thread 0x000002420e51af60 Exception <a 'java/lang/IncompatibleClassChangeError'{0x00000000d56420f0}: Found class java.lang.Object, but interface was expected> (0x00000000d56420f0) 
thrown [s\src\hotspot\share\interpreter\linkResolver.cpp, line 840]
Event: 24.541 Thread 0x000002420e51af60 Exception <a 'java/lang/IncompatibleClassChangeError'{0x00000000d56a4e38}: Found class java.lang.Object, but interface was expected> (0x00000000d56a4e38) 
thrown [s\src\hotspot\share\interpreter\linkResolver.cpp, line 840]
Event: 24.660 Thread 0x000002420c0e3cd0 Exception <a 'java/lang/IncompatibleClassChangeError'{0x00000000d60016e8}: Found class java.lang.Object, but interface was expected> (0x00000000d60016e8) 
thrown [s\src\hotspot\share\interpreter\linkResolver.cpp, line 840]
Event: 24.926 Thread 0x000002420c0e5080 Exception <a 'java/lang/NoSuchMethodError'{0x00000000d5c12298}: 'void java.lang.invoke.DirectMethodHandle$Holder.invokeStatic(java.lang.Object, java.lang.Object, java.lang.Object, int)'> (0x00000000d5c12298) 
thrown [s\src\hotspot\share\interpreter\linkResolver.cpp, line 773]
Event: 24.998 Thread 0x000002420c0e5080 Exception <a 'java/lang/NoSuchMethodError'{0x00000000d5e1c9b8}: 'void java.lang.invoke.DirectMethodHandle$Holder.invokeVirtual(java.lang.Object, java.lang.Object, int)'> (0x00000000d5e1c9b8) 
thrown [s\src\hotspot\share\interpreter\linkResolver.cpp, line 773]
Event: 25.992 Thread 0x00000242079eeb30 Exception <a 'sun/nio/fs/WindowsException'{0x00000000d55a5cf8}> (0x00000000d55a5cf8) 
thrown [s\src\hotspot\share\prims\jni.cpp, line 520]
Event: 26.373 Thread 0x000002420c0dee10 Exception <a 'java/lang/ArrayIndexOutOfBoundsException'{0x00000000d619d9a8}> (0x00000000d619d9a8) 
thrown [s\src\hotspot\share\runtime\sharedRuntime.cpp, line 625]

ZGC Phase Switch (0 events):
No events

VM Operations (20 events):
Event: 26.022 Executing safepoint VM operation: ParallelGCFailedAllocation (Allocation Failure)
Event: 26.053 Executing safepoint VM operation: ParallelGCFailedAllocation (Allocation Failure) done
Event: 26.081 Executing safepoint VM operation: ParallelGCFailedAllocation (Allocation Failure)
Event: 26.084 Executing safepoint VM operation: ParallelGCFailedAllocation (Allocation Failure) done
Event: 26.140 Executing safepoint VM operation: ParallelGCFailedAllocation (Allocation Failure)
Event: 26.144 Executing safepoint VM operation: ParallelGCFailedAllocation (Allocation Failure) done
Event: 26.193 Executing safepoint VM operation: ParallelGCFailedAllocation (Allocation Failure)
Event: 26.224 Executing safepoint VM operation: ParallelGCFailedAllocation (Allocation Failure) done
Event: 26.258 Executing safepoint VM operation: ParallelGCFailedAllocation (Allocation Failure)
Event: 26.286 Executing safepoint VM operation: ParallelGCFailedAllocation (Allocation Failure) done
Event: 26.374 Executing safepoint VM operation: ParallelGCFailedAllocation (Allocation Failure)
Event: 26.386 Executing safepoint VM operation: ParallelGCFailedAllocation (Allocation Failure) done
Event: 26.427 Executing safepoint VM operation: ParallelGCFailedAllocation (Allocation Failure)
Event: 26.433 Executing safepoint VM operation: ParallelGCFailedAllocation (Allocation Failure) done
Event: 26.768 Executing safepoint VM operation: ParallelGCFailedAllocation (Allocation Failure)
Event: 26.778 Executing safepoint VM operation: ParallelGCFailedAllocation (Allocation Failure) done
Event: 27.028 Executing non-safepoint VM operation: HandshakeAllThreads (Deoptimize)
Event: 27.030 Executing non-safepoint VM operation: HandshakeAllThreads (Deoptimize) done
Event: 27.034 Executing safepoint VM operation: ParallelGCFailedAllocation (Allocation Failure)
Event: 27.043 Executing safepoint VM operation: ParallelGCFailedAllocation (Allocation Failure) done

Memory protections (0 events):
No events

Nmethod flushes (20 events):
Event: 21.307 Thread 0x00000241ae3e1810 flushing  nmethod 0x00000241b1cd6110
Event: 21.307 Thread 0x00000241ae3e1810 flushing  nmethod 0x00000241b1cfc990
Event: 21.307 Thread 0x00000241ae3e1810 flushing osr nmethod 0x00000241b1d47e10
Event: 21.307 Thread 0x00000241ae3e1810 flushing  nmethod 0x00000241b1d6c890
Event: 21.307 Thread 0x00000241ae3e1810 flushing  nmethod 0x00000241b1d82490
Event: 21.307 Thread 0x00000241ae3e1810 flushing  nmethod 0x00000241b1d85f10
Event: 21.307 Thread 0x00000241ae3e1810 flushing  nmethod 0x00000241b1d86490
Event: 21.307 Thread 0x00000241ae3e1810 flushing  nmethod 0x00000241b1d89210
Event: 21.307 Thread 0x00000241ae3e1810 flushing  nmethod 0x00000241b1d89b90
Event: 21.307 Thread 0x00000241ae3e1810 flushing  nmethod 0x00000241b1d8d490
Event: 21.307 Thread 0x00000241ae3e1810 flushing  nmethod 0x00000241b1d97890
Event: 21.307 Thread 0x00000241ae3e1810 flushing  nmethod 0x00000241b1da8490
Event: 21.307 Thread 0x00000241ae3e1810 flushing  nmethod 0x00000241b1da8d10
Event: 21.307 Thread 0x00000241ae3e1810 flushing  nmethod 0x00000241b1dacf10
Event: 21.307 Thread 0x00000241ae3e1810 flushing  nmethod 0x00000241b1db0190
Event: 21.307 Thread 0x00000241ae3e1810 flushing  nmethod 0x00000241b1dbb690
Event: 21.307 Thread 0x00000241ae3e1810 flushing  nmethod 0x00000241b1dc0490
Event: 21.307 Thread 0x00000241ae3e1810 flushing  nmethod 0x00000241b1dd7f10
Event: 21.307 Thread 0x00000241ae3e1810 flushing  nmethod 0x00000241b1df6410
Event: 21.307 Thread 0x00000241ae3e1810 flushing osr nmethod 0x00000241b1e48d10

Events (20 events):
Event: 18.866 Thread 0x000002420f5fe100 Thread added: 0x000002420f5fb9a0
Event: 18.867 Thread 0x000002420f5fd3e0 Thread added: 0x000002420f5fc6c0
Event: 18.936 Thread 0x00000242079eca60 Thread added: 0x000002420f5fda70
Event: 18.937 Thread 0x00000242079eca60 Thread added: 0x000002420f5ffb40
Event: 19.065 Thread 0x000002420d72b9d0 Thread exited: 0x000002420d72b9d0
Event: 19.204 Thread 0x000002420c0f6700 Thread exited: 0x000002420c0f6700
Event: 20.234 Thread 0x00000241c4da69b0 Thread added: 0x000002420fe1a0c0
Event: 20.424 Thread 0x00000241c4da69b0 Thread added: 0x000002420fe18580
Event: 20.828 Thread 0x000002420e51af60 Thread added: 0x000002420c0e0850
Event: 20.831 Thread 0x000002420c0e0850 Thread added: 0x000002420c0de780
Event: 20.833 Thread 0x000002420c0de780 Thread added: 0x000002420c0e3640
Event: 20.840 Thread 0x000002420c0e3640 Thread added: 0x000002420c0e0ee0
Event: 20.844 Thread 0x000002420c0e0ee0 Thread added: 0x000002420c0e3cd0
Event: 20.947 Thread 0x00000242079eca60 Thread added: 0x000002420c0e4360
Event: 21.537 Thread 0x000002420c0e0ee0 Thread added: 0x000002420c0dee10
Event: 21.642 Thread 0x00000242079eca60 Thread added: 0x000002420c0e5da0
Event: 21.726 Thread 0x00000242079eca60 Thread added: 0x000002420c0e2920
Event: 22.214 Thread 0x00000242079eb6b0 Thread added: 0x000002420c0e5080
Event: 22.251 Thread 0x00000242079eca60 Thread added: 0x000002420c0e2290
Event: 23.194 Thread 0x00000242079eca60 Thread added: 0x000002420c0df4a0


Dynamic libraries:
0x00007ff790220000 - 0x00007ff79022e000 	c:\Users\PC\.vscode\extensions\redhat.java-1.56.0-win32-x64\jre\21.0.12.1-win32-x86_64\bin\java.exe
0x00007fff75ad0000 - 0x00007fff75cc8000 	C:\Windows\SYSTEM32\ntdll.dll
0x00007fff759c0000 - 0x00007fff75a82000 	C:\Windows\System32\KERNEL32.DLL
0x00007fff73520000 - 0x00007fff73816000 	C:\Windows\System32\KERNELBASE.dll
0x00007fff73200000 - 0x00007fff73300000 	C:\Windows\System32\ucrtbase.dll
0x00007fff6ca10000 - 0x00007fff6ca28000 	c:\Users\PC\.vscode\extensions\redhat.java-1.56.0-win32-x64\jre\21.0.12.1-win32-x86_64\bin\jli.dll
0x00007fff752f0000 - 0x00007fff75491000 	C:\Windows\System32\USER32.dll
0x00007fff73950000 - 0x00007fff73972000 	C:\Windows\System32\win32u.dll
0x00007fff75030000 - 0x00007fff7505b000 	C:\Windows\System32\GDI32.dll
0x00007fff6c020000 - 0x00007fff6c03e000 	c:\Users\PC\.vscode\extensions\redhat.java-1.56.0-win32-x64\jre\21.0.12.1-win32-x86_64\bin\VCRUNTIME140.dll
0x00007fff739d0000 - 0x00007fff73ae9000 	C:\Windows\System32\gdi32full.dll
0x00007fff73160000 - 0x00007fff731fd000 	C:\Windows\System32\msvcp_win.dll
0x00007fff5fc60000 - 0x00007fff5fefb000 	C:\Windows\WinSxS\amd64_microsoft.windows.common-controls_6595b64144ccf1df_6.0.19041.6456_none_60b8a6cb71f64256\COMCTL32.dll
0x00007fff73de0000 - 0x00007fff73e7e000 	C:\Windows\System32\msvcrt.dll
0x00007fff75510000 - 0x00007fff7553f000 	C:\Windows\System32\IMM32.DLL
0x00007fff6dd30000 - 0x00007fff6dd3c000 	c:\Users\PC\.vscode\extensions\redhat.java-1.56.0-win32-x64\jre\21.0.12.1-win32-x86_64\bin\vcruntime140_1.dll
0x00007fff47d80000 - 0x00007fff47e0d000 	c:\Users\PC\.vscode\extensions\redhat.java-1.56.0-win32-x64\jre\21.0.12.1-win32-x86_64\bin\msvcp140.dll
0x00007fff2e290000 - 0x00007fff2f032000 	c:\Users\PC\.vscode\extensions\redhat.java-1.56.0-win32-x64\jre\21.0.12.1-win32-x86_64\bin\server\jvm.dll
0x00007fff73e80000 - 0x00007fff73f31000 	C:\Windows\System32\ADVAPI32.dll
0x00007fff74690000 - 0x00007fff7472f000 	C:\Windows\System32\sechost.dll
0x00007fff73cc0000 - 0x00007fff73de0000 	C:\Windows\System32\RPCRT4.dll
0x00007fff734f0000 - 0x00007fff73517000 	C:\Windows\System32\bcrypt.dll
0x00007fff754a0000 - 0x00007fff7550b000 	C:\Windows\System32\WS2_32.dll
0x00007fff5f2f0000 - 0x00007fff5f317000 	C:\Windows\SYSTEM32\WINMM.dll
0x00007fff72660000 - 0x00007fff726ab000 	C:\Windows\SYSTEM32\POWRPROF.dll
0x00007fff5c220000 - 0x00007fff5c22a000 	C:\Windows\SYSTEM32\VERSION.dll
0x00007fff72520000 - 0x00007fff72532000 	C:\Windows\SYSTEM32\UMPDC.dll
0x00007fff71930000 - 0x00007fff71942000 	C:\Windows\SYSTEM32\kernel.appcore.dll
0x00007fff6d600000 - 0x00007fff6d60a000 	c:\Users\PC\.vscode\extensions\redhat.java-1.56.0-win32-x64\jre\21.0.12.1-win32-x86_64\bin\jimage.dll
0x00007fff71630000 - 0x00007fff71831000 	C:\Windows\SYSTEM32\DBGHELP.DLL
0x00007fff59c70000 - 0x00007fff59ca4000 	C:\Windows\SYSTEM32\dbgcore.DLL
0x00007fff73460000 - 0x00007fff734e2000 	C:\Windows\System32\bcryptPrimitives.dll
0x00007fff6bfe0000 - 0x00007fff6bfef000 	c:\Users\PC\.vscode\extensions\redhat.java-1.56.0-win32-x64\jre\21.0.12.1-win32-x86_64\bin\instrument.dll
0x00007fff6ac40000 - 0x00007fff6ac60000 	c:\Users\PC\.vscode\extensions\redhat.java-1.56.0-win32-x64\jre\21.0.12.1-win32-x86_64\bin\java.dll
0x00007fff748c0000 - 0x00007fff75030000 	C:\Windows\System32\SHELL32.dll
0x00007fff70e80000 - 0x00007fff71625000 	C:\Windows\SYSTEM32\windows.storage.dll
0x00007fff74240000 - 0x00007fff74594000 	C:\Windows\System32\combase.dll
0x00007fff72ab0000 - 0x00007fff72adb000 	C:\Windows\SYSTEM32\Wldp.dll
0x00007fff73fa0000 - 0x00007fff7406d000 	C:\Windows\System32\OLEAUT32.dll
0x00007fff740d0000 - 0x00007fff7417d000 	C:\Windows\System32\SHCORE.dll
0x00007fff74730000 - 0x00007fff7478b000 	C:\Windows\System32\shlwapi.dll
0x00007fff73090000 - 0x00007fff730b4000 	C:\Windows\SYSTEM32\profapi.dll
0x00007fff6a7a0000 - 0x00007fff6a7b8000 	c:\Users\PC\.vscode\extensions\redhat.java-1.56.0-win32-x64\jre\21.0.12.1-win32-x86_64\bin\zip.dll
0x00007fff6bfd0000 - 0x00007fff6bfe0000 	C:\Users\PC\.vscode\extensions\redhat.java-1.56.0-win32-x64\jre\21.0.12.1-win32-x86_64\bin\net.dll
0x00007fff6f720000 - 0x00007fff6f82a000 	C:\Windows\SYSTEM32\WINHTTP.dll
0x00007fff72890000 - 0x00007fff728fa000 	C:\Windows\system32\mswsock.dll
0x00007fff6a770000 - 0x00007fff6a786000 	C:\Users\PC\.vscode\extensions\redhat.java-1.56.0-win32-x64\jre\21.0.12.1-win32-x86_64\bin\nio.dll
0x00007fff6bab0000 - 0x00007fff6bac0000 	c:\Users\PC\.vscode\extensions\redhat.java-1.56.0-win32-x64\jre\21.0.12.1-win32-x86_64\bin\verify.dll
0x00007fff3f9c0000 - 0x00007fff3fa05000 	C:\Users\PC\AppData\Roaming\Code\User\globalStorage\redhat.java\1.56.0\config_win\org.eclipse.equinox.launcher\org.eclipse.equinox.launcher.win32.win32.x86_64_1.3.100.v20260804-1928\eclipse_11924.dll
0x00007fff74790000 - 0x00007fff748bb000 	C:\Windows\System32\ole32.dll
0x00007fff72af0000 - 0x00007fff72b08000 	C:\Windows\SYSTEM32\CRYPTSP.dll
0x00007fff72160000 - 0x00007fff72198000 	C:\Windows\system32\rsaenh.dll
0x00007fff73010000 - 0x00007fff7303e000 	C:\Windows\SYSTEM32\USERENV.dll
0x00007fff72a20000 - 0x00007fff72a2c000 	C:\Windows\SYSTEM32\CRYPTBASE.dll
0x00007fff72540000 - 0x00007fff7257b000 	C:\Windows\SYSTEM32\IPHLPAPI.DLL
0x00007fff74210000 - 0x00007fff74218000 	C:\Windows\System32\NSI.dll
0x00007fff5dfd0000 - 0x00007fff5e019000 	C:\Users\PC\AppData\Local\Temp\jna-2547\jna17213421903442934409.dll
0x00007fff75540000 - 0x00007fff75548000 	C:\Windows\System32\PSAPI.DLL
0x00007fff6d8d0000 - 0x00007fff6d8da000 	C:\Users\PC\.vscode\extensions\redhat.java-1.56.0-win32-x64\jre\21.0.12.1-win32-x86_64\bin\management.dll
0x00007fff6d8c0000 - 0x00007fff6d8cc000 	C:\Users\PC\.vscode\extensions\redhat.java-1.56.0-win32-x64\jre\21.0.12.1-win32-x86_64\bin\management_ext.dll
0x00007fff68b80000 - 0x00007fff68b97000 	C:\Windows\SYSTEM32\dhcpcsvc6.DLL
0x00007fff68d00000 - 0x00007fff68d1d000 	C:\Windows\SYSTEM32\dhcpcsvc.DLL

JVMTI agents:
c:\Users\PC\.vscode\extensions\redhat.java-1.56.0-win32-x64\lombok\lombok-1.18.39-4050.jar path:c:\Users\PC\.vscode\extensions\redhat.java-1.56.0-win32-x64\jre\21.0.12.1-win32-x86_64\bin\instrument.dll, loaded, initialized, instrumentlib options:none

dbghelp: loaded successfully - version: 4.0.5 - missing functions: none
symbol engine: initialized successfully - sym options: 0x614 - pdb path: .;c:\Users\PC\.vscode\extensions\redhat.java-1.56.0-win32-x64\jre\21.0.12.1-win32-x86_64\bin;C:\Windows\SYSTEM32;C:\Windows\WinSxS\amd64_microsoft.windows.common-controls_6595b64144ccf1df_6.0.19041.6456_none_60b8a6cb71f64256;c:\Users\PC\.vscode\extensions\redhat.java-1.56.0-win32-x64\jre\21.0.12.1-win32-x86_64\bin\server;C:\Users\PC\AppData\Roaming\Code\User\globalStorage\redhat.java\1.56.0\config_win\org.eclipse.equinox.launcher\org.eclipse.equinox.launcher.win32.win32.x86_64_1.3.100.v20260804-1928;C:\Users\PC\AppData\Local\Temp\jna-2547

VM Arguments:
jvm_args: --add-modules=ALL-SYSTEM --add-opens=java.base/java.util=ALL-UNNAMED --add-opens=java.base/java.lang=ALL-UNNAMED --add-opens=java.base/sun.nio.fs=ALL-UNNAMED -Declipse.application=org.eclipse.jdt.ls.core.id1 -Dosgi.bundles.defaultStartLevel=4 -Declipse.product=org.eclipse.jdt.ls.core.product -Djava.import.generatesMetadataFilesAtProjectRoot=false -Dm2e.project.cache.size=50 -DDetectVMInstallationsJob.disabled=true -Dfile.encoding=utf8 -XX:+UseParallelGC -XX:GCTimeRatio=4 -XX:AdaptiveSizePolicyWeight=90 -Dsun.zip.disableMemoryMapping=true -Xmx2G -Xms100m -Xlog:disable -javaagent:c:\Users\PC\.vscode\extensions\redhat.java-1.56.0-win32-x64\lombok\lombok-1.18.39-4050.jar -XX:+HeapDumpOnOutOfMemoryError -XX:HeapDumpPath=c:\Users\PC\AppData\Roaming\Code\User\workspaceStorage\ec1410200dd7bcd3f80d97ac2a3ddf05\redhat.java -Daether.dependencyCollector.impl=bf 
java_command: c:\Users\PC\.vscode\extensions\redhat.java-1.56.0-win32-x64\server\plugins\org.eclipse.equinox.launcher_1.8.0.v20260804-1928.jar -configuration c:\Users\PC\AppData\Roaming\Code\User\globalStorage\redhat.java\1.56.0\config_win -data c:\Users\PC\AppData\Roaming\Code\User\workspaceStorage\ec1410200dd7bcd3f80d97ac2a3ddf05\redhat.java\jdt_ws --pipe=\\.\pipe\lsp-91a765a73214633ff264d1e25edce263-sock
java_class_path (initial): c:\Users\PC\.vscode\extensions\redhat.java-1.56.0-win32-x64\server\plugins\org.eclipse.equinox.launcher_1.8.0.v20260804-1928.jar
Launcher Type: SUN_STANDARD

[Global flags]
    uintx AdaptiveSizePolicyWeight                 = 90                                        {product} {command line}
     intx CICompilerCount                          = 4                                         {product} {ergonomic}
    uintx GCTimeRatio                              = 4                                         {product} {command line}
     bool HeapDumpOnOutOfMemoryError               = true                                   {manageable} {command line}
    ccstr HeapDumpPath                             = c:\Users\PC\AppData\Roaming\Code\User\workspaceStorage\ec1410200dd7bcd3f80d97ac2a3ddf05\redhat.java         {manageable} {command line}
   size_t InitialHeapSize                          = 104857600                                 {product} {command line}
   size_t MaxHeapSize                              = 2147483648                                {product} {command line}
   size_t MaxNewSize                               = 715653120                                 {product} {ergonomic}
   size_t MinHeapDeltaBytes                        = 524288                                    {product} {ergonomic}
   size_t MinHeapSize                              = 104857600                                 {product} {command line}
   size_t NewSize                                  = 34603008                                  {product} {ergonomic}
    uintx NonNMethodCodeHeapSize                   = 5839372                                {pd product} {ergonomic}
    uintx NonProfiledCodeHeapSize                  = 122909434                              {pd product} {ergonomic}
   size_t OldSize                                  = 70254592                                  {product} {ergonomic}
    uintx ProfiledCodeHeapSize                     = 122909434                              {pd product} {ergonomic}
    uintx ReservedCodeCacheSize                    = 251658240                              {pd product} {ergonomic}
     bool SegmentedCodeCache                       = true                                      {product} {ergonomic}
   size_t SoftMaxHeapSize                          = 2147483648                             {manageable} {ergonomic}
     bool UseCompressedOops                        = true                           {product lp64_product} {ergonomic}
     bool UseLargePagesIndividualAllocation        = false                                  {pd product} {ergonomic}
     bool UseParallelGC                            = true                                      {product} {command line}

Logging:
Log output configuration:
 #0: stdout all=off uptime,level,tags foldmultilines=false
 #1: stderr all=off uptime,level,tags foldmultilines=false

Release file:
JAVA_VERSION="21.0.12.1" 
MODULES="java.base java.compiler java.datatransfer java.xml java.prefs java.desktop java.instrument java.logging java.management java.security.sasl java.naming java.rmi java.management.rmi java.net.http java.scripting java.security.jgss java.transaction.xa java.sql java.sql.rowset java.xml.crypto java.se java.smartcardio jdk.accessibility jdk.internal.jvmstat jdk.attach jdk.charsets jdk.internal.opt jdk.zipfs jdk.compiler jdk.crypto.ec jdk.crypto.cryptoki jdk.crypto.mscapi jdk.dynalink jdk.internal.ed jdk.editpad jdk.hotspot.agent jdk.httpserver jdk.internal.le jdk.internal.vm.ci jdk.internal.vm.compiler jdk.internal.vm.compiler.management jdk.jartool jdk.javadoc jdk.jcmd jdk.management jdk.management.agent jdk.jconsole jdk.jdeps jdk.jdwp.agent jdk.jdi jdk.jfr jdk.jshell jdk.jsobject jdk.jstatd jdk.localedata jdk.management.jfr jdk.naming.dns jdk.naming.rmi jdk.net jdk.nio.mapmode jdk.random jdk.sctp jdk.security.auth jdk.security.jgss jdk.unsupported jdk.unsupported.desktop jdk.xml.dom" 

Environment Variables:
PATH=C:\Program Files\Eclipse Adoptium\jdk-25.0.2.10-hotspot\bin;C:\app\PC\product\21c\dbhomeXE\bin;C:\Program Files\Eclipse Adoptium\jdk-8.0.382.5-hotspot\bin;C:\Program Files\Eclipse Adoptium\jdk-17.0.17.10-hotspot\bin;C:\Program Files (x86)\Common Files\Oracle\Java\javapath;C:\Windows\system32;C:\Windows;C:\Windows\System32\Wbem;C:\Windows\System32\WindowsPowerShell\v1.0\;C:\Windows\System32\OpenSSH\;C:\msys64\mingw64\bin;C:\Program Files\MySQL\MySQL Server 8.0\bin;C:\Program Files\Microsoft SQL Server\150\Tools\Binn\;C:\Program Files\Microsoft SQL Server\Client SDK\ODBC\170\Tools\Binn\;C:\Program Files\dotnet\;C:\Program Files (x86)\Windows Kits\10\Windows Performance Toolkit\;%MAVEN_HOME%\bin;C:\Program Files\ZeroC\Ice-3.7.9\bin;C:\Program Files (x86)\Microsoft SQL Server\170\Tools\Binn\;C:\Program Files\Microsoft SQL Server\170\Tools\Binn\;C:\Program Files\Microsoft SQL Server\Client SDK\ODBC\180\Tools\Binn\;C:\Program Files\Microsoft SQL Server\170\DTS\Binn\;C:\Program Files\Git\cmd;C:\Program Files\nodejs\;C:\Program Files\WSL\;C:\Users\PC\Desktop\sonar-scanner-cli-5.0.1.3006-windows\sonar-scanner-5.0.1.3006-windows\bin;C:\Users\PC\AppData\Local\Programs\Python\Python314\Scripts\;C:\Users\PC\AppData\Local\Programs\Python\Python314\;C:\Program Files\MySQL\MySQL Shell 8.0\bin\;C:\Users\PC\AppData\Local\Microsoft\WindowsApps;C:\Users\PC\AppData\Local\Programs\Microsoft VS Code\bin;C:\Users\PC\.dotnet\tools;C:\Users\PC\AppData\Roaming\npm;C:\Program Files\nodejs\;C:\Users\PC\AppData\Local\Programs\Python\Python314;C:\Users\PC\AppData\Local\Programs\Python\Python314\Scripts;C:\Users\PC\Desktop\apache-maven-3.9.16-bin\bin;C:\Users\PC\Desktop\sonar-scanner-cli-5.0.1.3006-windows\sonar-scanner-5.0.1.3006-windows\bin;
USERNAME=PC
OS=Windows_NT
PROCESSOR_IDENTIFIER=Intel64 Family 6 Model 142 Stepping 10, GenuineIntel
TMP=C:\Users\PC\AppData\Local\Temp
TEMP=C:\Users\PC\AppData\Local\Temp




Periodic native trim disabled

---------------  S Y S T E M  ---------------

OS:
 Windows 10 , 64 bit Build 19041 (10.0.19041.5915)
OS uptime: 0 days 4:17 hours
Hyper-V role detected

CPU: total 8 (initial active 8) (4 cores per cpu, 2 threads per core) family 6 model 142 stepping 10 microcode 0xb4, cx8, cmov, fxsr, ht, mmx, 3dnowpref, sse, sse2, sse3, ssse3, sse4.1, sse4.2, popcnt, lzcnt, tsc, tscinvbit, avx, avx2, aes, erms, clmul, bmi1, bmi2, adx, fma, vzeroupper, clflush, clflushopt, hv, rdtscp, f16c
Processor Information for the first 8 processors :
  Max Mhz: 1800, Current Mhz: 1600, Mhz Limit: 1584

Memory: 4k page, system-wide physical 8042M (587M free)
TotalPageFile size 17965M (AvailPageFile size 17M)
current process WorkingSet (physical memory assigned to process): 338M, peak: 346M
current process commit charge ("private bytes"): 414M, peak: 419M

vm_info: OpenJDK 64-Bit Server VM (21.0.12.1+1-LTS) for windows-amd64 JRE (21.0.12.1+1-LTS), built on 2026-08-18T00:00:00Z by "admin" with MS VC++ 17.12 (VS2022)

END.
