#
# There is insufficient memory for the Java Runtime Environment to continue.
# Native memory allocation (mmap) failed to map 65536 bytes. Error detail: Failed to commit metaspace.
# Possible reasons:
#   The system is out of physical RAM or swap space
#   This process is running with CompressedOops enabled, and the Java Heap may be blocking the growth of the native heap
# Possible solutions:
#   Reduce memory load on the system
#   Increase physical memory or swap space
#   Check if swap backing store is full
#   Decrease Java heap size (-Xmx/-Xms)
#   Decrease number of Java threads
#   Decrease Java thread stack sizes (-Xss)
#   Set larger code cache with -XX:ReservedCodeCacheSize=
#   JVM is running with Unscaled Compressed Oops mode in which the Java heap is
#     placed in the first 4GB address space. The Java Heap base address is the
#     maximum limit for the native heap growth. Please use -XX:HeapBaseMinAddress
#     to set the Java Heap base and to place the Java Heap above 4GB virtual address.
# This output file may be truncated or incomplete.
#
#  Out of Memory Error (virtualSpaceNode.cpp:113), pid=1568, tid=22664
#
# JRE version: OpenJDK Runtime Environment Temurin-21.0.12.1+1 (21.0.12.1+1) (build 21.0.12.1+1-LTS)
# Java VM: OpenJDK 64-Bit Server VM Temurin-21.0.12.1+1 (21.0.12.1+1-LTS, mixed mode, sharing, tiered, compressed oops, compressed class ptrs, parallel gc, windows-amd64)
# No core dump will be written. Minidumps are not enabled by default on client versions of Windows
#

---------------  S U M M A R Y ------------

Command Line: --add-modules=ALL-SYSTEM --add-opens=java.base/java.util=ALL-UNNAMED --add-opens=java.base/java.lang=ALL-UNNAMED --add-opens=java.base/sun.nio.fs=ALL-UNNAMED -Declipse.application=org.eclipse.jdt.ls.core.id1 -Dosgi.bundles.defaultStartLevel=4 -Declipse.product=org.eclipse.jdt.ls.core.product -Djava.import.generatesMetadataFilesAtProjectRoot=false -Dm2e.project.cache.size=50 -DDetectVMInstallationsJob.disabled=true -Dfile.encoding=utf8 -XX:+UseParallelGC -XX:GCTimeRatio=4 -XX:AdaptiveSizePolicyWeight=90 -Dsun.zip.disableMemoryMapping=true -Xmx2G -Xms100m -Xlog:disable -javaagent:c:\Users\PC\.vscode\extensions\redhat.java-1.56.0-win32-x64\lombok\lombok-1.18.39-4050.jar c:\Users\PC\.vscode\extensions\redhat.java-1.56.0-win32-x64\server\plugins\org.eclipse.equinox.launcher_1.8.0.v20260804-1928.jar -configuration c:\Users\PC\AppData\Roaming\Code\User\globalStorage\redhat.java\1.56.0\config_ss_win -data c:\Users\PC\AppData\Roaming\Code\User\workspaceStorage\ec1410200dd7bcd3f80d97ac2a3ddf05\redhat.java\ss_ws --pipe=\\.\pipe\lsp-651f1c4ec72b8e9c1f88774426a197c2-sock

Host: Intel(R) Core(TM) i5-8250U CPU @ 1.60GHz, 8 cores, 7G,  Windows 10 , 64 bit Build 19041 (10.0.19041.5915)
Time: Thu Oct  1 17:52:46 2026 Morocco Standard Time elapsed time: 15.715510 seconds (0d 0h 0m 15s)

---------------  T H R E A D  ---------------

Current thread (0x000001ea8b357a30):  JavaThread "C1 CompilerThread0" daemon [_thread_in_vm, id=22664, stack(0x0000003863c00000,0x0000003863d00000) (1024K)]


Current CompileTask:
C1:15715 2777       3       org.eclipse.core.internal.preferences.EclipsePreferences::firePreferenceEvent (60 bytes)

Stack: [0x0000003863c00000,0x0000003863d00000]
Native frames: (J=compiled Java code, j=interpreted, Vv=VM code, C=native code)
V  [jvm.dll+0x6d83e9]
V  [jvm.dll+0x8b5736]
V  [jvm.dll+0x8b7cee]
V  [jvm.dll+0x8b83d3]
V  [jvm.dll+0x284596]
V  [jvm.dll+0x8b147e]
V  [jvm.dll+0x679ad4]
V  [jvm.dll+0x1e849b]
V  [jvm.dll+0x1e825e]
V  [jvm.dll+0x67c3d2]
V  [jvm.dll+0x67c202]
V  [jvm.dll+0x67a4ae]
V  [jvm.dll+0x68b8ba]
V  [jvm.dll+0x684a32]
V  [jvm.dll+0x1f6540]
V  [jvm.dll+0x1f6728]
V  [jvm.dll+0x1693fe]
V  [jvm.dll+0x169246]
V  [jvm.dll+0x160e10]
V  [jvm.dll+0x1630ad]
V  [jvm.dll+0x1616b6]
V  [jvm.dll+0x169d6a]
V  [jvm.dll+0x169246]
V  [jvm.dll+0x160e10]
V  [jvm.dll+0x1630ad]
V  [jvm.dll+0x1616b6]
V  [jvm.dll+0x169d6a]
V  [jvm.dll+0x169246]
V  [jvm.dll+0x160e10]
V  [jvm.dll+0x1630ad]
V  [jvm.dll+0x1616b6]
V  [jvm.dll+0x169d6a]
V  [jvm.dll+0x169246]
V  [jvm.dll+0x160e10]
V  [jvm.dll+0x1630ad]
V  [jvm.dll+0x1616b6]
V  [jvm.dll+0x15b3f7]
V  [jvm.dll+0x16aec8]
V  [jvm.dll+0x1569e5]
V  [jvm.dll+0x156d32]
V  [jvm.dll+0x156fe4]
V  [jvm.dll+0x1563fc]
V  [jvm.dll+0x15818d]
V  [jvm.dll+0x25baad]
V  [jvm.dll+0x25a03a]
V  [jvm.dll+0x3f8aae]
V  [jvm.dll+0x8600cd]
V  [jvm.dll+0x6d6c1d]
C  [ucrtbase.dll+0x21bb2]
C  [KERNEL32.DLL+0x17374]
C  [ntdll.dll+0x4cc91]


---------------  P R O C E S S  ---------------

Threads class SMR info:
_java_thread_list=0x000001ea90445990, length=19, elements={
0x000001ea31f489b0, 0x000001ea489b33c0, 0x000001ea489b4cd0, 0x000001ea489b6860,
0x000001ea489b9aa0, 0x000001ea489ba7c0, 0x000001ea489bc390, 0x000001ea489bd1d0,
0x000001ea8b357a30, 0x000001ea8b4b3320, 0x000001ea8b4f86c0, 0x000001ea8bd352d0,
0x000001ea8bd62540, 0x000001ea8b6b0e30, 0x000001ea8b9f8080, 0x000001ea9002a870,
0x000001ea903dcd70, 0x000001ea8becb3f0, 0x000001ea8b5fc950
}

Java Threads: ( => current thread )
  0x000001ea31f489b0 JavaThread "main"                              [_thread_blocked, id=22224, stack(0x0000003863100000,0x0000003863200000) (1024K)]
  0x000001ea489b33c0 JavaThread "Reference Handler"          daemon [_thread_blocked, id=16208, stack(0x0000003863500000,0x0000003863600000) (1024K)]
  0x000001ea489b4cd0 JavaThread "Finalizer"                  daemon [_thread_blocked, id=12852, stack(0x0000003863600000,0x0000003863700000) (1024K)]
  0x000001ea489b6860 JavaThread "Signal Dispatcher"          daemon [_thread_blocked, id=1112, stack(0x0000003863700000,0x0000003863800000) (1024K)]
  0x000001ea489b9aa0 JavaThread "Attach Listener"            daemon [_thread_blocked, id=24876, stack(0x0000003863800000,0x0000003863900000) (1024K)]
  0x000001ea489ba7c0 JavaThread "Service Thread"             daemon [_thread_blocked, id=9064, stack(0x0000003863900000,0x0000003863a00000) (1024K)]
  0x000001ea489bc390 JavaThread "Monitor Deflation Thread"   daemon [_thread_blocked, id=15752, stack(0x0000003863a00000,0x0000003863b00000) (1024K)]
  0x000001ea489bd1d0 JavaThread "C2 CompilerThread0"         daemon [_thread_in_native, id=8512, stack(0x0000003863b00000,0x0000003863c00000) (1024K)]
=>0x000001ea8b357a30 JavaThread "C1 CompilerThread0"         daemon [_thread_in_vm, id=22664, stack(0x0000003863c00000,0x0000003863d00000) (1024K)]
  0x000001ea8b4b3320 JavaThread "Common-Cleaner"             daemon [_thread_blocked, id=17396, stack(0x0000003863d00000,0x0000003863e00000) (1024K)]
  0x000001ea8b4f86c0 JavaThread "Notification Thread"        daemon [_thread_blocked, id=22908, stack(0x0000003863e00000,0x0000003863f00000) (1024K)]
  0x000001ea8bd352d0 JavaThread "Active Thread: Equinox Container: 8385aa04-fff0-4354-8353-80e3523347eb"        [_thread_blocked, id=24140, stack(0x0000003864500000,0x0000003864600000) (1024K)]
  0x000001ea8bd62540 JavaThread "Framework Event Dispatcher: Equinox Container: 8385aa04-fff0-4354-8353-80e3523347eb" daemon [_thread_blocked, id=8800, stack(0x0000003864600000,0x0000003864700000) (1024K)]
  0x000001ea8b6b0e30 JavaThread "Start Level: Equinox Container: 8385aa04-fff0-4354-8353-80e3523347eb" daemon [_thread_in_vm, id=20972, stack(0x0000003864700000,0x0000003864800000) (1024K)]
  0x000001ea8b9f8080 JavaThread "SCR Component Actor"        daemon [_thread_blocked, id=17516, stack(0x0000003864900000,0x0000003864a00000) (1024K)]
  0x000001ea9002a870 JavaThread "Worker-JM"                         [_thread_blocked, id=21720, stack(0x0000003864a00000,0x0000003864b00000) (1024K)]
  0x000001ea903dcd70 JavaThread "JNA Cleaner"                daemon [_thread_blocked, id=21164, stack(0x0000003864b00000,0x0000003864c00000) (1024K)]
  0x000001ea8becb3f0 JavaThread "Worker-0"                          [_thread_blocked, id=20900, stack(0x0000003864c00000,0x0000003864d00000) (1024K)]
  0x000001ea8b5fc950 JavaThread "Worker-1"                          [_thread_blocked, id=7956, stack(0x0000003864d00000,0x0000003864e00000) (1024K)]
Total: 19

Other Threads:
  0x000001ea32000890 VMThread "VM Thread"                           [id=7088, stack(0x0000003863400000,0x0000003863500000) (1024K)]
  0x000001ea488dbb20 WatcherThread "VM Periodic Task Thread"        [id=15952, stack(0x0000003863300000,0x0000003863400000) (1024K)]
  0x000001ea31f65cc0 WorkerThread "GC Thread#0"                     [id=20176, stack(0x0000003863200000,0x0000003863300000) (1024K)]
  0x000001ea8ba50910 WorkerThread "GC Thread#1"                     [id=4992, stack(0x0000003863f00000,0x0000003864000000) (1024K)]
  0x000001ea8bb692d0 WorkerThread "GC Thread#2"                     [id=21712, stack(0x0000003864000000,0x0000003864100000) (1024K)]
  0x000001ea9009af00 WorkerThread "GC Thread#3"                     [id=5976, stack(0x0000003864100000,0x0000003864200000) (1024K)]
  0x000001ea9009b2b0 WorkerThread "GC Thread#4"                     [id=10184, stack(0x0000003864200000,0x0000003864300000) (1024K)]
  0x000001ea8beedf90 WorkerThread "GC Thread#5"                     [id=22028, stack(0x0000003864300000,0x0000003864400000) (1024K)]
  0x000001ea8beee340 WorkerThread "GC Thread#6"                     [id=12960, stack(0x0000003864400000,0x0000003864500000) (1024K)]
  0x000001ea489fc820 WorkerThread "GC Thread#7"                     [id=15072, stack(0x0000003864800000,0x0000003864900000) (1024K)]
Total: 10

Threads with active compile tasks:
C2 CompilerThread0  15838 2752       4       org.lombokweb.asm.ClassReader::readMethod (1070 bytes)
C1 CompilerThread0  15839 2777       3       org.eclipse.core.internal.preferences.EclipsePreferences::firePreferenceEvent (60 bytes)
Total: 2

VM state: not at safepoint (normal execution)

VM Mutex/Monitor currently owned by a thread:  ([mutex/lock_event])
[0x00007fff2ef4d530] Metaspace_lock - owner thread: 0x000001ea8b357a30

Heap address: 0x0000000080000000, size: 2048 MB, Compressed Oops mode: 32-bit

CDS archive(s) mapped at: [0x000001ea49000000-0x000001ea49ba0000-0x000001ea49ba0000), size 12189696, SharedBaseAddress: 0x000001ea49000000, ArchiveRelocationMode: 1.
Compressed class space mapped at: 0x000001ea4a000000-0x000001ea8a000000, reserved size: 1073741824
Narrow klass base: 0x000001ea49000000, Narrow klass shift: 0, Narrow klass range: 0x100000000

GC Precious Log:
 CardTable entry size: 512
 CPUs: 8 total, 8 available
 Memory: 8042M
 Large Page Support: Disabled
 NUMA Support: Disabled
 Compressed Oops: Enabled (32-bit)
 Alignments: Space 512K, Generation 512K, Heap 2M
 Heap Min Capacity: 100M
 Heap Initial Capacity: 100M
 Heap Max Capacity: 2G
 Pre-touch: Disabled
 Parallel Workers: 8

Heap:
 PSYoungGen      total 29696K, used 14877K [0x00000000d5580000, 0x00000000d7780000, 0x0000000100000000)
  eden space 25088K, 59% used [0x00000000d5580000,0x00000000d64077b8,0x00000000d6e00000)
  from space 4608K, 0% used [0x00000000d7300000,0x00000000d7300000,0x00000000d7780000)
  to   space 4608K, 0% used [0x00000000d6e80000,0x00000000d6e80000,0x00000000d7300000)
 ParOldGen       total 68608K, used 8335K [0x0000000080000000, 0x0000000084300000, 0x00000000d5580000)
  object space 68608K, 12% used [0x0000000080000000,0x0000000080823cb0,0x0000000084300000)
 Metaspace       used 22050K, committed 22720K, reserved 1114112K
  class space    used 2146K, committed 2432K, reserved 1048576K

Card table byte_map: [0x000001ea318f0000,0x000001ea31d00000] _byte_map_base: 0x000001ea314f0000

Marking Bits: (ParMarkBitMap*) 0x00007fff2ef544a0
 Begin Bits: [0x000001ea44400000, 0x000001ea46400000)
 End Bits:   [0x000001ea46400000, 0x000001ea48400000)

Polling page: 0x000001ea2fd40000

Metaspace:

Usage:
  Non-class:     19.44 MB used.
      Class:      2.10 MB used.
       Both:     21.53 MB used.

Virtual space:
  Non-class space:       64.00 MB reserved,      19.81 MB ( 31%) committed,  1 nodes.
      Class space:        1.00 GB reserved,       2.38 MB ( <1%) committed,  1 nodes.
             Both:        1.06 GB reserved,      22.19 MB (  2%) committed. 

Chunk freelists:
   Non-Class:  11.86 MB
       Class:  13.59 MB
        Both:  25.45 MB

MaxMetaspaceSize: unlimited
CompressedClassSpaceSize: 1.00 GB
Initial GC threshold: 21.00 MB
Current GC threshold: 35.00 MB
CDS: on
 - commit_granule_bytes: 65536.
 - commit_granule_words: 8192.
 - virtual_space_node_default_size: 8388608.
 - enlarge_chunks_in_place: 1.
 - use_allocation_guard: 0.


Internal statistics:

num_allocs_failed_limit: 3.
num_arena_births: 514.
num_arena_deaths: 14.
num_vsnodes_births: 2.
num_vsnodes_deaths: 0.
num_space_committed: 355.
num_space_uncommitted: 0.
num_chunks_returned_to_freelist: 17.
num_chunks_taken_from_freelist: 1352.
num_chunk_merges: 9.
num_chunk_splits: 885.
num_chunks_enlarged: 568.
num_inconsistent_stats: 0.

CodeHeap 'non-profiled nmethods': size=120000Kb used=1217Kb max_used=1217Kb free=118782Kb
 bounds [0x000001ea3cc20000, 0x000001ea3ce90000, 0x000001ea44150000]
CodeHeap 'profiled nmethods': size=120000Kb used=5516Kb max_used=5516Kb free=114483Kb
 bounds [0x000001ea35150000, 0x000001ea356c0000, 0x000001ea3c680000]
CodeHeap 'non-nmethods': size=5760Kb used=1317Kb max_used=1361Kb free=4442Kb
 bounds [0x000001ea3c680000, 0x000001ea3c8f0000, 0x000001ea3cc20000]
CodeCache: size=245760Kb, used=8050Kb, max_used=8094Kb, free=237707Kb
 total_blobs=3371, nmethods=2771, adapters=506, full_count=0
Compilation: enabled, stopped_count=0, restarted_count=0

Compilation events (20 events):
Event: 15.556 Thread 0x000001ea8b357a30 nmethod 2769 0x000001ea3cd50210 code [0x000001ea3cd503a0, 0x000001ea3cd50468]
Event: 15.600 Thread 0x000001ea8b357a30 2770       3       java.lang.invoke.DirectMethodHandle$Holder::invokeStatic (14 bytes)
Event: 15.601 Thread 0x000001ea8b357a30 nmethod 2770 0x000001ea356aed90 code [0x000001ea356aef60, 0x000001ea356af468]
Event: 15.601 Thread 0x000001ea8b357a30 2771       3       org.eclipse.core.internal.registry.Handle::<init> (15 bytes)
Event: 15.601 Thread 0x000001ea8b357a30 nmethod 2771 0x000001ea356af590 code [0x000001ea356af740, 0x000001ea356af8c8]
Event: 15.704 Thread 0x000001ea8b357a30 2772       3       org.eclipse.core.internal.preferences.EclipsePreferences::parent (9 bytes)
Event: 15.705 Thread 0x000001ea8b357a30 nmethod 2772 0x000001ea356af990 code [0x000001ea356afb60, 0x000001ea356aff40]
Event: 15.705 Thread 0x000001ea8b357a30 2773       3       org.eclipse.core.internal.preferences.ImmutableMap$ArrayMap::internalPut (85 bytes)
Event: 15.706 Thread 0x000001ea8b357a30 nmethod 2773 0x000001ea356b0110 code [0x000001ea356b0320, 0x000001ea356b0a50]
Event: 15.706 Thread 0x000001ea8b357a30 2775       3       org.eclipse.core.internal.preferences.ImmutableMap$ArrayMap::get (54 bytes)
Event: 15.707 Thread 0x000001ea8b357a30 nmethod 2775 0x000001ea356b0d10 code [0x000001ea356b0f00, 0x000001ea356b1238]
Event: 15.707 Thread 0x000001ea8b357a30 2774       3       java.util.EventObject::<init> (24 bytes)
Event: 15.707 Thread 0x000001ea8b357a30 nmethod 2774 0x000001ea356b1490 code [0x000001ea356b1640, 0x000001ea356b18c0]
Event: 15.707 Thread 0x000001ea8b357a30 2778       3       org.eclipse.core.internal.preferences.ImmutableMap$ArrayMap::put (138 bytes)
Event: 15.709 Thread 0x000001ea8b357a30 nmethod 2778 0x000001ea356b1a10 code [0x000001ea356b1c40, 0x000001ea356b2270]
Event: 15.709 Thread 0x000001ea8b357a30 2779       3       org.eclipse.core.internal.preferences.ImmutableMap$ArrayMap::<init> (50 bytes)
Event: 15.710 Thread 0x000001ea8b357a30 nmethod 2779 0x000001ea356b2590 code [0x000001ea356b2780, 0x000001ea356b2b90]
Event: 15.710 Thread 0x000001ea8b357a30 2776       3       org.eclipse.core.runtime.ListenerList$ListenerListIterator::hasNext (16 bytes)
Event: 15.710 Thread 0x000001ea8b357a30 nmethod 2776 0x000001ea356b2d10 code [0x000001ea356b2ec0, 0x000001ea356b3040]
Event: 15.710 Thread 0x000001ea8b357a30 2777       3       org.eclipse.core.internal.preferences.EclipsePreferences::firePreferenceEvent (60 bytes)

GC Heap History (14 events):
Event: 3.482 GC heap before
{Heap before GC invocations=1 (full 0):
 PSYoungGen      total 29696K, used 25600K [0x00000000d5580000, 0x00000000d7680000, 0x0000000100000000)
  eden space 25600K, 100% used [0x00000000d5580000,0x00000000d6e80000,0x00000000d6e80000)
  from space 4096K, 0% used [0x00000000d7280000,0x00000000d7280000,0x00000000d7680000)
  to   space 4096K, 0% used [0x00000000d6e80000,0x00000000d6e80000,0x00000000d7280000)
 ParOldGen       total 68608K, used 0K [0x0000000080000000, 0x0000000084300000, 0x00000000d5580000)
  object space 68608K, 0% used [0x0000000080000000,0x0000000080000000,0x0000000084300000)
 Metaspace       used 4352K, committed 4544K, reserved 1114112K
  class space    used 474K, committed 576K, reserved 1048576K
}
Event: 3.507 GC heap after
{Heap after GC invocations=1 (full 0):
 PSYoungGen      total 29696K, used 3271K [0x00000000d5580000, 0x00000000d7680000, 0x0000000100000000)
  eden space 25600K, 0% used [0x00000000d5580000,0x00000000d5580000,0x00000000d6e80000)
  from space 4096K, 79% used [0x00000000d6e80000,0x00000000d71b1e98,0x00000000d7280000)
  to   space 4096K, 0% used [0x00000000d7280000,0x00000000d7280000,0x00000000d7680000)
 ParOldGen       total 68608K, used 0K [0x0000000080000000, 0x0000000084300000, 0x00000000d5580000)
  object space 68608K, 0% used [0x0000000080000000,0x0000000080000000,0x0000000084300000)
 Metaspace       used 4352K, committed 4544K, reserved 1114112K
  class space    used 474K, committed 576K, reserved 1048576K
}
Event: 8.345 GC heap before
{Heap before GC invocations=2 (full 0):
 PSYoungGen      total 29696K, used 28871K [0x00000000d5580000, 0x00000000d7680000, 0x0000000100000000)
  eden space 25600K, 100% used [0x00000000d5580000,0x00000000d6e80000,0x00000000d6e80000)
  from space 4096K, 79% used [0x00000000d6e80000,0x00000000d71b1e98,0x00000000d7280000)
  to   space 4096K, 0% used [0x00000000d7280000,0x00000000d7280000,0x00000000d7680000)
 ParOldGen       total 68608K, used 0K [0x0000000080000000, 0x0000000084300000, 0x00000000d5580000)
  object space 68608K, 0% used [0x0000000080000000,0x0000000080000000,0x0000000084300000)
 Metaspace       used 8209K, committed 8448K, reserved 1114112K
  class space    used 868K, committed 960K, reserved 1048576K
}
Event: 8.357 GC heap after
{Heap after GC invocations=2 (full 0):
 PSYoungGen      total 29696K, used 4092K [0x00000000d5580000, 0x00000000d7680000, 0x0000000100000000)
  eden space 25600K, 0% used [0x00000000d5580000,0x00000000d5580000,0x00000000d6e80000)
  from space 4096K, 99% used [0x00000000d7280000,0x00000000d767f020,0x00000000d7680000)
  to   space 4096K, 0% used [0x00000000d6e80000,0x00000000d6e80000,0x00000000d7280000)
 ParOldGen       total 68608K, used 1041K [0x0000000080000000, 0x0000000084300000, 0x00000000d5580000)
  object space 68608K, 1% used [0x0000000080000000,0x00000000801046c8,0x0000000084300000)
 Metaspace       used 8209K, committed 8448K, reserved 1114112K
  class space    used 868K, committed 960K, reserved 1048576K
}
Event: 12.000 GC heap before
{Heap before GC invocations=3 (full 0):
 PSYoungGen      total 29696K, used 29692K [0x00000000d5580000, 0x00000000d7680000, 0x0000000100000000)
  eden space 25600K, 100% used [0x00000000d5580000,0x00000000d6e80000,0x00000000d6e80000)
  from space 4096K, 99% used [0x00000000d7280000,0x00000000d767f020,0x00000000d7680000)
  to   space 4096K, 0% used [0x00000000d6e80000,0x00000000d6e80000,0x00000000d7280000)
 ParOldGen       total 68608K, used 1041K [0x0000000080000000, 0x0000000084300000, 0x00000000d5580000)
  object space 68608K, 1% used [0x0000000080000000,0x00000000801046c8,0x0000000084300000)
 Metaspace       used 13137K, committed 13760K, reserved 1114112K
  class space    used 1383K, committed 1664K, reserved 1048576K
}
Event: 12.012 GC heap after
{Heap after GC invocations=3 (full 0):
 PSYoungGen      total 29696K, used 4083K [0x00000000d5580000, 0x00000000d7680000, 0x0000000100000000)
  eden space 25600K, 0% used [0x00000000d5580000,0x00000000d5580000,0x00000000d6e80000)
  from space 4096K, 99% used [0x00000000d6e80000,0x00000000d727ccc0,0x00000000d7280000)
  to   space 4096K, 0% used [0x00000000d7280000,0x00000000d7280000,0x00000000d7680000)
 ParOldGen       total 68608K, used 2536K [0x0000000080000000, 0x0000000084300000, 0x00000000d5580000)
  object space 68608K, 3% used [0x0000000080000000,0x000000008027a1e8,0x0000000084300000)
 Metaspace       used 13137K, committed 13760K, reserved 1114112K
  class space    used 1383K, committed 1664K, reserved 1048576K
}
Event: 14.179 GC heap before
{Heap before GC invocations=4 (full 0):
 PSYoungGen      total 29696K, used 29584K [0x00000000d5580000, 0x00000000d7680000, 0x0000000100000000)
  eden space 25600K, 99% used [0x00000000d5580000,0x00000000d6e67548,0x00000000d6e80000)
  from space 4096K, 99% used [0x00000000d6e80000,0x00000000d727ccc0,0x00000000d7280000)
  to   space 4096K, 0% used [0x00000000d7280000,0x00000000d7280000,0x00000000d7680000)
 ParOldGen       total 68608K, used 2536K [0x0000000080000000, 0x0000000084300000, 0x00000000d5580000)
  object space 68608K, 3% used [0x0000000080000000,0x000000008027a1e8,0x0000000084300000)
 Metaspace       used 17185K, committed 17856K, reserved 1114112K
  class space    used 1813K, committed 2112K, reserved 1048576K
}
Event: 14.194 GC heap after
{Heap after GC invocations=4 (full 0):
 PSYoungGen      total 29696K, used 4082K [0x00000000d5580000, 0x00000000d7680000, 0x0000000100000000)
  eden space 25600K, 0% used [0x00000000d5580000,0x00000000d5580000,0x00000000d6e80000)
  from space 4096K, 99% used [0x00000000d7280000,0x00000000d767cb40,0x00000000d7680000)
  to   space 4096K, 0% used [0x00000000d6e80000,0x00000000d6e80000,0x00000000d7280000)
 ParOldGen       total 68608K, used 4389K [0x0000000080000000, 0x0000000084300000, 0x00000000d5580000)
  object space 68608K, 6% used [0x0000000080000000,0x0000000080449768,0x0000000084300000)
 Metaspace       used 17185K, committed 17856K, reserved 1114112K
  class space    used 1813K, committed 2112K, reserved 1048576K
}
Event: 15.269 GC heap before
{Heap before GC invocations=5 (full 0):
 PSYoungGen      total 29696K, used 29682K [0x00000000d5580000, 0x00000000d7680000, 0x0000000100000000)
  eden space 25600K, 100% used [0x00000000d5580000,0x00000000d6e80000,0x00000000d6e80000)
  from space 4096K, 99% used [0x00000000d7280000,0x00000000d767cb40,0x00000000d7680000)
  to   space 4096K, 0% used [0x00000000d6e80000,0x00000000d6e80000,0x00000000d7280000)
 ParOldGen       total 68608K, used 4389K [0x0000000080000000, 0x0000000084300000, 0x00000000d5580000)
  object space 68608K, 6% used [0x0000000080000000,0x0000000080449768,0x0000000084300000)
 Metaspace       used 20534K, committed 21248K, reserved 1114112K
  class space    used 2042K, committed 2368K, reserved 1048576K
}
Event: 15.281 GC heap after
{Heap after GC invocations=5 (full 0):
 PSYoungGen      total 29184K, used 4074K [0x00000000d5580000, 0x00000000d7800000, 0x0000000100000000)
  eden space 25088K, 0% used [0x00000000d5580000,0x00000000d5580000,0x00000000d6e00000)
  from space 4096K, 99% used [0x00000000d6e80000,0x00000000d727aad0,0x00000000d7280000)
  to   space 5120K, 0% used [0x00000000d7300000,0x00000000d7300000,0x00000000d7800000)
 ParOldGen       total 68608K, used 4589K [0x0000000080000000, 0x0000000084300000, 0x00000000d5580000)
  object space 68608K, 6% used [0x0000000080000000,0x000000008047b768,0x0000000084300000)
 Metaspace       used 20534K, committed 21248K, reserved 1114112K
  class space    used 2042K, committed 2368K, reserved 1048576K
}
Event: 15.328 GC heap before
{Heap before GC invocations=6 (full 0):
 PSYoungGen      total 29184K, used 6142K [0x00000000d5580000, 0x00000000d7800000, 0x0000000100000000)
  eden space 25088K, 8% used [0x00000000d5580000,0x00000000d5784e38,0x00000000d6e00000)
  from space 4096K, 99% used [0x00000000d6e80000,0x00000000d727aad0,0x00000000d7280000)
  to   space 5120K, 0% used [0x00000000d7300000,0x00000000d7300000,0x00000000d7800000)
 ParOldGen       total 68608K, used 4589K [0x0000000080000000, 0x0000000084300000, 0x00000000d5580000)
  object space 68608K, 6% used [0x0000000080000000,0x000000008047b768,0x0000000084300000)
 Metaspace       used 20811K, committed 21504K, reserved 1114112K
  class space    used 2070K, committed 2368K, reserved 1048576K
}
Event: 15.337 GC heap after
{Heap after GC invocations=6 (full 0):
 PSYoungGen      total 29696K, used 4233K [0x00000000d5580000, 0x00000000d7780000, 0x0000000100000000)
  eden space 25088K, 0% used [0x00000000d5580000,0x00000000d5580000,0x00000000d6e00000)
  from space 4608K, 91% used [0x00000000d7300000,0x00000000d7722428,0x00000000d7780000)
  to   space 4608K, 0% used [0x00000000d6e80000,0x00000000d6e80000,0x00000000d7300000)
 ParOldGen       total 68608K, used 4589K [0x0000000080000000, 0x0000000084300000, 0x00000000d5580000)
  object space 68608K, 6% used [0x0000000080000000,0x000000008047b768,0x0000000084300000)
 Metaspace       used 20811K, committed 21504K, reserved 1114112K
  class space    used 2070K, committed 2368K, reserved 1048576K
}
Event: 15.338 GC heap before
{Heap before GC invocations=7 (full 1):
 PSYoungGen      total 29696K, used 4233K [0x00000000d5580000, 0x00000000d7780000, 0x0000000100000000)
  eden space 25088K, 0% used [0x00000000d5580000,0x00000000d5580000,0x00000000d6e00000)
  from space 4608K, 91% used [0x00000000d7300000,0x00000000d7722428,0x00000000d7780000)
  to   space 4608K, 0% used [0x00000000d6e80000,0x00000000d6e80000,0x00000000d7300000)
 ParOldGen       total 68608K, used 4589K [0x0000000080000000, 0x0000000084300000, 0x00000000d5580000)
  object space 68608K, 6% used [0x0000000080000000,0x000000008047b768,0x0000000084300000)
 Metaspace       used 20811K, committed 21504K, reserved 1114112K
  class space    used 2070K, committed 2368K, reserved 1048576K
}
Event: 15.404 GC heap after
{Heap after GC invocations=7 (full 1):
 PSYoungGen      total 29696K, used 0K [0x00000000d5580000, 0x00000000d7780000, 0x0000000100000000)
  eden space 25088K, 0% used [0x00000000d5580000,0x00000000d5580000,0x00000000d6e00000)
  from space 4608K, 0% used [0x00000000d7300000,0x00000000d7300000,0x00000000d7780000)
  to   space 4608K, 0% used [0x00000000d6e80000,0x00000000d6e80000,0x00000000d7300000)
 ParOldGen       total 68608K, used 8335K [0x0000000080000000, 0x0000000084300000, 0x00000000d5580000)
  object space 68608K, 12% used [0x0000000080000000,0x0000000080823cb0,0x0000000084300000)
 Metaspace       used 20798K, committed 21504K, reserved 1114112K
  class space    used 2066K, committed 2368K, reserved 1048576K
}

Dll operation events (20 events):
Event: 0.053 Attempting to load shared library c:\Users\PC\.vscode\extensions\redhat.java-1.56.0-win32-x64\jre\21.0.12.1-win32-x86_64\bin\java.dll
Event: 0.053 Loaded shared library c:\Users\PC\.vscode\extensions\redhat.java-1.56.0-win32-x64\jre\21.0.12.1-win32-x86_64\bin\java.dll
Event: 0.338 Attempting to load shared library c:\Users\PC\.vscode\extensions\redhat.java-1.56.0-win32-x64\jre\21.0.12.1-win32-x86_64\bin\zip.dll
Event: 0.339 Loaded shared library c:\Users\PC\.vscode\extensions\redhat.java-1.56.0-win32-x64\jre\21.0.12.1-win32-x86_64\bin\zip.dll
Event: 0.432 Attempting to load shared library C:\Users\PC\.vscode\extensions\redhat.java-1.56.0-win32-x64\jre\21.0.12.1-win32-x86_64\bin\instrument.dll
Event: 0.432 Loaded shared library C:\Users\PC\.vscode\extensions\redhat.java-1.56.0-win32-x64\jre\21.0.12.1-win32-x86_64\bin\instrument.dll
Event: 0.442 Attempting to load shared library C:\Users\PC\.vscode\extensions\redhat.java-1.56.0-win32-x64\jre\21.0.12.1-win32-x86_64\bin\net.dll
Event: 0.444 Loaded shared library C:\Users\PC\.vscode\extensions\redhat.java-1.56.0-win32-x64\jre\21.0.12.1-win32-x86_64\bin\net.dll
Event: 0.449 Attempting to load shared library C:\Users\PC\.vscode\extensions\redhat.java-1.56.0-win32-x64\jre\21.0.12.1-win32-x86_64\bin\nio.dll
Event: 0.449 Loaded shared library C:\Users\PC\.vscode\extensions\redhat.java-1.56.0-win32-x64\jre\21.0.12.1-win32-x86_64\bin\nio.dll
Event: 0.459 Attempting to load shared library C:\Users\PC\.vscode\extensions\redhat.java-1.56.0-win32-x64\jre\21.0.12.1-win32-x86_64\bin\zip.dll
Event: 0.459 Loaded shared library C:\Users\PC\.vscode\extensions\redhat.java-1.56.0-win32-x64\jre\21.0.12.1-win32-x86_64\bin\zip.dll
Event: 0.548 Attempting to load shared library C:\Users\PC\.vscode\extensions\redhat.java-1.56.0-win32-x64\jre\21.0.12.1-win32-x86_64\bin\jimage.dll
Event: 0.548 Loaded shared library C:\Users\PC\.vscode\extensions\redhat.java-1.56.0-win32-x64\jre\21.0.12.1-win32-x86_64\bin\jimage.dll
Event: 0.864 Attempting to load shared library c:\Users\PC\.vscode\extensions\redhat.java-1.56.0-win32-x64\jre\21.0.12.1-win32-x86_64\bin\verify.dll
Event: 0.865 Loaded shared library c:\Users\PC\.vscode\extensions\redhat.java-1.56.0-win32-x64\jre\21.0.12.1-win32-x86_64\bin\verify.dll
Event: 7.995 Attempting to load shared library C:\Users\PC\AppData\Roaming\Code\User\globalStorage\redhat.java\1.56.0\config_ss_win\org.eclipse.equinox.launcher\org.eclipse.equinox.launcher.win32.win32.x86_64_1.3.100.v20260804-1928\eclipse_11924.dll
Event: 7.999 Loaded shared library C:\Users\PC\AppData\Roaming\Code\User\globalStorage\redhat.java\1.56.0\config_ss_win\org.eclipse.equinox.launcher\org.eclipse.equinox.launcher.win32.win32.x86_64_1.3.100.v20260804-1928\eclipse_11924.dll
Event: 12.777 Attempting to load shared library C:\Users\PC\AppData\Local\Temp\jna-2547\jna15039938524535392836.dll
Event: 13.094 Loaded shared library C:\Users\PC\AppData\Local\Temp\jna-2547\jna15039938524535392836.dll

Deoptimization events (20 events):
Event: 14.059 Thread 0x000001ea8b6b0e30 Uncommon trap: trap_request=0xffffffde fr.pc=0x000001ea3cd136c4 relative=0x00000000000003e4
Event: 14.059 Thread 0x000001ea8b6b0e30 Uncommon trap: reason=class_check action=maybe_recompile pc=0x000001ea3cd136c4 method=java.util.regex.Pattern$BmpCharPropertyGreedy.match(Ljava/util/regex/Matcher;ILjava/lang/CharSequence;)Z @ 70 c2
Event: 14.059 Thread 0x000001ea8b6b0e30 DEOPT PACKING pc=0x000001ea3cd136c4 sp=0x00000038647ef370
Event: 14.059 Thread 0x000001ea8b6b0e30 DEOPT UNPACKING pc=0x000001ea3c6d3aa2 sp=0x00000038647ef318 mode 2
Event: 14.059 Thread 0x000001ea8b6b0e30 Uncommon trap: trap_request=0xffffffde fr.pc=0x000001ea3cd136c4 relative=0x00000000000003e4
Event: 14.059 Thread 0x000001ea8b6b0e30 Uncommon trap: reason=class_check action=maybe_recompile pc=0x000001ea3cd136c4 method=java.util.regex.Pattern$BmpCharPropertyGreedy.match(Ljava/util/regex/Matcher;ILjava/lang/CharSequence;)Z @ 70 c2
Event: 14.059 Thread 0x000001ea8b6b0e30 DEOPT PACKING pc=0x000001ea3cd136c4 sp=0x00000038647ef1c0
Event: 14.059 Thread 0x000001ea8b6b0e30 DEOPT UNPACKING pc=0x000001ea3c6d3aa2 sp=0x00000038647ef168 mode 2
Event: 15.200 Thread 0x000001ea8b6b0e30 Uncommon trap: trap_request=0xffffff6e fr.pc=0x000001ea3cd4e2f4 relative=0x0000000000000b74
Event: 15.200 Thread 0x000001ea8b6b0e30 Uncommon trap: reason=loop_limit_check action=maybe_recompile pc=0x000001ea3cd4e2f4 method=java.util.regex.Pattern$StartS.match(Ljava/util/regex/Matcher;ILjava/lang/CharSequence;)Z @ 34 c2
Event: 15.200 Thread 0x000001ea8b6b0e30 DEOPT PACKING pc=0x000001ea3cd4e2f4 sp=0x00000038647f2560
Event: 15.200 Thread 0x000001ea8b6b0e30 DEOPT UNPACKING pc=0x000001ea3c6d3aa2 sp=0x00000038647f24d0 mode 2
Event: 15.289 Thread 0x000001ea8b6b0e30 Uncommon trap: trap_request=0xffffff45 fr.pc=0x000001ea3cd4fd84 relative=0x0000000000000164
Event: 15.289 Thread 0x000001ea8b6b0e30 Uncommon trap: reason=unstable_if action=reinterpret pc=0x000001ea3cd4fd84 method=org.lombokweb.asm.ByteVector.putByteArray([BII)Lorg/lombokweb/asm/ByteVector; @ 20 c2
Event: 15.289 Thread 0x000001ea8b6b0e30 DEOPT PACKING pc=0x000001ea3cd4fd84 sp=0x00000038647f2550
Event: 15.289 Thread 0x000001ea8b6b0e30 DEOPT UNPACKING pc=0x000001ea3c6d3aa2 sp=0x00000038647f2520 mode 2
Event: 15.289 Thread 0x000001ea8b6b0e30 Uncommon trap: trap_request=0xffffff45 fr.pc=0x000001ea3cd4f6d0 relative=0x0000000000000390
Event: 15.289 Thread 0x000001ea8b6b0e30 Uncommon trap: reason=unstable_if action=reinterpret pc=0x000001ea3cd4f6d0 method=org.lombokweb.asm.Label.resolve([BLorg/lombokweb/asm/ByteVector;I)Z @ 81 c2
Event: 15.289 Thread 0x000001ea8b6b0e30 DEOPT PACKING pc=0x000001ea3cd4f6d0 sp=0x00000038647f25e0
Event: 15.289 Thread 0x000001ea8b6b0e30 DEOPT UNPACKING pc=0x000001ea3c6d3aa2 sp=0x00000038647f24e8 mode 2

Classes loaded (20 events):
Event: 14.134 Loading class java/io/StringReader
Event: 14.135 Loading class java/io/StringReader done
Event: 14.141 Loading class java/net/SocketTimeoutException
Event: 14.141 Loading class java/io/InterruptedIOException
Event: 14.141 Loading class java/io/InterruptedIOException done
Event: 14.141 Loading class java/net/SocketTimeoutException done
Event: 14.141 Loading class java/net/SocketException
Event: 14.141 Loading class java/net/SocketException done
Event: 14.141 Loading class java/net/UnknownHostException
Event: 14.141 Loading class java/net/UnknownHostException done
Event: 14.141 Loading class java/net/ProtocolException
Event: 14.141 Loading class java/net/ProtocolException done
Event: 14.213 Loading class java/lang/ThreadLocal$SuppliedThreadLocal
Event: 14.214 Loading class java/lang/ThreadLocal$SuppliedThreadLocal done
Event: 14.243 Loading class java/io/FileWriter
Event: 14.243 Loading class java/io/FileWriter done
Event: 14.249 Loading class java/lang/NegativeArraySizeException
Event: 14.249 Loading class java/lang/NegativeArraySizeException done
Event: 15.610 Loading class java/nio/file/InvalidPathException
Event: 15.611 Loading class java/nio/file/InvalidPathException done

Classes unloaded (7 events):
Event: 15.347 Thread 0x000001ea32000890 Unloading class 0x000001ea4a195c00 'java/lang/invoke/LambdaForm$MH+0x000001ea4a195c00'
Event: 15.347 Thread 0x000001ea32000890 Unloading class 0x000001ea4a195800 'java/lang/invoke/LambdaForm$MH+0x000001ea4a195800'
Event: 15.347 Thread 0x000001ea32000890 Unloading class 0x000001ea4a195400 'java/lang/invoke/LambdaForm$MH+0x000001ea4a195400'
Event: 15.347 Thread 0x000001ea32000890 Unloading class 0x000001ea4a195000 'java/lang/invoke/LambdaForm$MH+0x000001ea4a195000'
Event: 15.347 Thread 0x000001ea32000890 Unloading class 0x000001ea4a194c00 'java/lang/invoke/LambdaForm$BMH+0x000001ea4a194c00'
Event: 15.347 Thread 0x000001ea32000890 Unloading class 0x000001ea4a194800 'java/lang/invoke/LambdaForm$DMH+0x000001ea4a194800'
Event: 15.347 Thread 0x000001ea32000890 Unloading class 0x000001ea4a193400 'java/lang/invoke/LambdaForm$DMH+0x000001ea4a193400'

Classes redefined (0 events):
No events

Internal exceptions (20 events):
Event: 13.161 Thread 0x000001ea8b6b0e30 Exception <a 'java/lang/NoSuchMethodError'{0x00000000d638f408}: 'int java.lang.invoke.Invokers$Holder.invokeExact_MT(java.lang.Object, java.lang.Object, java.lang.Object)'> (0x00000000d638f408) 
thrown [s\src\hotspot\share\interpreter\linkResolver.cpp, line 773]
Event: 13.235 Thread 0x000001ea8b6b0e30 Exception <a 'java/lang/NoSuchMethodError'{0x00000000d64597b0}: method resolution failed> (0x00000000d64597b0) 
thrown [s\src\hotspot\share\prims\methodHandles.cpp, line 1136]
Event: 13.284 Thread 0x000001ea8b6b0e30 Exception <a 'java/lang/NoSuchMethodError'{0x00000000d64c5620}: 'void java.lang.invoke.Invokers$Holder.invokeExact_MT(java.lang.Object, java.lang.Object, int, java.lang.Object)'> (0x00000000d64c5620) 
thrown [s\src\hotspot\share\interpreter\linkResolver.cpp, line 773]
Event: 13.389 Thread 0x000001ea8b6b0e30 Exception <a 'java/lang/NoSuchMethodError'{0x00000000d65c1d68}: 'java.lang.Object java.lang.invoke.DirectMethodHandle$Holder.invokeSpecial(java.lang.Object, java.lang.Object, java.lang.Object, long, java.lang.Object)'> (0x00000000d65c1d68) 
thrown [s\src\hotspot\share\interpreter\linkResolver.cpp, line 773]
Event: 13.391 Thread 0x000001ea8b6b0e30 Exception <a 'java/lang/NoSuchMethodError'{0x00000000d65c95b0}: 'java.lang.Object java.lang.invoke.DirectMethodHandle$Holder.newInvokeSpecial(java.lang.Object, java.lang.Object, java.lang.Object, long)'> (0x00000000d65c95b0) 
thrown [s\src\hotspot\share\interpreter\linkResolver.cpp, line 773]
Event: 13.392 Thread 0x000001ea8b6b0e30 Exception <a 'java/lang/NoSuchMethodError'{0x00000000d65cd960}: 'java.lang.Object java.lang.invoke.DirectMethodHandle$Holder.invokeSpecial(java.lang.Object, java.lang.Object, java.lang.Object, java.lang.Object, long)'> (0x00000000d65cd960) 
thrown [s\src\hotspot\share\interpreter\linkResolver.cpp, line 773]
Event: 13.393 Thread 0x000001ea8b6b0e30 Exception <a 'java/lang/NoSuchMethodError'{0x00000000d65d1580}: 'java.lang.Object java.lang.invoke.Invokers$Holder.linkToTargetMethod(java.lang.Object, java.lang.Object, long, java.lang.Object)'> (0x00000000d65d1580) 
thrown [s\src\hotspot\share\interpreter\linkResolver.cpp, line 773]
Event: 13.458 Thread 0x000001ea8b6b0e30 Exception <a 'java/lang/NoSuchMethodError'{0x00000000d6643448}: 'int java.lang.invoke.DirectMethodHandle$Holder.invokeStaticInit(java.lang.Object, java.lang.Object, java.lang.Object)'> (0x00000000d6643448) 
thrown [s\src\hotspot\share\interpreter\linkResolver.cpp, line 773]
Event: 13.498 Thread 0x000001ea8b6b0e30 Exception <a 'java/lang/IncompatibleClassChangeError'{0x00000000d66cfc48}: Found class java.lang.Object, but interface was expected> (0x00000000d66cfc48) 
thrown [s\src\hotspot\share\interpreter\linkResolver.cpp, line 840]
Event: 13.584 Thread 0x000001ea8b6b0e30 Exception <a 'java/lang/NoSuchMethodError'{0x00000000d66e28d0}: 'java.lang.Object java.lang.invoke.DirectMethodHandle$Holder.invokeSpecial(java.lang.Object, java.lang.Object, java.lang.Object, int, java.lang.Object, java.lang.Object)'> (0x00000000d66e28d0) 
thrown [s\src\hotspot\share\interpreter\linkResolver.cpp, line 773]
Event: 13.586 Thread 0x000001ea8b6b0e30 Exception <a 'java/lang/NoSuchMethodError'{0x00000000d66ea3a8}: 'java.lang.Object java.lang.invoke.DirectMethodHandle$Holder.newInvokeSpecial(java.lang.Object, java.lang.Object, java.lang.Object, int, java.lang.Object)'> (0x00000000d66ea3a8) 
thrown [s\src\hotspot\share\interpreter\linkResolver.cpp, line 773]
Event: 13.586 Thread 0x000001ea8b6b0e30 Exception <a 'java/lang/NoSuchMethodError'{0x00000000d66ee328}: 'java.lang.Object java.lang.invoke.DirectMethodHandle$Holder.invokeSpecial(java.lang.Object, java.lang.Object, java.lang.Object, java.lang.Object, int, java.lang.Object)'> (0x00000000d66ee328) 
thrown [s\src\hotspot\share\interpreter\linkResolver.cpp, line 773]
Event: 13.587 Thread 0x000001ea8b6b0e30 Exception <a 'java/lang/NoSuchMethodError'{0x00000000d66f1e68}: 'java.lang.Object java.lang.invoke.Invokers$Holder.linkToTargetMethod(java.lang.Object, java.lang.Object, int, java.lang.Object, java.lang.Object)'> (0x00000000d66f1e68) 
thrown [s\src\hotspot\share\interpreter\linkResolver.cpp, line 773]
Event: 13.589 Thread 0x000001ea8becb3f0 Exception <a 'java/lang/NoSuchMethodError'{0x00000000d6621f40}: 'java.lang.Object java.lang.invoke.DirectMethodHandle$Holder.invokeSpecial(java.lang.Object, java.lang.Object, int, java.lang.Object, java.lang.Object)'> (0x00000000d6621f40) 
thrown [s\src\hotspot\share\interpreter\linkResolver.cpp, line 773]
Event: 13.590 Thread 0x000001ea8becb3f0 Exception <a 'java/lang/NoSuchMethodError'{0x00000000d6628c78}: 'java.lang.Object java.lang.invoke.DirectMethodHandle$Holder.newInvokeSpecial(java.lang.Object, java.lang.Object, int, java.lang.Object)'> (0x00000000d6628c78) 
thrown [s\src\hotspot\share\interpreter\linkResolver.cpp, line 773]
Event: 13.591 Thread 0x000001ea8becb3f0 Exception <a 'java/lang/NoSuchMethodError'{0x00000000d662c558}: 'java.lang.Object java.lang.invoke.DirectMethodHandle$Holder.invokeSpecial(java.lang.Object, java.lang.Object, java.lang.Object, int, java.lang.Object)'> (0x00000000d662c558) 
thrown [s\src\hotspot\share\interpreter\linkResolver.cpp, line 773]
Event: 13.765 Thread 0x000001ea8b6b0e30 Exception <a 'java/lang/NoSuchMethodError'{0x00000000d6825908}: 'void java.lang.invoke.DirectMethodHandle$Holder.invokeSpecial(java.lang.Object, java.lang.Object, java.lang.Object, java.lang.Object, java.lang.Object)'> (0x00000000d6825908) 
thrown [s\src\hotspot\share\interpreter\linkResolver.cpp, line 773]
Event: 14.001 Thread 0x000001ea8b6b0e30 Exception <a 'java/lang/NoSuchMethodError'{0x00000000d6b22660}: 'double java.lang.invoke.DirectMethodHandle$Holder.invokeStatic(java.lang.Object, java.lang.Object)'> (0x00000000d6b22660) 
thrown [s\src\hotspot\share\interpreter\linkResolver.cpp, line 773]
Event: 14.003 Thread 0x000001ea8b6b0e30 Exception <a 'java/lang/NoSuchMethodError'{0x00000000d6b25d20}: 'double java.lang.invoke.DirectMethodHandle$Holder.invokeStaticInit(java.lang.Object, java.lang.Object)'> (0x00000000d6b25d20) 
thrown [s\src\hotspot\share\interpreter\linkResolver.cpp, line 773]
Event: 15.289 Thread 0x000001ea8b6b0e30 Implicit null exception at 0x000001ea3cd4fc75 to 0x000001ea3cd4fd68

ZGC Phase Switch (0 events):
No events

VM Operations (20 events):
Event: 12.207 Executing non-safepoint VM operation: HandshakeAllThreads (Deoptimize)
Event: 12.207 Executing non-safepoint VM operation: HandshakeAllThreads (Deoptimize) done
Event: 12.246 Executing non-safepoint VM operation: HandshakeAllThreads (Deoptimize)
Event: 12.246 Executing non-safepoint VM operation: HandshakeAllThreads (Deoptimize) done
Event: 12.737 Executing non-safepoint VM operation: HandshakeAllThreads (Deoptimize)
Event: 12.737 Executing non-safepoint VM operation: HandshakeAllThreads (Deoptimize) done
Event: 13.118 Executing non-safepoint VM operation: HandshakeAllThreads (Deoptimize)
Event: 13.118 Executing non-safepoint VM operation: HandshakeAllThreads (Deoptimize) done
Event: 13.118 Executing safepoint VM operation: Cleanup
Event: 13.118 Executing safepoint VM operation: Cleanup done
Event: 14.130 Executing safepoint VM operation: Cleanup
Event: 14.131 Executing safepoint VM operation: Cleanup done
Event: 14.179 Executing safepoint VM operation: ParallelGCFailedAllocation (Allocation Failure)
Event: 14.194 Executing safepoint VM operation: ParallelGCFailedAllocation (Allocation Failure) done
Event: 15.210 Executing safepoint VM operation: Cleanup
Event: 15.211 Executing safepoint VM operation: Cleanup done
Event: 15.269 Executing safepoint VM operation: ParallelGCFailedAllocation (Allocation Failure)
Event: 15.281 Executing safepoint VM operation: ParallelGCFailedAllocation (Allocation Failure) done
Event: 15.328 Executing safepoint VM operation: CollectForMetadataAllocation (Metadata GC Threshold)
Event: 15.404 Executing safepoint VM operation: CollectForMetadataAllocation (Metadata GC Threshold) done

Memory protections (0 events):
No events

Nmethod flushes (0 events):
No events

Events (20 events):
Event: 5.056 Thread 0x000001ea8bdc1b80 Thread exited: 0x000001ea8bdc1b80
Event: 5.056 Thread 0x000001ea8bd47e50 Thread exited: 0x000001ea8bd47e50
Event: 6.384 Thread 0x000001ea31f489b0 Thread added: 0x000001ea8bd352d0
Event: 6.956 Thread 0x000001ea8b357a30 Thread added: 0x000001ea8b380e30
Event: 7.162 Thread 0x000001ea8b380e30 Thread exited: 0x000001ea8b380e30
Event: 7.971 Thread 0x000001ea31f489b0 Thread added: 0x000001ea8bd62540
Event: 7.989 Thread 0x000001ea31f489b0 Thread added: 0x000001ea8b6b0e30
Event: 8.481 Thread 0x000001ea8b6b0e30 Thread added: 0x000001ea8b9f8080
Event: 9.787 Thread 0x000001ea8b357a30 Thread added: 0x000001ea8b60faf0
Event: 9.787 Thread 0x000001ea8b357a30 Thread added: 0x000001ea8b6101a0
Event: 9.958 Thread 0x000001ea8b6101a0 Thread exited: 0x000001ea8b6101a0
Event: 9.977 Thread 0x000001ea8b60faf0 Thread exited: 0x000001ea8b60faf0
Event: 11.160 Thread 0x000001ea8b6b0e30 Thread added: 0x000001ea9002a870
Event: 12.285 Thread 0x000001ea8b357a30 Thread added: 0x000001ea8b954b60
Event: 13.028 Thread 0x000001ea8b954b60 Thread exited: 0x000001ea8b954b60
Event: 13.177 Thread 0x000001ea8b6b0e30 Thread added: 0x000001ea903dcd70
Event: 13.408 Thread 0x000001ea8b6b0e30 Thread added: 0x000001ea8becb3f0
Event: 13.605 Thread 0x000001ea8b6b0e30 Thread added: 0x000001ea8b5fc950
Event: 13.944 Thread 0x000001ea8b357a30 Thread added: 0x000001ea9044a200
Event: 14.780 Thread 0x000001ea9044a200 Thread exited: 0x000001ea9044a200


Dynamic libraries:
0x00007ff790220000 - 0x00007ff79022e000 	c:\Users\PC\.vscode\extensions\redhat.java-1.56.0-win32-x64\jre\21.0.12.1-win32-x86_64\bin\java.exe
0x00007fff75ad0000 - 0x00007fff75cc8000 	C:\Windows\SYSTEM32\ntdll.dll
0x00007fff759c0000 - 0x00007fff75a82000 	C:\Windows\System32\KERNEL32.DLL
0x00007fff73520000 - 0x00007fff73816000 	C:\Windows\System32\KERNELBASE.dll
0x00007fff73200000 - 0x00007fff73300000 	C:\Windows\System32\ucrtbase.dll
0x00007fff6ca10000 - 0x00007fff6ca28000 	c:\Users\PC\.vscode\extensions\redhat.java-1.56.0-win32-x64\jre\21.0.12.1-win32-x86_64\bin\jli.dll
0x00007fff752f0000 - 0x00007fff75491000 	C:\Windows\System32\USER32.dll
0x00007fff73950000 - 0x00007fff73972000 	C:\Windows\System32\win32u.dll
0x00007fff75030000 - 0x00007fff7505b000 	C:\Windows\System32\GDI32.dll
0x00007fff739d0000 - 0x00007fff73ae9000 	C:\Windows\System32\gdi32full.dll
0x00007fff73160000 - 0x00007fff731fd000 	C:\Windows\System32\msvcp_win.dll
0x00007fff6c020000 - 0x00007fff6c03e000 	c:\Users\PC\.vscode\extensions\redhat.java-1.56.0-win32-x64\jre\21.0.12.1-win32-x86_64\bin\VCRUNTIME140.dll
0x00007fff5fc60000 - 0x00007fff5fefb000 	C:\Windows\WinSxS\amd64_microsoft.windows.common-controls_6595b64144ccf1df_6.0.19041.6456_none_60b8a6cb71f64256\COMCTL32.dll
0x00007fff73de0000 - 0x00007fff73e7e000 	C:\Windows\System32\msvcrt.dll
0x00007fff75510000 - 0x00007fff7553f000 	C:\Windows\System32\IMM32.DLL
0x00007fff6dd30000 - 0x00007fff6dd3c000 	c:\Users\PC\.vscode\extensions\redhat.java-1.56.0-win32-x64\jre\21.0.12.1-win32-x86_64\bin\vcruntime140_1.dll
0x00007fff47d80000 - 0x00007fff47e0d000 	c:\Users\PC\.vscode\extensions\redhat.java-1.56.0-win32-x64\jre\21.0.12.1-win32-x86_64\bin\msvcp140.dll
0x00007fff2e290000 - 0x00007fff2f032000 	c:\Users\PC\.vscode\extensions\redhat.java-1.56.0-win32-x64\jre\21.0.12.1-win32-x86_64\bin\server\jvm.dll
0x00007fff73e80000 - 0x00007fff73f31000 	C:\Windows\System32\ADVAPI32.dll
0x00007fff74690000 - 0x00007fff7472f000 	C:\Windows\System32\sechost.dll
0x00007fff73cc0000 - 0x00007fff73de0000 	C:\Windows\System32\RPCRT4.dll
0x00007fff734f0000 - 0x00007fff73517000 	C:\Windows\System32\bcrypt.dll
0x00007fff754a0000 - 0x00007fff7550b000 	C:\Windows\System32\WS2_32.dll
0x00007fff72660000 - 0x00007fff726ab000 	C:\Windows\SYSTEM32\POWRPROF.dll
0x00007fff5f2f0000 - 0x00007fff5f317000 	C:\Windows\SYSTEM32\WINMM.dll
0x00007fff5c220000 - 0x00007fff5c22a000 	C:\Windows\SYSTEM32\VERSION.dll
0x00007fff72520000 - 0x00007fff72532000 	C:\Windows\SYSTEM32\UMPDC.dll
0x00007fff71930000 - 0x00007fff71942000 	C:\Windows\SYSTEM32\kernel.appcore.dll
0x00007fff6d600000 - 0x00007fff6d60a000 	c:\Users\PC\.vscode\extensions\redhat.java-1.56.0-win32-x64\jre\21.0.12.1-win32-x86_64\bin\jimage.dll
0x00007fff71630000 - 0x00007fff71831000 	C:\Windows\SYSTEM32\DBGHELP.DLL
0x00007fff59c70000 - 0x00007fff59ca4000 	C:\Windows\SYSTEM32\dbgcore.DLL
0x00007fff73460000 - 0x00007fff734e2000 	C:\Windows\System32\bcryptPrimitives.dll
0x00007fff6bfe0000 - 0x00007fff6bfef000 	c:\Users\PC\.vscode\extensions\redhat.java-1.56.0-win32-x64\jre\21.0.12.1-win32-x86_64\bin\instrument.dll
0x00007fff6ac40000 - 0x00007fff6ac60000 	c:\Users\PC\.vscode\extensions\redhat.java-1.56.0-win32-x64\jre\21.0.12.1-win32-x86_64\bin\java.dll
0x00007fff748c0000 - 0x00007fff75030000 	C:\Windows\System32\SHELL32.dll
0x00007fff70e80000 - 0x00007fff71625000 	C:\Windows\SYSTEM32\windows.storage.dll
0x00007fff74240000 - 0x00007fff74594000 	C:\Windows\System32\combase.dll
0x00007fff72ab0000 - 0x00007fff72adb000 	C:\Windows\SYSTEM32\Wldp.dll
0x00007fff73fa0000 - 0x00007fff7406d000 	C:\Windows\System32\OLEAUT32.dll
0x00007fff740d0000 - 0x00007fff7417d000 	C:\Windows\System32\SHCORE.dll
0x00007fff74730000 - 0x00007fff7478b000 	C:\Windows\System32\shlwapi.dll
0x00007fff73090000 - 0x00007fff730b4000 	C:\Windows\SYSTEM32\profapi.dll
0x00007fff6a7a0000 - 0x00007fff6a7b8000 	c:\Users\PC\.vscode\extensions\redhat.java-1.56.0-win32-x64\jre\21.0.12.1-win32-x86_64\bin\zip.dll
0x00007fff6bfd0000 - 0x00007fff6bfe0000 	C:\Users\PC\.vscode\extensions\redhat.java-1.56.0-win32-x64\jre\21.0.12.1-win32-x86_64\bin\net.dll
0x00007fff6f720000 - 0x00007fff6f82a000 	C:\Windows\SYSTEM32\WINHTTP.dll
0x00007fff72890000 - 0x00007fff728fa000 	C:\Windows\system32\mswsock.dll
0x00007fff6a770000 - 0x00007fff6a786000 	C:\Users\PC\.vscode\extensions\redhat.java-1.56.0-win32-x64\jre\21.0.12.1-win32-x86_64\bin\nio.dll
0x00007fff6bab0000 - 0x00007fff6bac0000 	c:\Users\PC\.vscode\extensions\redhat.java-1.56.0-win32-x64\jre\21.0.12.1-win32-x86_64\bin\verify.dll
0x00007fff5e200000 - 0x00007fff5e245000 	C:\Users\PC\AppData\Roaming\Code\User\globalStorage\redhat.java\1.56.0\config_ss_win\org.eclipse.equinox.launcher\org.eclipse.equinox.launcher.win32.win32.x86_64_1.3.100.v20260804-1928\eclipse_11924.dll
0x00007fff74790000 - 0x00007fff748bb000 	C:\Windows\System32\ole32.dll
0x00007fff72af0000 - 0x00007fff72b08000 	C:\Windows\SYSTEM32\CRYPTSP.dll
0x00007fff72160000 - 0x00007fff72198000 	C:\Windows\system32\rsaenh.dll
0x00007fff73010000 - 0x00007fff7303e000 	C:\Windows\SYSTEM32\USERENV.dll
0x00007fff72a20000 - 0x00007fff72a2c000 	C:\Windows\SYSTEM32\CRYPTBASE.dll
0x00007fff72540000 - 0x00007fff7257b000 	C:\Windows\SYSTEM32\IPHLPAPI.DLL
0x00007fff74210000 - 0x00007fff74218000 	C:\Windows\System32\NSI.dll
0x00007fff5def0000 - 0x00007fff5df39000 	C:\Users\PC\AppData\Local\Temp\jna-2547\jna15039938524535392836.dll
0x00007fff75540000 - 0x00007fff75548000 	C:\Windows\System32\PSAPI.DLL

JVMTI agents:
c:\Users\PC\.vscode\extensions\redhat.java-1.56.0-win32-x64\lombok\lombok-1.18.39-4050.jar path:c:\Users\PC\.vscode\extensions\redhat.java-1.56.0-win32-x64\jre\21.0.12.1-win32-x86_64\bin\instrument.dll, loaded, initialized, instrumentlib options:none

dbghelp: loaded successfully - version: 4.0.5 - missing functions: none
symbol engine: initialized successfully - sym options: 0x614 - pdb path: .;c:\Users\PC\.vscode\extensions\redhat.java-1.56.0-win32-x64\jre\21.0.12.1-win32-x86_64\bin;C:\Windows\SYSTEM32;C:\Windows\WinSxS\amd64_microsoft.windows.common-controls_6595b64144ccf1df_6.0.19041.6456_none_60b8a6cb71f64256;c:\Users\PC\.vscode\extensions\redhat.java-1.56.0-win32-x64\jre\21.0.12.1-win32-x86_64\bin\server;C:\Users\PC\AppData\Roaming\Code\User\globalStorage\redhat.java\1.56.0\config_ss_win\org.eclipse.equinox.launcher\org.eclipse.equinox.launcher.win32.win32.x86_64_1.3.100.v20260804-1928;C:\Users\PC\AppData\Local\Temp\jna-2547

VM Arguments:
jvm_args: --add-modules=ALL-SYSTEM --add-opens=java.base/java.util=ALL-UNNAMED --add-opens=java.base/java.lang=ALL-UNNAMED --add-opens=java.base/sun.nio.fs=ALL-UNNAMED -Declipse.application=org.eclipse.jdt.ls.core.id1 -Dosgi.bundles.defaultStartLevel=4 -Declipse.product=org.eclipse.jdt.ls.core.product -Djava.import.generatesMetadataFilesAtProjectRoot=false -Dm2e.project.cache.size=50 -DDetectVMInstallationsJob.disabled=true -Dfile.encoding=utf8 -XX:+UseParallelGC -XX:GCTimeRatio=4 -XX:AdaptiveSizePolicyWeight=90 -Dsun.zip.disableMemoryMapping=true -Xmx2G -Xms100m -Xlog:disable -javaagent:c:\Users\PC\.vscode\extensions\redhat.java-1.56.0-win32-x64\lombok\lombok-1.18.39-4050.jar 
java_command: c:\Users\PC\.vscode\extensions\redhat.java-1.56.0-win32-x64\server\plugins\org.eclipse.equinox.launcher_1.8.0.v20260804-1928.jar -configuration c:\Users\PC\AppData\Roaming\Code\User\globalStorage\redhat.java\1.56.0\config_ss_win -data c:\Users\PC\AppData\Roaming\Code\User\workspaceStorage\ec1410200dd7bcd3f80d97ac2a3ddf05\redhat.java\ss_ws --pipe=\\.\pipe\lsp-651f1c4ec72b8e9c1f88774426a197c2-sock
java_class_path (initial): c:\Users\PC\.vscode\extensions\redhat.java-1.56.0-win32-x64\server\plugins\org.eclipse.equinox.launcher_1.8.0.v20260804-1928.jar
Launcher Type: SUN_STANDARD

[Global flags]
    uintx AdaptiveSizePolicyWeight                 = 90                                        {product} {command line}
     intx CICompilerCount                          = 4                                         {product} {ergonomic}
    uintx GCTimeRatio                              = 4                                         {product} {command line}
   size_t InitialHeapSize                          = 104857600                                 {product} {command line}
   size_t MaxHeapSize                              = 2147483648                                {product} {command line}
   size_t MaxNewSize                               = 715653120                                 {product} {ergonomic}
   size_t MinHeapDeltaBytes                        = 524288                                    {product} {ergonomic}
   size_t MinHeapSize                              = 104857600                                 {product} {command line}
   size_t NewSize                                  = 34603008                                  {product} {ergonomic}
    uintx NonNMethodCodeHeapSize                   = 5839372                                {pd product} {ergonomic}
    uintx NonProfiledCodeHeapSize                  = 122909434                              {pd product} {ergonomic}
   size_t OldSize                                  = 70254592                                  {product} {ergonomic}
    uintx ProfiledCodeHeapSize                     = 122909434                              {pd product} {ergonomic}
    uintx ReservedCodeCacheSize                    = 251658240                              {pd product} {ergonomic}
     bool SegmentedCodeCache                       = true                                      {product} {ergonomic}
   size_t SoftMaxHeapSize                          = 2147483648                             {manageable} {ergonomic}
     bool UseCompressedOops                        = true                           {product lp64_product} {ergonomic}
     bool UseLargePagesIndividualAllocation        = false                                  {pd product} {ergonomic}
     bool UseParallelGC                            = true                                      {product} {command line}

Logging:
Log output configuration:
 #0: stdout all=off uptime,level,tags foldmultilines=false
 #1: stderr all=off uptime,level,tags foldmultilines=false

Release file:
JAVA_VERSION="21.0.12.1" 
MODULES="java.base java.compiler java.datatransfer java.xml java.prefs java.desktop java.instrument java.logging java.management java.security.sasl java.naming java.rmi java.management.rmi java.net.http java.scripting java.security.jgss java.transaction.xa java.sql java.sql.rowset java.xml.crypto java.se java.smartcardio jdk.accessibility jdk.internal.jvmstat jdk.attach jdk.charsets jdk.internal.opt jdk.zipfs jdk.compiler jdk.crypto.ec jdk.crypto.cryptoki jdk.crypto.mscapi jdk.dynalink jdk.internal.ed jdk.editpad jdk.hotspot.agent jdk.httpserver jdk.internal.le jdk.internal.vm.ci jdk.internal.vm.compiler jdk.internal.vm.compiler.management jdk.jartool jdk.javadoc jdk.jcmd jdk.management jdk.management.agent jdk.jconsole jdk.jdeps jdk.jdwp.agent jdk.jdi jdk.jfr jdk.jshell jdk.jsobject jdk.jstatd jdk.localedata jdk.management.jfr jdk.naming.dns jdk.naming.rmi jdk.net jdk.nio.mapmode jdk.random jdk.sctp jdk.security.auth jdk.security.jgss jdk.unsupported jdk.unsupported.desktop jdk.xml.dom" 

Environment Variables:
PATH=C:\Program Files\Eclipse Adoptium\jdk-25.0.2.10-hotspot\bin;C:\app\PC\product\21c\dbhomeXE\bin;C:\Program Files\Eclipse Adoptium\jdk-8.0.382.5-hotspot\bin;C:\Program Files\Eclipse Adoptium\jdk-17.0.17.10-hotspot\bin;C:\Program Files (x86)\Common Files\Oracle\Java\javapath;C:\Windows\system32;C:\Windows;C:\Windows\System32\Wbem;C:\Windows\System32\WindowsPowerShell\v1.0\;C:\Windows\System32\OpenSSH\;C:\msys64\mingw64\bin;C:\Program Files\MySQL\MySQL Server 8.0\bin;C:\Program Files\Microsoft SQL Server\150\Tools\Binn\;C:\Program Files\Microsoft SQL Server\Client SDK\ODBC\170\Tools\Binn\;C:\Program Files\dotnet\;C:\Program Files (x86)\Windows Kits\10\Windows Performance Toolkit\;%MAVEN_HOME%\bin;C:\Program Files\ZeroC\Ice-3.7.9\bin;C:\Program Files (x86)\Microsoft SQL Server\170\Tools\Binn\;C:\Program Files\Microsoft SQL Server\170\Tools\Binn\;C:\Program Files\Microsoft SQL Server\Client SDK\ODBC\180\Tools\Binn\;C:\Program Files\Microsoft SQL Server\170\DTS\Binn\;C:\Program Files\Git\cmd;C:\Program Files\nodejs\;C:\Program Files\WSL\;C:\Users\PC\Desktop\sonar-scanner-cli-5.0.1.3006-windows\sonar-scanner-5.0.1.3006-windows\bin;C:\Users\PC\AppData\Local\Programs\Python\Python314\Scripts\;C:\Users\PC\AppData\Local\Programs\Python\Python314\;C:\Program Files\MySQL\MySQL Shell 8.0\bin\;C:\Users\PC\AppData\Local\Microsoft\WindowsApps;C:\Users\PC\AppData\Local\Programs\Microsoft VS Code\bin;C:\Users\PC\.dotnet\tools;C:\Users\PC\AppData\Roaming\npm;C:\Program Files\nodejs\;C:\Users\PC\AppData\Local\Programs\Python\Python314;C:\Users\PC\AppData\Local\Programs\Python\Python314\Scripts;C:\Users\PC\Desktop\apache-maven-3.9.16-bin\bin;C:\Users\PC\Desktop\sonar-scanner-cli-5.0.1.3006-windows\sonar-scanner-5.0.1.3006-windows\bin;
USERNAME=PC
OS=Windows_NT
PROCESSOR_IDENTIFIER=Intel64 Family 6 Model 142 Stepping 10, GenuineIntel
TMP=C:\Users\PC\AppData\Local\Temp
TEMP=C:\Users\PC\AppData\Local\Temp




Periodic native trim disabled

---------------  S Y S T E M  ---------------

OS:
 Windows 10 , 64 bit Build 19041 (10.0.19041.5915)
OS uptime: 0 days 4:26 hours
Hyper-V role detected

CPU: total 8 (initial active 8) (4 cores per cpu, 2 threads per core) family 6 model 142 stepping 10 microcode 0xb4, cx8, cmov, fxsr, ht, mmx, 3dnowpref, sse, sse2, sse3, ssse3, sse4.1, sse4.2, popcnt, lzcnt, tsc, tscinvbit, avx, avx2, aes, erms, clmul, bmi1, bmi2, adx, fma, vzeroupper, clflush, clflushopt, hv, rdtscp, f16c
Processor Information for the first 8 processors :
  Max Mhz: 1800, Current Mhz: 1600, Mhz Limit: 1584

Memory: 4k page, system-wide physical 8042M (492M free)
TotalPageFile size 17965M (AvailPageFile size 4M)
current process WorkingSet (physical memory assigned to process): 139M, peak: 139M
current process commit charge ("private bytes"): 276M, peak: 277M

vm_info: OpenJDK 64-Bit Server VM (21.0.12.1+1-LTS) for windows-amd64 JRE (21.0.12.1+1-LTS), built on 2026-08-18T00:00:00Z by "admin" with MS VC++ 17.12 (VS2022)

END.
