#
# There is insufficient memory for the Java Runtime Environment to continue.
# Native memory allocation (malloc) failed to allocate 1175536 bytes. Error detail: Chunk::new
# Possible reasons:
#   The system is out of physical RAM or swap space
#   This process is running with CompressedOops enabled, and the Java Heap may be blocking the growth of the native heap
# Possible solutions:
#   Reduce memory load on the system
#   Increase physical memory or swap space
#   Check if swap backing store is full
#   Decrease Java heap size (-Xmx/-Xms)
#   Decrease number of Java threads
#   Decrease Java thread stack sizes (-Xss)
#   Set larger code cache with -XX:ReservedCodeCacheSize=
#   JVM is running with Unscaled Compressed Oops mode in which the Java heap is
#     placed in the first 4GB address space. The Java Heap base address is the
#     maximum limit for the native heap growth. Please use -XX:HeapBaseMinAddress
#     to set the Java Heap base and to place the Java Heap above 4GB virtual address.
# This output file may be truncated or incomplete.
#
#  Out of Memory Error (arena.cpp:168), pid=7780, tid=16004
#
# JRE version: OpenJDK Runtime Environment Temurin-21.0.12.1+1 (21.0.12.1+1) (build 21.0.12.1+1-LTS)
# Java VM: OpenJDK 64-Bit Server VM Temurin-21.0.12.1+1 (21.0.12.1+1-LTS, mixed mode, sharing, tiered, compressed oops, compressed class ptrs, parallel gc, windows-amd64)
# No core dump will be written. Minidumps are not enabled by default on client versions of Windows
#

---------------  S U M M A R Y ------------

Command Line: --add-modules=ALL-SYSTEM --add-opens=java.base/java.util=ALL-UNNAMED --add-opens=java.base/java.lang=ALL-UNNAMED --add-opens=java.base/sun.nio.fs=ALL-UNNAMED -Declipse.application=org.eclipse.jdt.ls.core.id1 -Dosgi.bundles.defaultStartLevel=4 -Declipse.product=org.eclipse.jdt.ls.core.product -Djava.import.generatesMetadataFilesAtProjectRoot=false -Dm2e.project.cache.size=50 -DDetectVMInstallationsJob.disabled=true -Dfile.encoding=utf8 -XX:+UseParallelGC -XX:GCTimeRatio=4 -XX:AdaptiveSizePolicyWeight=90 -Dsun.zip.disableMemoryMapping=true -Xmx2G -Xms100m -Xlog:disable -javaagent:c:\Users\PC\.vscode\extensions\redhat.java-1.56.0-win32-x64\lombok\lombok-1.18.39-4050.jar -XX:+HeapDumpOnOutOfMemoryError -XX:HeapDumpPath=c:\Users\PC\AppData\Roaming\Code\User\workspaceStorage\ec1410200dd7bcd3f80d97ac2a3ddf05\redhat.java -Daether.dependencyCollector.impl=bf c:\Users\PC\.vscode\extensions\redhat.java-1.56.0-win32-x64\server\plugins\org.eclipse.equinox.launcher_1.8.0.v20260804-1928.jar -configuration c:\Users\PC\AppData\Roaming\Code\User\globalStorage\redhat.java\1.56.0\config_win -data c:\Users\PC\AppData\Roaming\Code\User\workspaceStorage\ec1410200dd7bcd3f80d97ac2a3ddf05\redhat.java\jdt_ws --stdio

Host: Intel(R) Core(TM) i5-8250U CPU @ 1.60GHz, 8 cores, 7G,  Windows 10 , 64 bit Build 19041 (10.0.19041.5915)
Time: Thu Oct  1 17:38:57 2026 Morocco Standard Time elapsed time: 9118.355018 seconds (0d 2h 31m 58s)

---------------  T H R E A D  ---------------

Current thread (0x00000146e7fabaa0):  JavaThread "C2 CompilerThread0" daemon [_thread_in_native, id=16004, stack(0x0000004624a00000,0x0000004624b00000) (1024K)]


Current CompileTask:
C2:9118355 11608       4       org.eclipse.jdt.internal.compiler.lookup.BinaryTypeBinding::createMethod (1666 bytes)

Stack: [0x0000004624a00000,0x0000004624b00000]
Native frames: (J=compiled Java code, j=interpreted, Vv=VM code, C=native code)
V  [jvm.dll+0x6d83e9]
V  [jvm.dll+0x8b5736]
V  [jvm.dll+0x8b7cee]
V  [jvm.dll+0x8b83d3]
V  [jvm.dll+0x284596]
V  [jvm.dll+0xc685d]
V  [jvm.dll+0xc6da1]
V  [jvm.dll+0x3bf151]
V  [jvm.dll+0x1e3f42]
V  [jvm.dll+0x24c853]
V  [jvm.dll+0x24bce0]
V  [jvm.dll+0x1cb4ae]
V  [jvm.dll+0x25baad]
V  [jvm.dll+0x25a03a]
V  [jvm.dll+0x3f8aae]
V  [jvm.dll+0x8600cd]
V  [jvm.dll+0x6d6c1d]
C  [ucrtbase.dll+0x21bb2]
C  [KERNEL32.DLL+0x17374]
C  [ntdll.dll+0x4cc91]


---------------  P R O C E S S  ---------------

Threads class SMR info:
_java_thread_list=0x00000146f2018700, length=46, elements={
0x00000146cf1b90d0, 0x00000146e7fa1350, 0x00000146e7fa2800, 0x00000146e7fa6040,
0x00000146e7fa6ca0, 0x00000146e7faa200, 0x00000146e7faac60, 0x00000146e7fabaa0,
0x00000146e7fd4b10, 0x00000146e99c4ed0, 0x00000146e9b46c10, 0x00000146ee4b8310,
0x00000146ee757300, 0x00000146ee7d4f80, 0x00000146ee82c080, 0x00000146eeebc350,
0x00000146ee4512a0, 0x00000146eebad0b0, 0x00000146e98c5ad0, 0x00000146ef3c1540,
0x00000146ef3c28f0, 0x00000146effc3f60, 0x00000146effc6030, 0x00000146effc59a0,
0x00000146effc4c80, 0x00000146ee315480, 0x00000146ee30ff30, 0x00000146ee3133b0,
0x00000146ee312d20, 0x00000146ee3112e0, 0x00000146ee314760, 0x00000146ee310c50,
0x00000146ee30f210, 0x00000146ee311970, 0x00000146ee313a40, 0x00000146ef3c2260,
0x00000146ee3140d0, 0x00000146ee314df0, 0x00000146f29d4370, 0x00000146f29cf4b0,
0x00000146f29d0860, 0x00000146f29d1580, 0x00000146f29d1c10, 0x00000146f29cda70,
0x00000146f0b0e870, 0x00000146f29d2930
}

Java Threads: ( => current thread )
  0x00000146cf1b90d0 JavaThread "main"                              [_thread_blocked, id=9232, stack(0x0000004624000000,0x0000004624100000) (1024K)]
  0x00000146e7fa1350 JavaThread "Reference Handler"          daemon [_thread_blocked, id=22064, stack(0x0000004624400000,0x0000004624500000) (1024K)]
  0x00000146e7fa2800 JavaThread "Finalizer"                  daemon [_thread_blocked, id=19176, stack(0x0000004624500000,0x0000004624600000) (1024K)]
  0x00000146e7fa6040 JavaThread "Signal Dispatcher"          daemon [_thread_blocked, id=4004, stack(0x0000004624600000,0x0000004624700000) (1024K)]
  0x00000146e7fa6ca0 JavaThread "Attach Listener"            daemon [_thread_blocked, id=20708, stack(0x0000004624700000,0x0000004624800000) (1024K)]
  0x00000146e7faa200 JavaThread "Service Thread"             daemon [_thread_blocked, id=2392, stack(0x0000004624800000,0x0000004624900000) (1024K)]
  0x00000146e7faac60 JavaThread "Monitor Deflation Thread"   daemon [_thread_blocked, id=22164, stack(0x0000004624900000,0x0000004624a00000) (1024K)]
=>0x00000146e7fabaa0 JavaThread "C2 CompilerThread0"         daemon [_thread_in_native, id=16004, stack(0x0000004624a00000,0x0000004624b00000) (1024K)]
  0x00000146e7fd4b10 JavaThread "C1 CompilerThread0"         daemon [_thread_blocked, id=21164, stack(0x0000004624b00000,0x0000004624c00000) (1024K)]
  0x00000146e99c4ed0 JavaThread "Common-Cleaner"             daemon [_thread_blocked, id=21048, stack(0x0000004624d00000,0x0000004624e00000) (1024K)]
  0x00000146e9b46c10 JavaThread "Notification Thread"        daemon [_thread_blocked, id=2324, stack(0x0000004624c00000,0x0000004624d00000) (1024K)]
  0x00000146ee4b8310 JavaThread "Active Thread: Equinox Container: eead840c-89d5-4bbf-a646-00a58c730c30"        [_thread_blocked, id=8500, stack(0x0000004624e00000,0x0000004624f00000) (1024K)]
  0x00000146ee757300 JavaThread "Refresh Thread: Equinox Container: eead840c-89d5-4bbf-a646-00a58c730c30" daemon [_thread_blocked, id=20416, stack(0x0000004625700000,0x0000004625800000) (1024K)]
  0x00000146ee7d4f80 JavaThread "Framework Event Dispatcher: Equinox Container: eead840c-89d5-4bbf-a646-00a58c730c30" daemon [_thread_blocked, id=13180, stack(0x0000004625500000,0x0000004625600000) (1024K)]
  0x00000146ee82c080 JavaThread "Start Level: Equinox Container: eead840c-89d5-4bbf-a646-00a58c730c30" daemon [_thread_blocked, id=20072, stack(0x0000004625800000,0x0000004625900000) (1024K)]
  0x00000146eeebc350 JavaThread "Bundle File Closer"         daemon [_thread_blocked, id=20152, stack(0x0000004625b00000,0x0000004625c00000) (1024K)]
  0x00000146ee4512a0 JavaThread "SCR Component Actor"        daemon [_thread_blocked, id=18256, stack(0x0000004625900000,0x0000004625a00000) (1024K)]
  0x00000146eebad0b0 JavaThread "Worker-JM"                         [_thread_blocked, id=15164, stack(0x0000004625a00000,0x0000004625b00000) (1024K)]
  0x00000146e98c5ad0 JavaThread "JNA Cleaner"                daemon [_thread_blocked, id=20836, stack(0x0000004625c00000,0x0000004625d00000) (1024K)]
  0x00000146ef3c1540 JavaThread "Worker-1"                          [_thread_blocked, id=20524, stack(0x0000004625e00000,0x0000004625f00000) (1024K)]
  0x00000146ef3c28f0 JavaThread "Java indexing"              daemon [_thread_in_native, id=9756, stack(0x0000004626200000,0x0000004626300000) (1024K)]
  0x00000146effc3f60 JavaThread "Worker-4"                          [_thread_blocked, id=8920, stack(0x0000004626600000,0x0000004626700000) (1024K)]
  0x00000146effc6030 JavaThread "pool-2-thread-1"                   [_thread_blocked, id=4044, stack(0x0000004626700000,0x0000004626800000) (1024K)]
  0x00000146effc59a0 JavaThread "WorkspaceEventsHandler"            [_thread_blocked, id=22080, stack(0x0000004626800000,0x0000004626900000) (1024K)]
  0x00000146effc4c80 JavaThread "pool-1-thread-1"                   [_thread_in_native, id=23200, stack(0x0000004626900000,0x0000004626a00000) (1024K)]
  0x00000146ee315480 JavaThread "LocalFile Deleter"          daemon [_thread_blocked, id=22628, stack(0x0000004623e00000,0x0000004623f00000) (1024K)]
  0x00000146ee30ff30 JavaThread "LocalFile Deleter"          daemon [_thread_blocked, id=12956, stack(0x0000004623f00000,0x0000004624000000) (1024K)]
  0x00000146ee3133b0 JavaThread "LocalFile Deleter"          daemon [_thread_blocked, id=9960, stack(0x0000004625d00000,0x0000004625e00000) (1024K)]
  0x00000146ee312d20 JavaThread "LocalFile Deleter"          daemon [_thread_blocked, id=7088, stack(0x0000004625f00000,0x0000004626000000) (1024K)]
  0x00000146ee3112e0 JavaThread "Compiler Source File Reader" daemon [_thread_blocked, id=6452, stack(0x0000004626000000,0x0000004626100000) (1024K)]
  0x00000146ee314760 JavaThread "Worker-5"                          [_thread_blocked, id=15628, stack(0x0000004623d00000,0x0000004623e00000) (1024K)]
  0x00000146ee310c50 JavaThread "Compiler Processing Task"   daemon [_thread_blocked, id=13164, stack(0x0000004626300000,0x0000004626400000) (1024K)]
  0x00000146ee30f210 JavaThread "Compiler Class File Writer" daemon [_thread_blocked, id=5920, stack(0x0000004626400000,0x0000004626500000) (1024K)]
  0x00000146ee311970 JavaThread "Compiler Source File Reader" daemon [_thread_blocked, id=23888, stack(0x0000004626500000,0x0000004626600000) (1024K)]
  0x00000146ee313a40 JavaThread "Compiler Class File Writer" daemon [_thread_blocked, id=10684, stack(0x0000004626a00000,0x0000004626b00000) (1024K)]
  0x00000146ef3c2260 JavaThread "ForkJoinPool.commonPool-worker-3" daemon [_thread_in_Java, id=13680, stack(0x0000004626100000,0x0000004626200000) (1024K)]
  0x00000146ee3140d0 JavaThread "PatternSearchJob-worker-8"  daemon [_thread_blocked, id=9520, stack(0x0000004626b00000,0x0000004626c00000) (1024K)]
  0x00000146ee314df0 JavaThread "ForkJoinPool.commonPool-worker-4" daemon [_thread_blocked, id=22204, stack(0x0000004626c00000,0x0000004626d00000) (1024K)]
  0x00000146f29d4370 JavaThread "Compiler Source File Reader" daemon [_thread_blocked, id=4992, stack(0x0000004626e00000,0x0000004626f00000) (1024K)]
  0x00000146f29cf4b0 JavaThread "ForkJoinPool.commonPool-worker-5" daemon [_thread_in_vm, id=808, stack(0x0000004626d00000,0x0000004626e00000) (1024K)]
  0x00000146f29d0860 JavaThread "ForkJoinPool.commonPool-worker-6" daemon [_thread_blocked, id=19600, stack(0x0000004626f00000,0x0000004627000000) (1024K)]
  0x00000146f29d1580 JavaThread "ForkJoinPool.commonPool-worker-7" daemon [_thread_blocked, id=9920, stack(0x0000004627000000,0x0000004627100000) (1024K)]
  0x00000146f29d1c10 JavaThread "ForkJoinPool.commonPool-worker-8" daemon [_thread_blocked, id=20704, stack(0x0000004627100000,0x0000004627200000) (1024K)]
  0x00000146f29cda70 JavaThread "ForkJoinPool.commonPool-worker-9" daemon [_thread_blocked, id=7444, stack(0x0000004627200000,0x0000004627300000) (1024K)]
  0x00000146f0b0e870 JavaThread "C2 CompilerThread1"         daemon [_thread_in_native, id=10300, stack(0x0000004627300000,0x0000004627400000) (1024K)]
  0x00000146f29d2930 JavaThread "Cleaner-0"                  daemon [_thread_blocked, id=25328, stack(0x0000004627400000,0x0000004627500000) (1024K)]
Total: 46

Other Threads:
  0x00000146e7f91c60 VMThread "VM Thread"                           [id=22168, stack(0x0000004624300000,0x0000004624400000) (1024K)]
  0x00000146d15a2520 WatcherThread "VM Periodic Task Thread"        [id=24540, stack(0x0000004624200000,0x0000004624300000) (1024K)]
  0x00000146d1555d30 WorkerThread "GC Thread#0"                     [id=22876, stack(0x0000004624100000,0x0000004624200000) (1024K)]
  0x00000146ee7f54f0 WorkerThread "GC Thread#1"                     [id=19780, stack(0x0000004624f00000,0x0000004625000000) (1024K)]
  0x00000146ee623a00 WorkerThread "GC Thread#2"                     [id=5284, stack(0x0000004625000000,0x0000004625100000) (1024K)]
  0x00000146ee623db0 WorkerThread "GC Thread#3"                     [id=15604, stack(0x0000004625100000,0x0000004625200000) (1024K)]
  0x00000146ee624160 WorkerThread "GC Thread#4"                     [id=10952, stack(0x0000004625200000,0x0000004625300000) (1024K)]
  0x00000146ee4bf440 WorkerThread "GC Thread#5"                     [id=22804, stack(0x0000004625300000,0x0000004625400000) (1024K)]
  0x00000146ee4bf7f0 WorkerThread "GC Thread#6"                     [id=22784, stack(0x0000004625400000,0x0000004625500000) (1024K)]
  0x00000146eeac3680 WorkerThread "GC Thread#7"                     [id=15236, stack(0x0000004625600000,0x0000004625700000) (1024K)]
Total: 10

Threads with active compile tasks:
C2 CompilerThread0  9118432 11608       4       org.eclipse.jdt.internal.compiler.lookup.BinaryTypeBinding::createMethod (1666 bytes)
C1 CompilerThread0  9118432 11786   !   3       org.eclipse.m2e.jdt.internal.ModuleSupport::getModuleInfo (260 bytes)
C2 CompilerThread1  9118432 11744       4       java.util.Properties::load0 (249 bytes)
Total: 3

VM state: not at safepoint (normal execution)

VM Mutex/Monitor currently owned by a thread: None

Heap address: 0x0000000080000000, size: 2048 MB, Compressed Oops mode: 32-bit

CDS archive(s) mapped at: [0x0000014680000000-0x0000014680ba0000-0x0000014680ba0000), size 12189696, SharedBaseAddress: 0x0000014680000000, ArchiveRelocationMode: 1.
Compressed class space mapped at: 0x0000014681000000-0x00000146c1000000, reserved size: 1073741824
Narrow klass base: 0x0000014680000000, Narrow klass shift: 0, Narrow klass range: 0x100000000

GC Precious Log:
 CardTable entry size: 512
 CPUs: 8 total, 8 available
 Memory: 8042M
 Large Page Support: Disabled
 NUMA Support: Disabled
 Compressed Oops: Enabled (32-bit)
 Alignments: Space 512K, Generation 512K, Heap 2M
 Heap Min Capacity: 100M
 Heap Initial Capacity: 100M
 Heap Max Capacity: 2G
 Pre-touch: Disabled
 Parallel Workers: 8

Heap:
 PSYoungGen      total 12800K, used 10551K [0x00000000d5580000, 0x00000000d6a80000, 0x0000000100000000)
  eden space 11776K, 81% used [0x00000000d5580000,0x00000000d5eddf60,0x00000000d6100000)
  from space 1024K, 93% used [0x00000000d6980000,0x00000000d6a70020,0x00000000d6a80000)
  to   space 1024K, 0% used [0x00000000d6880000,0x00000000d6880000,0x00000000d6980000)
 ParOldGen       total 91136K, used 90986K [0x0000000080000000, 0x0000000085900000, 0x00000000d5580000)
  object space 91136K, 99% used [0x0000000080000000,0x00000000858daa48,0x0000000085900000)
 Metaspace       used 68993K, committed 70464K, reserved 1114112K
  class space    used 7259K, committed 7872K, reserved 1048576K

Card table byte_map: [0x00000146d0ee0000,0x00000146d12f0000] _byte_map_base: 0x00000146d0ae0000

Marking Bits: (ParMarkBitMap*) 0x00007fff2ef544a0
 Begin Bits: [0x00000146e39f0000, 0x00000146e59f0000)
 End Bits:   [0x00000146e59f0000, 0x00000146e79f0000)

Polling page: 0x00000146cf500000

Metaspace:

Usage:
  Non-class:     60.29 MB used.
      Class:      7.09 MB used.
       Both:     67.38 MB used.

Virtual space:
  Non-class space:       64.00 MB reserved,      61.12 MB ( 96%) committed,  1 nodes.
      Class space:        1.00 GB reserved,       7.69 MB ( <1%) committed,  1 nodes.
             Both:        1.06 GB reserved,      68.81 MB (  6%) committed. 

Chunk freelists:
   Non-Class:  2.11 MB
       Class:  8.32 MB
        Both:  10.42 MB

MaxMetaspaceSize: unlimited
CompressedClassSpaceSize: 1.00 GB
Initial GC threshold: 21.00 MB
Current GC threshold: 97.31 MB
CDS: on
 - commit_granule_bytes: 65536.
 - commit_granule_words: 8192.
 - virtual_space_node_default_size: 8388608.
 - enlarge_chunks_in_place: 1.
 - use_allocation_guard: 0.


Internal statistics:

num_allocs_failed_limit: 9.
num_arena_births: 1326.
num_arena_deaths: 400.
num_vsnodes_births: 2.
num_vsnodes_deaths: 0.
num_space_committed: 1101.
num_space_uncommitted: 0.
num_chunks_returned_to_freelist: 491.
num_chunks_taken_from_freelist: 4824.
num_chunk_merges: 149.
num_chunk_splits: 2772.
num_chunks_enlarged: 1566.
num_inconsistent_stats: 0.

CodeHeap 'non-profiled nmethods': size=120000Kb used=8300Kb max_used=8300Kb free=111700Kb
 bounds [0x00000146dc210000, 0x00000146dca30000, 0x00000146e3740000]
CodeHeap 'profiled nmethods': size=120000Kb used=24967Kb max_used=24967Kb free=95032Kb
 bounds [0x00000146d4740000, 0x00000146d5fb0000, 0x00000146dbc70000]
CodeHeap 'non-nmethods': size=5760Kb used=1449Kb max_used=1510Kb free=4310Kb
 bounds [0x00000146dbc70000, 0x00000146dbee0000, 0x00000146dc210000]
CodeCache: size=245760Kb, used=34716Kb, max_used=34777Kb, free=211042Kb
 total_blobs=11810, nmethods=11039, adapters=677, full_count=0
Compilation: enabled, stopped_count=0, restarted_count=0

Compilation events (20 events):
Event: 9118.151 Thread 0x00000146e7fd4b10 11739   !   3       org.eclipse.m2e.core.internal.project.registry.ProjectRegistryManager::getMavenProject (64 bytes)
Event: 9118.153 Thread 0x00000146e7fd4b10 nmethod 11739 0x00000146d5f8ad90 code [0x00000146d5f8b000, 0x00000146d5f8bba0]
Event: 9118.153 Thread 0x00000146e7fd4b10 11740       3       org.eclipse.m2e.core.internal.project.registry.ProjectRegistryManager$$Lambda/0x00000146815b1b70::<init> (10 bytes)
Event: 9118.153 Thread 0x00000146e7fd4b10 nmethod 11740 0x00000146d5f8bf90 code [0x00000146d5f8c140, 0x00000146d5f8c2c8]
Event: 9118.194 Thread 0x00000146f0b0e870 nmethod 11457 0x00000146dca19190 code [0x00000146dca19820, 0x00000146dca22030]
Event: 9118.196 Thread 0x00000146f0b0e870 11714       4       org.lombokweb.asm.ByteVector::putByteArray (49 bytes)
Event: 9118.200 Thread 0x00000146f0b0e870 nmethod 11714 0x00000146dca25390 code [0x00000146dca25520, 0x00000146dca256b8]
Event: 9118.200 Thread 0x00000146f0b0e870 11635  s    4       org.eclipse.jdt.internal.core.JavaModelManager::getInfo (39 bytes)
Event: 9118.253 Thread 0x00000146e7fd4b10 11741       3       java.security.MessageDigest::update (11 bytes)
Event: 9118.254 Thread 0x00000146e7fd4b10 nmethod 11741 0x00000146d5f8c390 code [0x00000146d5f8c540, 0x00000146d5f8c800]
Event: 9118.254 Thread 0x00000146e7fd4b10 11742       3       java.security.MessageDigest$Delegate::engineUpdate (9 bytes)
Event: 9118.254 Thread 0x00000146e7fd4b10 nmethod 11742 0x00000146d5f8c910 code [0x00000146d5f8cac0, 0x00000146d5f8cc98]
Event: 9118.254 Thread 0x00000146e7fd4b10 11743       3       org.eclipse.m2e.core.internal.project.registry.MavenProjectFacade::getMavenProject (10 bytes)
Event: 9118.255 Thread 0x00000146e7fd4b10 nmethod 11743 0x00000146d5f8cd90 code [0x00000146d5f8cf40, 0x00000146d5f8d0a8]
Event: 9118.318 Thread 0x00000146f0b0e870 nmethod 11635 0x00000146dca25790 code [0x00000146dca25ba0, 0x00000146dca28870]
Event: 9118.319 Thread 0x00000146f0b0e870 11744       4       java.util.Properties::load0 (249 bytes)
Event: 9118.326 Thread 0x00000146e7fd4b10 11747       1       org.eclipse.lsp4j.ClientCapabilities::getTextDocument (5 bytes)
Event: 9118.327 Thread 0x00000146e7fd4b10 nmethod 11747 0x00000146dca29990 code [0x00000146dca29b20, 0x00000146dca29be8]
Event: 9118.334 Thread 0x00000146e7fd4b10 11748       3       org.eclipse.m2e.core.internal.project.registry.MavenProjectFacade::getProject (10 bytes)
Event: 9118.335 Thread 0x00000146e7fd4b10 nmethod 11748 0x00000146d5f8d190 code [0x00000146d5f8d360, 0x00000146d5f8d758]

GC Heap History (20 events):
Event: 9111.827 GC heap before
{Heap before GC invocations=94 (full 3):
 PSYoungGen      total 14336K, used 14264K [0x00000000d5580000, 0x00000000d6600000, 0x0000000100000000)
  eden space 11776K, 99% used [0x00000000d5580000,0x00000000d60eed48,0x00000000d6100000)
  from space 2560K, 99% used [0x00000000d6380000,0x00000000d65ff6a0,0x00000000d6600000)
  to   space 2560K, 0% used [0x00000000d6100000,0x00000000d6100000,0x00000000d6380000)
 ParOldGen       total 81920K, used 74253K [0x0000000080000000, 0x0000000085000000, 0x00000000d5580000)
  object space 81920K, 90% used [0x0000000080000000,0x0000000084883618,0x0000000085000000)
 Metaspace       used 62945K, committed 64320K, reserved 1114112K
  class space    used 6757K, committed 7360K, reserved 1048576K
}
Event: 9111.844 GC heap after
{Heap after GC invocations=94 (full 3):
 PSYoungGen      total 14336K, used 2552K [0x00000000d5580000, 0x00000000d7b00000, 0x0000000100000000)
  eden space 11776K, 0% used [0x00000000d5580000,0x00000000d5580000,0x00000000d6100000)
  from space 2560K, 99% used [0x00000000d6100000,0x00000000d637e040,0x00000000d6380000)
  to   space 13312K, 0% used [0x00000000d6e00000,0x00000000d6e00000,0x00000000d7b00000)
 ParOldGen       total 84480K, used 84180K [0x0000000080000000, 0x0000000085280000, 0x00000000d5580000)
  object space 84480K, 99% used [0x0000000080000000,0x0000000085235098,0x0000000085280000)
 Metaspace       used 62945K, committed 64320K, reserved 1114112K
  class space    used 6757K, committed 7360K, reserved 1048576K
}
Event: 9114.722 GC heap before
{Heap before GC invocations=95 (full 3):
 PSYoungGen      total 14336K, used 14328K [0x00000000d5580000, 0x00000000d7b00000, 0x0000000100000000)
  eden space 11776K, 100% used [0x00000000d5580000,0x00000000d6100000,0x00000000d6100000)
  from space 2560K, 99% used [0x00000000d6100000,0x00000000d637e040,0x00000000d6380000)
  to   space 13312K, 0% used [0x00000000d6e00000,0x00000000d6e00000,0x00000000d7b00000)
 ParOldGen       total 84480K, used 84180K [0x0000000080000000, 0x0000000085280000, 0x00000000d5580000)
  object space 84480K, 99% used [0x0000000080000000,0x0000000085235098,0x0000000085280000)
 Metaspace       used 63995K, committed 65344K, reserved 1114112K
  class space    used 6858K, committed 7424K, reserved 1048576K
}
Event: 9114.730 GC heap after
{Heap after GC invocations=95 (full 3):
 PSYoungGen      total 13824K, used 1902K [0x00000000d5580000, 0x00000000d7000000, 0x0000000100000000)
  eden space 11776K, 0% used [0x00000000d5580000,0x00000000d5580000,0x00000000d6100000)
  from space 2048K, 92% used [0x00000000d6e00000,0x00000000d6fdb930,0x00000000d7000000)
  to   space 6144K, 0% used [0x00000000d6400000,0x00000000d6400000,0x00000000d6a00000)
 ParOldGen       total 86016K, used 85714K [0x0000000080000000, 0x0000000085400000, 0x00000000d5580000)
  object space 86016K, 99% used [0x0000000080000000,0x00000000853b4b18,0x0000000085400000)
 Metaspace       used 63995K, committed 65344K, reserved 1114112K
  class space    used 6858K, committed 7424K, reserved 1048576K
}
Event: 9115.450 GC heap before
{Heap before GC invocations=96 (full 3):
 PSYoungGen      total 13824K, used 13678K [0x00000000d5580000, 0x00000000d7000000, 0x0000000100000000)
  eden space 11776K, 99% used [0x00000000d5580000,0x00000000d60ffff0,0x00000000d6100000)
  from space 2048K, 92% used [0x00000000d6e00000,0x00000000d6fdb930,0x00000000d7000000)
  to   space 6144K, 0% used [0x00000000d6400000,0x00000000d6400000,0x00000000d6a00000)
 ParOldGen       total 86016K, used 85714K [0x0000000080000000, 0x0000000085400000, 0x00000000d5580000)
  object space 86016K, 99% used [0x0000000080000000,0x00000000853b4b18,0x0000000085400000)
 Metaspace       used 65172K, committed 66496K, reserved 1114112K
  class space    used 6931K, committed 7488K, reserved 1048576K
}
Event: 9115.458 GC heap after
{Heap after GC invocations=96 (full 3):
 PSYoungGen      total 17920K, used 1294K [0x00000000d5580000, 0x00000000d6e80000, 0x0000000100000000)
  eden space 11776K, 0% used [0x00000000d5580000,0x00000000d5580000,0x00000000d6100000)
  from space 6144K, 21% used [0x00000000d6400000,0x00000000d6543b40,0x00000000d6a00000)
  to   space 2560K, 0% used [0x00000000d6c00000,0x00000000d6c00000,0x00000000d6e80000)
 ParOldGen       total 87552K, used 87406K [0x0000000080000000, 0x0000000085580000, 0x00000000d5580000)
  object space 87552K, 99% used [0x0000000080000000,0x000000008555b818,0x0000000085580000)
 Metaspace       used 65172K, committed 66496K, reserved 1114112K
  class space    used 6931K, committed 7488K, reserved 1048576K
}
Event: 9115.584 GC heap before
{Heap before GC invocations=97 (full 3):
 PSYoungGen      total 17920K, used 12992K [0x00000000d5580000, 0x00000000d6e80000, 0x0000000100000000)
  eden space 11776K, 99% used [0x00000000d5580000,0x00000000d60ec6e0,0x00000000d6100000)
  from space 6144K, 21% used [0x00000000d6400000,0x00000000d6543b40,0x00000000d6a00000)
  to   space 2560K, 0% used [0x00000000d6c00000,0x00000000d6c00000,0x00000000d6e80000)
 ParOldGen       total 87552K, used 87406K [0x0000000080000000, 0x0000000085580000, 0x00000000d5580000)
  object space 87552K, 99% used [0x0000000080000000,0x000000008555b818,0x0000000085580000)
 Metaspace       used 65236K, committed 66560K, reserved 1114112K
  class space    used 6936K, committed 7488K, reserved 1048576K
}
Event: 9115.588 GC heap after
{Heap after GC invocations=97 (full 3):
 PSYoungGen      total 13312K, used 1475K [0x00000000d5580000, 0x00000000d6d80000, 0x0000000100000000)
  eden space 11776K, 0% used [0x00000000d5580000,0x00000000d5580000,0x00000000d6100000)
  from space 1536K, 96% used [0x00000000d6c00000,0x00000000d6d70da8,0x00000000d6d80000)
  to   space 2048K, 0% used [0x00000000d6980000,0x00000000d6980000,0x00000000d6b80000)
 ParOldGen       total 88576K, used 88189K [0x0000000080000000, 0x0000000085680000, 0x00000000d5580000)
  object space 88576K, 99% used [0x0000000080000000,0x000000008561f430,0x0000000085680000)
 Metaspace       used 65236K, committed 66560K, reserved 1114112K
  class space    used 6936K, committed 7488K, reserved 1048576K
}
Event: 9115.720 GC heap before
{Heap before GC invocations=98 (full 3):
 PSYoungGen      total 13312K, used 13251K [0x00000000d5580000, 0x00000000d6d80000, 0x0000000100000000)
  eden space 11776K, 100% used [0x00000000d5580000,0x00000000d6100000,0x00000000d6100000)
  from space 1536K, 96% used [0x00000000d6c00000,0x00000000d6d70da8,0x00000000d6d80000)
  to   space 2048K, 0% used [0x00000000d6980000,0x00000000d6980000,0x00000000d6b80000)
 ParOldGen       total 88576K, used 88189K [0x0000000080000000, 0x0000000085680000, 0x00000000d5580000)
  object space 88576K, 99% used [0x0000000080000000,0x000000008561f430,0x0000000085680000)
 Metaspace       used 65248K, committed 66560K, reserved 1114112K
  class space    used 6936K, committed 7488K, reserved 1048576K
}
Event: 9115.723 GC heap after
{Heap after GC invocations=98 (full 3):
 PSYoungGen      total 13312K, used 1168K [0x00000000d5580000, 0x00000000d6c80000, 0x0000000100000000)
  eden space 11776K, 0% used [0x00000000d5580000,0x00000000d5580000,0x00000000d6100000)
  from space 1536K, 76% used [0x00000000d6980000,0x00000000d6aa4300,0x00000000d6b00000)
  to   space 1536K, 0% used [0x00000000d6b00000,0x00000000d6b00000,0x00000000d6c80000)
 ParOldGen       total 89600K, used 89097K [0x0000000080000000, 0x0000000085780000, 0x00000000d5580000)
  object space 89600K, 99% used [0x0000000080000000,0x00000000857025e8,0x0000000085780000)
 Metaspace       used 65248K, committed 66560K, reserved 1114112K
  class space    used 6936K, committed 7488K, reserved 1048576K
}
Event: 9115.790 GC heap before
{Heap before GC invocations=99 (full 3):
 PSYoungGen      total 13312K, used 12944K [0x00000000d5580000, 0x00000000d6c80000, 0x0000000100000000)
  eden space 11776K, 100% used [0x00000000d5580000,0x00000000d6100000,0x00000000d6100000)
  from space 1536K, 76% used [0x00000000d6980000,0x00000000d6aa4300,0x00000000d6b00000)
  to   space 1536K, 0% used [0x00000000d6b00000,0x00000000d6b00000,0x00000000d6c80000)
 ParOldGen       total 89600K, used 89097K [0x0000000080000000, 0x0000000085780000, 0x00000000d5580000)
  object space 89600K, 99% used [0x0000000080000000,0x00000000857025e8,0x0000000085780000)
 Metaspace       used 65250K, committed 66560K, reserved 1114112K
  class space    used 6936K, committed 7488K, reserved 1048576K
}
Event: 9115.793 GC heap after
{Heap after GC invocations=99 (full 3):
 PSYoungGen      total 13312K, used 1364K [0x00000000d5580000, 0x00000000d6c80000, 0x0000000100000000)
  eden space 11776K, 0% used [0x00000000d5580000,0x00000000d5580000,0x00000000d6100000)
  from space 1536K, 88% used [0x00000000d6b00000,0x00000000d6c55110,0x00000000d6c80000)
  to   space 1536K, 0% used [0x00000000d6980000,0x00000000d6980000,0x00000000d6b00000)
 ParOldGen       total 89600K, used 89129K [0x0000000080000000, 0x0000000085780000, 0x00000000d5580000)
  object space 89600K, 99% used [0x0000000080000000,0x000000008570a5e8,0x0000000085780000)
 Metaspace       used 65250K, committed 66560K, reserved 1114112K
  class space    used 6936K, committed 7488K, reserved 1048576K
}
Event: 9116.154 GC heap before
{Heap before GC invocations=100 (full 3):
 PSYoungGen      total 13312K, used 13140K [0x00000000d5580000, 0x00000000d6c80000, 0x0000000100000000)
  eden space 11776K, 100% used [0x00000000d5580000,0x00000000d6100000,0x00000000d6100000)
  from space 1536K, 88% used [0x00000000d6b00000,0x00000000d6c55110,0x00000000d6c80000)
  to   space 1536K, 0% used [0x00000000d6980000,0x00000000d6980000,0x00000000d6b00000)
 ParOldGen       total 89600K, used 89129K [0x0000000080000000, 0x0000000085780000, 0x00000000d5580000)
  object space 89600K, 99% used [0x0000000080000000,0x000000008570a5e8,0x0000000085780000)
 Metaspace       used 66888K, committed 68224K, reserved 1114112K
  class space    used 7078K, committed 7616K, reserved 1048576K
}
Event: 9116.156 GC heap after
{Heap after GC invocations=100 (full 3):
 PSYoungGen      total 12288K, used 448K [0x00000000d5580000, 0x00000000d6b80000, 0x0000000100000000)
  eden space 11776K, 0% used [0x00000000d5580000,0x00000000d5580000,0x00000000d6100000)
  from space 512K, 87% used [0x00000000d6980000,0x00000000d69f0020,0x00000000d6a00000)
  to   space 1024K, 0% used [0x00000000d6a80000,0x00000000d6a80000,0x00000000d6b80000)
 ParOldGen       total 89600K, used 89129K [0x0000000080000000, 0x0000000085780000, 0x00000000d5580000)
  object space 89600K, 99% used [0x0000000080000000,0x000000008570a5e8,0x0000000085780000)
 Metaspace       used 66888K, committed 68224K, reserved 1114112K
  class space    used 7078K, committed 7616K, reserved 1048576K
}
Event: 9117.244 GC heap before
{Heap before GC invocations=101 (full 3):
 PSYoungGen      total 12288K, used 12224K [0x00000000d5580000, 0x00000000d6b80000, 0x0000000100000000)
  eden space 11776K, 100% used [0x00000000d5580000,0x00000000d6100000,0x00000000d6100000)
  from space 512K, 87% used [0x00000000d6980000,0x00000000d69f0020,0x00000000d6a00000)
  to   space 1024K, 0% used [0x00000000d6a80000,0x00000000d6a80000,0x00000000d6b80000)
 ParOldGen       total 89600K, used 89129K [0x0000000080000000, 0x0000000085780000, 0x00000000d5580000)
  object space 89600K, 99% used [0x0000000080000000,0x000000008570a5e8,0x0000000085780000)
 Metaspace       used 67197K, committed 68608K, reserved 1114112K
  class space    used 7117K, committed 7744K, reserved 1048576K
}
Event: 9117.250 GC heap after
{Heap after GC invocations=101 (full 3):
 PSYoungGen      total 12800K, used 997K [0x00000000d5580000, 0x00000000d6b80000, 0x0000000100000000)
  eden space 11776K, 0% used [0x00000000d5580000,0x00000000d5580000,0x00000000d6100000)
  from space 1024K, 97% used [0x00000000d6a80000,0x00000000d6b79738,0x00000000d6b80000)
  to   space 2048K, 0% used [0x00000000d6780000,0x00000000d6780000,0x00000000d6980000)
 ParOldGen       total 90112K, used 89641K [0x0000000080000000, 0x0000000085800000, 0x00000000d5580000)
  object space 90112K, 99% used [0x0000000080000000,0x000000008578a608,0x0000000085800000)
 Metaspace       used 67197K, committed 68608K, reserved 1114112K
  class space    used 7117K, committed 7744K, reserved 1048576K
}
Event: 9117.884 GC heap before
{Heap before GC invocations=102 (full 3):
 PSYoungGen      total 12800K, used 12685K [0x00000000d5580000, 0x00000000d6b80000, 0x0000000100000000)
  eden space 11776K, 99% used [0x00000000d5580000,0x00000000d60e9dd0,0x00000000d6100000)
  from space 1024K, 97% used [0x00000000d6a80000,0x00000000d6b79738,0x00000000d6b80000)
  to   space 2048K, 0% used [0x00000000d6780000,0x00000000d6780000,0x00000000d6980000)
 ParOldGen       total 90112K, used 89641K [0x0000000080000000, 0x0000000085800000, 0x00000000d5580000)
  object space 90112K, 99% used [0x0000000080000000,0x000000008578a608,0x0000000085800000)
 Metaspace       used 67763K, committed 69120K, reserved 1114112K
  class space    used 7154K, committed 7744K, reserved 1048576K
}
Event: 9117.888 GC heap after
{Heap after GC invocations=102 (full 3):
 PSYoungGen      total 13824K, used 752K [0x00000000d5580000, 0x00000000d6b00000, 0x0000000100000000)
  eden space 11776K, 0% used [0x00000000d5580000,0x00000000d5580000,0x00000000d6100000)
  from space 2048K, 36% used [0x00000000d6780000,0x00000000d683c010,0x00000000d6980000)
  to   space 1536K, 0% used [0x00000000d6980000,0x00000000d6980000,0x00000000d6b00000)
 ParOldGen       total 90624K, used 90367K [0x0000000080000000, 0x0000000085880000, 0x00000000d5580000)
  object space 90624K, 99% used [0x0000000080000000,0x000000008583fcd8,0x0000000085880000)
 Metaspace       used 67763K, committed 69120K, reserved 1114112K
  class space    used 7154K, committed 7744K, reserved 1048576K
}
Event: 9118.161 GC heap before
{Heap before GC invocations=103 (full 3):
 PSYoungGen      total 13824K, used 12528K [0x00000000d5580000, 0x00000000d6b00000, 0x0000000100000000)
  eden space 11776K, 100% used [0x00000000d5580000,0x00000000d6100000,0x00000000d6100000)
  from space 2048K, 36% used [0x00000000d6780000,0x00000000d683c010,0x00000000d6980000)
  to   space 1536K, 0% used [0x00000000d6980000,0x00000000d6980000,0x00000000d6b00000)
 ParOldGen       total 90624K, used 90367K [0x0000000080000000, 0x0000000085880000, 0x00000000d5580000)
  object space 90624K, 99% used [0x0000000080000000,0x000000008583fcd8,0x0000000085880000)
 Metaspace       used 68225K, committed 69568K, reserved 1114112K
  class space    used 7185K, committed 7808K, reserved 1048576K
}
Event: 9118.165 GC heap after
{Heap after GC invocations=103 (full 3):
 PSYoungGen      total 12800K, used 960K [0x00000000d5580000, 0x00000000d6a80000, 0x0000000100000000)
  eden space 11776K, 0% used [0x00000000d5580000,0x00000000d5580000,0x00000000d6100000)
  from space 1024K, 93% used [0x00000000d6980000,0x00000000d6a70020,0x00000000d6a80000)
  to   space 1024K, 0% used [0x00000000d6880000,0x00000000d6880000,0x00000000d6980000)
 ParOldGen       total 91136K, used 90986K [0x0000000080000000, 0x0000000085900000, 0x00000000d5580000)
  object space 91136K, 99% used [0x0000000080000000,0x00000000858daa48,0x0000000085900000)
 Metaspace       used 68225K, committed 69568K, reserved 1114112K
  class space    used 7185K, committed 7808K, reserved 1048576K
}

Dll operation events (20 events):
Event: 0.471 Attempting to load shared library C:\Users\PC\.vscode\extensions\redhat.java-1.56.0-win32-x64\jre\21.0.12.1-win32-x86_64\bin\instrument.dll
Event: 0.471 Loaded shared library C:\Users\PC\.vscode\extensions\redhat.java-1.56.0-win32-x64\jre\21.0.12.1-win32-x86_64\bin\instrument.dll
Event: 0.486 Attempting to load shared library C:\Users\PC\.vscode\extensions\redhat.java-1.56.0-win32-x64\jre\21.0.12.1-win32-x86_64\bin\net.dll
Event: 0.488 Loaded shared library C:\Users\PC\.vscode\extensions\redhat.java-1.56.0-win32-x64\jre\21.0.12.1-win32-x86_64\bin\net.dll
Event: 0.493 Attempting to load shared library C:\Users\PC\.vscode\extensions\redhat.java-1.56.0-win32-x64\jre\21.0.12.1-win32-x86_64\bin\nio.dll
Event: 0.493 Loaded shared library C:\Users\PC\.vscode\extensions\redhat.java-1.56.0-win32-x64\jre\21.0.12.1-win32-x86_64\bin\nio.dll
Event: 0.502 Attempting to load shared library C:\Users\PC\.vscode\extensions\redhat.java-1.56.0-win32-x64\jre\21.0.12.1-win32-x86_64\bin\zip.dll
Event: 0.502 Loaded shared library C:\Users\PC\.vscode\extensions\redhat.java-1.56.0-win32-x64\jre\21.0.12.1-win32-x86_64\bin\zip.dll
Event: 0.571 Attempting to load shared library C:\Users\PC\.vscode\extensions\redhat.java-1.56.0-win32-x64\jre\21.0.12.1-win32-x86_64\bin\jimage.dll
Event: 0.571 Loaded shared library C:\Users\PC\.vscode\extensions\redhat.java-1.56.0-win32-x64\jre\21.0.12.1-win32-x86_64\bin\jimage.dll
Event: 0.877 Attempting to load shared library c:\Users\PC\.vscode\extensions\redhat.java-1.56.0-win32-x64\jre\21.0.12.1-win32-x86_64\bin\verify.dll
Event: 0.877 Loaded shared library c:\Users\PC\.vscode\extensions\redhat.java-1.56.0-win32-x64\jre\21.0.12.1-win32-x86_64\bin\verify.dll
Event: 5.448 Attempting to load shared library C:\Users\PC\AppData\Roaming\Code\User\globalStorage\redhat.java\1.56.0\config_win\org.eclipse.equinox.launcher\org.eclipse.equinox.launcher.win32.win32.x86_64_1.3.100.v20260804-1928\eclipse_11924.dll
Event: 5.451 Loaded shared library C:\Users\PC\AppData\Roaming\Code\User\globalStorage\redhat.java\1.56.0\config_win\org.eclipse.equinox.launcher\org.eclipse.equinox.launcher.win32.win32.x86_64_1.3.100.v20260804-1928\eclipse_11924.dll
Event: 11.414 Attempting to load shared library C:\Users\PC\AppData\Local\Temp\jna-2547\jna16312406711724997893.dll
Event: 11.579 Loaded shared library C:\Users\PC\AppData\Local\Temp\jna-2547\jna16312406711724997893.dll
Event: 14.864 Attempting to load shared library C:\Users\PC\.vscode\extensions\redhat.java-1.56.0-win32-x64\jre\21.0.12.1-win32-x86_64\bin\management.dll
Event: 14.865 Loaded shared library C:\Users\PC\.vscode\extensions\redhat.java-1.56.0-win32-x64\jre\21.0.12.1-win32-x86_64\bin\management.dll
Event: 14.874 Attempting to load shared library C:\Users\PC\.vscode\extensions\redhat.java-1.56.0-win32-x64\jre\21.0.12.1-win32-x86_64\bin\management_ext.dll
Event: 14.875 Loaded shared library C:\Users\PC\.vscode\extensions\redhat.java-1.56.0-win32-x64\jre\21.0.12.1-win32-x86_64\bin\management_ext.dll

Deoptimization events (20 events):
Event: 9117.272 Thread 0x00000146f29d0860 DEOPT PACKING pc=0x00000146dc8d7f10 sp=0x0000004626ffd750
Event: 9117.272 Thread 0x00000146f29d0860 DEOPT UNPACKING pc=0x00000146dbcc3aa2 sp=0x0000004626ffd600 mode 2
Event: 9117.299 Thread 0x00000146ef3c2260 Uncommon trap: trap_request=0xffffff45 fr.pc=0x00000146dc65f98c relative=0x00000000000000ec
Event: 9117.299 Thread 0x00000146ef3c2260 Uncommon trap: reason=unstable_if action=reinterpret pc=0x00000146dc65f98c method=java.util.stream.SpinedBuffer.accept(Ljava/lang/Object;)V @ 9 c2
Event: 9117.299 Thread 0x00000146ef3c2260 DEOPT PACKING pc=0x00000146dc65f98c sp=0x00000046261fe660
Event: 9117.299 Thread 0x00000146ef3c2260 DEOPT UNPACKING pc=0x00000146dbcc3aa2 sp=0x00000046261fe608 mode 2
Event: 9117.855 Thread 0x00000146f29cf4b0 DEOPT PACKING pc=0x00000146d48a0648 sp=0x0000004626dfdf20
Event: 9117.855 Thread 0x00000146f29cf4b0 DEOPT UNPACKING pc=0x00000146dbcc4242 sp=0x0000004626dfd3d8 mode 0
Event: 9117.912 Thread 0x00000146effc4c80 Uncommon trap: trap_request=0xffffffde fr.pc=0x00000146dc9608e4 relative=0x0000000000000224
Event: 9117.913 Thread 0x00000146effc4c80 Uncommon trap: reason=class_check action=maybe_recompile pc=0x00000146dc9608e4 method=org.eclipse.jdt.internal.core.util.Util.equalArraysOrNull([Ljava/lang/Object;[Ljava/lang/Object;)Z @ 55 c2
Event: 9117.913 Thread 0x00000146effc4c80 DEOPT PACKING pc=0x00000146dc9608e4 sp=0x00000046269fe2c0
Event: 9117.913 Thread 0x00000146effc4c80 DEOPT UNPACKING pc=0x00000146dbcc3aa2 sp=0x00000046269fe258 mode 2
Event: 9117.937 Thread 0x00000146f29d0860 Uncommon trap: trap_request=0xffffff45 fr.pc=0x00000146dc422690 relative=0x0000000000000750
Event: 9117.937 Thread 0x00000146f29d0860 Uncommon trap: reason=unstable_if action=reinterpret pc=0x00000146dc422690 method=java.util.concurrent.locks.ReentrantReadWriteLock$Sync.tryReleaseShared(I)Z @ 129 c2
Event: 9117.937 Thread 0x00000146f29d0860 DEOPT PACKING pc=0x00000146dc422690 sp=0x0000004626ffdf20
Event: 9117.937 Thread 0x00000146f29d0860 DEOPT UNPACKING pc=0x00000146dbcc3aa2 sp=0x0000004626ffdd28 mode 2
Event: 9117.986 Thread 0x00000146f29cf4b0 DEOPT PACKING pc=0x00000146d48a0648 sp=0x0000004626dfd6a0
Event: 9117.986 Thread 0x00000146f29cf4b0 DEOPT UNPACKING pc=0x00000146dbcc4242 sp=0x0000004626dfcb58 mode 0
Event: 9118.290 Thread 0x00000146f29cf4b0 DEOPT PACKING pc=0x00000146d48a0648 sp=0x0000004626dfde90
Event: 9118.290 Thread 0x00000146f29cf4b0 DEOPT UNPACKING pc=0x00000146dbcc4242 sp=0x0000004626dfd348 mode 0

Classes loaded (20 events):
Event: 9111.286 Loading class jdk/internal/module/IllegalAccessLogger
Event: 9111.286 Loading class jdk/internal/module/IllegalAccessLogger done
Event: 9115.258 Loading class java/lang/UnsupportedClassVersionError
Event: 9115.258 Loading class java/lang/UnsupportedClassVersionError done
Event: 9116.526 Loading class java/lang/Throwable$WrappedPrintWriter
Event: 9116.526 Loading class java/lang/Throwable$PrintStreamOrWriter
Event: 9116.526 Loading class java/lang/Throwable$PrintStreamOrWriter done
Event: 9116.526 Loading class java/lang/Throwable$WrappedPrintWriter done
Event: 9118.140 Loading class jdk/internal/ref/CleanerImpl$InnocuousThreadFactory
Event: 9118.141 Loading class jdk/internal/ref/CleanerImpl$InnocuousThreadFactory done
Event: 9118.276 Loading class java/util/stream/ReferencePipeline$4
Event: 9118.277 Loading class java/util/stream/ReferencePipeline$4 done
Event: 9118.278 Loading class java/util/stream/Nodes$IntFixedNodeBuilder
Event: 9118.279 Loading class java/util/stream/Node$Builder$OfInt
Event: 9118.279 Loading class java/util/stream/Node$Builder$OfInt done
Event: 9118.279 Loading class java/util/stream/Nodes$IntArrayNode
Event: 9118.280 Loading class java/util/stream/Nodes$IntArrayNode done
Event: 9118.280 Loading class java/util/stream/Nodes$IntFixedNodeBuilder done
Event: 9118.280 Loading class java/util/stream/ReferencePipeline$4$1
Event: 9118.280 Loading class java/util/stream/ReferencePipeline$4$1 done

Classes unloaded (20 events):
Event: 9058.272 Thread 0x00000146e7f91c60 Unloading class 0x0000014681018400 'java/lang/invoke/LambdaForm$MH+0x0000014681018400'
Event: 9058.272 Thread 0x00000146e7f91c60 Unloading class 0x0000014681018000 'java/lang/invoke/LambdaForm$MH+0x0000014681018000'
Event: 9058.272 Thread 0x00000146e7f91c60 Unloading class 0x0000014681017400 'java/lang/invoke/LambdaForm$MH+0x0000014681017400'
Event: 9058.272 Thread 0x00000146e7f91c60 Unloading class 0x0000014681016400 'java/lang/invoke/LambdaForm$MH+0x0000014681016400'
Event: 9058.272 Thread 0x00000146e7f91c60 Unloading class 0x0000014681014800 'java/lang/invoke/LambdaForm$MH+0x0000014681014800'
Event: 9058.272 Thread 0x00000146e7f91c60 Unloading class 0x000001468100d800 'java/lang/invoke/LambdaForm$MH+0x000001468100d800'
Event: 9058.272 Thread 0x00000146e7f91c60 Unloading class 0x000001468100d400 'java/lang/invoke/LambdaForm$MH+0x000001468100d400'
Event: 9058.272 Thread 0x00000146e7f91c60 Unloading class 0x000001468100d000 'java/lang/invoke/LambdaForm$MH+0x000001468100d000'
Event: 9058.272 Thread 0x00000146e7f91c60 Unloading class 0x000001468100cc00 'java/lang/invoke/LambdaForm$MH+0x000001468100cc00'
Event: 9058.272 Thread 0x00000146e7f91c60 Unloading class 0x000001468100c800 'java/lang/invoke/LambdaForm$BMH+0x000001468100c800'
Event: 9058.272 Thread 0x00000146e7f91c60 Unloading class 0x000001468100c000 'java/lang/invoke/LambdaForm$DMH+0x000001468100c000'
Event: 9058.273 Thread 0x00000146e7f91c60 Unloading class 0x0000014681008c00 'java/lang/invoke/LambdaForm$MH+0x0000014681008c00'
Event: 9058.273 Thread 0x00000146e7f91c60 Unloading class 0x0000014681008800 'java/lang/invoke/LambdaForm$MH+0x0000014681008800'
Event: 9058.273 Thread 0x00000146e7f91c60 Unloading class 0x0000014681008400 'java/lang/invoke/LambdaForm$MH+0x0000014681008400'
Event: 9058.273 Thread 0x00000146e7f91c60 Unloading class 0x0000014681007000 'java/lang/invoke/LambdaForm$MH+0x0000014681007000'
Event: 9058.273 Thread 0x00000146e7f91c60 Unloading class 0x0000014681006800 'java/lang/invoke/LambdaForm$MH+0x0000014681006800'
Event: 9058.273 Thread 0x00000146e7f91c60 Unloading class 0x0000014681006400 'java/lang/invoke/LambdaForm$MH+0x0000014681006400'
Event: 9058.273 Thread 0x00000146e7f91c60 Unloading class 0x0000014681006000 'java/lang/invoke/LambdaForm$MH+0x0000014681006000'
Event: 9058.273 Thread 0x00000146e7f91c60 Unloading class 0x0000014681005c00 'java/lang/invoke/LambdaForm$BMH+0x0000014681005c00'
Event: 9058.274 Thread 0x00000146e7f91c60 Unloading class 0x0000014681004800 'java/lang/invoke/LambdaForm$DMH+0x0000014681004800'

Classes redefined (0 events):
No events

Internal exceptions (20 events):
Event: 9114.550 Thread 0x00000146effc4c80 Exception <a 'java/lang/IncompatibleClassChangeError'{0x00000000d5c842d8}: Found class java.lang.Object, but interface was expected> (0x00000000d5c842d8) 
thrown [s\src\hotspot\share\interpreter\linkResolver.cpp, line 840]
Event: 9115.014 Thread 0x00000146effc4c80 Exception <a 'java/lang/IncompatibleClassChangeError'{0x00000000d55ee190}: Found class java.lang.Object, but interface was expected> (0x00000000d55ee190) 
thrown [s\src\hotspot\share\interpreter\linkResolver.cpp, line 840]
Event: 9115.028 Thread 0x00000146f29cf4b0 Exception <a 'java/lang/NoSuchMethodError'{0x00000000d567c078}: 'java.lang.Object java.lang.invoke.DirectMethodHandle$Holder.invokeSpecial(java.lang.Object, java.lang.Object, java.lang.Object, java.lang.Object, int, java.lang.Object, java.lang.Object)'> (0x00000000d567c078) 
thrown [s\src\hotspot\share\interpreter\linkResolver.cpp, line 773]
Event: 9115.138 Thread 0x00000146effc4c80 Exception <a 'java/lang/IncompatibleClassChangeError'{0x00000000d5657958}: Found class java.lang.Object, but interface was expected> (0x00000000d5657958) 
thrown [s\src\hotspot\share\interpreter\linkResolver.cpp, line 840]
Event: 9115.278 Thread 0x00000146f29d0860 Exception <a 'java/lang/NoSuchMethodError'{0x00000000d5c752f8}: 'int java.lang.invoke.Invokers$Holder.invokeExact_MT(java.lang.Object, java.lang.Object)'> (0x00000000d5c752f8) 
thrown [s\src\hotspot\share\interpreter\linkResolver.cpp, line 773]
Event: 9115.330 Thread 0x00000146effc4c80 Exception <a 'java/lang/IncompatibleClassChangeError'{0x00000000d5ce0cf8}: Found class java.lang.Object, but interface was expected> (0x00000000d5ce0cf8) 
thrown [s\src\hotspot\share\interpreter\linkResolver.cpp, line 840]
Event: 9115.340 Thread 0x00000146effc4c80 Exception <a 'java/lang/IncompatibleClassChangeError'{0x00000000d5cea578}: Found class java.lang.Object, but interface was expected> (0x00000000d5cea578) 
thrown [s\src\hotspot\share\interpreter\linkResolver.cpp, line 840]
Event: 9115.425 Thread 0x00000146effc4c80 Exception <a 'java/lang/IncompatibleClassChangeError'{0x00000000d5f537e0}: Found class java.lang.Object, but interface was expected> (0x00000000d5f537e0) 
thrown [s\src\hotspot\share\interpreter\linkResolver.cpp, line 840]
Event: 9115.433 Thread 0x00000146f29cf4b0 Exception <a 'java/lang/ArrayIndexOutOfBoundsException'{0x00000000d5f7c758}: Index 71 out of bounds for length 70> (0x00000000d5f7c758) 
thrown [s\src\hotspot\share\interpreter\interpreterRuntime.cpp, line 439]
Event: 9116.529 Thread 0x00000146effc4c80 Exception <a 'java/lang/ClassNotFoundException'{0x00000000d57d50a8}: sun/util/logging/resources/spi/loggingProvider> (0x00000000d57d50a8) 
thrown [s\src\hotspot\share\classfile\systemDictionary.cpp, line 313]
Event: 9116.572 Thread 0x00000146effc4c80 Exception <a 'java/lang/IncompatibleClassChangeError'{0x00000000d58be760}: Found class java.lang.Object, but interface was expected> (0x00000000d58be760) 
thrown [s\src\hotspot\share\interpreter\linkResolver.cpp, line 840]
Event: 9116.634 Thread 0x00000146effc4c80 Exception <a 'java/lang/IncompatibleClassChangeError'{0x00000000d58c5478}: Found class java.lang.Object, but interface was expected> (0x00000000d58c5478) 
thrown [s\src\hotspot\share\interpreter\linkResolver.cpp, line 840]
Event: 9117.823 Thread 0x00000146f29d1c10 Exception <a 'sun/nio/fs/WindowsException'{0x00000000d5e2f878}> (0x00000000d5e2f878) 
thrown [s\src\hotspot\share\prims\jni.cpp, line 520]
Event: 9117.823 Thread 0x00000146f29d1c10 Exception <a 'sun/nio/fs/WindowsException'{0x00000000d5e30398}> (0x00000000d5e30398) 
thrown [s\src\hotspot\share\prims\jni.cpp, line 520]
Event: 9117.826 Thread 0x00000146f29d1c10 Exception <a 'sun/nio/fs/WindowsException'{0x00000000d5e648b8}> (0x00000000d5e648b8) 
thrown [s\src\hotspot\share\prims\jni.cpp, line 520]
Event: 9117.826 Thread 0x00000146f29d1c10 Exception <a 'sun/nio/fs/WindowsException'{0x00000000d5e653b8}> (0x00000000d5e653b8) 
thrown [s\src\hotspot\share\prims\jni.cpp, line 520]
Event: 9117.829 Thread 0x00000146f29d1c10 Exception <a 'sun/nio/fs/WindowsException'{0x00000000d5e672a0}> (0x00000000d5e672a0) 
thrown [s\src\hotspot\share\prims\jni.cpp, line 520]
Event: 9117.829 Thread 0x00000146f29d1c10 Exception <a 'sun/nio/fs/WindowsException'{0x00000000d5e67da0}> (0x00000000d5e67da0) 
thrown [s\src\hotspot\share\prims\jni.cpp, line 520]
Event: 9117.842 Thread 0x00000146f29d1c10 Exception <a 'sun/nio/fs/WindowsException'{0x00000000d5f175f8}> (0x00000000d5f175f8) 
thrown [s\src\hotspot\share\prims\jni.cpp, line 520]
Event: 9117.842 Thread 0x00000146f29d1c10 Exception <a 'sun/nio/fs/WindowsException'{0x00000000d5f180f8}> (0x00000000d5f180f8) 
thrown [s\src\hotspot\share\prims\jni.cpp, line 520]

ZGC Phase Switch (0 events):
No events

VM Operations (20 events):
Event: 9115.270 Executing non-safepoint VM operation: HandshakeAllThreads (Deoptimize)
Event: 9115.270 Executing non-safepoint VM operation: HandshakeAllThreads (Deoptimize) done
Event: 9115.450 Executing safepoint VM operation: ParallelGCFailedAllocation (Allocation Failure)
Event: 9115.458 Executing safepoint VM operation: ParallelGCFailedAllocation (Allocation Failure) done
Event: 9115.584 Executing safepoint VM operation: ParallelGCFailedAllocation (Allocation Failure)
Event: 9115.588 Executing safepoint VM operation: ParallelGCFailedAllocation (Allocation Failure) done
Event: 9115.719 Executing safepoint VM operation: ParallelGCFailedAllocation (Allocation Failure)
Event: 9115.723 Executing safepoint VM operation: ParallelGCFailedAllocation (Allocation Failure) done
Event: 9115.790 Executing safepoint VM operation: ParallelGCFailedAllocation (Allocation Failure)
Event: 9115.793 Executing safepoint VM operation: ParallelGCFailedAllocation (Allocation Failure) done
Event: 9116.154 Executing safepoint VM operation: ParallelGCFailedAllocation (Allocation Failure)
Event: 9116.156 Executing safepoint VM operation: ParallelGCFailedAllocation (Allocation Failure) done
Event: 9117.161 Executing safepoint VM operation: Cleanup
Event: 9117.161 Executing safepoint VM operation: Cleanup done
Event: 9117.244 Executing safepoint VM operation: ParallelGCFailedAllocation (Allocation Failure)
Event: 9117.250 Executing safepoint VM operation: ParallelGCFailedAllocation (Allocation Failure) done
Event: 9117.883 Executing safepoint VM operation: ParallelGCFailedAllocation (Allocation Failure)
Event: 9117.888 Executing safepoint VM operation: ParallelGCFailedAllocation (Allocation Failure) done
Event: 9118.161 Executing safepoint VM operation: ParallelGCFailedAllocation (Allocation Failure)
Event: 9118.165 Executing safepoint VM operation: ParallelGCFailedAllocation (Allocation Failure) done

Memory protections (0 events):
No events

Nmethod flushes (20 events):
Event: 9058.604 Thread 0x00000146e7f91c60 flushing osr nmethod 0x00000146d4fa8610
Event: 9058.604 Thread 0x00000146e7f91c60 flushing  nmethod 0x00000146d4fae090
Event: 9058.604 Thread 0x00000146e7f91c60 flushing  nmethod 0x00000146d4fc4a90
Event: 9058.604 Thread 0x00000146e7f91c60 flushing  nmethod 0x00000146d4fcfe10
Event: 9058.604 Thread 0x00000146e7f91c60 flushing  nmethod 0x00000146d4fde910
Event: 9058.604 Thread 0x00000146e7f91c60 flushing  nmethod 0x00000146d4fdf710
Event: 9058.604 Thread 0x00000146e7f91c60 flushing  nmethod 0x00000146d4fe2190
Event: 9058.604 Thread 0x00000146e7f91c60 flushing  nmethod 0x00000146d4fe2b10
Event: 9058.604 Thread 0x00000146e7f91c60 flushing  nmethod 0x00000146d500bc90
Event: 9058.604 Thread 0x00000146e7f91c60 flushing  nmethod 0x00000146d500c290
Event: 9058.604 Thread 0x00000146e7f91c60 flushing  nmethod 0x00000146d500cb10
Event: 9058.604 Thread 0x00000146e7f91c60 flushing  nmethod 0x00000146d5011e90
Event: 9058.604 Thread 0x00000146e7f91c60 flushing  nmethod 0x00000146d5021890
Event: 9058.604 Thread 0x00000146e7f91c60 flushing  nmethod 0x00000146d5026990
Event: 9058.604 Thread 0x00000146e7f91c60 flushing  nmethod 0x00000146d502be90
Event: 9058.604 Thread 0x00000146e7f91c60 flushing  nmethod 0x00000146d504d910
Event: 9058.604 Thread 0x00000146e7f91c60 flushing  nmethod 0x00000146d504dd90
Event: 9058.604 Thread 0x00000146e7f91c60 flushing  nmethod 0x00000146d5056090
Event: 9058.604 Thread 0x00000146e7f91c60 flushing  nmethod 0x00000146d5058d10
Event: 9058.604 Thread 0x00000146e7f91c60 flushing  nmethod 0x00000146d5077a90

Events (20 events):
Event: 9071.485 Thread 0x00000146e7fd4b10 Thread added: 0x00000146eec49010
Event: 9076.244 Thread 0x00000146eec49010 Thread exited: 0x00000146eec49010
Event: 9076.249 Thread 0x00000146ef3c2260 Thread added: 0x00000146ee3140d0
Event: 9076.250 Thread 0x00000146ef3c2260 Thread added: 0x00000146ee314df0
Event: 9076.508 Thread 0x00000146e7fabaa0 Thread added: 0x00000146eec49010
Event: 9082.243 Thread 0x00000146eec49010 Thread exited: 0x00000146eec49010
Event: 9110.977 Thread 0x00000146e7fd4b10 Thread added: 0x00000146f1fdd300
Event: 9111.068 Thread 0x00000146effc3f60 Thread added: 0x00000146f29d4370
Event: 9111.230 Thread 0x00000146f1fdd300 Thread exited: 0x00000146f1fdd300
Event: 9111.972 Thread 0x00000146e7fd4b10 Thread added: 0x00000146f1fdd300
Event: 9113.849 Thread 0x00000146f1fdd300 Thread exited: 0x00000146f1fdd300
Event: 9114.743 Thread 0x00000146effc4c80 Thread added: 0x00000146f29cf4b0
Event: 9114.746 Thread 0x00000146ef3c2260 Thread added: 0x00000146f29d0860
Event: 9115.182 Thread 0x00000146effc4c80 Thread added: 0x00000146f29d1580
Event: 9115.230 Thread 0x00000146effc4c80 Thread added: 0x00000146f29d1c10
Event: 9115.331 Thread 0x00000146effc4c80 Thread added: 0x00000146f29cda70
Event: 9115.424 Thread 0x00000146e7fd4b10 Thread added: 0x00000146f1fdd300
Event: 9117.083 Thread 0x00000146f1fdd300 Thread exited: 0x00000146f1fdd300
Event: 9117.146 Thread 0x00000146e7fd4b10 Thread added: 0x00000146f0b0e870
Event: 9118.141 Thread 0x00000146f29cf4b0 Thread added: 0x00000146f29d2930


Dynamic libraries:
0x00007ff790220000 - 0x00007ff79022e000 	c:\Users\PC\.vscode\extensions\redhat.java-1.56.0-win32-x64\jre\21.0.12.1-win32-x86_64\bin\java.exe
0x00007fff75ad0000 - 0x00007fff75cc8000 	C:\Windows\SYSTEM32\ntdll.dll
0x00007fff759c0000 - 0x00007fff75a82000 	C:\Windows\System32\KERNEL32.DLL
0x00007fff73520000 - 0x00007fff73816000 	C:\Windows\System32\KERNELBASE.dll
0x00007fff73200000 - 0x00007fff73300000 	C:\Windows\System32\ucrtbase.dll
0x00007fff6ca10000 - 0x00007fff6ca28000 	c:\Users\PC\.vscode\extensions\redhat.java-1.56.0-win32-x64\jre\21.0.12.1-win32-x86_64\bin\jli.dll
0x00007fff752f0000 - 0x00007fff75491000 	C:\Windows\System32\USER32.dll
0x00007fff73950000 - 0x00007fff73972000 	C:\Windows\System32\win32u.dll
0x00007fff75030000 - 0x00007fff7505b000 	C:\Windows\System32\GDI32.dll
0x00007fff739d0000 - 0x00007fff73ae9000 	C:\Windows\System32\gdi32full.dll
0x00007fff73160000 - 0x00007fff731fd000 	C:\Windows\System32\msvcp_win.dll
0x00007fff6c020000 - 0x00007fff6c03e000 	c:\Users\PC\.vscode\extensions\redhat.java-1.56.0-win32-x64\jre\21.0.12.1-win32-x86_64\bin\VCRUNTIME140.dll
0x00007fff5fc60000 - 0x00007fff5fefb000 	C:\Windows\WinSxS\amd64_microsoft.windows.common-controls_6595b64144ccf1df_6.0.19041.6456_none_60b8a6cb71f64256\COMCTL32.dll
0x00007fff73de0000 - 0x00007fff73e7e000 	C:\Windows\System32\msvcrt.dll
0x00007fff75510000 - 0x00007fff7553f000 	C:\Windows\System32\IMM32.DLL
0x00007fff6dd30000 - 0x00007fff6dd3c000 	c:\Users\PC\.vscode\extensions\redhat.java-1.56.0-win32-x64\jre\21.0.12.1-win32-x86_64\bin\vcruntime140_1.dll
0x00007fff47d80000 - 0x00007fff47e0d000 	c:\Users\PC\.vscode\extensions\redhat.java-1.56.0-win32-x64\jre\21.0.12.1-win32-x86_64\bin\msvcp140.dll
0x00007fff2e290000 - 0x00007fff2f032000 	c:\Users\PC\.vscode\extensions\redhat.java-1.56.0-win32-x64\jre\21.0.12.1-win32-x86_64\bin\server\jvm.dll
0x00007fff73e80000 - 0x00007fff73f31000 	C:\Windows\System32\ADVAPI32.dll
0x00007fff74690000 - 0x00007fff7472f000 	C:\Windows\System32\sechost.dll
0x00007fff73cc0000 - 0x00007fff73de0000 	C:\Windows\System32\RPCRT4.dll
0x00007fff734f0000 - 0x00007fff73517000 	C:\Windows\System32\bcrypt.dll
0x00007fff754a0000 - 0x00007fff7550b000 	C:\Windows\System32\WS2_32.dll
0x00007fff72660000 - 0x00007fff726ab000 	C:\Windows\SYSTEM32\POWRPROF.dll
0x00007fff5f2f0000 - 0x00007fff5f317000 	C:\Windows\SYSTEM32\WINMM.dll
0x00007fff5c220000 - 0x00007fff5c22a000 	C:\Windows\SYSTEM32\VERSION.dll
0x00007fff72520000 - 0x00007fff72532000 	C:\Windows\SYSTEM32\UMPDC.dll
0x00007fff71930000 - 0x00007fff71942000 	C:\Windows\SYSTEM32\kernel.appcore.dll
0x00007fff6d600000 - 0x00007fff6d60a000 	c:\Users\PC\.vscode\extensions\redhat.java-1.56.0-win32-x64\jre\21.0.12.1-win32-x86_64\bin\jimage.dll
0x00007fff71630000 - 0x00007fff71831000 	C:\Windows\SYSTEM32\DBGHELP.DLL
0x00007fff59c70000 - 0x00007fff59ca4000 	C:\Windows\SYSTEM32\dbgcore.DLL
0x00007fff73460000 - 0x00007fff734e2000 	C:\Windows\System32\bcryptPrimitives.dll
0x00007fff6bfe0000 - 0x00007fff6bfef000 	c:\Users\PC\.vscode\extensions\redhat.java-1.56.0-win32-x64\jre\21.0.12.1-win32-x86_64\bin\instrument.dll
0x00007fff6ac40000 - 0x00007fff6ac60000 	c:\Users\PC\.vscode\extensions\redhat.java-1.56.0-win32-x64\jre\21.0.12.1-win32-x86_64\bin\java.dll
0x00007fff748c0000 - 0x00007fff75030000 	C:\Windows\System32\SHELL32.dll
0x00007fff70e80000 - 0x00007fff71625000 	C:\Windows\SYSTEM32\windows.storage.dll
0x00007fff74240000 - 0x00007fff74594000 	C:\Windows\System32\combase.dll
0x00007fff72ab0000 - 0x00007fff72adb000 	C:\Windows\SYSTEM32\Wldp.dll
0x00007fff73fa0000 - 0x00007fff7406d000 	C:\Windows\System32\OLEAUT32.dll
0x00007fff740d0000 - 0x00007fff7417d000 	C:\Windows\System32\SHCORE.dll
0x00007fff74730000 - 0x00007fff7478b000 	C:\Windows\System32\shlwapi.dll
0x00007fff73090000 - 0x00007fff730b4000 	C:\Windows\SYSTEM32\profapi.dll
0x00007fff6a7a0000 - 0x00007fff6a7b8000 	c:\Users\PC\.vscode\extensions\redhat.java-1.56.0-win32-x64\jre\21.0.12.1-win32-x86_64\bin\zip.dll
0x00007fff6bfd0000 - 0x00007fff6bfe0000 	C:\Users\PC\.vscode\extensions\redhat.java-1.56.0-win32-x64\jre\21.0.12.1-win32-x86_64\bin\net.dll
0x00007fff6f720000 - 0x00007fff6f82a000 	C:\Windows\SYSTEM32\WINHTTP.dll
0x00007fff72890000 - 0x00007fff728fa000 	C:\Windows\system32\mswsock.dll
0x00007fff6a770000 - 0x00007fff6a786000 	C:\Users\PC\.vscode\extensions\redhat.java-1.56.0-win32-x64\jre\21.0.12.1-win32-x86_64\bin\nio.dll
0x00007fff6bab0000 - 0x00007fff6bac0000 	c:\Users\PC\.vscode\extensions\redhat.java-1.56.0-win32-x64\jre\21.0.12.1-win32-x86_64\bin\verify.dll
0x00007fff3f9c0000 - 0x00007fff3fa05000 	C:\Users\PC\AppData\Roaming\Code\User\globalStorage\redhat.java\1.56.0\config_win\org.eclipse.equinox.launcher\org.eclipse.equinox.launcher.win32.win32.x86_64_1.3.100.v20260804-1928\eclipse_11924.dll
0x00007fff74790000 - 0x00007fff748bb000 	C:\Windows\System32\ole32.dll
0x00007fff72af0000 - 0x00007fff72b08000 	C:\Windows\SYSTEM32\CRYPTSP.dll
0x00007fff72160000 - 0x00007fff72198000 	C:\Windows\system32\rsaenh.dll
0x00007fff73010000 - 0x00007fff7303e000 	C:\Windows\SYSTEM32\USERENV.dll
0x00007fff72a20000 - 0x00007fff72a2c000 	C:\Windows\SYSTEM32\CRYPTBASE.dll
0x00007fff72540000 - 0x00007fff7257b000 	C:\Windows\SYSTEM32\IPHLPAPI.DLL
0x00007fff74210000 - 0x00007fff74218000 	C:\Windows\System32\NSI.dll
0x00007fff3ec90000 - 0x00007fff3ecd9000 	C:\Users\PC\AppData\Local\Temp\jna-2547\jna16312406711724997893.dll
0x00007fff75540000 - 0x00007fff75548000 	C:\Windows\System32\PSAPI.DLL
0x00007fff6b9c0000 - 0x00007fff6b9ca000 	C:\Users\PC\.vscode\extensions\redhat.java-1.56.0-win32-x64\jre\21.0.12.1-win32-x86_64\bin\management.dll
0x00007fff6ac30000 - 0x00007fff6ac3c000 	C:\Users\PC\.vscode\extensions\redhat.java-1.56.0-win32-x64\jre\21.0.12.1-win32-x86_64\bin\management_ext.dll
0x00007fff68b80000 - 0x00007fff68b97000 	C:\Windows\SYSTEM32\dhcpcsvc6.DLL
0x00007fff68d00000 - 0x00007fff68d1d000 	C:\Windows\SYSTEM32\dhcpcsvc.DLL

JVMTI agents:
c:\Users\PC\.vscode\extensions\redhat.java-1.56.0-win32-x64\lombok\lombok-1.18.39-4050.jar path:c:\Users\PC\.vscode\extensions\redhat.java-1.56.0-win32-x64\jre\21.0.12.1-win32-x86_64\bin\instrument.dll, loaded, initialized, instrumentlib options:none

dbghelp: loaded successfully - version: 4.0.5 - missing functions: none
symbol engine: initialized successfully - sym options: 0x614 - pdb path: .;c:\Users\PC\.vscode\extensions\redhat.java-1.56.0-win32-x64\jre\21.0.12.1-win32-x86_64\bin;C:\Windows\SYSTEM32;C:\Windows\WinSxS\amd64_microsoft.windows.common-controls_6595b64144ccf1df_6.0.19041.6456_none_60b8a6cb71f64256;c:\Users\PC\.vscode\extensions\redhat.java-1.56.0-win32-x64\jre\21.0.12.1-win32-x86_64\bin\server;C:\Users\PC\AppData\Roaming\Code\User\globalStorage\redhat.java\1.56.0\config_win\org.eclipse.equinox.launcher\org.eclipse.equinox.launcher.win32.win32.x86_64_1.3.100.v20260804-1928;C:\Users\PC\AppData\Local\Temp\jna-2547

VM Arguments:
jvm_args: --add-modules=ALL-SYSTEM --add-opens=java.base/java.util=ALL-UNNAMED --add-opens=java.base/java.lang=ALL-UNNAMED --add-opens=java.base/sun.nio.fs=ALL-UNNAMED -Declipse.application=org.eclipse.jdt.ls.core.id1 -Dosgi.bundles.defaultStartLevel=4 -Declipse.product=org.eclipse.jdt.ls.core.product -Djava.import.generatesMetadataFilesAtProjectRoot=false -Dm2e.project.cache.size=50 -DDetectVMInstallationsJob.disabled=true -Dfile.encoding=utf8 -XX:+UseParallelGC -XX:GCTimeRatio=4 -XX:AdaptiveSizePolicyWeight=90 -Dsun.zip.disableMemoryMapping=true -Xmx2G -Xms100m -Xlog:disable -javaagent:c:\Users\PC\.vscode\extensions\redhat.java-1.56.0-win32-x64\lombok\lombok-1.18.39-4050.jar -XX:+HeapDumpOnOutOfMemoryError -XX:HeapDumpPath=c:\Users\PC\AppData\Roaming\Code\User\workspaceStorage\ec1410200dd7bcd3f80d97ac2a3ddf05\redhat.java -Daether.dependencyCollector.impl=bf 
java_command: c:\Users\PC\.vscode\extensions\redhat.java-1.56.0-win32-x64\server\plugins\org.eclipse.equinox.launcher_1.8.0.v20260804-1928.jar -configuration c:\Users\PC\AppData\Roaming\Code\User\globalStorage\redhat.java\1.56.0\config_win -data c:\Users\PC\AppData\Roaming\Code\User\workspaceStorage\ec1410200dd7bcd3f80d97ac2a3ddf05\redhat.java\jdt_ws --stdio
java_class_path (initial): c:\Users\PC\.vscode\extensions\redhat.java-1.56.0-win32-x64\server\plugins\org.eclipse.equinox.launcher_1.8.0.v20260804-1928.jar
Launcher Type: SUN_STANDARD

[Global flags]
    uintx AdaptiveSizePolicyWeight                 = 90                                        {product} {command line}
     intx CICompilerCount                          = 4                                         {product} {ergonomic}
    uintx GCTimeRatio                              = 4                                         {product} {command line}
     bool HeapDumpOnOutOfMemoryError               = true                                   {manageable} {command line}
    ccstr HeapDumpPath                             = c:\Users\PC\AppData\Roaming\Code\User\workspaceStorage\ec1410200dd7bcd3f80d97ac2a3ddf05\redhat.java         {manageable} {command line}
   size_t InitialHeapSize                          = 104857600                                 {product} {command line}
   size_t MaxHeapSize                              = 2147483648                                {product} {command line}
   size_t MaxNewSize                               = 715653120                                 {product} {ergonomic}
   size_t MinHeapDeltaBytes                        = 524288                                    {product} {ergonomic}
   size_t MinHeapSize                              = 104857600                                 {product} {command line}
   size_t NewSize                                  = 34603008                                  {product} {ergonomic}
    uintx NonNMethodCodeHeapSize                   = 5839372                                {pd product} {ergonomic}
    uintx NonProfiledCodeHeapSize                  = 122909434                              {pd product} {ergonomic}
   size_t OldSize                                  = 70254592                                  {product} {ergonomic}
    uintx ProfiledCodeHeapSize                     = 122909434                              {pd product} {ergonomic}
    uintx ReservedCodeCacheSize                    = 251658240                              {pd product} {ergonomic}
     bool SegmentedCodeCache                       = true                                      {product} {ergonomic}
   size_t SoftMaxHeapSize                          = 2147483648                             {manageable} {ergonomic}
     bool UseCompressedOops                        = true                           {product lp64_product} {ergonomic}
     bool UseLargePagesIndividualAllocation        = false                                  {pd product} {ergonomic}
     bool UseParallelGC                            = true                                      {product} {command line}

Logging:
Log output configuration:
 #0: stdout all=off uptime,level,tags foldmultilines=false
 #1: stderr all=off uptime,level,tags foldmultilines=false

Release file:
JAVA_VERSION="21.0.12.1" 
MODULES="java.base java.compiler java.datatransfer java.xml java.prefs java.desktop java.instrument java.logging java.management java.security.sasl java.naming java.rmi java.management.rmi java.net.http java.scripting java.security.jgss java.transaction.xa java.sql java.sql.rowset java.xml.crypto java.se java.smartcardio jdk.accessibility jdk.internal.jvmstat jdk.attach jdk.charsets jdk.internal.opt jdk.zipfs jdk.compiler jdk.crypto.ec jdk.crypto.cryptoki jdk.crypto.mscapi jdk.dynalink jdk.internal.ed jdk.editpad jdk.hotspot.agent jdk.httpserver jdk.internal.le jdk.internal.vm.ci jdk.internal.vm.compiler jdk.internal.vm.compiler.management jdk.jartool jdk.javadoc jdk.jcmd jdk.management jdk.management.agent jdk.jconsole jdk.jdeps jdk.jdwp.agent jdk.jdi jdk.jfr jdk.jshell jdk.jsobject jdk.jstatd jdk.localedata jdk.management.jfr jdk.naming.dns jdk.naming.rmi jdk.net jdk.nio.mapmode jdk.random jdk.sctp jdk.security.auth jdk.security.jgss jdk.unsupported jdk.unsupported.desktop jdk.xml.dom" 

Environment Variables:
PATH=C:\Program Files\Eclipse Adoptium\jdk-25.0.2.10-hotspot\bin;C:\app\PC\product\21c\dbhomeXE\bin;C:\Program Files\Eclipse Adoptium\jdk-8.0.382.5-hotspot\bin;C:\Program Files\Eclipse Adoptium\jdk-17.0.17.10-hotspot\bin;C:\Program Files (x86)\Common Files\Oracle\Java\javapath;C:\Windows\system32;C:\Windows;C:\Windows\System32\Wbem;C:\Windows\System32\WindowsPowerShell\v1.0\;C:\Windows\System32\OpenSSH\;C:\msys64\mingw64\bin;C:\Program Files\MySQL\MySQL Server 8.0\bin;C:\Program Files\Microsoft SQL Server\150\Tools\Binn\;C:\Program Files\Microsoft SQL Server\Client SDK\ODBC\170\Tools\Binn\;C:\Program Files\dotnet\;C:\Program Files (x86)\Windows Kits\10\Windows Performance Toolkit\;%MAVEN_HOME%\bin;C:\Program Files\ZeroC\Ice-3.7.9\bin;C:\Program Files (x86)\Microsoft SQL Server\170\Tools\Binn\;C:\Program Files\Microsoft SQL Server\170\Tools\Binn\;C:\Program Files\Microsoft SQL Server\Client SDK\ODBC\180\Tools\Binn\;C:\Program Files\Microsoft SQL Server\170\DTS\Binn\;C:\Program Files\Git\cmd;C:\Program Files\nodejs\;C:\Program Files\WSL\;C:\Users\PC\Desktop\sonar-scanner-cli-5.0.1.3006-windows\sonar-scanner-5.0.1.3006-windows\bin;C:\Users\PC\AppData\Local\Programs\Python\Python314\Scripts\;C:\Users\PC\AppData\Local\Programs\Python\Python314\;C:\Program Files\MySQL\MySQL Shell 8.0\bin\;C:\Users\PC\AppData\Local\Microsoft\WindowsApps;C:\Users\PC\AppData\Local\Programs\Microsoft VS Code\bin;C:\Users\PC\.dotnet\tools;C:\Users\PC\AppData\Roaming\npm;C:\Program Files\nodejs\;C:\Users\PC\AppData\Local\Programs\Python\Python314;C:\Users\PC\AppData\Local\Programs\Python\Python314\Scripts;C:\Users\PC\Desktop\apache-maven-3.9.16-bin\bin;C:\Users\PC\Desktop\sonar-scanner-cli-5.0.1.3006-windows\sonar-scanner-5.0.1.3006-windows\bin;
USERNAME=PC
OS=Windows_NT
PROCESSOR_IDENTIFIER=Intel64 Family 6 Model 142 Stepping 10, GenuineIntel
TMP=C:\Users\PC\AppData\Local\Temp
TEMP=C:\Users\PC\AppData\Local\Temp




Periodic native trim disabled

---------------  S Y S T E M  ---------------

OS:
 Windows 10 , 64 bit Build 19041 (10.0.19041.5915)
OS uptime: 0 days 4:13 hours
Hyper-V role detected

CPU: total 8 (initial active 8) (4 cores per cpu, 2 threads per core) family 6 model 142 stepping 10 microcode 0xb4, cx8, cmov, fxsr, ht, mmx, 3dnowpref, sse, sse2, sse3, ssse3, sse4.1, sse4.2, popcnt, lzcnt, tsc, tscinvbit, avx, avx2, aes, erms, clmul, bmi1, bmi2, adx, fma, vzeroupper, clflush, clflushopt, hv, rdtscp, f16c
Processor Information for the first 8 processors :
  Max Mhz: 1800, Current Mhz: 1600, Mhz Limit: 1584

Memory: 4k page, system-wide physical 8042M (420M free)
TotalPageFile size 17965M (AvailPageFile size 40M)
current process WorkingSet (physical memory assigned to process): 317M, peak: 318M
current process commit charge ("private bytes"): 416M, peak: 418M

vm_info: OpenJDK 64-Bit Server VM (21.0.12.1+1-LTS) for windows-amd64 JRE (21.0.12.1+1-LTS), built on 2026-08-18T00:00:00Z by "admin" with MS VC++ 17.12 (VS2022)

END.
