#
# There is insufficient memory for the Java Runtime Environment to continue.
# Native memory allocation (malloc) failed to allocate 939136 bytes. Error detail: Chunk::new
# Possible reasons:
#   The system is out of physical RAM or swap space
#   This process is running with CompressedOops enabled, and the Java Heap may be blocking the growth of the native heap
# Possible solutions:
#   Reduce memory load on the system
#   Increase physical memory or swap space
#   Check if swap backing store is full
#   Decrease Java heap size (-Xmx/-Xms)
#   Decrease number of Java threads
#   Decrease Java thread stack sizes (-Xss)
#   Set larger code cache with -XX:ReservedCodeCacheSize=
#   JVM is running with Unscaled Compressed Oops mode in which the Java heap is
#     placed in the first 4GB address space. The Java Heap base address is the
#     maximum limit for the native heap growth. Please use -XX:HeapBaseMinAddress
#     to set the Java Heap base and to place the Java Heap above 4GB virtual address.
# This output file may be truncated or incomplete.
#
#  Out of Memory Error (arena.cpp:168), pid=18080, tid=18368
#
# JRE version: OpenJDK Runtime Environment Temurin-21.0.12.1+1 (21.0.12.1+1) (build 21.0.12.1+1-LTS)
# Java VM: OpenJDK 64-Bit Server VM Temurin-21.0.12.1+1 (21.0.12.1+1-LTS, mixed mode, sharing, tiered, compressed oops, compressed class ptrs, parallel gc, windows-amd64)
# No core dump will be written. Minidumps are not enabled by default on client versions of Windows
#

---------------  S U M M A R Y ------------

Command Line: --add-modules=ALL-SYSTEM --add-opens=java.base/java.util=ALL-UNNAMED --add-opens=java.base/java.lang=ALL-UNNAMED --add-opens=java.base/sun.nio.fs=ALL-UNNAMED -Declipse.application=org.eclipse.jdt.ls.core.id1 -Dosgi.bundles.defaultStartLevel=4 -Declipse.product=org.eclipse.jdt.ls.core.product -Djava.import.generatesMetadataFilesAtProjectRoot=false -Dm2e.project.cache.size=50 -DDetectVMInstallationsJob.disabled=true -Dfile.encoding=utf8 -XX:+UseParallelGC -XX:GCTimeRatio=4 -XX:AdaptiveSizePolicyWeight=90 -Dsun.zip.disableMemoryMapping=true -Xmx2G -Xms100m -Xlog:disable -javaagent:c:\Users\PC\.vscode\extensions\redhat.java-1.56.0-win32-x64\lombok\lombok-1.18.39-4050.jar -XX:+HeapDumpOnOutOfMemoryError -XX:HeapDumpPath=c:\Users\PC\AppData\Roaming\Code\User\workspaceStorage\ec1410200dd7bcd3f80d97ac2a3ddf05\redhat.java -Daether.dependencyCollector.impl=bf c:\Users\PC\.vscode\extensions\redhat.java-1.56.0-win32-x64\server\plugins\org.eclipse.equinox.launcher_1.8.0.v20260804-1928.jar -configuration c:\Users\PC\AppData\Roaming\Code\User\globalStorage\redhat.java\1.56.0\config_win -data c:\Users\PC\AppData\Roaming\Code\User\workspaceStorage\ec1410200dd7bcd3f80d97ac2a3ddf05\redhat.java\jdt_ws --stdio

Host: Intel(R) Core(TM) i5-8250U CPU @ 1.60GHz, 8 cores, 7G,  Windows 10 , 64 bit Build 19041 (10.0.19041.5915)
Time: Thu Oct  1 10:51:02 2026 Morocco Standard Time elapsed time: 84.204886 seconds (0d 0h 1m 24s)

---------------  T H R E A D  ---------------

Current thread (0x000001a365047f80):  JavaThread "C2 CompilerThread2" daemon [_thread_in_native, id=18368, stack(0x000000786d500000,0x000000786d600000) (1024K)]


Current CompileTask:
C2:84205 11552   !   4       org.eclipse.jdt.internal.core.search.indexing.BinaryIndexer::indexDocument (1172 bytes)

Stack: [0x000000786d500000,0x000000786d600000]
Native frames: (J=compiled Java code, j=interpreted, Vv=VM code, C=native code)
V  [jvm.dll+0x6d83e9]
V  [jvm.dll+0x8b5736]
V  [jvm.dll+0x8b7cee]
V  [jvm.dll+0x8b83d3]
V  [jvm.dll+0x284596]
V  [jvm.dll+0xc685d]
V  [jvm.dll+0xc6da1]
V  [jvm.dll+0x2fb5ae]
V  [jvm.dll+0x5fee94]
V  [jvm.dll+0x255d67]
V  [jvm.dll+0x24e3bf]
V  [jvm.dll+0x24bbe6]
V  [jvm.dll+0x1cb4ae]
V  [jvm.dll+0x25baad]
V  [jvm.dll+0x25a03a]
V  [jvm.dll+0x3f8aae]
V  [jvm.dll+0x8600cd]
V  [jvm.dll+0x6d6c1d]
C  [ucrtbase.dll+0x21bb2]
C  [KERNEL32.DLL+0x17374]
C  [ntdll.dll+0x4cc91]


---------------  P R O C E S S  ---------------

Threads class SMR info:
_java_thread_list=0x000001a36664a2d0, length=45, elements={
0x000001a3052b2cf0, 0x000001a305221830, 0x000001a305222de0, 0x000001a305225a50,
0x000001a3052270a0, 0x000001a305229c10, 0x000001a30522a670, 0x000001a30522c730,
0x000001a305239db0, 0x000001a35e7c5740, 0x000001a35e7de010, 0x000001a363087850,
0x000001a3637cffc0, 0x000001a363792c40, 0x000001a363793680, 0x000001a363e753a0,
0x000001a364371210, 0x000001a363debd70, 0x000001a3641f9fb0, 0x000001a3641fa640,
0x000001a3641facd0, 0x000001a3641f9920, 0x000001a3650b2240, 0x000001a3650b2f60,
0x000001a3650b1520, 0x000001a3650b7e20, 0x000001a3650b6a70, 0x000001a3650b49a0,
0x000001a3650b35f0, 0x000001a3650b28d0, 0x000001a3650b4310, 0x000001a3650b5030,
0x000001a3650b56c0, 0x000001a3650b3c80, 0x000001a3650b5d50, 0x000001a364b2bb40,
0x000001a364b2c1d0, 0x000001a364b286c0, 0x000001a364b26c80, 0x000001a364b29a70,
0x000001a364b27310, 0x000001a364b2a100, 0x000001a364b2a790, 0x000001a365046440,
0x000001a365047f80
}

Java Threads: ( => current thread )
  0x000001a3052b2cf0 JavaThread "main"                              [_thread_blocked, id=14372, stack(0x000000786d600000,0x000000786d700000) (1024K)]
  0x000001a305221830 JavaThread "Reference Handler"          daemon [_thread_blocked, id=10812, stack(0x000000786db00000,0x000000786dc00000) (1024K)]
  0x000001a305222de0 JavaThread "Finalizer"                  daemon [_thread_blocked, id=10848, stack(0x000000786dc00000,0x000000786dd00000) (1024K)]
  0x000001a305225a50 JavaThread "Signal Dispatcher"          daemon [_thread_blocked, id=1772, stack(0x000000786dd00000,0x000000786de00000) (1024K)]
  0x000001a3052270a0 JavaThread "Attach Listener"            daemon [_thread_blocked, id=22984, stack(0x000000786de00000,0x000000786df00000) (1024K)]
  0x000001a305229c10 JavaThread "Service Thread"             daemon [_thread_blocked, id=14500, stack(0x000000786df00000,0x000000786e000000) (1024K)]
  0x000001a30522a670 JavaThread "Monitor Deflation Thread"   daemon [_thread_blocked, id=10596, stack(0x000000786e000000,0x000000786e100000) (1024K)]
  0x000001a30522c730 JavaThread "C2 CompilerThread0"         daemon [_thread_blocked, id=9432, stack(0x000000786e100000,0x000000786e200000) (1024K)]
  0x000001a305239db0 JavaThread "C1 CompilerThread0"         daemon [_thread_blocked, id=9424, stack(0x000000786e200000,0x000000786e300000) (1024K)]
  0x000001a35e7c5740 JavaThread "Common-Cleaner"             daemon [_thread_blocked, id=19336, stack(0x000000786e400000,0x000000786e500000) (1024K)]
  0x000001a35e7de010 JavaThread "Notification Thread"        daemon [_thread_blocked, id=17060, stack(0x000000786e300000,0x000000786e400000) (1024K)]
  0x000001a363087850 JavaThread "Active Thread: Equinox Container: e069863c-eb06-4a5d-90d7-dd83a13de6f7"        [_thread_blocked, id=5172, stack(0x000000786ed00000,0x000000786ee00000) (1024K)]
  0x000001a3637cffc0 JavaThread "Refresh Thread: Equinox Container: e069863c-eb06-4a5d-90d7-dd83a13de6f7" daemon [_thread_blocked, id=10360, stack(0x000000786ec00000,0x000000786ed00000) (1024K)]
  0x000001a363792c40 JavaThread "Framework Event Dispatcher: Equinox Container: e069863c-eb06-4a5d-90d7-dd83a13de6f7" daemon [_thread_blocked, id=17288, stack(0x000000786ee00000,0x000000786ef00000) (1024K)]
  0x000001a363793680 JavaThread "Start Level: Equinox Container: e069863c-eb06-4a5d-90d7-dd83a13de6f7" daemon [_thread_blocked, id=7408, stack(0x000000786ef00000,0x000000786f000000) (1024K)]
  0x000001a363e753a0 JavaThread "Bundle File Closer"         daemon [_thread_blocked, id=8124, stack(0x000000786f100000,0x000000786f200000) (1024K)]
  0x000001a364371210 JavaThread "SCR Component Actor"        daemon [_thread_blocked, id=5564, stack(0x000000786f000000,0x000000786f100000) (1024K)]
  0x000001a363debd70 JavaThread "Worker-JM"                         [_thread_blocked, id=18832, stack(0x000000786f300000,0x000000786f400000) (1024K)]
  0x000001a3641f9fb0 JavaThread "Worker-0"                          [_thread_blocked, id=12016, stack(0x000000786f200000,0x000000786f300000) (1024K)]
  0x000001a3641fa640 JavaThread "Worker-1"                          [_thread_blocked, id=9724, stack(0x000000786f400000,0x000000786f500000) (1024K)]
  0x000001a3641facd0 JavaThread "Worker-2: Check JDK Index"         [_thread_blocked, id=23476, stack(0x000000786f500000,0x000000786f600000) (1024K)]
  0x000001a3641f9920 JavaThread "Worker-3"                          [_thread_blocked, id=5796, stack(0x000000786f700000,0x000000786f800000) (1024K)]
  0x000001a3650b2240 JavaThread "Java indexing"              daemon [_thread_in_Java, id=18620, stack(0x000000786f800000,0x000000786f900000) (1024K)]
  0x000001a3650b2f60 JavaThread "JNA Cleaner"                daemon [_thread_blocked, id=22872, stack(0x000000786f900000,0x000000786fa00000) (1024K)]
  0x000001a3650b1520 JavaThread "Worker-4"                          [_thread_blocked, id=20016, stack(0x000000786fc00000,0x000000786fd00000) (1024K)]
  0x000001a3650b7e20 JavaThread "Worker-5"                          [_thread_blocked, id=11924, stack(0x000000786fd00000,0x000000786fe00000) (1024K)]
  0x000001a3650b6a70 JavaThread "pool-2-thread-1"                   [_thread_blocked, id=16680, stack(0x000000786fe00000,0x000000786ff00000) (1024K)]
  0x000001a3650b49a0 JavaThread "WorkspaceEventsHandler"            [_thread_blocked, id=22700, stack(0x000000786ff00000,0x0000007870000000) (1024K)]
  0x000001a3650b35f0 JavaThread "pool-1-thread-1"                   [_thread_blocked, id=12736, stack(0x0000007870000000,0x0000007870100000) (1024K)]
  0x000001a3650b28d0 JavaThread "LocalFile Deleter"          daemon [_thread_blocked, id=22216, stack(0x0000007870200000,0x0000007870300000) (1024K)]
  0x000001a3650b4310 JavaThread "LocalFile Deleter"          daemon [_thread_blocked, id=3884, stack(0x0000007870300000,0x0000007870400000) (1024K)]
  0x000001a3650b5030 JavaThread "LocalFile Deleter"          daemon [_thread_blocked, id=19968, stack(0x0000007870400000,0x0000007870500000) (1024K)]
  0x000001a3650b56c0 JavaThread "LocalFile Deleter"          daemon [_thread_blocked, id=22440, stack(0x0000007870500000,0x0000007870600000) (1024K)]
  0x000001a3650b3c80 JavaThread "LocalFile Deleter"          daemon [_thread_blocked, id=4904, stack(0x0000007870600000,0x0000007870700000) (1024K)]
  0x000001a3650b5d50 JavaThread "LocalFile Deleter"          daemon [_thread_blocked, id=6200, stack(0x0000007870700000,0x0000007870800000) (1024K)]
  0x000001a364b2bb40 JavaThread "Worker-6: Java indexing... "        [_thread_blocked, id=15016, stack(0x000000786f600000,0x000000786f700000) (1024K)]
  0x000001a364b2c1d0 JavaThread "ForkJoinPool.commonPool-worker-1" daemon [_thread_blocked, id=17944, stack(0x0000007870100000,0x0000007870200000) (1024K)]
  0x000001a364b286c0 JavaThread "ForkJoinPool.commonPool-worker-2" daemon [_thread_blocked, id=22016, stack(0x0000007870800000,0x0000007870900000) (1024K)]
  0x000001a364b26c80 JavaThread "Compiler Source File Reader" daemon [_thread_blocked, id=7592, stack(0x0000007870900000,0x0000007870a00000) (1024K)]
  0x000001a364b29a70 JavaThread "Compiler Processing Task"   daemon [_thread_blocked, id=15536, stack(0x0000007870b00000,0x0000007870c00000) (1024K)]
  0x000001a364b27310 JavaThread "Compiler Class File Writer" daemon [_thread_blocked, id=576, stack(0x0000007870c00000,0x0000007870d00000) (1024K)]
  0x000001a364b2a100 JavaThread "Compiler Source File Reader" daemon [_thread_blocked, id=17480, stack(0x0000007870d00000,0x0000007870e00000) (1024K)]
  0x000001a364b2a790 JavaThread "Compiler Class File Writer" daemon [_thread_blocked, id=4936, stack(0x0000007870e00000,0x0000007870f00000) (1024K)]
  0x000001a365046440 JavaThread "C2 CompilerThread1"         daemon [_thread_blocked, id=22708, stack(0x000000786d400000,0x000000786d500000) (1024K)]
=>0x000001a365047f80 JavaThread "C2 CompilerThread2"         daemon [_thread_in_native, id=18368, stack(0x000000786d500000,0x000000786d600000) (1024K)]
Total: 45

Other Threads:
  0x000001a30536f940 VMThread "VM Thread"                           [id=17984, stack(0x000000786da00000,0x000000786db00000) (1024K)]
  0x000001a30531c4c0 WatcherThread "VM Periodic Task Thread"        [id=1856, stack(0x000000786d900000,0x000000786da00000) (1024K)]
  0x000001a3052cfaa0 WorkerThread "GC Thread#0"                     [id=22468, stack(0x000000786d800000,0x000000786d900000) (1024K)]
  0x000001a3633bcba0 WorkerThread "GC Thread#1"                     [id=21408, stack(0x000000786e600000,0x000000786e700000) (1024K)]
  0x000001a363119ca0 WorkerThread "GC Thread#2"                     [id=8188, stack(0x000000786e700000,0x000000786e800000) (1024K)]
  0x000001a36311a050 WorkerThread "GC Thread#3"                     [id=21768, stack(0x000000786e800000,0x000000786e900000) (1024K)]
  0x000001a3630c2100 WorkerThread "GC Thread#4"                     [id=12072, stack(0x000000786e900000,0x000000786ea00000) (1024K)]
  0x000001a3630c24b0 WorkerThread "GC Thread#5"                     [id=5360, stack(0x000000786ea00000,0x000000786eb00000) (1024K)]
  0x000001a3630c2860 WorkerThread "GC Thread#6"                     [id=5568, stack(0x000000786eb00000,0x000000786ec00000) (1024K)]
  0x000001a363838470 WorkerThread "GC Thread#7"                     [id=16704, stack(0x000000786e500000,0x000000786e600000) (1024K)]
Total: 10

Threads with active compile tasks:
C2 CompilerThread2  84323 11552   !   4       org.eclipse.jdt.internal.core.search.indexing.BinaryIndexer::indexDocument (1172 bytes)
Total: 1

VM state: at safepoint (normal execution)

VM Mutex/Monitor currently owned by a thread:  ([mutex/lock_event])
[0x00007ff9f361f5b0] Threads_lock - owner thread: 0x000001a30536f940
[0x00007ff9f361f6b0] Heap_lock - owner thread: 0x000001a3650b2240

Heap address: 0x0000000080000000, size: 2048 MB, Compressed Oops mode: 32-bit

CDS archive(s) mapped at: [0x000001a31c000000-0x000001a31cba0000-0x000001a31cba0000), size 12189696, SharedBaseAddress: 0x000001a31c000000, ArchiveRelocationMode: 1.
Compressed class space mapped at: 0x000001a31d000000-0x000001a35d000000, reserved size: 1073741824
Narrow klass base: 0x000001a31c000000, Narrow klass shift: 0, Narrow klass range: 0x100000000

GC Precious Log:
 CardTable entry size: 512
 CPUs: 8 total, 8 available
 Memory: 8042M
 Large Page Support: Disabled
 NUMA Support: Disabled
 Compressed Oops: Enabled (32-bit)
 Alignments: Space 512K, Generation 512K, Heap 2M
 Heap Min Capacity: 100M
 Heap Initial Capacity: 100M
 Heap Max Capacity: 2G
 Pre-touch: Disabled
 Parallel Workers: 8

Heap:
 PSYoungGen      total 2560K, used 408K [0x00000000d5580000, 0x00000000d5980000, 0x0000000100000000)
  eden space 2048K, 2% used [0x00000000d5580000,0x00000000d558e0d8,0x00000000d5780000)
  from space 512K, 68% used [0x00000000d5880000,0x00000000d58d8000,0x00000000d5900000)
  to   space 512K, 0% used [0x00000000d5900000,0x00000000d5900000,0x00000000d5980000)
 ParOldGen       total 416256K, used 415821K [0x0000000080000000, 0x0000000099680000, 0x00000000d5580000)
  object space 416256K, 99% used [0x0000000080000000,0x0000000099613498,0x0000000099680000)
 Metaspace       used 62745K, committed 64192K, reserved 1114112K
  class space    used 6746K, committed 7360K, reserved 1048576K

Card table byte_map: [0x000001a304c60000,0x000001a305070000] _byte_map_base: 0x000001a304860000

Marking Bits: (ParMarkBitMap*) 0x00007ff9f36244a0
 Begin Bits: [0x000001a317770000, 0x000001a319770000)
 End Bits:   [0x000001a319770000, 0x000001a31b770000)

Polling page: 0x000001a303110000

Metaspace:

Usage:
  Non-class:     54.69 MB used.
      Class:      6.59 MB used.
       Both:     61.27 MB used.

Virtual space:
  Non-class space:       64.00 MB reserved,      55.50 MB ( 87%) committed,  1 nodes.
      Class space:        1.00 GB reserved,       7.19 MB ( <1%) committed,  1 nodes.
             Both:        1.06 GB reserved,      62.69 MB (  6%) committed. 

Chunk freelists:
   Non-Class:  7.78 MB
       Class:  8.81 MB
        Both:  16.59 MB

MaxMetaspaceSize: unlimited
CompressedClassSpaceSize: 1.00 GB
Initial GC threshold: 21.00 MB
Current GC threshold: 97.31 MB
CDS: on
 - commit_granule_bytes: 65536.
 - commit_granule_words: 8192.
 - virtual_space_node_default_size: 8388608.
 - enlarge_chunks_in_place: 1.
 - use_allocation_guard: 0.


Internal statistics:

num_allocs_failed_limit: 9.
num_arena_births: 1190.
num_arena_deaths: 22.
num_vsnodes_births: 2.
num_vsnodes_deaths: 0.
num_space_committed: 1003.
num_space_uncommitted: 0.
num_chunks_returned_to_freelist: 33.
num_chunks_taken_from_freelist: 4191.
num_chunk_merges: 15.
num_chunk_splits: 2546.
num_chunks_enlarged: 1444.
num_inconsistent_stats: 0.

CodeHeap 'non-profiled nmethods': size=120000Kb used=8320Kb max_used=8320Kb free=111679Kb
 bounds [0x000001a30ff90000, 0x000001a3107c0000, 0x000001a3174c0000]
CodeHeap 'profiled nmethods': size=120000Kb used=23329Kb max_used=23329Kb free=96671Kb
 bounds [0x000001a3084c0000, 0x000001a309b90000, 0x000001a30f9f0000]
CodeHeap 'non-nmethods': size=5760Kb used=1422Kb max_used=1521Kb free=4337Kb
 bounds [0x000001a30f9f0000, 0x000001a30fc60000, 0x000001a30ff90000]
CodeCache: size=245760Kb, used=33071Kb, max_used=33170Kb, free=212687Kb
 total_blobs=11559, nmethods=10824, adapters=641, full_count=0
Compilation: enabled, stopped_count=0, restarted_count=0

Compilation events (20 events):
Event: 83.789 Thread 0x000001a305239db0 11553       3       org.eclipse.jdt.internal.compiler.classfmt.TypeAnnotationInfo::<init> (445 bytes)
Event: 83.792 Thread 0x000001a305239db0 nmethod 11553 0x000001a309b85490 code [0x000001a309b85740, 0x000001a309b86c70]
Event: 83.792 Thread 0x000001a305239db0 11554       3       org.eclipse.jdt.internal.compiler.classfmt.TypeAnnotationInfo::<init> (18 bytes)
Event: 83.793 Thread 0x000001a305239db0 nmethod 11554 0x000001a309b87410 code [0x000001a309b875c0, 0x000001a309b877c8]
Event: 83.830 Thread 0x000001a365047f80 nmethod 11548 0x000001a3107a1710 code [0x000001a3107a19c0, 0x000001a3107a2d00]
Event: 83.833 Thread 0x000001a365047f80 11552   !   4       org.eclipse.jdt.internal.core.search.indexing.BinaryIndexer::indexDocument (1172 bytes)
Event: 83.855 Thread 0x000001a305239db0 11558       3       org.eclipse.jdt.internal.compiler.classfmt.MethodInfo::decodeTypeAnnotations (88 bytes)
Event: 83.856 Thread 0x000001a305239db0 nmethod 11558 0x000001a309b87910 code [0x000001a309b87b00, 0x000001a309b88170]
Event: 83.948 Thread 0x000001a365046440 nmethod 11543% 0x000001a3107a3810 code [0x000001a3107a3c20, 0x000001a3107a6968]
Event: 83.950 Thread 0x000001a365046440 11555   !   4       java.util.zip.ZipFile$CleanableResource::getInflater (47 bytes)
Event: 83.976 Thread 0x000001a30522c730 nmethod 11551 0x000001a3107a8090 code [0x000001a3107a8420, 0x000001a3107aaee8]
Event: 83.977 Thread 0x000001a30522c730 11556       4       java.util.zip.ZipFile$ZipFileInflaterInputStream::<init> (41 bytes)
Event: 83.978 Thread 0x000001a365046440 nmethod 11555 0x000001a3107aca10 code [0x000001a3107acc20, 0x000001a3107ad588]
Event: 83.979 Thread 0x000001a365046440 11557       4       java.util.zip.ZipFile$ZipFileInputStream::<init> (96 bytes)
Event: 84.007 Thread 0x000001a30522c730 nmethod 11556 0x000001a3107adb90 code [0x000001a3107add80, 0x000001a3107ae5f8]
Event: 84.007 Thread 0x000001a30522c730 11549       4       org.eclipse.jdt.core.Signature::appendTypeSignature (9 bytes)
Event: 84.017 Thread 0x000001a365046440 nmethod 11557 0x000001a3107aeb90 code [0x000001a3107aed40, 0x000001a3107af078]
Event: 84.017 Thread 0x000001a365046440 11550       4       org.eclipse.jdt.core.Signature::toCharArray (83 bytes)
Event: 84.031 Thread 0x000001a365046440 nmethod 11550 0x000001a3107af310 code [0x000001a3107af4e0, 0x000001a3107afae0]
Event: 84.032 Thread 0x000001a30522c730 nmethod 11549 0x000001a3107afe90 code [0x000001a3107b0020, 0x000001a3107b00b8]

GC Heap History (20 events):
Event: 83.393 GC heap before
{Heap before GC invocations=597 (full 3):
 PSYoungGen      total 2560K, used 2549K [0x00000000d5580000, 0x00000000d5b80000, 0x0000000100000000)
  eden space 2048K, 100% used [0x00000000d5580000,0x00000000d5780000,0x00000000d5780000)
  from space 512K, 97% used [0x00000000d5800000,0x00000000d587d700,0x00000000d5880000)
  to   space 2048K, 0% used [0x00000000d5980000,0x00000000d5980000,0x00000000d5b80000)
 ParOldGen       total 412672K, used 412355K [0x0000000080000000, 0x0000000099300000, 0x00000000d5580000)
  object space 412672K, 99% used [0x0000000080000000,0x00000000992b0e68,0x0000000099300000)
 Metaspace       used 62740K, committed 64192K, reserved 1114112K
  class space    used 6746K, committed 7360K, reserved 1048576K
}
Event: 83.400 GC heap after
{Heap after GC invocations=597 (full 3):
 PSYoungGen      total 3072K, used 944K [0x00000000d5580000, 0x00000000d5a80000, 0x0000000100000000)
  eden space 2048K, 0% used [0x00000000d5580000,0x00000000d5580000,0x00000000d5780000)
  from space 1024K, 92% used [0x00000000d5980000,0x00000000d5a6c000,0x00000000d5a80000)
  to   space 1536K, 0% used [0x00000000d5780000,0x00000000d5780000,0x00000000d5900000)
 ParOldGen       total 412672K, used 412363K [0x0000000080000000, 0x0000000099300000, 0x00000000d5580000)
  object space 412672K, 99% used [0x0000000080000000,0x00000000992b2e68,0x0000000099300000)
 Metaspace       used 62740K, committed 64192K, reserved 1114112K
  class space    used 6746K, committed 7360K, reserved 1048576K
}
Event: 83.572 GC heap before
{Heap before GC invocations=598 (full 3):
 PSYoungGen      total 3072K, used 2992K [0x00000000d5580000, 0x00000000d5a80000, 0x0000000100000000)
  eden space 2048K, 100% used [0x00000000d5580000,0x00000000d5780000,0x00000000d5780000)
  from space 1024K, 92% used [0x00000000d5980000,0x00000000d5a6c000,0x00000000d5a80000)
  to   space 1536K, 0% used [0x00000000d5780000,0x00000000d5780000,0x00000000d5900000)
 ParOldGen       total 412672K, used 412363K [0x0000000080000000, 0x0000000099300000, 0x00000000d5580000)
  object space 412672K, 99% used [0x0000000080000000,0x00000000992b2e68,0x0000000099300000)
 Metaspace       used 62740K, committed 64192K, reserved 1114112K
  class space    used 6746K, committed 7360K, reserved 1048576K
}
Event: 83.578 GC heap after
{Heap after GC invocations=598 (full 3):
 PSYoungGen      total 3584K, used 224K [0x00000000d5580000, 0x00000000d5a00000, 0x0000000100000000)
  eden space 2048K, 0% used [0x00000000d5580000,0x00000000d5580000,0x00000000d5780000)
  from space 1536K, 14% used [0x00000000d5780000,0x00000000d57b8000,0x00000000d5900000)
  to   space 1024K, 0% used [0x00000000d5900000,0x00000000d5900000,0x00000000d5a00000)
 ParOldGen       total 413696K, used 413236K [0x0000000080000000, 0x0000000099400000, 0x00000000d5580000)
  object space 413696K, 99% used [0x0000000080000000,0x000000009938d258,0x0000000099400000)
 Metaspace       used 62740K, committed 64192K, reserved 1114112K
  class space    used 6746K, committed 7360K, reserved 1048576K
}
Event: 83.736 GC heap before
{Heap before GC invocations=599 (full 3):
 PSYoungGen      total 3584K, used 2272K [0x00000000d5580000, 0x00000000d5a00000, 0x0000000100000000)
  eden space 2048K, 100% used [0x00000000d5580000,0x00000000d5780000,0x00000000d5780000)
  from space 1536K, 14% used [0x00000000d5780000,0x00000000d57b8000,0x00000000d5900000)
  to   space 1024K, 0% used [0x00000000d5900000,0x00000000d5900000,0x00000000d5a00000)
 ParOldGen       total 413696K, used 413236K [0x0000000080000000, 0x0000000099400000, 0x00000000d5580000)
  object space 413696K, 99% used [0x0000000080000000,0x000000009938d258,0x0000000099400000)
 Metaspace       used 62742K, committed 64192K, reserved 1114112K
  class space    used 6746K, committed 7360K, reserved 1048576K
}
Event: 83.741 GC heap after
{Heap after GC invocations=599 (full 3):
 PSYoungGen      total 2560K, used 420K [0x00000000d5580000, 0x00000000d5980000, 0x0000000100000000)
  eden space 2048K, 0% used [0x00000000d5580000,0x00000000d5580000,0x00000000d5780000)
  from space 512K, 82% used [0x00000000d5900000,0x00000000d59691a8,0x00000000d5980000)
  to   space 512K, 0% used [0x00000000d5880000,0x00000000d5880000,0x00000000d5900000)
 ParOldGen       total 413696K, used 413324K [0x0000000080000000, 0x0000000099400000, 0x00000000d5580000)
  object space 413696K, 99% used [0x0000000080000000,0x00000000993a3258,0x0000000099400000)
 Metaspace       used 62742K, committed 64192K, reserved 1114112K
  class space    used 6746K, committed 7360K, reserved 1048576K
}
Event: 83.767 GC heap before
{Heap before GC invocations=600 (full 3):
 PSYoungGen      total 2560K, used 2459K [0x00000000d5580000, 0x00000000d5980000, 0x0000000100000000)
  eden space 2048K, 99% used [0x00000000d5580000,0x00000000d577daf8,0x00000000d5780000)
  from space 512K, 82% used [0x00000000d5900000,0x00000000d59691a8,0x00000000d5980000)
  to   space 512K, 0% used [0x00000000d5880000,0x00000000d5880000,0x00000000d5900000)
 ParOldGen       total 413696K, used 413324K [0x0000000080000000, 0x0000000099400000, 0x00000000d5580000)
  object space 413696K, 99% used [0x0000000080000000,0x00000000993a3258,0x0000000099400000)
 Metaspace       used 62742K, committed 64192K, reserved 1114112K
  class space    used 6746K, committed 7360K, reserved 1048576K
}
Event: 83.770 GC heap after
{Heap after GC invocations=600 (full 3):
 PSYoungGen      total 2560K, used 384K [0x00000000d5580000, 0x00000000d5980000, 0x0000000100000000)
  eden space 2048K, 0% used [0x00000000d5580000,0x00000000d5580000,0x00000000d5780000)
  from space 512K, 75% used [0x00000000d5880000,0x00000000d58e0000,0x00000000d5900000)
  to   space 512K, 0% used [0x00000000d5900000,0x00000000d5900000,0x00000000d5980000)
 ParOldGen       total 413696K, used 413662K [0x0000000080000000, 0x0000000099400000, 0x00000000d5580000)
  object space 413696K, 99% used [0x0000000080000000,0x00000000993f7a80,0x0000000099400000)
 Metaspace       used 62742K, committed 64192K, reserved 1114112K
  class space    used 6746K, committed 7360K, reserved 1048576K
}
Event: 83.796 GC heap before
{Heap before GC invocations=601 (full 3):
 PSYoungGen      total 2560K, used 2432K [0x00000000d5580000, 0x00000000d5980000, 0x0000000100000000)
  eden space 2048K, 100% used [0x00000000d5580000,0x00000000d5780000,0x00000000d5780000)
  from space 512K, 75% used [0x00000000d5880000,0x00000000d58e0000,0x00000000d5900000)
  to   space 512K, 0% used [0x00000000d5900000,0x00000000d5900000,0x00000000d5980000)
 ParOldGen       total 413696K, used 413662K [0x0000000080000000, 0x0000000099400000, 0x00000000d5580000)
  object space 413696K, 99% used [0x0000000080000000,0x00000000993f7a80,0x0000000099400000)
 Metaspace       used 62745K, committed 64192K, reserved 1114112K
  class space    used 6746K, committed 7360K, reserved 1048576K
}
Event: 83.803 GC heap after
{Heap after GC invocations=601 (full 3):
 PSYoungGen      total 2560K, used 352K [0x00000000d5580000, 0x00000000d5980000, 0x0000000100000000)
  eden space 2048K, 0% used [0x00000000d5580000,0x00000000d5580000,0x00000000d5780000)
  from space 512K, 68% used [0x00000000d5900000,0x00000000d5958000,0x00000000d5980000)
  to   space 512K, 0% used [0x00000000d5880000,0x00000000d5880000,0x00000000d5900000)
 ParOldGen       total 414208K, used 413948K [0x0000000080000000, 0x0000000099480000, 0x00000000d5580000)
  object space 414208K, 99% used [0x0000000080000000,0x000000009943f088,0x0000000099480000)
 Metaspace       used 62745K, committed 64192K, reserved 1114112K
  class space    used 6746K, committed 7360K, reserved 1048576K
}
Event: 83.826 GC heap before
{Heap before GC invocations=602 (full 3):
 PSYoungGen      total 2560K, used 2400K [0x00000000d5580000, 0x00000000d5980000, 0x0000000100000000)
  eden space 2048K, 100% used [0x00000000d5580000,0x00000000d5780000,0x00000000d5780000)
  from space 512K, 68% used [0x00000000d5900000,0x00000000d5958000,0x00000000d5980000)
  to   space 512K, 0% used [0x00000000d5880000,0x00000000d5880000,0x00000000d5900000)
 ParOldGen       total 414208K, used 413948K [0x0000000080000000, 0x0000000099480000, 0x00000000d5580000)
  object space 414208K, 99% used [0x0000000080000000,0x000000009943f088,0x0000000099480000)
 Metaspace       used 62745K, committed 64192K, reserved 1114112K
  class space    used 6746K, committed 7360K, reserved 1048576K
}
Event: 83.829 GC heap after
{Heap after GC invocations=602 (full 3):
 PSYoungGen      total 2560K, used 352K [0x00000000d5580000, 0x00000000d5980000, 0x0000000100000000)
  eden space 2048K, 0% used [0x00000000d5580000,0x00000000d5580000,0x00000000d5780000)
  from space 512K, 68% used [0x00000000d5880000,0x00000000d58d8000,0x00000000d5900000)
  to   space 512K, 0% used [0x00000000d5900000,0x00000000d5900000,0x00000000d5980000)
 ParOldGen       total 414208K, used 414188K [0x0000000080000000, 0x0000000099480000, 0x00000000d5580000)
  object space 414208K, 99% used [0x0000000080000000,0x000000009947b088,0x0000000099480000)
 Metaspace       used 62745K, committed 64192K, reserved 1114112K
  class space    used 6746K, committed 7360K, reserved 1048576K
}
Event: 83.867 GC heap before
{Heap before GC invocations=603 (full 3):
 PSYoungGen      total 2560K, used 2400K [0x00000000d5580000, 0x00000000d5980000, 0x0000000100000000)
  eden space 2048K, 100% used [0x00000000d5580000,0x00000000d5780000,0x00000000d5780000)
  from space 512K, 68% used [0x00000000d5880000,0x00000000d58d8000,0x00000000d5900000)
  to   space 512K, 0% used [0x00000000d5900000,0x00000000d5900000,0x00000000d5980000)
 ParOldGen       total 414208K, used 414188K [0x0000000080000000, 0x0000000099480000, 0x00000000d5580000)
  object space 414208K, 99% used [0x0000000080000000,0x000000009947b088,0x0000000099480000)
 Metaspace       used 62745K, committed 64192K, reserved 1114112K
  class space    used 6746K, committed 7360K, reserved 1048576K
}
Event: 83.869 GC heap after
{Heap after GC invocations=603 (full 3):
 PSYoungGen      total 2560K, used 320K [0x00000000d5580000, 0x00000000d5980000, 0x0000000100000000)
  eden space 2048K, 0% used [0x00000000d5580000,0x00000000d5580000,0x00000000d5780000)
  from space 512K, 62% used [0x00000000d5900000,0x00000000d5950000,0x00000000d5980000)
  to   space 512K, 0% used [0x00000000d5880000,0x00000000d5880000,0x00000000d5900000)
 ParOldGen       total 414720K, used 414487K [0x0000000080000000, 0x0000000099500000, 0x00000000d5580000)
  object space 414720K, 99% used [0x0000000080000000,0x00000000994c5c90,0x0000000099500000)
 Metaspace       used 62745K, committed 64192K, reserved 1114112K
  class space    used 6746K, committed 7360K, reserved 1048576K
}
Event: 83.908 GC heap before
{Heap before GC invocations=604 (full 3):
 PSYoungGen      total 2560K, used 2368K [0x00000000d5580000, 0x00000000d5980000, 0x0000000100000000)
  eden space 2048K, 100% used [0x00000000d5580000,0x00000000d5780000,0x00000000d5780000)
  from space 512K, 62% used [0x00000000d5900000,0x00000000d5950000,0x00000000d5980000)
  to   space 512K, 0% used [0x00000000d5880000,0x00000000d5880000,0x00000000d5900000)
 ParOldGen       total 414720K, used 414487K [0x0000000080000000, 0x0000000099500000, 0x00000000d5580000)
  object space 414720K, 99% used [0x0000000080000000,0x00000000994c5c90,0x0000000099500000)
 Metaspace       used 62745K, committed 64192K, reserved 1114112K
  class space    used 6746K, committed 7360K, reserved 1048576K
}
Event: 83.911 GC heap after
{Heap after GC invocations=604 (full 3):
 PSYoungGen      total 2560K, used 320K [0x00000000d5580000, 0x00000000d5980000, 0x0000000100000000)
  eden space 2048K, 0% used [0x00000000d5580000,0x00000000d5580000,0x00000000d5780000)
  from space 512K, 62% used [0x00000000d5880000,0x00000000d58d0000,0x00000000d5900000)
  to   space 512K, 0% used [0x00000000d5900000,0x00000000d5900000,0x00000000d5980000)
 ParOldGen       total 415232K, used 414743K [0x0000000080000000, 0x0000000099580000, 0x00000000d5580000)
  object space 415232K, 99% used [0x0000000080000000,0x0000000099505c90,0x0000000099580000)
 Metaspace       used 62745K, committed 64192K, reserved 1114112K
  class space    used 6746K, committed 7360K, reserved 1048576K
}
Event: 83.939 GC heap before
{Heap before GC invocations=605 (full 3):
 PSYoungGen      total 2560K, used 2368K [0x00000000d5580000, 0x00000000d5980000, 0x0000000100000000)
  eden space 2048K, 100% used [0x00000000d5580000,0x00000000d5780000,0x00000000d5780000)
  from space 512K, 62% used [0x00000000d5880000,0x00000000d58d0000,0x00000000d5900000)
  to   space 512K, 0% used [0x00000000d5900000,0x00000000d5900000,0x00000000d5980000)
 ParOldGen       total 415232K, used 414743K [0x0000000080000000, 0x0000000099580000, 0x00000000d5580000)
  object space 415232K, 99% used [0x0000000080000000,0x0000000099505c90,0x0000000099580000)
 Metaspace       used 62745K, committed 64192K, reserved 1114112K
  class space    used 6746K, committed 7360K, reserved 1048576K
}
Event: 83.943 GC heap after
{Heap after GC invocations=605 (full 3):
 PSYoungGen      total 2560K, used 470K [0x00000000d5580000, 0x00000000d5980000, 0x0000000100000000)
  eden space 2048K, 0% used [0x00000000d5580000,0x00000000d5580000,0x00000000d5780000)
  from space 512K, 91% used [0x00000000d5900000,0x00000000d5975808,0x00000000d5980000)
  to   space 512K, 0% used [0x00000000d5880000,0x00000000d5880000,0x00000000d5900000)
 ParOldGen       total 415232K, used 414999K [0x0000000080000000, 0x0000000099580000, 0x00000000d5580000)
  object space 415232K, 99% used [0x0000000080000000,0x0000000099545c90,0x0000000099580000)
 Metaspace       used 62745K, committed 64192K, reserved 1114112K
  class space    used 6746K, committed 7360K, reserved 1048576K
}
Event: 83.966 GC heap before
{Heap before GC invocations=606 (full 3):
 PSYoungGen      total 2560K, used 2518K [0x00000000d5580000, 0x00000000d5980000, 0x0000000100000000)
  eden space 2048K, 100% used [0x00000000d5580000,0x00000000d5780000,0x00000000d5780000)
  from space 512K, 91% used [0x00000000d5900000,0x00000000d5975808,0x00000000d5980000)
  to   space 512K, 0% used [0x00000000d5880000,0x00000000d5880000,0x00000000d5900000)
 ParOldGen       total 415232K, used 414999K [0x0000000080000000, 0x0000000099580000, 0x00000000d5580000)
  object space 415232K, 99% used [0x0000000080000000,0x0000000099545c90,0x0000000099580000)
 Metaspace       used 62745K, committed 64192K, reserved 1114112K
  class space    used 6746K, committed 7360K, reserved 1048576K
}
Event: 83.970 GC heap after
{Heap after GC invocations=606 (full 3):
 PSYoungGen      total 2560K, used 288K [0x00000000d5580000, 0x00000000d5980000, 0x0000000100000000)
  eden space 2048K, 0% used [0x00000000d5580000,0x00000000d5580000,0x00000000d5780000)
  from space 512K, 56% used [0x00000000d5880000,0x00000000d58c8000,0x00000000d5900000)
  to   space 512K, 0% used [0x00000000d5900000,0x00000000d5900000,0x00000000d5980000)
 ParOldGen       total 415744K, used 415301K [0x0000000080000000, 0x0000000099600000, 0x00000000d5580000)
  object space 415744K, 99% used [0x0000000080000000,0x0000000099591498,0x0000000099600000)
 Metaspace       used 62745K, committed 64192K, reserved 1114112K
  class space    used 6746K, committed 7360K, reserved 1048576K
}

Dll operation events (20 events):
Event: 0.342 Attempting to load shared library C:\Users\PC\.vscode\extensions\redhat.java-1.56.0-win32-x64\jre\21.0.12.1-win32-x86_64\bin\instrument.dll
Event: 0.342 Loaded shared library C:\Users\PC\.vscode\extensions\redhat.java-1.56.0-win32-x64\jre\21.0.12.1-win32-x86_64\bin\instrument.dll
Event: 0.357 Attempting to load shared library C:\Users\PC\.vscode\extensions\redhat.java-1.56.0-win32-x64\jre\21.0.12.1-win32-x86_64\bin\net.dll
Event: 0.359 Loaded shared library C:\Users\PC\.vscode\extensions\redhat.java-1.56.0-win32-x64\jre\21.0.12.1-win32-x86_64\bin\net.dll
Event: 0.365 Attempting to load shared library C:\Users\PC\.vscode\extensions\redhat.java-1.56.0-win32-x64\jre\21.0.12.1-win32-x86_64\bin\nio.dll
Event: 0.366 Loaded shared library C:\Users\PC\.vscode\extensions\redhat.java-1.56.0-win32-x64\jre\21.0.12.1-win32-x86_64\bin\nio.dll
Event: 0.377 Attempting to load shared library C:\Users\PC\.vscode\extensions\redhat.java-1.56.0-win32-x64\jre\21.0.12.1-win32-x86_64\bin\zip.dll
Event: 0.377 Loaded shared library C:\Users\PC\.vscode\extensions\redhat.java-1.56.0-win32-x64\jre\21.0.12.1-win32-x86_64\bin\zip.dll
Event: 0.442 Attempting to load shared library C:\Users\PC\.vscode\extensions\redhat.java-1.56.0-win32-x64\jre\21.0.12.1-win32-x86_64\bin\jimage.dll
Event: 0.442 Loaded shared library C:\Users\PC\.vscode\extensions\redhat.java-1.56.0-win32-x64\jre\21.0.12.1-win32-x86_64\bin\jimage.dll
Event: 0.827 Attempting to load shared library c:\Users\PC\.vscode\extensions\redhat.java-1.56.0-win32-x64\jre\21.0.12.1-win32-x86_64\bin\verify.dll
Event: 0.828 Loaded shared library c:\Users\PC\.vscode\extensions\redhat.java-1.56.0-win32-x64\jre\21.0.12.1-win32-x86_64\bin\verify.dll
Event: 6.591 Attempting to load shared library C:\Users\PC\AppData\Roaming\Code\User\globalStorage\redhat.java\1.56.0\config_win\org.eclipse.equinox.launcher\org.eclipse.equinox.launcher.win32.win32.x86_64_1.3.100.v20260804-1928\eclipse_11924.dll
Event: 6.595 Loaded shared library C:\Users\PC\AppData\Roaming\Code\User\globalStorage\redhat.java\1.56.0\config_win\org.eclipse.equinox.launcher\org.eclipse.equinox.launcher.win32.win32.x86_64_1.3.100.v20260804-1928\eclipse_11924.dll
Event: 15.788 Attempting to load shared library C:\Users\PC\.vscode\extensions\redhat.java-1.56.0-win32-x64\jre\21.0.12.1-win32-x86_64\bin\management.dll
Event: 15.789 Loaded shared library C:\Users\PC\.vscode\extensions\redhat.java-1.56.0-win32-x64\jre\21.0.12.1-win32-x86_64\bin\management.dll
Event: 15.796 Attempting to load shared library C:\Users\PC\.vscode\extensions\redhat.java-1.56.0-win32-x64\jre\21.0.12.1-win32-x86_64\bin\management_ext.dll
Event: 15.798 Loaded shared library C:\Users\PC\.vscode\extensions\redhat.java-1.56.0-win32-x64\jre\21.0.12.1-win32-x86_64\bin\management_ext.dll
Event: 16.441 Attempting to load shared library C:\Users\PC\AppData\Local\Temp\jna-2547\jna18142644173107143083.dll
Event: 16.896 Loaded shared library C:\Users\PC\AppData\Local\Temp\jna-2547\jna18142644173107143083.dll

Deoptimization events (20 events):
Event: 80.581 Thread 0x000001a3650b2240 DEOPT PACKING pc=0x000001a308893ffa sp=0x000000786f8fedf0
Event: 80.582 Thread 0x000001a3650b2240 DEOPT UNPACKING pc=0x000001a30fa44242 sp=0x000000786f8fe220 mode 0
Event: 80.604 Thread 0x000001a3650b2240 DEOPT PACKING pc=0x000001a308893ffa sp=0x000000786f8fed60
Event: 80.605 Thread 0x000001a3650b2240 DEOPT UNPACKING pc=0x000001a30fa44242 sp=0x000000786f8fe190 mode 0
Event: 80.630 Thread 0x000001a3650b2240 DEOPT PACKING pc=0x000001a308893ffa sp=0x000000786f8fed30
Event: 80.630 Thread 0x000001a3650b2240 DEOPT UNPACKING pc=0x000001a30fa44242 sp=0x000000786f8fe160 mode 0
Event: 80.649 Thread 0x000001a3650b2240 DEOPT PACKING pc=0x000001a308893ffa sp=0x000000786f8fed30
Event: 80.649 Thread 0x000001a3650b2240 DEOPT UNPACKING pc=0x000001a30fa44242 sp=0x000000786f8fe160 mode 0
Event: 80.693 Thread 0x000001a3650b2240 Uncommon trap: trap_request=0xffffff45 fr.pc=0x000001a310727cc0 relative=0x0000000000001740
Event: 80.693 Thread 0x000001a3650b2240 Uncommon trap: reason=unstable_if action=reinterpret pc=0x000001a310727cc0 method=org.eclipse.jdt.internal.core.index.DiskIndex.writeStreamChars(Ljava/io/OutputStream;[C)V @ 100 c2
Event: 80.693 Thread 0x000001a3650b2240 DEOPT PACKING pc=0x000001a310727cc0 sp=0x000000786f8fed80
Event: 80.693 Thread 0x000001a3650b2240 DEOPT UNPACKING pc=0x000001a30fa43aa2 sp=0x000000786f8fecb0 mode 2
Event: 80.693 Thread 0x000001a3650b2240 Uncommon trap: trap_request=0xffffff45 fr.pc=0x000001a310723010 relative=0x0000000000000610
Event: 80.693 Thread 0x000001a3650b2240 Uncommon trap: reason=unstable_if action=reinterpret pc=0x000001a310723010 method=org.eclipse.jdt.internal.core.index.DiskIndex.writeStreamChars(Ljava/io/OutputStream;[C)V @ 100 c2
Event: 80.693 Thread 0x000001a3650b2240 DEOPT PACKING pc=0x000001a310723010 sp=0x000000786f8fed20
Event: 80.693 Thread 0x000001a3650b2240 DEOPT UNPACKING pc=0x000001a30fa43aa2 sp=0x000000786f8feca8 mode 2
Event: 80.976 Thread 0x000001a3650b2240 DEOPT PACKING pc=0x000001a3097cfc17 sp=0x000000786f8fee30
Event: 80.976 Thread 0x000001a3650b2240 DEOPT UNPACKING pc=0x000001a30fa44242 sp=0x000000786f8fe220 mode 0
Event: 82.898 Thread 0x000001a3650b2240 DEOPT PACKING pc=0x000001a309b7f56b sp=0x000000786f8ff060
Event: 82.898 Thread 0x000001a3650b2240 DEOPT UNPACKING pc=0x000001a30fa44242 sp=0x000000786f8fe500 mode 0

Classes loaded (20 events):
Event: 59.972 Loading class java/nio/file/attribute/PosixFileAttributeView
Event: 59.972 Loading class java/nio/file/attribute/PosixFileAttributeView done
Event: 59.972 Loading class java/nio/file/attribute/DosFileAttributeView
Event: 59.973 Loading class java/nio/file/attribute/DosFileAttributeView done
Event: 59.973 Loading class java/nio/file/attribute/UserDefinedFileAttributeView
Event: 59.973 Loading class java/nio/file/attribute/UserDefinedFileAttributeView done
Event: 60.003 Loading class java/nio/BufferMismatch
Event: 60.003 Loading class java/nio/BufferMismatch done
Event: 60.004 Loading class java/nio/file/attribute/PosixFileAttributes
Event: 60.004 Loading class java/nio/file/attribute/PosixFileAttributes done
Event: 66.790 Loading class java/util/stream/ReduceOps$5
Event: 66.790 Loading class java/util/stream/ReduceOps$5 done
Event: 66.791 Loading class java/util/stream/ReduceOps$CountingSink$OfRef
Event: 66.791 Loading class java/util/stream/ReduceOps$CountingSink
Event: 66.791 Loading class java/util/stream/ReduceOps$CountingSink done
Event: 66.791 Loading class java/util/stream/ReduceOps$CountingSink$OfRef done
Event: 67.187 Loading class java/util/stream/ReduceOps$1
Event: 67.188 Loading class java/util/stream/ReduceOps$1 done
Event: 67.188 Loading class java/util/stream/ReduceOps$1ReducingSink
Event: 67.188 Loading class java/util/stream/ReduceOps$1ReducingSink done

Classes unloaded (11 events):
Event: 12.919 Thread 0x000001a30536f940 Unloading class 0x000001a31d1ab400 'java/lang/invoke/LambdaForm$MH+0x000001a31d1ab400'
Event: 12.919 Thread 0x000001a30536f940 Unloading class 0x000001a31d1ab000 'java/lang/invoke/LambdaForm$MH+0x000001a31d1ab000'
Event: 12.919 Thread 0x000001a30536f940 Unloading class 0x000001a31d1aac00 'java/lang/invoke/LambdaForm$MH+0x000001a31d1aac00'
Event: 12.919 Thread 0x000001a30536f940 Unloading class 0x000001a31d1aa800 'java/lang/invoke/LambdaForm$MH+0x000001a31d1aa800'
Event: 12.919 Thread 0x000001a30536f940 Unloading class 0x000001a31d1aa400 'java/lang/invoke/LambdaForm$BMH+0x000001a31d1aa400'
Event: 12.919 Thread 0x000001a30536f940 Unloading class 0x000001a31d1aa000 'java/lang/invoke/LambdaForm$DMH+0x000001a31d1aa000'
Event: 12.919 Thread 0x000001a30536f940 Unloading class 0x000001a31d1a8c00 'java/lang/invoke/LambdaForm$DMH+0x000001a31d1a8c00'
Event: 17.214 Thread 0x000001a30536f940 Unloading class 0x000001a31d2ca400 'java/lang/invoke/LambdaForm$MH+0x000001a31d2ca400'
Event: 17.214 Thread 0x000001a30536f940 Unloading class 0x000001a31d2c9800 'java/lang/invoke/LambdaForm$MH+0x000001a31d2c9800'
Event: 17.214 Thread 0x000001a30536f940 Unloading class 0x000001a31d2c9000 'java/lang/invoke/LambdaForm$MH+0x000001a31d2c9000'
Event: 53.850 Thread 0x000001a30536f940 Unloading class 0x000001a31d5c8000 'java/lang/invoke/LambdaForm$DMH+0x000001a31d5c8000'

Classes redefined (0 events):
No events

Internal exceptions (20 events):
Event: 60.356 Thread 0x000001a3641fa640 Exception <a 'java/io/FileNotFoundException'{0x00000000d5ab1e08}> (0x00000000d5ab1e08) 
thrown [s\src\hotspot\share\prims\jni.cpp, line 520]
Event: 60.357 Thread 0x000001a3641fa640 Exception <a 'java/io/FileNotFoundException'{0x00000000d5ab37a8}> (0x00000000d5ab37a8) 
thrown [s\src\hotspot\share\prims\jni.cpp, line 520]
Event: 60.380 Thread 0x000001a3641fa640 Exception <a 'sun/nio/fs/WindowsException'{0x00000000d5c6dfe0}> (0x00000000d5c6dfe0) 
thrown [s\src\hotspot\share\prims\jni.cpp, line 520]
Event: 60.380 Thread 0x000001a3641fa640 Exception <a 'sun/nio/fs/WindowsException'{0x00000000d5c6ea78}> (0x00000000d5c6ea78) 
thrown [s\src\hotspot\share\prims\jni.cpp, line 520]
Event: 60.417 Thread 0x000001a3641fa640 Exception <a 'sun/nio/fs/WindowsException'{0x00000000d5867d18}> (0x00000000d5867d18) 
thrown [s\src\hotspot\share\prims\jni.cpp, line 520]
Event: 60.417 Thread 0x000001a3641fa640 Exception <a 'sun/nio/fs/WindowsException'{0x00000000d5868568}> (0x00000000d5868568) 
thrown [s\src\hotspot\share\prims\jni.cpp, line 520]
Event: 62.124 Thread 0x000001a3641fa640 Implicit null exception at 0x000001a310487c24 to 0x000001a310487f50
Event: 66.793 Thread 0x000001a3641fa640 Exception <a 'sun/nio/fs/WindowsException'{0x00000000d568d550}> (0x00000000d568d550) 
thrown [s\src\hotspot\share\prims\jni.cpp, line 520]
Event: 66.794 Thread 0x000001a3641fa640 Exception <a 'sun/nio/fs/WindowsException'{0x00000000d568dda0}> (0x00000000d568dda0) 
thrown [s\src\hotspot\share\prims\jni.cpp, line 520]
Event: 80.243 Thread 0x000001a3650b2240 Exception <a 'sun/nio/fs/WindowsException'{0x00000000d5616390}> (0x00000000d5616390) 
thrown [s\src\hotspot\share\prims\jni.cpp, line 520]
Event: 80.319 Thread 0x000001a3650b2240 Exception <a 'sun/nio/fs/WindowsException'{0x00000000d5644618}> (0x00000000d5644618) 
thrown [s\src\hotspot\share\prims\jni.cpp, line 520]
Event: 80.375 Thread 0x000001a3650b2240 Exception <a 'sun/nio/fs/WindowsException'{0x00000000d565b368}> (0x00000000d565b368) 
thrown [s\src\hotspot\share\prims\jni.cpp, line 520]
Event: 80.492 Thread 0x000001a3650b2240 Exception <a 'sun/nio/fs/WindowsException'{0x00000000d5622920}> (0x00000000d5622920) 
thrown [s\src\hotspot\share\prims\jni.cpp, line 520]
Event: 80.793 Thread 0x000001a3650b2240 Exception <a 'sun/nio/fs/WindowsException'{0x00000000d5617688}> (0x00000000d5617688) 
thrown [s\src\hotspot\share\prims\jni.cpp, line 520]
Event: 81.398 Thread 0x000001a3650b2240 Exception <a 'sun/nio/fs/WindowsException'{0x00000000d5735d78}> (0x00000000d5735d78) 
thrown [s\src\hotspot\share\prims\jni.cpp, line 520]
Event: 83.378 Thread 0x000001a3650b2240 Exception <a 'sun/nio/fs/WindowsException'{0x00000000d57729a8}> (0x00000000d57729a8) 
thrown [s\src\hotspot\share\prims\jni.cpp, line 520]
Event: 83.454 Thread 0x000001a3650b2240 Exception <a 'sun/nio/fs/WindowsException'{0x00000000d55dde68}> (0x00000000d55dde68) 
thrown [s\src\hotspot\share\prims\jni.cpp, line 520]
Event: 83.544 Thread 0x000001a3650b2240 Exception <a 'sun/nio/fs/WindowsException'{0x00000000d56dcc98}> (0x00000000d56dcc98) 
thrown [s\src\hotspot\share\prims\jni.cpp, line 520]
Event: 83.639 Thread 0x000001a3650b2240 Exception <a 'sun/nio/fs/WindowsException'{0x00000000d55def00}> (0x00000000d55def00) 
thrown [s\src\hotspot\share\prims\jni.cpp, line 520]
Event: 83.700 Thread 0x000001a3650b2240 Exception <a 'sun/nio/fs/WindowsException'{0x00000000d5649308}> (0x00000000d5649308) 
thrown [s\src\hotspot\share\prims\jni.cpp, line 520]

ZGC Phase Switch (0 events):
No events

VM Operations (20 events):
Event: 83.393 Executing safepoint VM operation: ParallelGCFailedAllocation (Allocation Failure)
Event: 83.400 Executing safepoint VM operation: ParallelGCFailedAllocation (Allocation Failure) done
Event: 83.572 Executing safepoint VM operation: ParallelGCFailedAllocation (Allocation Failure)
Event: 83.578 Executing safepoint VM operation: ParallelGCFailedAllocation (Allocation Failure) done
Event: 83.736 Executing safepoint VM operation: ParallelGCFailedAllocation (Allocation Failure)
Event: 83.741 Executing safepoint VM operation: ParallelGCFailedAllocation (Allocation Failure) done
Event: 83.767 Executing safepoint VM operation: ParallelGCFailedAllocation (Allocation Failure)
Event: 83.770 Executing safepoint VM operation: ParallelGCFailedAllocation (Allocation Failure) done
Event: 83.796 Executing safepoint VM operation: ParallelGCFailedAllocation (Allocation Failure)
Event: 83.803 Executing safepoint VM operation: ParallelGCFailedAllocation (Allocation Failure) done
Event: 83.826 Executing safepoint VM operation: ParallelGCFailedAllocation (Allocation Failure)
Event: 83.830 Executing safepoint VM operation: ParallelGCFailedAllocation (Allocation Failure) done
Event: 83.867 Executing safepoint VM operation: ParallelGCFailedAllocation (Allocation Failure)
Event: 83.870 Executing safepoint VM operation: ParallelGCFailedAllocation (Allocation Failure) done
Event: 83.908 Executing safepoint VM operation: ParallelGCFailedAllocation (Allocation Failure)
Event: 83.911 Executing safepoint VM operation: ParallelGCFailedAllocation (Allocation Failure) done
Event: 83.939 Executing safepoint VM operation: ParallelGCFailedAllocation (Allocation Failure)
Event: 83.943 Executing safepoint VM operation: ParallelGCFailedAllocation (Allocation Failure) done
Event: 83.966 Executing safepoint VM operation: ParallelGCFailedAllocation (Allocation Failure)
Event: 83.970 Executing safepoint VM operation: ParallelGCFailedAllocation (Allocation Failure) done

Memory protections (0 events):
No events

Nmethod flushes (20 events):
Event: 53.925 Thread 0x000001a30536f940 flushing  nmethod 0x000001a308d07b10
Event: 53.925 Thread 0x000001a30536f940 flushing  nmethod 0x000001a308d08090
Event: 53.925 Thread 0x000001a30536f940 flushing  nmethod 0x000001a308d08890
Event: 53.925 Thread 0x000001a30536f940 flushing  nmethod 0x000001a308d09790
Event: 53.925 Thread 0x000001a30536f940 flushing  nmethod 0x000001a308d0a010
Event: 53.925 Thread 0x000001a30536f940 flushing  nmethod 0x000001a308d0a610
Event: 53.925 Thread 0x000001a30536f940 flushing  nmethod 0x000001a308d0ab90
Event: 53.925 Thread 0x000001a30536f940 flushing  nmethod 0x000001a308d0af10
Event: 53.925 Thread 0x000001a30536f940 flushing  nmethod 0x000001a308d0b390
Event: 53.925 Thread 0x000001a30536f940 flushing  nmethod 0x000001a308d0c290
Event: 53.925 Thread 0x000001a30536f940 flushing  nmethod 0x000001a308d0d110
Event: 53.925 Thread 0x000001a30536f940 flushing  nmethod 0x000001a308d0de10
Event: 53.925 Thread 0x000001a30536f940 flushing  nmethod 0x000001a308d0f690
Event: 53.925 Thread 0x000001a30536f940 flushing  nmethod 0x000001a308d0fe90
Event: 53.925 Thread 0x000001a30536f940 flushing  nmethod 0x000001a308d19110
Event: 53.925 Thread 0x000001a30536f940 flushing  nmethod 0x000001a308d1d810
Event: 53.925 Thread 0x000001a30536f940 flushing  nmethod 0x000001a308d23a90
Event: 53.925 Thread 0x000001a30536f940 flushing  nmethod 0x000001a308d65c10
Event: 53.925 Thread 0x000001a30536f940 flushing  nmethod 0x000001a308d6de10
Event: 53.925 Thread 0x000001a30536f940 flushing  nmethod 0x000001a308d92b10

Events (20 events):
Event: 48.859 Thread 0x000001a364b2c1d0 Thread added: 0x000001a364b286c0
Event: 51.612 Thread 0x000001a3641f9fb0 Thread added: 0x000001a364b26c80
Event: 52.222 Thread 0x000001a305239db0 Thread added: 0x000001a365046440
Event: 58.182 Thread 0x000001a3641f9fb0 Thread added: 0x000001a364b29a70
Event: 58.945 Thread 0x000001a3641f9fb0 Thread added: 0x000001a364b27310
Event: 59.069 Thread 0x000001a3641f9fb0 Thread added: 0x000001a364b2a100
Event: 59.316 Thread 0x000001a3641f9fb0 Thread added: 0x000001a364b2a790
Event: 59.547 Thread 0x000001a3641f9fb0 Thread added: 0x000001a364b2c860
Event: 59.548 Thread 0x000001a3641f9fb0 Thread added: 0x000001a364b28d50
Event: 59.570 Thread 0x000001a3641f9fb0 Thread added: 0x000001a364b2ae20
Event: 59.571 Thread 0x000001a3641f9fb0 Thread added: 0x000001a364b2cef0
Event: 59.571 Thread 0x000001a3641f9fb0 Thread added: 0x000001a364b2dc10
Event: 59.647 Thread 0x000001a364b2c860 Thread exited: 0x000001a364b2c860
Event: 59.648 Thread 0x000001a364b2ae20 Thread exited: 0x000001a364b2ae20
Event: 59.648 Thread 0x000001a364b2cef0 Thread exited: 0x000001a364b2cef0
Event: 59.648 Thread 0x000001a364b28d50 Thread exited: 0x000001a364b28d50
Event: 59.648 Thread 0x000001a364b2dc10 Thread exited: 0x000001a364b2dc10
Event: 67.121 Thread 0x000001a365046440 Thread exited: 0x000001a365046440
Event: 80.423 Thread 0x000001a305239db0 Thread added: 0x000001a365046440
Event: 80.856 Thread 0x000001a305239db0 Thread added: 0x000001a365047f80


Dynamic libraries:
0x00007ff619660000 - 0x00007ff61966e000 	c:\Users\PC\.vscode\extensions\redhat.java-1.56.0-win32-x64\jre\21.0.12.1-win32-x86_64\bin\java.exe
0x00007ffa99490000 - 0x00007ffa99688000 	C:\Windows\SYSTEM32\ntdll.dll
0x00007ffa97930000 - 0x00007ffa979f2000 	C:\Windows\System32\KERNEL32.DLL
0x00007ffa96e70000 - 0x00007ffa97166000 	C:\Windows\System32\KERNELBASE.dll
0x00007ffa96cf0000 - 0x00007ffa96df0000 	C:\Windows\System32\ucrtbase.dll
0x00007ffa619f0000 - 0x00007ffa61a08000 	c:\Users\PC\.vscode\extensions\redhat.java-1.56.0-win32-x64\jre\21.0.12.1-win32-x86_64\bin\jli.dll
0x00007ffa97be0000 - 0x00007ffa97d81000 	C:\Windows\System32\USER32.dll
0x00007ffa96df0000 - 0x00007ffa96e12000 	C:\Windows\System32\win32u.dll
0x00007ffa97bb0000 - 0x00007ffa97bdb000 	C:\Windows\System32\GDI32.dll
0x00007ffa96b20000 - 0x00007ffa96c39000 	C:\Windows\System32\gdi32full.dll
0x00007ffa97380000 - 0x00007ffa9741d000 	C:\Windows\System32\msvcp_win.dll
0x00007ffa61a10000 - 0x00007ffa61a2e000 	c:\Users\PC\.vscode\extensions\redhat.java-1.56.0-win32-x64\jre\21.0.12.1-win32-x86_64\bin\VCRUNTIME140.dll
0x00007ffa83650000 - 0x00007ffa838eb000 	C:\Windows\WinSxS\amd64_microsoft.windows.common-controls_6595b64144ccf1df_6.0.19041.6456_none_60b8a6cb71f64256\COMCTL32.dll
0x00007ffa974b0000 - 0x00007ffa9754e000 	C:\Windows\System32\msvcrt.dll
0x00007ffa98300000 - 0x00007ffa9832f000 	C:\Windows\System32\IMM32.DLL
0x00007ffa91430000 - 0x00007ffa9143c000 	c:\Users\PC\.vscode\extensions\redhat.java-1.56.0-win32-x64\jre\21.0.12.1-win32-x86_64\bin\vcruntime140_1.dll
0x00007ffa61960000 - 0x00007ffa619ed000 	c:\Users\PC\.vscode\extensions\redhat.java-1.56.0-win32-x64\jre\21.0.12.1-win32-x86_64\bin\msvcp140.dll
0x00007ff9f2960000 - 0x00007ff9f3702000 	c:\Users\PC\.vscode\extensions\redhat.java-1.56.0-win32-x64\jre\21.0.12.1-win32-x86_64\bin\server\jvm.dll
0x00007ffa97870000 - 0x00007ffa97921000 	C:\Windows\System32\ADVAPI32.dll
0x00007ffa97730000 - 0x00007ffa977cf000 	C:\Windows\System32\sechost.dll
0x00007ffa98100000 - 0x00007ffa98220000 	C:\Windows\System32\RPCRT4.dll
0x00007ffa96c40000 - 0x00007ffa96c67000 	C:\Windows\System32\bcrypt.dll
0x00007ffa97a80000 - 0x00007ffa97aeb000 	C:\Windows\System32\WS2_32.dll
0x00007ffa96070000 - 0x00007ffa960bb000 	C:\Windows\SYSTEM32\POWRPROF.dll
0x00007ffa82e80000 - 0x00007ffa82ea7000 	C:\Windows\SYSTEM32\WINMM.dll
0x00007ffa7f9a0000 - 0x00007ffa7f9aa000 	C:\Windows\SYSTEM32\VERSION.dll
0x00007ffa95ee0000 - 0x00007ffa95ef2000 	C:\Windows\SYSTEM32\UMPDC.dll
0x00007ffa952f0000 - 0x00007ffa95302000 	C:\Windows\SYSTEM32\kernel.appcore.dll
0x00007ffa834e0000 - 0x00007ffa834ea000 	c:\Users\PC\.vscode\extensions\redhat.java-1.56.0-win32-x64\jre\21.0.12.1-win32-x86_64\bin\jimage.dll
0x00007ffa94840000 - 0x00007ffa94a41000 	C:\Windows\SYSTEM32\DBGHELP.DLL
0x00007ffa7d7a0000 - 0x00007ffa7d7d4000 	C:\Windows\SYSTEM32\dbgcore.DLL
0x00007ffa97420000 - 0x00007ffa974a2000 	C:\Windows\System32\bcryptPrimitives.dll
0x00007ffa753a0000 - 0x00007ffa753af000 	c:\Users\PC\.vscode\extensions\redhat.java-1.56.0-win32-x64\jre\21.0.12.1-win32-x86_64\bin\instrument.dll
0x00007ffa5d020000 - 0x00007ffa5d040000 	c:\Users\PC\.vscode\extensions\redhat.java-1.56.0-win32-x64\jre\21.0.12.1-win32-x86_64\bin\java.dll
0x00007ffa984e0000 - 0x00007ffa98c50000 	C:\Windows\System32\SHELL32.dll
0x00007ffa94b30000 - 0x00007ffa952d5000 	C:\Windows\SYSTEM32\windows.storage.dll
0x00007ffa97d90000 - 0x00007ffa980e4000 	C:\Windows\System32\combase.dll
0x00007ffa96470000 - 0x00007ffa9649b000 	C:\Windows\SYSTEM32\Wldp.dll
0x00007ffa99270000 - 0x00007ffa9933d000 	C:\Windows\System32\OLEAUT32.dll
0x00007ffa97680000 - 0x00007ffa9772d000 	C:\Windows\System32\SHCORE.dll
0x00007ffa98c80000 - 0x00007ffa98cdb000 	C:\Windows\System32\shlwapi.dll
0x00007ffa96a50000 - 0x00007ffa96a74000 	C:\Windows\SYSTEM32\profapi.dll
0x00007ffa58c10000 - 0x00007ffa58c28000 	c:\Users\PC\.vscode\extensions\redhat.java-1.56.0-win32-x64\jre\21.0.12.1-win32-x86_64\bin\zip.dll
0x00007ffa74e20000 - 0x00007ffa74e30000 	C:\Users\PC\.vscode\extensions\redhat.java-1.56.0-win32-x64\jre\21.0.12.1-win32-x86_64\bin\net.dll
0x00007ffa930e0000 - 0x00007ffa931ea000 	C:\Windows\SYSTEM32\WINHTTP.dll
0x00007ffa96250000 - 0x00007ffa962ba000 	C:\Windows\system32\mswsock.dll
0x00007ffa57a20000 - 0x00007ffa57a36000 	C:\Users\PC\.vscode\extensions\redhat.java-1.56.0-win32-x64\jre\21.0.12.1-win32-x86_64\bin\nio.dll
0x00007ffa73800000 - 0x00007ffa73810000 	c:\Users\PC\.vscode\extensions\redhat.java-1.56.0-win32-x64\jre\21.0.12.1-win32-x86_64\bin\verify.dll
0x00007ffa673a0000 - 0x00007ffa673e5000 	C:\Users\PC\AppData\Roaming\Code\User\globalStorage\redhat.java\1.56.0\config_win\org.eclipse.equinox.launcher\org.eclipse.equinox.launcher.win32.win32.x86_64_1.3.100.v20260804-1928\eclipse_11924.dll
0x00007ffa97550000 - 0x00007ffa9767b000 	C:\Windows\System32\ole32.dll
0x00007ffa964b0000 - 0x00007ffa964c8000 	C:\Windows\SYSTEM32\CRYPTSP.dll
0x00007ffa95b20000 - 0x00007ffa95b58000 	C:\Windows\system32\rsaenh.dll
0x00007ffa96a10000 - 0x00007ffa96a3e000 	C:\Windows\SYSTEM32\USERENV.dll
0x00007ffa963e0000 - 0x00007ffa963ec000 	C:\Windows\SYSTEM32\CRYPTBASE.dll
0x00007ffa95f00000 - 0x00007ffa95f3b000 	C:\Windows\SYSTEM32\IPHLPAPI.DLL
0x00007ffa977d0000 - 0x00007ffa977d8000 	C:\Windows\System32\NSI.dll
0x00007ffa8db30000 - 0x00007ffa8db3a000 	C:\Users\PC\.vscode\extensions\redhat.java-1.56.0-win32-x64\jre\21.0.12.1-win32-x86_64\bin\management.dll
0x00007ffa8ca20000 - 0x00007ffa8ca2c000 	C:\Users\PC\.vscode\extensions\redhat.java-1.56.0-win32-x64\jre\21.0.12.1-win32-x86_64\bin\management_ext.dll
0x00007ffa98c70000 - 0x00007ffa98c78000 	C:\Windows\System32\PSAPI.DLL
0x00007ffa6a540000 - 0x00007ffa6a589000 	C:\Users\PC\AppData\Local\Temp\jna-2547\jna18142644173107143083.dll
0x00007ffa8c780000 - 0x00007ffa8c797000 	C:\Windows\SYSTEM32\dhcpcsvc6.DLL
0x00007ffa8c6f0000 - 0x00007ffa8c70d000 	C:\Windows\SYSTEM32\dhcpcsvc.DLL

JVMTI agents:
c:\Users\PC\.vscode\extensions\redhat.java-1.56.0-win32-x64\lombok\lombok-1.18.39-4050.jar path:c:\Users\PC\.vscode\extensions\redhat.java-1.56.0-win32-x64\jre\21.0.12.1-win32-x86_64\bin\instrument.dll, loaded, initialized, instrumentlib options:none

dbghelp: loaded successfully - version: 4.0.5 - missing functions: none
symbol engine: initialized successfully - sym options: 0x614 - pdb path: .;c:\Users\PC\.vscode\extensions\redhat.java-1.56.0-win32-x64\jre\21.0.12.1-win32-x86_64\bin;C:\Windows\SYSTEM32;C:\Windows\WinSxS\amd64_microsoft.windows.common-controls_6595b64144ccf1df_6.0.19041.6456_none_60b8a6cb71f64256;c:\Users\PC\.vscode\extensions\redhat.java-1.56.0-win32-x64\jre\21.0.12.1-win32-x86_64\bin\server;C:\Users\PC\AppData\Roaming\Code\User\globalStorage\redhat.java\1.56.0\config_win\org.eclipse.equinox.launcher\org.eclipse.equinox.launcher.win32.win32.x86_64_1.3.100.v20260804-1928;C:\Users\PC\AppData\Local\Temp\jna-2547

VM Arguments:
jvm_args: --add-modules=ALL-SYSTEM --add-opens=java.base/java.util=ALL-UNNAMED --add-opens=java.base/java.lang=ALL-UNNAMED --add-opens=java.base/sun.nio.fs=ALL-UNNAMED -Declipse.application=org.eclipse.jdt.ls.core.id1 -Dosgi.bundles.defaultStartLevel=4 -Declipse.product=org.eclipse.jdt.ls.core.product -Djava.import.generatesMetadataFilesAtProjectRoot=false -Dm2e.project.cache.size=50 -DDetectVMInstallationsJob.disabled=true -Dfile.encoding=utf8 -XX:+UseParallelGC -XX:GCTimeRatio=4 -XX:AdaptiveSizePolicyWeight=90 -Dsun.zip.disableMemoryMapping=true -Xmx2G -Xms100m -Xlog:disable -javaagent:c:\Users\PC\.vscode\extensions\redhat.java-1.56.0-win32-x64\lombok\lombok-1.18.39-4050.jar -XX:+HeapDumpOnOutOfMemoryError -XX:HeapDumpPath=c:\Users\PC\AppData\Roaming\Code\User\workspaceStorage\ec1410200dd7bcd3f80d97ac2a3ddf05\redhat.java -Daether.dependencyCollector.impl=bf 
java_command: c:\Users\PC\.vscode\extensions\redhat.java-1.56.0-win32-x64\server\plugins\org.eclipse.equinox.launcher_1.8.0.v20260804-1928.jar -configuration c:\Users\PC\AppData\Roaming\Code\User\globalStorage\redhat.java\1.56.0\config_win -data c:\Users\PC\AppData\Roaming\Code\User\workspaceStorage\ec1410200dd7bcd3f80d97ac2a3ddf05\redhat.java\jdt_ws --stdio
java_class_path (initial): c:\Users\PC\.vscode\extensions\redhat.java-1.56.0-win32-x64\server\plugins\org.eclipse.equinox.launcher_1.8.0.v20260804-1928.jar
Launcher Type: SUN_STANDARD

[Global flags]
    uintx AdaptiveSizePolicyWeight                 = 90                                        {product} {command line}
     intx CICompilerCount                          = 4                                         {product} {ergonomic}
    uintx GCTimeRatio                              = 4                                         {product} {command line}
     bool HeapDumpOnOutOfMemoryError               = true                                   {manageable} {command line}
    ccstr HeapDumpPath                             = c:\Users\PC\AppData\Roaming\Code\User\workspaceStorage\ec1410200dd7bcd3f80d97ac2a3ddf05\redhat.java         {manageable} {command line}
   size_t InitialHeapSize                          = 104857600                                 {product} {command line}
   size_t MaxHeapSize                              = 2147483648                                {product} {command line}
   size_t MaxNewSize                               = 715653120                                 {product} {ergonomic}
   size_t MinHeapDeltaBytes                        = 524288                                    {product} {ergonomic}
   size_t MinHeapSize                              = 104857600                                 {product} {command line}
   size_t NewSize                                  = 34603008                                  {product} {ergonomic}
    uintx NonNMethodCodeHeapSize                   = 5839372                                {pd product} {ergonomic}
    uintx NonProfiledCodeHeapSize                  = 122909434                              {pd product} {ergonomic}
   size_t OldSize                                  = 70254592                                  {product} {ergonomic}
    uintx ProfiledCodeHeapSize                     = 122909434                              {pd product} {ergonomic}
    uintx ReservedCodeCacheSize                    = 251658240                              {pd product} {ergonomic}
     bool SegmentedCodeCache                       = true                                      {product} {ergonomic}
   size_t SoftMaxHeapSize                          = 2147483648                             {manageable} {ergonomic}
     bool UseCompressedOops                        = true                           {product lp64_product} {ergonomic}
     bool UseLargePagesIndividualAllocation        = false                                  {pd product} {ergonomic}
     bool UseParallelGC                            = true                                      {product} {command line}

Logging:
Log output configuration:
 #0: stdout all=off uptime,level,tags foldmultilines=false
 #1: stderr all=off uptime,level,tags foldmultilines=false

Release file:
JAVA_VERSION="21.0.12.1" 
MODULES="java.base java.compiler java.datatransfer java.xml java.prefs java.desktop java.instrument java.logging java.management java.security.sasl java.naming java.rmi java.management.rmi java.net.http java.scripting java.security.jgss java.transaction.xa java.sql java.sql.rowset java.xml.crypto java.se java.smartcardio jdk.accessibility jdk.internal.jvmstat jdk.attach jdk.charsets jdk.internal.opt jdk.zipfs jdk.compiler jdk.crypto.ec jdk.crypto.cryptoki jdk.crypto.mscapi jdk.dynalink jdk.internal.ed jdk.editpad jdk.hotspot.agent jdk.httpserver jdk.internal.le jdk.internal.vm.ci jdk.internal.vm.compiler jdk.internal.vm.compiler.management jdk.jartool jdk.javadoc jdk.jcmd jdk.management jdk.management.agent jdk.jconsole jdk.jdeps jdk.jdwp.agent jdk.jdi jdk.jfr jdk.jshell jdk.jsobject jdk.jstatd jdk.localedata jdk.management.jfr jdk.naming.dns jdk.naming.rmi jdk.net jdk.nio.mapmode jdk.random jdk.sctp jdk.security.auth jdk.security.jgss jdk.unsupported jdk.unsupported.desktop jdk.xml.dom" 

Environment Variables:
PATH=C:\Program Files\Eclipse Adoptium\jdk-25.0.2.10-hotspot\bin;C:\app\PC\product\21c\dbhomeXE\bin;C:\Program Files\Eclipse Adoptium\jdk-8.0.382.5-hotspot\bin;C:\Program Files\Eclipse Adoptium\jdk-17.0.17.10-hotspot\bin;C:\Program Files (x86)\Common Files\Oracle\Java\javapath;C:\Windows\system32;C:\Windows;C:\Windows\System32\Wbem;C:\Windows\System32\WindowsPowerShell\v1.0\;C:\Windows\System32\OpenSSH\;C:\msys64\mingw64\bin;C:\Program Files\MySQL\MySQL Server 8.0\bin;C:\Program Files\Microsoft SQL Server\150\Tools\Binn\;C:\Program Files\Microsoft SQL Server\Client SDK\ODBC\170\Tools\Binn\;C:\Program Files\dotnet\;C:\Program Files (x86)\Windows Kits\10\Windows Performance Toolkit\;%MAVEN_HOME%\bin;C:\Program Files\ZeroC\Ice-3.7.9\bin;C:\Program Files (x86)\Microsoft SQL Server\170\Tools\Binn\;C:\Program Files\Microsoft SQL Server\170\Tools\Binn\;C:\Program Files\Microsoft SQL Server\Client SDK\ODBC\180\Tools\Binn\;C:\Program Files\Microsoft SQL Server\170\DTS\Binn\;C:\Program Files\Git\cmd;C:\Program Files\nodejs\;C:\Program Files\WSL\;C:\Users\PC\AppData\Local\Programs\Python\Python314\Scripts\;C:\Users\PC\AppData\Local\Programs\Python\Python314\;C:\Program Files\MySQL\MySQL Shell 8.0\bin\;C:\Users\PC\AppData\Local\Microsoft\WindowsApps;C:\Users\PC\AppData\Local\Programs\Microsoft VS Code\bin;C:\Users\PC\.dotnet\tools;C:\Users\PC\AppData\Roaming\npm;C:\Program Files\nodejs\;C:\Users\PC\AppData\Local\Programs\Python\Python314;C:\Users\PC\AppData\Local\Programs\Python\Python314\Scripts;C:\Users\PC\Desktop\apache-maven-3.9.16-bin\bin;
USERNAME=PC
OS=Windows_NT
PROCESSOR_IDENTIFIER=Intel64 Family 6 Model 142 Stepping 10, GenuineIntel
TMP=C:\Users\PC\AppData\Local\Temp
TEMP=C:\Users\PC\AppData\Local\Temp




Periodic native trim disabled

---------------  S Y S T E M  ---------------

OS:
 Windows 10 , 64 bit Build 19041 (10.0.19041.5915)
OS uptime: 0 days 17:36 hours
Hyper-V role detected

CPU: total 8 (initial active 8) (4 cores per cpu, 2 threads per core) family 6 model 142 stepping 10 microcode 0xb4, cx8, cmov, fxsr, ht, mmx, 3dnowpref, sse, sse2, sse3, ssse3, sse4.1, sse4.2, popcnt, lzcnt, tsc, tscinvbit, avx, avx2, aes, erms, clmul, bmi1, bmi2, adx, fma, vzeroupper, clflush, clflushopt, hv, rdtscp, f16c
Processor Information for the first 8 processors :
  Max Mhz: 1800, Current Mhz: 1600, Mhz Limit: 1584

Memory: 4k page, system-wide physical 8042M (390M free)
TotalPageFile size 16889M (AvailPageFile size 0M)
current process WorkingSet (physical memory assigned to process): 607M, peak: 607M
current process commit charge ("private bytes"): 705M, peak: 708M

vm_info: OpenJDK 64-Bit Server VM (21.0.12.1+1-LTS) for windows-amd64 JRE (21.0.12.1+1-LTS), built on 2026-08-18T00:00:00Z by "admin" with MS VC++ 17.12 (VS2022)

END.
