#
# There is insufficient memory for the Java Runtime Environment to continue.
# Native memory allocation (malloc) failed to allocate 198736 bytes. Error detail: Chunk::new
# Possible reasons:
#   The system is out of physical RAM or swap space
#   This process is running with CompressedOops enabled, and the Java Heap may be blocking the growth of the native heap
# Possible solutions:
#   Reduce memory load on the system
#   Increase physical memory or swap space
#   Check if swap backing store is full
#   Decrease Java heap size (-Xmx/-Xms)
#   Decrease number of Java threads
#   Decrease Java thread stack sizes (-Xss)
#   Set larger code cache with -XX:ReservedCodeCacheSize=
#   JVM is running with Unscaled Compressed Oops mode in which the Java heap is
#     placed in the first 4GB address space. The Java Heap base address is the
#     maximum limit for the native heap growth. Please use -XX:HeapBaseMinAddress
#     to set the Java Heap base and to place the Java Heap above 4GB virtual address.
# This output file may be truncated or incomplete.
#
#  Out of Memory Error (arena.cpp:168), pid=3380, tid=18928
#
# JRE version: OpenJDK Runtime Environment Temurin-21.0.12.1+1 (21.0.12.1+1) (build 21.0.12.1+1-LTS)
# Java VM: OpenJDK 64-Bit Server VM Temurin-21.0.12.1+1 (21.0.12.1+1-LTS, mixed mode, sharing, tiered, compressed oops, compressed class ptrs, parallel gc, windows-amd64)
# No core dump will be written. Minidumps are not enabled by default on client versions of Windows
#

---------------  S U M M A R Y ------------

Command Line: --add-modules=ALL-SYSTEM --add-opens=java.base/java.util=ALL-UNNAMED --add-opens=java.base/java.lang=ALL-UNNAMED --add-opens=java.base/sun.nio.fs=ALL-UNNAMED -Declipse.application=org.eclipse.jdt.ls.core.id1 -Dosgi.bundles.defaultStartLevel=4 -Declipse.product=org.eclipse.jdt.ls.core.product -Djava.import.generatesMetadataFilesAtProjectRoot=false -Dm2e.project.cache.size=50 -DDetectVMInstallationsJob.disabled=true -Dfile.encoding=utf8 -XX:+UseParallelGC -XX:GCTimeRatio=4 -XX:AdaptiveSizePolicyWeight=90 -Dsun.zip.disableMemoryMapping=true -Xmx2G -Xms100m -Xlog:disable -javaagent:c:\Users\PC\.vscode\extensions\redhat.java-1.56.0-win32-x64\lombok\lombok-1.18.39-4050.jar -XX:+HeapDumpOnOutOfMemoryError -XX:HeapDumpPath=c:\Users\PC\AppData\Roaming\Code\User\workspaceStorage\ec1410200dd7bcd3f80d97ac2a3ddf05\redhat.java -Daether.dependencyCollector.impl=bf c:\Users\PC\.vscode\extensions\redhat.java-1.56.0-win32-x64\server\plugins\org.eclipse.equinox.launcher_1.8.0.v20260804-1928.jar -configuration c:\Users\PC\AppData\Roaming\Code\User\globalStorage\redhat.java\1.56.0\config_win -data c:\Users\PC\AppData\Roaming\Code\User\workspaceStorage\ec1410200dd7bcd3f80d97ac2a3ddf05\redhat.java\jdt_ws --pipe=\\.\pipe\lsp-b8e6fb255e61617e982f2b1ffb2a9013-sock

Host: Intel(R) Core(TM) i5-8250U CPU @ 1.60GHz, 8 cores, 7G,  Windows 10 , 64 bit Build 19041 (10.0.19041.5915)
Time: Thu Oct  1 17:38:49 2026 Morocco Standard Time elapsed time: 9141.016788 seconds (0d 2h 32m 21s)

---------------  T H R E A D  ---------------

Current thread (0x000001ad68cadde0):  JavaThread "C2 CompilerThread0" daemon [_thread_in_native, id=18928, stack(0x000000763b200000,0x000000763b300000) (1024K)]


Current CompileTask:
C2:9141017 10927       4       org.lombokweb.asm.MethodWriter::putMethodInfo (1274 bytes)

Stack: [0x000000763b200000,0x000000763b300000]
Native frames: (J=compiled Java code, j=interpreted, Vv=VM code, C=native code)
V  [jvm.dll+0x6d83e9]
V  [jvm.dll+0x8b5736]
V  [jvm.dll+0x8b7cee]
V  [jvm.dll+0x8b83d3]
V  [jvm.dll+0x284596]
V  [jvm.dll+0xc685d]
V  [jvm.dll+0xc6da1]
V  [jvm.dll+0x3bf151]
V  [jvm.dll+0x1e4149]
V  [jvm.dll+0x24c853]
V  [jvm.dll+0x24bce0]
V  [jvm.dll+0x1cb4ae]
V  [jvm.dll+0x25baad]
V  [jvm.dll+0x25a03a]
V  [jvm.dll+0x3f8aae]
V  [jvm.dll+0x8600cd]
V  [jvm.dll+0x6d6c1d]
C  [ucrtbase.dll+0x21bb2]
C  [KERNEL32.DLL+0x17374]
C  [ntdll.dll+0x4cc91]


---------------  P R O C E S S  ---------------

Threads class SMR info:
_java_thread_list=0x000001ad70a40db0, length=44, elements={
0x000001ad5223b380, 0x000001ad68ca3550, 0x000001ad68ca4aa0, 0x000001ad68ca8100,
0x000001ad68ca8fe0, 0x000001ad68cabb50, 0x000001ad68cacfa0, 0x000001ad68cadde0,
0x000001ad68ce05d0, 0x000001ad6a6c2670, 0x000001ad6a860530, 0x000001ad6f122c20,
0x000001ad6a964fc0, 0x000001ad6f6c9060, 0x000001ad6f0db380, 0x000001ad6a81ade0,
0x000001ad6f368cd0, 0x000001ad6f4025d0, 0x000001ad6f4032f0, 0x000001ad6f403980,
0x000001ad6f401220, 0x000001ad6f4018b0, 0x000001ad72727130, 0x000001ad72725060,
0x000001ad727256f0, 0x000001ad727277c0, 0x000001ad72728b70, 0x000001ad72726aa0,
0x000001ad72729890, 0x000001ad72725d80, 0x000001ad72726410, 0x000001ad72729f20,
0x000001ad7272a5b0, 0x000001ad72727e50, 0x000001ad7575e920, 0x000001ad75761080,
0x000001ad75764b90, 0x000001ad75765220, 0x000001ad7575efb0, 0x000001ad757658b0,
0x000001ad757609f0, 0x000001ad757637e0, 0x000001ad75761da0, 0x000001ad75763e70
}

Java Threads: ( => current thread )
  0x000001ad5223b380 JavaThread "main"                              [_thread_blocked, id=15372, stack(0x000000763a800000,0x000000763a900000) (1024K)]
  0x000001ad68ca3550 JavaThread "Reference Handler"          daemon [_thread_blocked, id=9584, stack(0x000000763ac00000,0x000000763ad00000) (1024K)]
  0x000001ad68ca4aa0 JavaThread "Finalizer"                  daemon [_thread_blocked, id=15516, stack(0x000000763ad00000,0x000000763ae00000) (1024K)]
  0x000001ad68ca8100 JavaThread "Signal Dispatcher"          daemon [_thread_blocked, id=3880, stack(0x000000763ae00000,0x000000763af00000) (1024K)]
  0x000001ad68ca8fe0 JavaThread "Attach Listener"            daemon [_thread_blocked, id=9440, stack(0x000000763af00000,0x000000763b000000) (1024K)]
  0x000001ad68cabb50 JavaThread "Service Thread"             daemon [_thread_blocked, id=9504, stack(0x000000763b000000,0x000000763b100000) (1024K)]
  0x000001ad68cacfa0 JavaThread "Monitor Deflation Thread"   daemon [_thread_blocked, id=5616, stack(0x000000763b100000,0x000000763b200000) (1024K)]
=>0x000001ad68cadde0 JavaThread "C2 CompilerThread0"         daemon [_thread_in_native, id=18928, stack(0x000000763b200000,0x000000763b300000) (1024K)]
  0x000001ad68ce05d0 JavaThread "C1 CompilerThread0"         daemon [_thread_blocked, id=12948, stack(0x000000763b300000,0x000000763b400000) (1024K)]
  0x000001ad6a6c2670 JavaThread "Common-Cleaner"             daemon [_thread_blocked, id=6004, stack(0x000000763b400000,0x000000763b500000) (1024K)]
  0x000001ad6a860530 JavaThread "Notification Thread"        daemon [_thread_blocked, id=23772, stack(0x000000763b500000,0x000000763b600000) (1024K)]
  0x000001ad6f122c20 JavaThread "Active Thread: Equinox Container: df0ab5e0-c454-41e0-a5d1-eaf69a72c307"        [_thread_blocked, id=996, stack(0x000000763be00000,0x000000763bf00000) (1024K)]
  0x000001ad6a964fc0 JavaThread "Refresh Thread: Equinox Container: df0ab5e0-c454-41e0-a5d1-eaf69a72c307" daemon [_thread_blocked, id=4808, stack(0x000000763bd00000,0x000000763be00000) (1024K)]
  0x000001ad6f6c9060 JavaThread "Framework Event Dispatcher: Equinox Container: df0ab5e0-c454-41e0-a5d1-eaf69a72c307" daemon [_thread_blocked, id=25196, stack(0x000000763bf00000,0x000000763c000000) (1024K)]
  0x000001ad6f0db380 JavaThread "Start Level: Equinox Container: df0ab5e0-c454-41e0-a5d1-eaf69a72c307" daemon [_thread_blocked, id=25336, stack(0x000000763c000000,0x000000763c100000) (1024K)]
  0x000001ad6a81ade0 JavaThread "Bundle File Closer"         daemon [_thread_blocked, id=21556, stack(0x000000763c300000,0x000000763c400000) (1024K)]
  0x000001ad6f368cd0 JavaThread "SCR Component Actor"        daemon [_thread_blocked, id=6400, stack(0x000000763c100000,0x000000763c200000) (1024K)]
  0x000001ad6f4025d0 JavaThread "Worker-JM"                         [_thread_blocked, id=16856, stack(0x000000763c500000,0x000000763c600000) (1024K)]
  0x000001ad6f4032f0 JavaThread "JNA Cleaner"                daemon [_thread_blocked, id=21972, stack(0x000000763c200000,0x000000763c300000) (1024K)]
  0x000001ad6f403980 JavaThread "Worker-0"                          [_thread_blocked, id=2832, stack(0x000000763c400000,0x000000763c500000) (1024K)]
  0x000001ad6f401220 JavaThread "Java indexing"              daemon [_thread_in_native, id=4024, stack(0x000000763c800000,0x000000763c900000) (1024K)]
  0x000001ad6f4018b0 JavaThread "Worker-2: Building"                [_thread_in_Java, id=24776, stack(0x000000763c900000,0x000000763ca00000) (1024K)]
  0x000001ad72727130 JavaThread "Thread-1"                   daemon [_thread_in_native, id=2708, stack(0x000000763cf00000,0x000000763d000000) (1024K)]
  0x000001ad72725060 JavaThread "Thread-2"                   daemon [_thread_in_native, id=14804, stack(0x000000763d000000,0x000000763d100000) (1024K)]
  0x000001ad727256f0 JavaThread "Thread-3"                   daemon [_thread_in_native, id=10728, stack(0x000000763d100000,0x000000763d200000) (1024K)]
  0x000001ad727277c0 JavaThread "Thread-4"                   daemon [_thread_in_native, id=24772, stack(0x000000763d200000,0x000000763d300000) (1024K)]
  0x000001ad72728b70 JavaThread "Thread-5"                   daemon [_thread_in_native, id=7388, stack(0x000000763d300000,0x000000763d400000) (1024K)]
  0x000001ad72726aa0 JavaThread "Thread-6"                   daemon [_thread_in_native, id=14684, stack(0x000000763d400000,0x000000763d500000) (1024K)]
  0x000001ad72729890 JavaThread "Thread-7"                   daemon [_thread_in_native, id=20664, stack(0x000000763d500000,0x000000763d600000) (1024K)]
  0x000001ad72725d80 JavaThread "Thread-8"                   daemon [_thread_in_native, id=16236, stack(0x000000763d600000,0x000000763d700000) (1024K)]
  0x000001ad72726410 JavaThread "Thread-9"                   daemon [_thread_in_native, id=22320, stack(0x000000763d700000,0x000000763d800000) (1024K)]
  0x000001ad72729f20 JavaThread "pool-2-thread-1"                   [_thread_blocked, id=23240, stack(0x000000763d800000,0x000000763d900000) (1024K)]
  0x000001ad7272a5b0 JavaThread "WorkspaceEventsHandler"            [_thread_blocked, id=17956, stack(0x000000763a500000,0x000000763a600000) (1024K)]
  0x000001ad72727e50 JavaThread "pool-1-thread-1"                   [_thread_blocked, id=10896, stack(0x000000763d900000,0x000000763da00000) (1024K)]
  0x000001ad7575e920 JavaThread "LocalFile Deleter"          daemon [_thread_blocked, id=6488, stack(0x000000763a700000,0x000000763a800000) (1024K)]
  0x000001ad75761080 JavaThread "LocalFile Deleter"          daemon [_thread_blocked, id=19320, stack(0x000000763c600000,0x000000763c700000) (1024K)]
  0x000001ad75764b90 JavaThread "LocalFile Deleter"          daemon [_thread_blocked, id=13360, stack(0x000000763c700000,0x000000763c800000) (1024K)]
  0x000001ad75765220 JavaThread "LocalFile Deleter"          daemon [_thread_blocked, id=20112, stack(0x000000763ca00000,0x000000763cb00000) (1024K)]
  0x000001ad7575efb0 JavaThread "Compiler Source File Reader" daemon [_thread_blocked, id=18720, stack(0x000000763cb00000,0x000000763cc00000) (1024K)]
  0x000001ad757658b0 JavaThread "Worker-5"                          [_thread_blocked, id=21840, stack(0x000000763cc00000,0x000000763cd00000) (1024K)]
  0x000001ad757609f0 JavaThread "Compiler Processing Task"   daemon [_thread_blocked, id=15084, stack(0x000000763cd00000,0x000000763ce00000) (1024K)]
  0x000001ad757637e0 JavaThread "Compiler Class File Writer" daemon [_thread_blocked, id=1560, stack(0x000000763ce00000,0x000000763cf00000) (1024K)]
  0x000001ad75761da0 JavaThread "Compiler Source File Reader" daemon [_thread_blocked, id=13084, stack(0x000000763a600000,0x000000763a700000) (1024K)]
  0x000001ad75763e70 JavaThread "Compiler Class File Writer" daemon [_thread_blocked, id=24908, stack(0x000000763db00000,0x000000763dc00000) (1024K)]
Total: 44

Other Threads:
  0x000001ad522f2960 VMThread "VM Thread"                           [id=15220, stack(0x000000763ab00000,0x000000763ac00000) (1024K)]
  0x000001ad522a46e0 WatcherThread "VM Periodic Task Thread"        [id=9632, stack(0x000000763aa00000,0x000000763ab00000) (1024K)]
  0x000001ad52258ed0 WorkerThread "GC Thread#0"                     [id=18956, stack(0x000000763a900000,0x000000763aa00000) (1024K)]
  0x000001ad6f383550 WorkerThread "GC Thread#1"                     [id=19788, stack(0x000000763b700000,0x000000763b800000) (1024K)]
  0x000001ad6f382a40 WorkerThread "GC Thread#2"                     [id=19476, stack(0x000000763b800000,0x000000763b900000) (1024K)]
  0x000001ad6f383900 WorkerThread "GC Thread#3"                     [id=21248, stack(0x000000763b900000,0x000000763ba00000) (1024K)]
  0x000001ad6f381f30 WorkerThread "GC Thread#4"                     [id=17516, stack(0x000000763ba00000,0x000000763bb00000) (1024K)]
  0x000001ad6f3822e0 WorkerThread "GC Thread#5"                     [id=20972, stack(0x000000763bb00000,0x000000763bc00000) (1024K)]
  0x000001ad6f382690 WorkerThread "GC Thread#6"                     [id=19968, stack(0x000000763bc00000,0x000000763bd00000) (1024K)]
  0x000001ad6f2ca570 WorkerThread "GC Thread#7"                     [id=8504, stack(0x000000763b600000,0x000000763b700000) (1024K)]
Total: 10

Threads with active compile tasks:
C2 CompilerThread0  9141111 10927       4       org.lombokweb.asm.MethodWriter::putMethodInfo (1274 bytes)
C1 CompilerThread0  9141111 10960       3       org.eclipse.jdt.ls.core.internal.filesystem.JLSFileSystem::getStore (76 bytes)
Total: 2

VM state: not at safepoint (normal execution)

VM Mutex/Monitor currently owned by a thread: None

Heap address: 0x0000000080000000, size: 2048 MB, Compressed Oops mode: 32-bit

CDS archive(s) mapped at: [0x000001ad00000000-0x000001ad00ba0000-0x000001ad00ba0000), size 12189696, SharedBaseAddress: 0x000001ad00000000, ArchiveRelocationMode: 1.
Compressed class space mapped at: 0x000001ad01000000-0x000001ad41000000, reserved size: 1073741824
Narrow klass base: 0x000001ad00000000, Narrow klass shift: 0, Narrow klass range: 0x100000000

GC Precious Log:
 CardTable entry size: 512
 CPUs: 8 total, 8 available
 Memory: 8042M
 Large Page Support: Disabled
 NUMA Support: Disabled
 Compressed Oops: Enabled (32-bit)
 Alignments: Space 512K, Generation 512K, Heap 2M
 Heap Min Capacity: 100M
 Heap Initial Capacity: 100M
 Heap Max Capacity: 2G
 Pre-touch: Disabled
 Parallel Workers: 8

Heap:
 PSYoungGen      total 16384K, used 12932K [0x00000000d5580000, 0x00000000d6800000, 0x0000000100000000)
  eden space 14848K, 79% used [0x00000000d5580000,0x00000000d61013a0,0x00000000d6400000)
  from space 1536K, 75% used [0x00000000d6680000,0x00000000d67a0000,0x00000000d6800000)
  to   space 1536K, 0% used [0x00000000d6480000,0x00000000d6480000,0x00000000d6600000)
 ParOldGen       total 84480K, used 52811K [0x0000000080000000, 0x0000000085280000, 0x00000000d5580000)
  object space 84480K, 62% used [0x0000000080000000,0x0000000083392ee0,0x0000000085280000)
 Metaspace       used 61746K, committed 63040K, reserved 1114112K
  class space    used 6640K, committed 7168K, reserved 1048576K

Card table byte_map: [0x000001ad51c10000,0x000001ad52020000] _byte_map_base: 0x000001ad51810000

Marking Bits: (ParMarkBitMap*) 0x00007fff2ef544a0
 Begin Bits: [0x000001ad646f0000, 0x000001ad666f0000)
 End Bits:   [0x000001ad666f0000, 0x000001ad686f0000)

Polling page: 0x000001ad51a00000

Metaspace:

Usage:
  Non-class:     53.81 MB used.
      Class:      6.48 MB used.
       Both:     60.30 MB used.

Virtual space:
  Non-class space:       64.00 MB reserved,      54.56 MB ( 85%) committed,  1 nodes.
      Class space:        1.00 GB reserved,       7.00 MB ( <1%) committed,  1 nodes.
             Both:        1.06 GB reserved,      61.56 MB (  6%) committed. 

Chunk freelists:
   Non-Class:  9.45 MB
       Class:  8.88 MB
        Both:  18.33 MB

MaxMetaspaceSize: unlimited
CompressedClassSpaceSize: 1.00 GB
Initial GC threshold: 21.00 MB
Current GC threshold: 97.31 MB
CDS: on
 - commit_granule_bytes: 65536.
 - commit_granule_words: 8192.
 - virtual_space_node_default_size: 8388608.
 - enlarge_chunks_in_place: 1.
 - use_allocation_guard: 0.


Internal statistics:

num_allocs_failed_limit: 9.
num_arena_births: 1228.
num_arena_deaths: 398.
num_vsnodes_births: 2.
num_vsnodes_deaths: 0.
num_space_committed: 985.
num_space_uncommitted: 0.
num_chunks_returned_to_freelist: 478.
num_chunks_taken_from_freelist: 4333.
num_chunk_merges: 143.
num_chunk_splits: 2490.
num_chunks_enlarged: 1400.
num_inconsistent_stats: 0.

CodeHeap 'non-profiled nmethods': size=120000Kb used=7378Kb max_used=7378Kb free=112621Kb
 bounds [0x000001ad5cf10000, 0x000001ad5d650000, 0x000001ad64440000]
CodeHeap 'profiled nmethods': size=120000Kb used=21621Kb max_used=21621Kb free=98378Kb
 bounds [0x000001ad55440000, 0x000001ad56960000, 0x000001ad5c970000]
CodeHeap 'non-nmethods': size=5760Kb used=1422Kb max_used=1508Kb free=4337Kb
 bounds [0x000001ad5c970000, 0x000001ad5cbe0000, 0x000001ad5cf10000]
CodeCache: size=245760Kb, used=30421Kb, max_used=30507Kb, free=215336Kb
 total_blobs=10913, nmethods=10179, adapters=640, full_count=0
Compilation: enabled, stopped_count=0, restarted_count=0

Compilation events (20 events):
Event: 9140.925 Thread 0x000001ad68ce05d0 10921       3       org.eclipse.jdt.internal.compiler.impl.CompilerOptions::updateSeverity (158 bytes)
Event: 9140.926 Thread 0x000001ad68ce05d0 nmethod 10921 0x000001ad56949090 code [0x000001ad56949380, 0x000001ad56949af0]
Event: 9140.927 Thread 0x000001ad68ce05d0 10923       3       org.lombokweb.asm.ByteVector::enlarge (73 bytes)
Event: 9140.928 Thread 0x000001ad68ce05d0 nmethod 10923 0x000001ad56949e90 code [0x000001ad5694a060, 0x000001ad5694a448]
Event: 9140.929 Thread 0x000001ad68ce05d0 10924       3       org.lombokweb.asm.ClassReader::getFirstAttributeOffset (136 bytes)
Event: 9140.929 Thread 0x000001ad68cadde0 nmethod 10920 0x000001ad5d641690 code [0x000001ad5d6418a0, 0x000001ad5d641cf8]
Event: 9140.930 Thread 0x000001ad68cadde0 10922       4       org.eclipse.jdt.internal.compiler.impl.IrritantSet::clear (22 bytes)
Event: 9140.930 Thread 0x000001ad68ce05d0 nmethod 10924 0x000001ad5694a590 code [0x000001ad5694a7e0, 0x000001ad5694ae70]
Event: 9140.931 Thread 0x000001ad68cadde0 nmethod 10922 0x000001ad5d642110 code [0x000001ad5d6422a0, 0x000001ad5d642388]
Event: 9140.932 Thread 0x000001ad68cadde0 10925       4       org.lombokweb.asm.MethodWriter::computeMethodInfoSize (571 bytes)
Event: 9140.952 Thread 0x000001ad68ce05d0 10929  s    3       java.io.ByteArrayOutputStream::toByteArray (12 bytes)
Event: 9140.953 Thread 0x000001ad68cadde0 nmethod 10925 0x000001ad5d642490 code [0x000001ad5d642740, 0x000001ad5d642f68]
Event: 9140.953 Thread 0x000001ad68ce05d0 nmethod 10929 0x000001ad5694b110 code [0x000001ad5694b2c0, 0x000001ad5694b4d0]
Event: 9140.953 Thread 0x000001ad68cadde0 10927       4       org.lombokweb.asm.MethodWriter::putMethodInfo (1274 bytes)
Event: 9141.008 Thread 0x000001ad68ce05d0 10930       3       sun.nio.ch.AsynchronousFileChannelImpl::isOpen (13 bytes)
Event: 9141.008 Thread 0x000001ad68ce05d0 nmethod 10930 0x000001ad5694b590 code [0x000001ad5694b720, 0x000001ad5694b880]
Event: 9141.009 Thread 0x000001ad68ce05d0 10931       3       sun.nio.ch.PendingFuture::<init> (20 bytes)
Event: 9141.009 Thread 0x000001ad68ce05d0 nmethod 10931 0x000001ad5694b910 code [0x000001ad5694bac0, 0x000001ad5694bc68]
Event: 9141.009 Thread 0x000001ad68ce05d0 10932       3       java.nio.DirectByteBuffer::address (42 bytes)
Event: 9141.010 Thread 0x000001ad68ce05d0 nmethod 10932 0x000001ad5694bd10 code [0x000001ad5694bf20, 0x000001ad5694c5e0]

GC Heap History (20 events):
Event: 70.677 GC heap before
{Heap before GC invocations=62 (full 2):
 PSYoungGen      total 15360K, used 15241K [0x00000000d5580000, 0x00000000d6600000, 0x0000000100000000)
  eden space 14848K, 99% used [0x00000000d5580000,0x00000000d63f1218,0x00000000d6400000)
  from space 512K, 88% used [0x00000000d6500000,0x00000000d65712f8,0x00000000d6580000)
  to   space 512K, 0% used [0x00000000d6580000,0x00000000d6580000,0x00000000d6600000)
 ParOldGen       total 81408K, used 81025K [0x0000000080000000, 0x0000000084f80000, 0x00000000d5580000)
  object space 81408K, 99% used [0x0000000080000000,0x0000000084f20550,0x0000000084f80000)
 Metaspace       used 53592K, committed 54912K, reserved 1114112K
  class space    used 5728K, committed 6272K, reserved 1048576K
}
Event: 70.680 GC heap after
{Heap after GC invocations=62 (full 2):
 PSYoungGen      total 15360K, used 448K [0x00000000d5580000, 0x00000000d6600000, 0x0000000100000000)
  eden space 14848K, 0% used [0x00000000d5580000,0x00000000d5580000,0x00000000d6400000)
  from space 512K, 87% used [0x00000000d6580000,0x00000000d65f0000,0x00000000d6600000)
  to   space 512K, 0% used [0x00000000d6500000,0x00000000d6500000,0x00000000d6580000)
 ParOldGen       total 81408K, used 81305K [0x0000000080000000, 0x0000000084f80000, 0x00000000d5580000)
  object space 81408K, 99% used [0x0000000080000000,0x0000000084f66550,0x0000000084f80000)
 Metaspace       used 53592K, committed 54912K, reserved 1114112K
  class space    used 5728K, committed 6272K, reserved 1048576K
}
Event: 9086.305 GC heap before
{Heap before GC invocations=63 (full 2):
 PSYoungGen      total 15360K, used 15296K [0x00000000d5580000, 0x00000000d6600000, 0x0000000100000000)
  eden space 14848K, 100% used [0x00000000d5580000,0x00000000d6400000,0x00000000d6400000)
  from space 512K, 87% used [0x00000000d6580000,0x00000000d65f0000,0x00000000d6600000)
  to   space 512K, 0% used [0x00000000d6500000,0x00000000d6500000,0x00000000d6580000)
 ParOldGen       total 81408K, used 81305K [0x0000000080000000, 0x0000000084f80000, 0x00000000d5580000)
  object space 81408K, 99% used [0x0000000080000000,0x0000000084f66550,0x0000000084f80000)
 Metaspace       used 55240K, committed 56704K, reserved 1114112K
  class space    used 5906K, committed 6528K, reserved 1048576K
}
Event: 9086.405 GC heap after
{Heap after GC invocations=63 (full 2):
 PSYoungGen      total 15360K, used 480K [0x00000000d5580000, 0x00000000d6800000, 0x0000000100000000)
  eden space 14848K, 0% used [0x00000000d5580000,0x00000000d5580000,0x00000000d6400000)
  from space 512K, 93% used [0x00000000d6500000,0x00000000d6578020,0x00000000d6580000)
  to   space 2048K, 0% used [0x00000000d6600000,0x00000000d6600000,0x00000000d6800000)
 ParOldGen       total 82944K, used 82630K [0x0000000080000000, 0x0000000085100000, 0x00000000d5580000)
  object space 82944K, 99% used [0x0000000080000000,0x00000000850b1a60,0x0000000085100000)
 Metaspace       used 55240K, committed 56704K, reserved 1114112K
  class space    used 5906K, committed 6528K, reserved 1048576K
}
Event: 9087.199 GC heap before
{Heap before GC invocations=64 (full 2):
 PSYoungGen      total 15360K, used 15305K [0x00000000d5580000, 0x00000000d6800000, 0x0000000100000000)
  eden space 14848K, 99% used [0x00000000d5580000,0x00000000d63fa6a0,0x00000000d6400000)
  from space 512K, 93% used [0x00000000d6500000,0x00000000d6578020,0x00000000d6580000)
  to   space 2048K, 0% used [0x00000000d6600000,0x00000000d6600000,0x00000000d6800000)
 ParOldGen       total 82944K, used 82630K [0x0000000080000000, 0x0000000085100000, 0x00000000d5580000)
  object space 82944K, 99% used [0x0000000080000000,0x00000000850b1a60,0x0000000085100000)
 Metaspace       used 57305K, committed 58688K, reserved 1114112K
  class space    used 6134K, committed 6720K, reserved 1048576K
}
Event: 9087.203 GC heap after
{Heap after GC invocations=64 (full 2):
 PSYoungGen      total 15872K, used 927K [0x00000000d5580000, 0x00000000d6700000, 0x0000000100000000)
  eden space 14848K, 0% used [0x00000000d5580000,0x00000000d5580000,0x00000000d6400000)
  from space 1024K, 90% used [0x00000000d6600000,0x00000000d66e7e20,0x00000000d6700000)
  to   space 1536K, 0% used [0x00000000d6400000,0x00000000d6400000,0x00000000d6580000)
 ParOldGen       total 83456K, used 83072K [0x0000000080000000, 0x0000000085180000, 0x00000000d5580000)
  object space 83456K, 99% used [0x0000000080000000,0x00000000851200b0,0x0000000085180000)
 Metaspace       used 57305K, committed 58688K, reserved 1114112K
  class space    used 6134K, committed 6720K, reserved 1048576K
}
Event: 9087.886 GC heap before
{Heap before GC invocations=65 (full 2):
 PSYoungGen      total 15872K, used 15775K [0x00000000d5580000, 0x00000000d6700000, 0x0000000100000000)
  eden space 14848K, 100% used [0x00000000d5580000,0x00000000d6400000,0x00000000d6400000)
  from space 1024K, 90% used [0x00000000d6600000,0x00000000d66e7e20,0x00000000d6700000)
  to   space 1536K, 0% used [0x00000000d6400000,0x00000000d6400000,0x00000000d6580000)
 ParOldGen       total 83456K, used 83072K [0x0000000080000000, 0x0000000085180000, 0x00000000d5580000)
  object space 83456K, 99% used [0x0000000080000000,0x00000000851200b0,0x0000000085180000)
 Metaspace       used 57844K, committed 59264K, reserved 1114112K
  class space    used 6213K, committed 6848K, reserved 1048576K
}
Event: 9087.889 GC heap after
{Heap after GC invocations=65 (full 2):
 PSYoungGen      total 16384K, used 384K [0x00000000d5580000, 0x00000000d6680000, 0x0000000100000000)
  eden space 14848K, 0% used [0x00000000d5580000,0x00000000d5580000,0x00000000d6400000)
  from space 1536K, 25% used [0x00000000d6400000,0x00000000d6460000,0x00000000d6580000)
  to   space 1024K, 0% used [0x00000000d6580000,0x00000000d6580000,0x00000000d6680000)
 ParOldGen       total 83968K, used 83850K [0x0000000080000000, 0x0000000085200000, 0x00000000d5580000)
  object space 83968K, 99% used [0x0000000080000000,0x00000000851e2b90,0x0000000085200000)
 Metaspace       used 57844K, committed 59264K, reserved 1114112K
  class space    used 6213K, committed 6848K, reserved 1048576K
}
Event: 9088.348 GC heap before
{Heap before GC invocations=66 (full 2):
 PSYoungGen      total 16384K, used 10813K [0x00000000d5580000, 0x00000000d6680000, 0x0000000100000000)
  eden space 14848K, 70% used [0x00000000d5580000,0x00000000d5faf678,0x00000000d6400000)
  from space 1536K, 25% used [0x00000000d6400000,0x00000000d6460000,0x00000000d6580000)
  to   space 1024K, 0% used [0x00000000d6580000,0x00000000d6580000,0x00000000d6680000)
 ParOldGen       total 83968K, used 83850K [0x0000000080000000, 0x0000000085200000, 0x00000000d5580000)
  object space 83968K, 99% used [0x0000000080000000,0x00000000851e2b90,0x0000000085200000)
 Metaspace       used 58355K, committed 59776K, reserved 1114112K
  class space    used 6267K, committed 6912K, reserved 1048576K
}
Event: 9088.352 GC heap after
{Heap after GC invocations=66 (full 2):
 PSYoungGen      total 15360K, used 396K [0x00000000d5580000, 0x00000000d6600000, 0x0000000100000000)
  eden space 14848K, 0% used [0x00000000d5580000,0x00000000d5580000,0x00000000d6400000)
  from space 512K, 77% used [0x00000000d6580000,0x00000000d65e3010,0x00000000d6600000)
  to   space 512K, 0% used [0x00000000d6500000,0x00000000d6500000,0x00000000d6580000)
 ParOldGen       total 84480K, used 84034K [0x0000000080000000, 0x0000000085280000, 0x00000000d5580000)
  object space 84480K, 99% used [0x0000000080000000,0x0000000085210b90,0x0000000085280000)
 Metaspace       used 58355K, committed 59776K, reserved 1114112K
  class space    used 6267K, committed 6912K, reserved 1048576K
}
Event: 9088.352 GC heap before
{Heap before GC invocations=67 (full 3):
 PSYoungGen      total 15360K, used 396K [0x00000000d5580000, 0x00000000d6600000, 0x0000000100000000)
  eden space 14848K, 0% used [0x00000000d5580000,0x00000000d5580000,0x00000000d6400000)
  from space 512K, 77% used [0x00000000d6580000,0x00000000d65e3010,0x00000000d6600000)
  to   space 512K, 0% used [0x00000000d6500000,0x00000000d6500000,0x00000000d6580000)
 ParOldGen       total 84480K, used 84034K [0x0000000080000000, 0x0000000085280000, 0x00000000d5580000)
  object space 84480K, 99% used [0x0000000080000000,0x0000000085210b90,0x0000000085280000)
 Metaspace       used 58355K, committed 59776K, reserved 1114112K
  class space    used 6267K, committed 6912K, reserved 1048576K
}
Event: 9089.390 GC heap after
{Heap after GC invocations=67 (full 3):
 PSYoungGen      total 15360K, used 0K [0x00000000d5580000, 0x00000000d6600000, 0x0000000100000000)
  eden space 14848K, 0% used [0x00000000d5580000,0x00000000d5580000,0x00000000d6400000)
  from space 512K, 0% used [0x00000000d6580000,0x00000000d6580000,0x00000000d6600000)
  to   space 512K, 0% used [0x00000000d6500000,0x00000000d6500000,0x00000000d6580000)
 ParOldGen       total 84480K, used 48027K [0x0000000080000000, 0x0000000085280000, 0x00000000d5580000)
  object space 84480K, 56% used [0x0000000080000000,0x0000000082ee6d40,0x0000000085280000)
 Metaspace       used 57962K, committed 59776K, reserved 1114112K
  class space    used 6168K, committed 6912K, reserved 1048576K
}
Event: 9089.809 GC heap before
{Heap before GC invocations=68 (full 3):
 PSYoungGen      total 15360K, used 14848K [0x00000000d5580000, 0x00000000d6600000, 0x0000000100000000)
  eden space 14848K, 100% used [0x00000000d5580000,0x00000000d6400000,0x00000000d6400000)
  from space 512K, 0% used [0x00000000d6580000,0x00000000d6580000,0x00000000d6600000)
  to   space 512K, 0% used [0x00000000d6500000,0x00000000d6500000,0x00000000d6580000)
 ParOldGen       total 84480K, used 48027K [0x0000000080000000, 0x0000000085280000, 0x00000000d5580000)
  object space 84480K, 56% used [0x0000000080000000,0x0000000082ee6d40,0x0000000085280000)
 Metaspace       used 58562K, committed 60032K, reserved 1114112K
  class space    used 6231K, committed 6912K, reserved 1048576K
}
Event: 9089.822 GC heap after
{Heap after GC invocations=68 (full 3):
 PSYoungGen      total 15360K, used 506K [0x00000000d5580000, 0x00000000d6b00000, 0x0000000100000000)
  eden space 14848K, 0% used [0x00000000d5580000,0x00000000d5580000,0x00000000d6400000)
  from space 512K, 98% used [0x00000000d6500000,0x00000000d657e860,0x00000000d6580000)
  to   space 3584K, 0% used [0x00000000d6780000,0x00000000d6780000,0x00000000d6b00000)
 ParOldGen       total 84480K, used 50573K [0x0000000080000000, 0x0000000085280000, 0x00000000d5580000)
  object space 84480K, 59% used [0x0000000080000000,0x0000000083163598,0x0000000085280000)
 Metaspace       used 58562K, committed 60032K, reserved 1114112K
  class space    used 6231K, committed 6912K, reserved 1048576K
}
Event: 9090.970 GC heap before
{Heap before GC invocations=69 (full 3):
 PSYoungGen      total 15360K, used 15192K [0x00000000d5580000, 0x00000000d6b00000, 0x0000000100000000)
  eden space 14848K, 98% used [0x00000000d5580000,0x00000000d63d7830,0x00000000d6400000)
  from space 512K, 98% used [0x00000000d6500000,0x00000000d657e860,0x00000000d6580000)
  to   space 3584K, 0% used [0x00000000d6780000,0x00000000d6780000,0x00000000d6b00000)
 ParOldGen       total 84480K, used 50573K [0x0000000080000000, 0x0000000085280000, 0x00000000d5580000)
  object space 84480K, 59% used [0x0000000080000000,0x0000000083163598,0x0000000085280000)
 Metaspace       used 60113K, committed 61376K, reserved 1114112K
  class space    used 6414K, committed 6976K, reserved 1048576K
}
Event: 9090.975 GC heap after
{Heap after GC invocations=69 (full 3):
 PSYoungGen      total 16896K, used 1540K [0x00000000d5580000, 0x00000000d6980000, 0x0000000100000000)
  eden space 14848K, 0% used [0x00000000d5580000,0x00000000d5580000,0x00000000d6400000)
  from space 2048K, 75% used [0x00000000d6780000,0x00000000d6901040,0x00000000d6980000)
  to   space 2560K, 0% used [0x00000000d6480000,0x00000000d6480000,0x00000000d6700000)
 ParOldGen       total 84480K, used 50749K [0x0000000080000000, 0x0000000085280000, 0x00000000d5580000)
  object space 84480K, 60% used [0x0000000080000000,0x000000008318f598,0x0000000085280000)
 Metaspace       used 60113K, committed 61376K, reserved 1114112K
  class space    used 6414K, committed 6976K, reserved 1048576K
}
Event: 9092.369 GC heap before
{Heap before GC invocations=70 (full 3):
 PSYoungGen      total 16896K, used 16388K [0x00000000d5580000, 0x00000000d6980000, 0x0000000100000000)
  eden space 14848K, 100% used [0x00000000d5580000,0x00000000d6400000,0x00000000d6400000)
  from space 2048K, 75% used [0x00000000d6780000,0x00000000d6901040,0x00000000d6980000)
  to   space 2560K, 0% used [0x00000000d6480000,0x00000000d6480000,0x00000000d6700000)
 ParOldGen       total 84480K, used 50749K [0x0000000080000000, 0x0000000085280000, 0x00000000d5580000)
  object space 84480K, 60% used [0x0000000080000000,0x000000008318f598,0x0000000085280000)
 Metaspace       used 60410K, committed 61632K, reserved 1114112K
  class space    used 6466K, committed 6976K, reserved 1048576K
}
Event: 9092.375 GC heap after
{Heap after GC invocations=70 (full 3):
 PSYoungGen      total 16384K, used 1184K [0x00000000d5580000, 0x00000000d6800000, 0x0000000100000000)
  eden space 14848K, 0% used [0x00000000d5580000,0x00000000d5580000,0x00000000d6400000)
  from space 1536K, 77% used [0x00000000d6480000,0x00000000d65a8000,0x00000000d6600000)
  to   space 1536K, 0% used [0x00000000d6680000,0x00000000d6680000,0x00000000d6800000)
 ParOldGen       total 84480K, used 51785K [0x0000000080000000, 0x0000000085280000, 0x00000000d5580000)
  object space 84480K, 61% used [0x0000000080000000,0x0000000083292460,0x0000000085280000)
 Metaspace       used 60410K, committed 61632K, reserved 1114112K
  class space    used 6466K, committed 6976K, reserved 1048576K
}
Event: 9093.558 GC heap before
{Heap before GC invocations=71 (full 3):
 PSYoungGen      total 16384K, used 16032K [0x00000000d5580000, 0x00000000d6800000, 0x0000000100000000)
  eden space 14848K, 100% used [0x00000000d5580000,0x00000000d6400000,0x00000000d6400000)
  from space 1536K, 77% used [0x00000000d6480000,0x00000000d65a8000,0x00000000d6600000)
  to   space 1536K, 0% used [0x00000000d6680000,0x00000000d6680000,0x00000000d6800000)
 ParOldGen       total 84480K, used 51785K [0x0000000080000000, 0x0000000085280000, 0x00000000d5580000)
  object space 84480K, 61% used [0x0000000080000000,0x0000000083292460,0x0000000085280000)
 Metaspace       used 60948K, committed 62272K, reserved 1114112K
  class space    used 6538K, committed 7104K, reserved 1048576K
}
Event: 9093.563 GC heap after
{Heap after GC invocations=71 (full 3):
 PSYoungGen      total 16384K, used 1152K [0x00000000d5580000, 0x00000000d6800000, 0x0000000100000000)
  eden space 14848K, 0% used [0x00000000d5580000,0x00000000d5580000,0x00000000d6400000)
  from space 1536K, 75% used [0x00000000d6680000,0x00000000d67a0000,0x00000000d6800000)
  to   space 1536K, 0% used [0x00000000d6480000,0x00000000d6480000,0x00000000d6600000)
 ParOldGen       total 84480K, used 52811K [0x0000000080000000, 0x0000000085280000, 0x00000000d5580000)
  object space 84480K, 62% used [0x0000000080000000,0x0000000083392ee0,0x0000000085280000)
 Metaspace       used 60948K, committed 62272K, reserved 1114112K
  class space    used 6538K, committed 7104K, reserved 1048576K
}

Dll operation events (20 events):
Event: 0.449 Attempting to load shared library C:\Users\PC\.vscode\extensions\redhat.java-1.56.0-win32-x64\jre\21.0.12.1-win32-x86_64\bin\instrument.dll
Event: 0.449 Loaded shared library C:\Users\PC\.vscode\extensions\redhat.java-1.56.0-win32-x64\jre\21.0.12.1-win32-x86_64\bin\instrument.dll
Event: 0.464 Attempting to load shared library C:\Users\PC\.vscode\extensions\redhat.java-1.56.0-win32-x64\jre\21.0.12.1-win32-x86_64\bin\net.dll
Event: 0.466 Loaded shared library C:\Users\PC\.vscode\extensions\redhat.java-1.56.0-win32-x64\jre\21.0.12.1-win32-x86_64\bin\net.dll
Event: 0.471 Attempting to load shared library C:\Users\PC\.vscode\extensions\redhat.java-1.56.0-win32-x64\jre\21.0.12.1-win32-x86_64\bin\nio.dll
Event: 0.511 Loaded shared library C:\Users\PC\.vscode\extensions\redhat.java-1.56.0-win32-x64\jre\21.0.12.1-win32-x86_64\bin\nio.dll
Event: 0.520 Attempting to load shared library C:\Users\PC\.vscode\extensions\redhat.java-1.56.0-win32-x64\jre\21.0.12.1-win32-x86_64\bin\zip.dll
Event: 0.520 Loaded shared library C:\Users\PC\.vscode\extensions\redhat.java-1.56.0-win32-x64\jre\21.0.12.1-win32-x86_64\bin\zip.dll
Event: 0.588 Attempting to load shared library C:\Users\PC\.vscode\extensions\redhat.java-1.56.0-win32-x64\jre\21.0.12.1-win32-x86_64\bin\jimage.dll
Event: 0.588 Loaded shared library C:\Users\PC\.vscode\extensions\redhat.java-1.56.0-win32-x64\jre\21.0.12.1-win32-x86_64\bin\jimage.dll
Event: 0.968 Attempting to load shared library c:\Users\PC\.vscode\extensions\redhat.java-1.56.0-win32-x64\jre\21.0.12.1-win32-x86_64\bin\verify.dll
Event: 1.068 Loaded shared library c:\Users\PC\.vscode\extensions\redhat.java-1.56.0-win32-x64\jre\21.0.12.1-win32-x86_64\bin\verify.dll
Event: 12.149 Attempting to load shared library C:\Users\PC\AppData\Roaming\Code\User\globalStorage\redhat.java\1.56.0\config_win\org.eclipse.equinox.launcher\org.eclipse.equinox.launcher.win32.win32.x86_64_1.3.100.v20260804-1928\eclipse_11924.dll
Event: 12.247 Loaded shared library C:\Users\PC\AppData\Roaming\Code\User\globalStorage\redhat.java\1.56.0\config_win\org.eclipse.equinox.launcher\org.eclipse.equinox.launcher.win32.win32.x86_64_1.3.100.v20260804-1928\eclipse_11924.dll
Event: 26.698 Attempting to load shared library C:\Users\PC\AppData\Local\Temp\jna-2547\jna14987516335542355407.dll
Event: 26.808 Loaded shared library C:\Users\PC\AppData\Local\Temp\jna-2547\jna14987516335542355407.dll
Event: 28.674 Attempting to load shared library C:\Users\PC\.vscode\extensions\redhat.java-1.56.0-win32-x64\jre\21.0.12.1-win32-x86_64\bin\management.dll
Event: 28.722 Loaded shared library C:\Users\PC\.vscode\extensions\redhat.java-1.56.0-win32-x64\jre\21.0.12.1-win32-x86_64\bin\management.dll
Event: 28.726 Attempting to load shared library C:\Users\PC\.vscode\extensions\redhat.java-1.56.0-win32-x64\jre\21.0.12.1-win32-x86_64\bin\management_ext.dll
Event: 28.789 Loaded shared library C:\Users\PC\.vscode\extensions\redhat.java-1.56.0-win32-x64\jre\21.0.12.1-win32-x86_64\bin\management_ext.dll

Deoptimization events (20 events):
Event: 9093.773 Thread 0x000001ad6f403980 Uncommon trap: trap_request=0xffffffc6 fr.pc=0x000001ad5d477924 relative=0x0000000000000524
Event: 9093.773 Thread 0x000001ad6f403980 Uncommon trap: reason=bimorphic_or_optimized_type_check action=maybe_recompile pc=0x000001ad5d477924 method=java.util.regex.Pattern$Slice.match(Ljava/util/regex/Matcher;ILjava/lang/CharSequence;)Z @ 75 c2
Event: 9093.773 Thread 0x000001ad6f403980 DEOPT PACKING pc=0x000001ad5d477924 sp=0x000000763c4fd680
Event: 9093.773 Thread 0x000001ad6f403980 DEOPT UNPACKING pc=0x000001ad5c9c3aa2 sp=0x000000763c4fd600 mode 2
Event: 9093.828 Thread 0x000001ad6f403980 Uncommon trap: trap_request=0xffffffd6 fr.pc=0x000001ad5d624f18 relative=0x00000000000015b8
Event: 9093.828 Thread 0x000001ad6f403980 Uncommon trap: reason=array_check action=maybe_recompile pc=0x000001ad5d624f18 method=java.util.TimSort.reverseRange([Ljava/lang/Object;II)V @ 20 c2
Event: 9093.828 Thread 0x000001ad6f403980 DEOPT PACKING pc=0x000001ad5d624f18 sp=0x000000763c4fe0c0
Event: 9093.828 Thread 0x000001ad6f403980 DEOPT UNPACKING pc=0x000001ad5c9c3aa2 sp=0x000000763c4fdf88 mode 2
Event: 9093.829 Thread 0x000001ad6f403980 Uncommon trap: trap_request=0xffffffd6 fr.pc=0x000001ad5d624f18 relative=0x00000000000015b8
Event: 9093.829 Thread 0x000001ad6f403980 Uncommon trap: reason=array_check action=maybe_recompile pc=0x000001ad5d624f18 method=java.util.TimSort.reverseRange([Ljava/lang/Object;II)V @ 20 c2
Event: 9093.829 Thread 0x000001ad6f403980 DEOPT PACKING pc=0x000001ad5d624f18 sp=0x000000763c4fe150
Event: 9093.829 Thread 0x000001ad6f403980 DEOPT UNPACKING pc=0x000001ad5c9c3aa2 sp=0x000000763c4fe018 mode 2
Event: 9093.830 Thread 0x000001ad6f403980 Uncommon trap: trap_request=0xffffffd6 fr.pc=0x000001ad5d624f18 relative=0x00000000000015b8
Event: 9093.830 Thread 0x000001ad6f403980 Uncommon trap: reason=array_check action=maybe_recompile pc=0x000001ad5d624f18 method=java.util.TimSort.reverseRange([Ljava/lang/Object;II)V @ 20 c2
Event: 9093.830 Thread 0x000001ad6f403980 DEOPT PACKING pc=0x000001ad5d624f18 sp=0x000000763c4fdff0
Event: 9093.830 Thread 0x000001ad6f403980 DEOPT UNPACKING pc=0x000001ad5c9c3aa2 sp=0x000000763c4fdeb8 mode 2
Event: 9093.831 Thread 0x000001ad6f403980 Uncommon trap: trap_request=0xffffffd6 fr.pc=0x000001ad5d624f18 relative=0x00000000000015b8
Event: 9093.831 Thread 0x000001ad6f403980 Uncommon trap: reason=array_check action=maybe_recompile pc=0x000001ad5d624f18 method=java.util.TimSort.reverseRange([Ljava/lang/Object;II)V @ 20 c2
Event: 9093.831 Thread 0x000001ad6f403980 DEOPT PACKING pc=0x000001ad5d624f18 sp=0x000000763c4fe060
Event: 9093.831 Thread 0x000001ad6f403980 DEOPT UNPACKING pc=0x000001ad5c9c3aa2 sp=0x000000763c4fdf28 mode 2

Classes loaded (20 events):
Event: 9089.885 Loading class java/util/stream/ReduceOps$4
Event: 9089.887 Loading class java/util/stream/ReduceOps$4 done
Event: 9089.887 Loading class java/util/stream/ReduceOps$4ReducingSink
Event: 9089.887 Loading class java/util/stream/ReduceOps$4ReducingSink done
Event: 9089.894 Loading class java/nio/file/Files$2
Event: 9089.894 Loading class java/nio/file/Files$2 done
Event: 9090.221 Loading class jdk/internal/module/IllegalAccessLogger
Event: 9090.221 Loading class jdk/internal/module/IllegalAccessLogger done
Event: 9090.287 Loading class java/util/concurrent/ArrayBlockingQueue
Event: 9090.288 Loading class java/util/concurrent/ArrayBlockingQueue done
Event: 9090.687 Loading class java/util/Hashtable$ValueCollection
Event: 9090.688 Loading class java/util/Hashtable$ValueCollection done
Event: 9090.753 Loading class java/util/concurrent/ConcurrentHashMap$KeySpliterator
Event: 9090.767 Loading class java/util/concurrent/ConcurrentHashMap$KeySpliterator done
Event: 9090.805 Loading class sun/nio/ch/ChannelOutputStream
Event: 9090.808 Loading class sun/nio/ch/ChannelOutputStream done
Event: 9091.347 Loading class jdk/internal/module/IllegalAccessLogger
Event: 9091.347 Loading class jdk/internal/module/IllegalAccessLogger done
Event: 9093.703 Loading class java/nio/file/attribute/PosixFileAttributes
Event: 9093.703 Loading class java/nio/file/attribute/PosixFileAttributes done

Classes unloaded (20 events):
Event: 9088.498 Thread 0x000001ad522f2960 Unloading class 0x000001ad01014800 'java/lang/invoke/LambdaForm$MH+0x000001ad01014800'
Event: 9088.498 Thread 0x000001ad522f2960 Unloading class 0x000001ad0100d800 'java/lang/invoke/LambdaForm$MH+0x000001ad0100d800'
Event: 9088.498 Thread 0x000001ad522f2960 Unloading class 0x000001ad0100d400 'java/lang/invoke/LambdaForm$MH+0x000001ad0100d400'
Event: 9088.498 Thread 0x000001ad522f2960 Unloading class 0x000001ad0100d000 'java/lang/invoke/LambdaForm$MH+0x000001ad0100d000'
Event: 9088.498 Thread 0x000001ad522f2960 Unloading class 0x000001ad0100cc00 'java/lang/invoke/LambdaForm$MH+0x000001ad0100cc00'
Event: 9088.498 Thread 0x000001ad522f2960 Unloading class 0x000001ad0100c800 'java/lang/invoke/LambdaForm$BMH+0x000001ad0100c800'
Event: 9088.498 Thread 0x000001ad522f2960 Unloading class 0x000001ad0100c000 'java/lang/invoke/LambdaForm$DMH+0x000001ad0100c000'
Event: 9088.499 Thread 0x000001ad522f2960 Unloading class 0x000001ad01008c00 'java/lang/invoke/LambdaForm$MH+0x000001ad01008c00'
Event: 9088.499 Thread 0x000001ad522f2960 Unloading class 0x000001ad01008800 'java/lang/invoke/LambdaForm$MH+0x000001ad01008800'
Event: 9088.499 Thread 0x000001ad522f2960 Unloading class 0x000001ad01008400 'java/lang/invoke/LambdaForm$MH+0x000001ad01008400'
Event: 9088.499 Thread 0x000001ad522f2960 Unloading class 0x000001ad01007000 'java/lang/invoke/LambdaForm$MH+0x000001ad01007000'
Event: 9088.499 Thread 0x000001ad522f2960 Unloading class 0x000001ad01006800 'java/lang/invoke/LambdaForm$MH+0x000001ad01006800'
Event: 9088.500 Thread 0x000001ad522f2960 Unloading class 0x000001ad01006400 'java/lang/invoke/LambdaForm$MH+0x000001ad01006400'
Event: 9088.500 Thread 0x000001ad522f2960 Unloading class 0x000001ad01006000 'java/lang/invoke/LambdaForm$MH+0x000001ad01006000'
Event: 9088.500 Thread 0x000001ad522f2960 Unloading class 0x000001ad01005c00 'java/lang/invoke/LambdaForm$BMH+0x000001ad01005c00'
Event: 9088.500 Thread 0x000001ad522f2960 Unloading class 0x000001ad01004800 'java/lang/invoke/LambdaForm$DMH+0x000001ad01004800'
Event: 9088.500 Thread 0x000001ad522f2960 Unloading class 0x000001ad01002800 'java/lang/invoke/LambdaForm$MH+0x000001ad01002800'
Event: 9088.501 Thread 0x000001ad522f2960 Unloading class 0x000001ad01002400 'java/lang/invoke/LambdaForm$MH+0x000001ad01002400'
Event: 9088.501 Thread 0x000001ad522f2960 Unloading class 0x000001ad01002000 'java/lang/invoke/LambdaForm$MH+0x000001ad01002000'
Event: 9088.501 Thread 0x000001ad522f2960 Unloading class 0x000001ad01001800 'java/lang/invoke/LambdaForm$MH+0x000001ad01001800'

Classes redefined (0 events):
No events

Internal exceptions (20 events):
Event: 9089.976 Thread 0x000001ad6f403980 Exception <a 'java/lang/NoClassDefFoundError'{0x00000000d57c30c0}: org/eclipse/jdt/internal/core/CompilationUnit> (0x00000000d57c30c0) 
thrown [s\src\hotspot\share\classfile\systemDictionary.cpp, line 302]
Event: 9090.298 Thread 0x000001ad757609f0 Exception <a 'java/lang/NoSuchMethodError'{0x00000000d5c7aaf0}: 'void java.lang.invoke.DelegatingMethodHandle$Holder.reinvoke_L(java.lang.Object, java.lang.Object, int)'> (0x00000000d5c7aaf0) 
thrown [s\src\hotspot\share\interpreter\linkResolver.cpp, line 773]
Event: 9090.599 Thread 0x000001ad757609f0 Exception <a 'java/lang/NoSuchMethodError'{0x00000000d6091850}: 'void java.lang.invoke.DirectMethodHandle$Holder.invokeStatic(java.lang.Object, int, java.lang.Object)'> (0x00000000d6091850) 
thrown [s\src\hotspot\share\interpreter\linkResolver.cpp, line 773]
Event: 9090.770 Thread 0x000001ad6f403980 Exception <a 'java/lang/NoSuchMethodError'{0x00000000d617e360}: 'java.lang.Object java.lang.invoke.DirectMethodHandle$Holder.newInvokeSpecial(java.lang.Object, java.lang.Object, int, int, java.lang.Object)'> (0x00000000d617e360) 
thrown [s\src\hotspot\share\interpreter\linkResolver.cpp, line 773]
Event: 9090.919 Thread 0x000001ad6f403980 Exception <a 'sun/nio/fs/WindowsException'{0x00000000d632cc20}> (0x00000000d632cc20) 
thrown [s\src\hotspot\share\prims\jni.cpp, line 520]
Event: 9090.928 Thread 0x000001ad75765220 Exception <a 'sun/nio/fs/WindowsException'{0x00000000d6358ea8}> (0x00000000d6358ea8) 
thrown [s\src\hotspot\share\prims\jni.cpp, line 520]
Event: 9090.929 Thread 0x000001ad75765220 Exception <a 'sun/nio/fs/WindowsException'{0x00000000d6359fb0}> (0x00000000d6359fb0) 
thrown [s\src\hotspot\share\prims\jni.cpp, line 520]
Event: 9091.367 Thread 0x000001ad6f403980 Exception <a 'sun/nio/fs/WindowsException'{0x00000000d5e9d830}> (0x00000000d5e9d830) 
thrown [s\src\hotspot\share\prims\jni.cpp, line 520]
Event: 9091.367 Thread 0x000001ad6f403980 Exception <a 'sun/nio/fs/WindowsException'{0x00000000d5e9e080}> (0x00000000d5e9e080) 
thrown [s\src\hotspot\share\prims\jni.cpp, line 520]
Event: 9091.534 Thread 0x000001ad6f403980 Exception <a 'java/lang/NoSuchMethodError'{0x00000000d5efcd00}: 'java.lang.Object java.lang.invoke.DirectMethodHandle$Holder.newInvokeSpecial(java.lang.Object, java.lang.Object, int, java.lang.Object, java.lang.Object)'> (0x00000000d5efcd00) 
thrown [s\src\hotspot\share\interpreter\linkResolver.cpp, line 773]
Event: 9091.537 Thread 0x000001ad6f403980 Implicit null exception at 0x000001ad5d379412 to 0x000001ad5d3794b0
Event: 9091.541 Thread 0x000001ad6f403980 Exception <a 'java/lang/NoSuchMethodError'{0x00000000d5f16310}: 'java.lang.Object java.lang.invoke.DirectMethodHandle$Holder.invokeSpecial(java.lang.Object, java.lang.Object, java.lang.Object, int, java.lang.Object, java.lang.Object, java.lang.Object)'> (0x00000000d5f16310) 
thrown [s\src\hotspot\share\interpreter\linkResolver.cpp, line 773]
Event: 9091.546 Thread 0x000001ad6f403980 Exception <a 'java/lang/NoSuchMethodError'{0x00000000d5f1e448}: 'java.lang.Object java.lang.invoke.DirectMethodHandle$Holder.invokeStatic(java.lang.Object, java.lang.Object, int, java.lang.Object, java.lang.Object)'> (0x00000000d5f1e448) 
thrown [s\src\hotspot\share\interpreter\linkResolver.cpp, line 773]
Event: 9091.696 Thread 0x000001ad6f403980 Exception <a 'java/lang/NoSuchMethodError'{0x00000000d5fa93f0}: 'void java.lang.invoke.DirectMethodHandle$Holder.invokeStatic(java.lang.Object, int)'> (0x00000000d5fa93f0) 
thrown [s\src\hotspot\share\interpreter\linkResolver.cpp, line 773]
Event: 9091.754 Thread 0x000001ad6f403980 Implicit null exception at 0x000001ad5d47f6b8 to 0x000001ad5d47feb0
Event: 9092.720 Thread 0x000001ad6f403980 Exception <a 'java/io/FileNotFoundException'{0x00000000d587bcd0}> (0x00000000d587bcd0) 
thrown [s\src\hotspot\share\prims\jni.cpp, line 520]
Event: 9092.720 Thread 0x000001ad6f403980 Exception <a 'java/io/FileNotFoundException'{0x00000000d587cf58}> (0x00000000d587cf58) 
thrown [s\src\hotspot\share\prims\jni.cpp, line 520]
Event: 9092.721 Thread 0x000001ad6f403980 Exception <a 'java/io/FileNotFoundException'{0x00000000d587df30}> (0x00000000d587df30) 
thrown [s\src\hotspot\share\prims\jni.cpp, line 520]
Event: 9093.355 Thread 0x000001ad6f403980 Implicit null exception at 0x000001ad5d481093 to 0x000001ad5d4811cc
Event: 9093.388 Thread 0x000001ad6f403980 Implicit null exception at 0x000001ad5d37d0a8 to 0x000001ad5d37dea8

ZGC Phase Switch (0 events):
No events

VM Operations (20 events):
Event: 9090.975 Executing safepoint VM operation: ParallelGCFailedAllocation (Allocation Failure) done
Event: 9092.369 Executing safepoint VM operation: ParallelGCFailedAllocation (Allocation Failure)
Event: 9092.375 Executing safepoint VM operation: ParallelGCFailedAllocation (Allocation Failure) done
Event: 9093.389 Executing safepoint VM operation: Cleanup
Event: 9093.389 Executing safepoint VM operation: Cleanup done
Event: 9093.558 Executing safepoint VM operation: ParallelGCFailedAllocation (Allocation Failure)
Event: 9093.563 Executing safepoint VM operation: ParallelGCFailedAllocation (Allocation Failure) done
Event: 9094.564 Executing safepoint VM operation: Cleanup
Event: 9094.564 Executing safepoint VM operation: Cleanup done
Event: 9106.294 Executing non-safepoint VM operation: HandshakeAllThreads (HandshakeForDeflation)
Event: 9106.294 Executing non-safepoint VM operation: HandshakeAllThreads (HandshakeForDeflation) done
Event: 9106.295 Executing non-safepoint VM operation: RendezvousGCThreads
Event: 9106.295 Executing non-safepoint VM operation: RendezvousGCThreads done
Event: 9140.907 Executing non-safepoint VM operation: HandshakeAllThreads (Deoptimize)
Event: 9140.907 Executing non-safepoint VM operation: HandshakeAllThreads (Deoptimize) done
Event: 9140.907 Executing safepoint VM operation: Cleanup
Event: 9140.907 Executing safepoint VM operation: Cleanup done
Event: 9140.914 Executing non-safepoint VM operation: HandshakeAllThreads (Deoptimize)
Event: 9140.914 Executing non-safepoint VM operation: HandshakeAllThreads (Deoptimize) done
Event: 9141.010 Executing non-safepoint VM operation: HandshakeAllThreads (Deoptimize)

Memory protections (0 events):
No events

Nmethod flushes (20 events):
Event: 9088.946 Thread 0x000001ad522f2960 flushing  nmethod 0x000001ad55c8d490
Event: 9088.946 Thread 0x000001ad522f2960 flushing  nmethod 0x000001ad55c9b690
Event: 9088.946 Thread 0x000001ad522f2960 flushing  nmethod 0x000001ad55c9e890
Event: 9088.946 Thread 0x000001ad522f2960 flushing  nmethod 0x000001ad55c9f210
Event: 9088.946 Thread 0x000001ad522f2960 flushing  nmethod 0x000001ad55c9f590
Event: 9088.946 Thread 0x000001ad522f2960 flushing  nmethod 0x000001ad55ca0e10
Event: 9088.946 Thread 0x000001ad522f2960 flushing  nmethod 0x000001ad55ca2610
Event: 9088.946 Thread 0x000001ad522f2960 flushing  nmethod 0x000001ad55cc6210
Event: 9088.946 Thread 0x000001ad522f2960 flushing  nmethod 0x000001ad55cd5a90
Event: 9088.946 Thread 0x000001ad522f2960 flushing  nmethod 0x000001ad55cd9590
Event: 9088.946 Thread 0x000001ad522f2960 flushing  nmethod 0x000001ad55cda090
Event: 9088.946 Thread 0x000001ad522f2960 flushing  nmethod 0x000001ad55cda910
Event: 9088.946 Thread 0x000001ad522f2960 flushing  nmethod 0x000001ad55ce0c10
Event: 9088.946 Thread 0x000001ad522f2960 flushing  nmethod 0x000001ad55cebf90
Event: 9088.946 Thread 0x000001ad522f2960 flushing  nmethod 0x000001ad55cf1690
Event: 9088.946 Thread 0x000001ad522f2960 flushing  nmethod 0x000001ad55d0f510
Event: 9088.946 Thread 0x000001ad522f2960 flushing  nmethod 0x000001ad55d3ea10
Event: 9088.946 Thread 0x000001ad522f2960 flushing  nmethod 0x000001ad55d45010
Event: 9088.946 Thread 0x000001ad522f2960 flushing  nmethod 0x000001ad55d4cd10
Event: 9088.946 Thread 0x000001ad522f2960 flushing osr nmethod 0x000001ad55d5a190

Events (20 events):
Event: 9090.949 Thread 0x000001ad6f403980 Thread added: 0x000001ad75761da0
Event: 9091.276 Thread 0x000001ad68ce05d0 Thread added: 0x000001ad72ed36a0
Event: 9091.351 Thread 0x000001ad6f403980 Thread added: 0x000001ad75763e70
Event: 9091.531 Thread 0x000001ad72ed36a0 Thread exited: 0x000001ad72ed36a0
Event: 9091.677 Thread 0x000001ad68ce05d0 Thread added: 0x000001ad72ed36a0
Event: 9091.951 Thread 0x000001ad72ed36a0 Thread exited: 0x000001ad72ed36a0
Event: 9092.731 Thread 0x000001ad68ce05d0 Thread added: 0x000001ad72ed36a0
Event: 9092.806 Thread 0x000001ad6f403980 Thread added: 0x000001ad75761710
Event: 9092.807 Thread 0x000001ad6f403980 Thread added: 0x000001ad75765f40
Event: 9092.955 Thread 0x000001ad6f403980 Thread added: 0x000001ad75764500
Event: 9092.955 Thread 0x000001ad6f403980 Thread added: 0x000001ad75762430
Event: 9092.955 Thread 0x000001ad6f403980 Thread added: 0x000001ad75762ac0
Event: 9093.301 Thread 0x000001ad72ed36a0 Thread exited: 0x000001ad72ed36a0
Event: 9093.352 Thread 0x000001ad75765f40 Thread exited: 0x000001ad75765f40
Event: 9093.353 Thread 0x000001ad75761710 Thread exited: 0x000001ad75761710
Event: 9093.353 Thread 0x000001ad75762430 Thread exited: 0x000001ad75762430
Event: 9093.353 Thread 0x000001ad75762ac0 Thread exited: 0x000001ad75762ac0
Event: 9093.353 Thread 0x000001ad75764500 Thread exited: 0x000001ad75764500
Event: 9093.569 Thread 0x000001ad68ce05d0 Thread added: 0x000001ad72ed36a0
Event: 9098.841 Thread 0x000001ad72ed36a0 Thread exited: 0x000001ad72ed36a0


Dynamic libraries:
0x00007ff790220000 - 0x00007ff79022e000 	c:\Users\PC\.vscode\extensions\redhat.java-1.56.0-win32-x64\jre\21.0.12.1-win32-x86_64\bin\java.exe
0x00007fff75ad0000 - 0x00007fff75cc8000 	C:\Windows\SYSTEM32\ntdll.dll
0x00007fff759c0000 - 0x00007fff75a82000 	C:\Windows\System32\KERNEL32.DLL
0x00007fff73520000 - 0x00007fff73816000 	C:\Windows\System32\KERNELBASE.dll
0x00007fff73200000 - 0x00007fff73300000 	C:\Windows\System32\ucrtbase.dll
0x00007fff6ca10000 - 0x00007fff6ca28000 	c:\Users\PC\.vscode\extensions\redhat.java-1.56.0-win32-x64\jre\21.0.12.1-win32-x86_64\bin\jli.dll
0x00007fff752f0000 - 0x00007fff75491000 	C:\Windows\System32\USER32.dll
0x00007fff73950000 - 0x00007fff73972000 	C:\Windows\System32\win32u.dll
0x00007fff75030000 - 0x00007fff7505b000 	C:\Windows\System32\GDI32.dll
0x00007fff739d0000 - 0x00007fff73ae9000 	C:\Windows\System32\gdi32full.dll
0x00007fff73160000 - 0x00007fff731fd000 	C:\Windows\System32\msvcp_win.dll
0x00007fff6c020000 - 0x00007fff6c03e000 	c:\Users\PC\.vscode\extensions\redhat.java-1.56.0-win32-x64\jre\21.0.12.1-win32-x86_64\bin\VCRUNTIME140.dll
0x00007fff5fc60000 - 0x00007fff5fefb000 	C:\Windows\WinSxS\amd64_microsoft.windows.common-controls_6595b64144ccf1df_6.0.19041.6456_none_60b8a6cb71f64256\COMCTL32.dll
0x00007fff73de0000 - 0x00007fff73e7e000 	C:\Windows\System32\msvcrt.dll
0x00007fff75510000 - 0x00007fff7553f000 	C:\Windows\System32\IMM32.DLL
0x00007fff6dd30000 - 0x00007fff6dd3c000 	c:\Users\PC\.vscode\extensions\redhat.java-1.56.0-win32-x64\jre\21.0.12.1-win32-x86_64\bin\vcruntime140_1.dll
0x00007fff47d80000 - 0x00007fff47e0d000 	c:\Users\PC\.vscode\extensions\redhat.java-1.56.0-win32-x64\jre\21.0.12.1-win32-x86_64\bin\msvcp140.dll
0x00007fff2e290000 - 0x00007fff2f032000 	c:\Users\PC\.vscode\extensions\redhat.java-1.56.0-win32-x64\jre\21.0.12.1-win32-x86_64\bin\server\jvm.dll
0x00007fff73e80000 - 0x00007fff73f31000 	C:\Windows\System32\ADVAPI32.dll
0x00007fff74690000 - 0x00007fff7472f000 	C:\Windows\System32\sechost.dll
0x00007fff73cc0000 - 0x00007fff73de0000 	C:\Windows\System32\RPCRT4.dll
0x00007fff734f0000 - 0x00007fff73517000 	C:\Windows\System32\bcrypt.dll
0x00007fff754a0000 - 0x00007fff7550b000 	C:\Windows\System32\WS2_32.dll
0x00007fff72660000 - 0x00007fff726ab000 	C:\Windows\SYSTEM32\POWRPROF.dll
0x00007fff5f2f0000 - 0x00007fff5f317000 	C:\Windows\SYSTEM32\WINMM.dll
0x00007fff5c220000 - 0x00007fff5c22a000 	C:\Windows\SYSTEM32\VERSION.dll
0x00007fff72520000 - 0x00007fff72532000 	C:\Windows\SYSTEM32\UMPDC.dll
0x00007fff71930000 - 0x00007fff71942000 	C:\Windows\SYSTEM32\kernel.appcore.dll
0x00007fff6d600000 - 0x00007fff6d60a000 	c:\Users\PC\.vscode\extensions\redhat.java-1.56.0-win32-x64\jre\21.0.12.1-win32-x86_64\bin\jimage.dll
0x00007fff71630000 - 0x00007fff71831000 	C:\Windows\SYSTEM32\DBGHELP.DLL
0x00007fff59c70000 - 0x00007fff59ca4000 	C:\Windows\SYSTEM32\dbgcore.DLL
0x00007fff73460000 - 0x00007fff734e2000 	C:\Windows\System32\bcryptPrimitives.dll
0x00007fff6bfe0000 - 0x00007fff6bfef000 	c:\Users\PC\.vscode\extensions\redhat.java-1.56.0-win32-x64\jre\21.0.12.1-win32-x86_64\bin\instrument.dll
0x00007fff6ac40000 - 0x00007fff6ac60000 	c:\Users\PC\.vscode\extensions\redhat.java-1.56.0-win32-x64\jre\21.0.12.1-win32-x86_64\bin\java.dll
0x00007fff748c0000 - 0x00007fff75030000 	C:\Windows\System32\SHELL32.dll
0x00007fff70e80000 - 0x00007fff71625000 	C:\Windows\SYSTEM32\windows.storage.dll
0x00007fff74240000 - 0x00007fff74594000 	C:\Windows\System32\combase.dll
0x00007fff72ab0000 - 0x00007fff72adb000 	C:\Windows\SYSTEM32\Wldp.dll
0x00007fff73fa0000 - 0x00007fff7406d000 	C:\Windows\System32\OLEAUT32.dll
0x00007fff740d0000 - 0x00007fff7417d000 	C:\Windows\System32\SHCORE.dll
0x00007fff74730000 - 0x00007fff7478b000 	C:\Windows\System32\shlwapi.dll
0x00007fff73090000 - 0x00007fff730b4000 	C:\Windows\SYSTEM32\profapi.dll
0x00007fff6a7a0000 - 0x00007fff6a7b8000 	c:\Users\PC\.vscode\extensions\redhat.java-1.56.0-win32-x64\jre\21.0.12.1-win32-x86_64\bin\zip.dll
0x00007fff6bfd0000 - 0x00007fff6bfe0000 	C:\Users\PC\.vscode\extensions\redhat.java-1.56.0-win32-x64\jre\21.0.12.1-win32-x86_64\bin\net.dll
0x00007fff6f720000 - 0x00007fff6f82a000 	C:\Windows\SYSTEM32\WINHTTP.dll
0x00007fff72890000 - 0x00007fff728fa000 	C:\Windows\system32\mswsock.dll
0x00007fff6a770000 - 0x00007fff6a786000 	C:\Users\PC\.vscode\extensions\redhat.java-1.56.0-win32-x64\jre\21.0.12.1-win32-x86_64\bin\nio.dll
0x00007fff6bab0000 - 0x00007fff6bac0000 	c:\Users\PC\.vscode\extensions\redhat.java-1.56.0-win32-x64\jre\21.0.12.1-win32-x86_64\bin\verify.dll
0x00007fff3f9c0000 - 0x00007fff3fa05000 	C:\Users\PC\AppData\Roaming\Code\User\globalStorage\redhat.java\1.56.0\config_win\org.eclipse.equinox.launcher\org.eclipse.equinox.launcher.win32.win32.x86_64_1.3.100.v20260804-1928\eclipse_11924.dll
0x00007fff74790000 - 0x00007fff748bb000 	C:\Windows\System32\ole32.dll
0x00007fff72af0000 - 0x00007fff72b08000 	C:\Windows\SYSTEM32\CRYPTSP.dll
0x00007fff72160000 - 0x00007fff72198000 	C:\Windows\system32\rsaenh.dll
0x00007fff73010000 - 0x00007fff7303e000 	C:\Windows\SYSTEM32\USERENV.dll
0x00007fff72a20000 - 0x00007fff72a2c000 	C:\Windows\SYSTEM32\CRYPTBASE.dll
0x00007fff72540000 - 0x00007fff7257b000 	C:\Windows\SYSTEM32\IPHLPAPI.DLL
0x00007fff74210000 - 0x00007fff74218000 	C:\Windows\System32\NSI.dll
0x00007fff4d160000 - 0x00007fff4d1a9000 	C:\Users\PC\AppData\Local\Temp\jna-2547\jna14987516335542355407.dll
0x00007fff75540000 - 0x00007fff75548000 	C:\Windows\System32\PSAPI.DLL
0x00007fff6b9c0000 - 0x00007fff6b9ca000 	C:\Users\PC\.vscode\extensions\redhat.java-1.56.0-win32-x64\jre\21.0.12.1-win32-x86_64\bin\management.dll
0x00007fff6ac30000 - 0x00007fff6ac3c000 	C:\Users\PC\.vscode\extensions\redhat.java-1.56.0-win32-x64\jre\21.0.12.1-win32-x86_64\bin\management_ext.dll
0x00007fff68b80000 - 0x00007fff68b97000 	C:\Windows\SYSTEM32\dhcpcsvc6.DLL
0x00007fff68d00000 - 0x00007fff68d1d000 	C:\Windows\SYSTEM32\dhcpcsvc.DLL

JVMTI agents:
c:\Users\PC\.vscode\extensions\redhat.java-1.56.0-win32-x64\lombok\lombok-1.18.39-4050.jar path:c:\Users\PC\.vscode\extensions\redhat.java-1.56.0-win32-x64\jre\21.0.12.1-win32-x86_64\bin\instrument.dll, loaded, initialized, instrumentlib options:none

dbghelp: loaded successfully - version: 4.0.5 - missing functions: none
symbol engine: initialized successfully - sym options: 0x614 - pdb path: .;c:\Users\PC\.vscode\extensions\redhat.java-1.56.0-win32-x64\jre\21.0.12.1-win32-x86_64\bin;C:\Windows\SYSTEM32;C:\Windows\WinSxS\amd64_microsoft.windows.common-controls_6595b64144ccf1df_6.0.19041.6456_none_60b8a6cb71f64256;c:\Users\PC\.vscode\extensions\redhat.java-1.56.0-win32-x64\jre\21.0.12.1-win32-x86_64\bin\server;C:\Users\PC\AppData\Roaming\Code\User\globalStorage\redhat.java\1.56.0\config_win\org.eclipse.equinox.launcher\org.eclipse.equinox.launcher.win32.win32.x86_64_1.3.100.v20260804-1928;C:\Users\PC\AppData\Local\Temp\jna-2547

VM Arguments:
jvm_args: --add-modules=ALL-SYSTEM --add-opens=java.base/java.util=ALL-UNNAMED --add-opens=java.base/java.lang=ALL-UNNAMED --add-opens=java.base/sun.nio.fs=ALL-UNNAMED -Declipse.application=org.eclipse.jdt.ls.core.id1 -Dosgi.bundles.defaultStartLevel=4 -Declipse.product=org.eclipse.jdt.ls.core.product -Djava.import.generatesMetadataFilesAtProjectRoot=false -Dm2e.project.cache.size=50 -DDetectVMInstallationsJob.disabled=true -Dfile.encoding=utf8 -XX:+UseParallelGC -XX:GCTimeRatio=4 -XX:AdaptiveSizePolicyWeight=90 -Dsun.zip.disableMemoryMapping=true -Xmx2G -Xms100m -Xlog:disable -javaagent:c:\Users\PC\.vscode\extensions\redhat.java-1.56.0-win32-x64\lombok\lombok-1.18.39-4050.jar -XX:+HeapDumpOnOutOfMemoryError -XX:HeapDumpPath=c:\Users\PC\AppData\Roaming\Code\User\workspaceStorage\ec1410200dd7bcd3f80d97ac2a3ddf05\redhat.java -Daether.dependencyCollector.impl=bf 
java_command: c:\Users\PC\.vscode\extensions\redhat.java-1.56.0-win32-x64\server\plugins\org.eclipse.equinox.launcher_1.8.0.v20260804-1928.jar -configuration c:\Users\PC\AppData\Roaming\Code\User\globalStorage\redhat.java\1.56.0\config_win -data c:\Users\PC\AppData\Roaming\Code\User\workspaceStorage\ec1410200dd7bcd3f80d97ac2a3ddf05\redhat.java\jdt_ws --pipe=\\.\pipe\lsp-b8e6fb255e61617e982f2b1ffb2a9013-sock
java_class_path (initial): c:\Users\PC\.vscode\extensions\redhat.java-1.56.0-win32-x64\server\plugins\org.eclipse.equinox.launcher_1.8.0.v20260804-1928.jar
Launcher Type: SUN_STANDARD

[Global flags]
    uintx AdaptiveSizePolicyWeight                 = 90                                        {product} {command line}
     intx CICompilerCount                          = 4                                         {product} {ergonomic}
    uintx GCTimeRatio                              = 4                                         {product} {command line}
     bool HeapDumpOnOutOfMemoryError               = true                                   {manageable} {command line}
    ccstr HeapDumpPath                             = c:\Users\PC\AppData\Roaming\Code\User\workspaceStorage\ec1410200dd7bcd3f80d97ac2a3ddf05\redhat.java         {manageable} {command line}
   size_t InitialHeapSize                          = 104857600                                 {product} {command line}
   size_t MaxHeapSize                              = 2147483648                                {product} {command line}
   size_t MaxNewSize                               = 715653120                                 {product} {ergonomic}
   size_t MinHeapDeltaBytes                        = 524288                                    {product} {ergonomic}
   size_t MinHeapSize                              = 104857600                                 {product} {command line}
   size_t NewSize                                  = 34603008                                  {product} {ergonomic}
    uintx NonNMethodCodeHeapSize                   = 5839372                                {pd product} {ergonomic}
    uintx NonProfiledCodeHeapSize                  = 122909434                              {pd product} {ergonomic}
   size_t OldSize                                  = 70254592                                  {product} {ergonomic}
    uintx ProfiledCodeHeapSize                     = 122909434                              {pd product} {ergonomic}
    uintx ReservedCodeCacheSize                    = 251658240                              {pd product} {ergonomic}
     bool SegmentedCodeCache                       = true                                      {product} {ergonomic}
   size_t SoftMaxHeapSize                          = 2147483648                             {manageable} {ergonomic}
     bool UseCompressedOops                        = true                           {product lp64_product} {ergonomic}
     bool UseLargePagesIndividualAllocation        = false                                  {pd product} {ergonomic}
     bool UseParallelGC                            = true                                      {product} {command line}

Logging:
Log output configuration:
 #0: stdout all=off uptime,level,tags foldmultilines=false
 #1: stderr all=off uptime,level,tags foldmultilines=false

Release file:
JAVA_VERSION="21.0.12.1" 
MODULES="java.base java.compiler java.datatransfer java.xml java.prefs java.desktop java.instrument java.logging java.management java.security.sasl java.naming java.rmi java.management.rmi java.net.http java.scripting java.security.jgss java.transaction.xa java.sql java.sql.rowset java.xml.crypto java.se java.smartcardio jdk.accessibility jdk.internal.jvmstat jdk.attach jdk.charsets jdk.internal.opt jdk.zipfs jdk.compiler jdk.crypto.ec jdk.crypto.cryptoki jdk.crypto.mscapi jdk.dynalink jdk.internal.ed jdk.editpad jdk.hotspot.agent jdk.httpserver jdk.internal.le jdk.internal.vm.ci jdk.internal.vm.compiler jdk.internal.vm.compiler.management jdk.jartool jdk.javadoc jdk.jcmd jdk.management jdk.management.agent jdk.jconsole jdk.jdeps jdk.jdwp.agent jdk.jdi jdk.jfr jdk.jshell jdk.jsobject jdk.jstatd jdk.localedata jdk.management.jfr jdk.naming.dns jdk.naming.rmi jdk.net jdk.nio.mapmode jdk.random jdk.sctp jdk.security.auth jdk.security.jgss jdk.unsupported jdk.unsupported.desktop jdk.xml.dom" 

Environment Variables:
PATH=C:\Program Files\Eclipse Adoptium\jdk-25.0.2.10-hotspot\bin;C:\app\PC\product\21c\dbhomeXE\bin;C:\Program Files\Eclipse Adoptium\jdk-8.0.382.5-hotspot\bin;C:\Program Files\Eclipse Adoptium\jdk-17.0.17.10-hotspot\bin;C:\Program Files (x86)\Common Files\Oracle\Java\javapath;C:\Windows\system32;C:\Windows;C:\Windows\System32\Wbem;C:\Windows\System32\WindowsPowerShell\v1.0\;C:\Windows\System32\OpenSSH\;C:\msys64\mingw64\bin;C:\Program Files\MySQL\MySQL Server 8.0\bin;C:\Program Files\Microsoft SQL Server\150\Tools\Binn\;C:\Program Files\Microsoft SQL Server\Client SDK\ODBC\170\Tools\Binn\;C:\Program Files\dotnet\;C:\Program Files (x86)\Windows Kits\10\Windows Performance Toolkit\;%MAVEN_HOME%\bin;C:\Program Files\ZeroC\Ice-3.7.9\bin;C:\Program Files (x86)\Microsoft SQL Server\170\Tools\Binn\;C:\Program Files\Microsoft SQL Server\170\Tools\Binn\;C:\Program Files\Microsoft SQL Server\Client SDK\ODBC\180\Tools\Binn\;C:\Program Files\Microsoft SQL Server\170\DTS\Binn\;C:\Program Files\Git\cmd;C:\Program Files\nodejs\;C:\Program Files\WSL\;C:\Users\PC\Desktop\sonar-scanner-cli-5.0.1.3006-windows\sonar-scanner-5.0.1.3006-windows\bin;C:\Users\PC\AppData\Local\Programs\Python\Python314\Scripts\;C:\Users\PC\AppData\Local\Programs\Python\Python314\;C:\Program Files\MySQL\MySQL Shell 8.0\bin\;C:\Users\PC\AppData\Local\Microsoft\WindowsApps;C:\Users\PC\AppData\Local\Programs\Microsoft VS Code\bin;C:\Users\PC\.dotnet\tools;C:\Users\PC\AppData\Roaming\npm;C:\Program Files\nodejs\;C:\Users\PC\AppData\Local\Programs\Python\Python314;C:\Users\PC\AppData\Local\Programs\Python\Python314\Scripts;C:\Users\PC\Desktop\apache-maven-3.9.16-bin\bin;C:\Users\PC\Desktop\sonar-scanner-cli-5.0.1.3006-windows\sonar-scanner-5.0.1.3006-windows\bin;
USERNAME=PC
OS=Windows_NT
PROCESSOR_IDENTIFIER=Intel64 Family 6 Model 142 Stepping 10, GenuineIntel
TMP=C:\Users\PC\AppData\Local\Temp
TEMP=C:\Users\PC\AppData\Local\Temp




Periodic native trim disabled

---------------  S Y S T E M  ---------------

OS:
 Windows 10 , 64 bit Build 19041 (10.0.19041.5915)
OS uptime: 0 days 4:12 hours
Hyper-V role detected

CPU: total 8 (initial active 8) (4 cores per cpu, 2 threads per core) family 6 model 142 stepping 10 microcode 0xb4, cx8, cmov, fxsr, ht, mmx, 3dnowpref, sse, sse2, sse3, ssse3, sse4.1, sse4.2, popcnt, lzcnt, tsc, tscinvbit, avx, avx2, aes, erms, clmul, bmi1, bmi2, adx, fma, vzeroupper, clflush, clflushopt, hv, rdtscp, f16c
Processor Information for the first 8 processors :
  Max Mhz: 1800, Current Mhz: 1600, Mhz Limit: 1584

Memory: 4k page, system-wide physical 8042M (467M free)
TotalPageFile size 17965M (AvailPageFile size 16M)
current process WorkingSet (physical memory assigned to process): 249M, peak: 293M
current process commit charge ("private bytes"): 356M, peak: 399M

vm_info: OpenJDK 64-Bit Server VM (21.0.12.1+1-LTS) for windows-amd64 JRE (21.0.12.1+1-LTS), built on 2026-08-18T00:00:00Z by "admin" with MS VC++ 17.12 (VS2022)

END.
