#
# There is insufficient memory for the Java Runtime Environment to continue.
# Native memory allocation (malloc) failed to allocate 32744 bytes. Error detail: Chunk::new
# Possible reasons:
#   The system is out of physical RAM or swap space
#   This process is running with CompressedOops enabled, and the Java Heap may be blocking the growth of the native heap
# Possible solutions:
#   Reduce memory load on the system
#   Increase physical memory or swap space
#   Check if swap backing store is full
#   Decrease Java heap size (-Xmx/-Xms)
#   Decrease number of Java threads
#   Decrease Java thread stack sizes (-Xss)
#   Set larger code cache with -XX:ReservedCodeCacheSize=
#   JVM is running with Unscaled Compressed Oops mode in which the Java heap is
#     placed in the first 4GB address space. The Java Heap base address is the
#     maximum limit for the native heap growth. Please use -XX:HeapBaseMinAddress
#     to set the Java Heap base and to place the Java Heap above 4GB virtual address.
# This output file may be truncated or incomplete.
#
#  Out of Memory Error (arena.cpp:168), pid=8768, tid=1940
#
# JRE version: OpenJDK Runtime Environment Temurin-21.0.12.1+1 (21.0.12.1+1) (build 21.0.12.1+1-LTS)
# Java VM: OpenJDK 64-Bit Server VM Temurin-21.0.12.1+1 (21.0.12.1+1-LTS, mixed mode, sharing, tiered, compressed oops, compressed class ptrs, parallel gc, windows-amd64)
# No core dump will be written. Minidumps are not enabled by default on client versions of Windows
#

---------------  S U M M A R Y ------------

Command Line: --add-modules=ALL-SYSTEM --add-opens=java.base/java.util=ALL-UNNAMED --add-opens=java.base/java.lang=ALL-UNNAMED --add-opens=java.base/sun.nio.fs=ALL-UNNAMED -Declipse.application=org.eclipse.jdt.ls.core.id1 -Dosgi.bundles.defaultStartLevel=4 -Declipse.product=org.eclipse.jdt.ls.core.product -Djava.import.generatesMetadataFilesAtProjectRoot=false -Dm2e.project.cache.size=50 -DDetectVMInstallationsJob.disabled=true -Dfile.encoding=utf8 -XX:+UseParallelGC -XX:GCTimeRatio=4 -XX:AdaptiveSizePolicyWeight=90 -Dsun.zip.disableMemoryMapping=true -Xmx2G -Xms100m -Xlog:disable -javaagent:c:\Users\PC\.vscode\extensions\redhat.java-1.56.0-win32-x64\lombok\lombok-1.18.39-4050.jar -XX:+HeapDumpOnOutOfMemoryError -XX:HeapDumpPath=c:\Users\PC\AppData\Roaming\Code\User\workspaceStorage\ec1410200dd7bcd3f80d97ac2a3ddf05\redhat.java -Daether.dependencyCollector.impl=bf c:\Users\PC\.vscode\extensions\redhat.java-1.56.0-win32-x64\server\plugins\org.eclipse.equinox.launcher_1.8.0.v20260804-1928.jar -configuration c:\Users\PC\AppData\Roaming\Code\User\globalStorage\redhat.java\1.56.0\config_win -data c:\Users\PC\AppData\Roaming\Code\User\workspaceStorage\ec1410200dd7bcd3f80d97ac2a3ddf05\redhat.java\jdt_ws --pipe=\\.\pipe\lsp-8cfcab0b9cb13667da96b4e16ce88a2b-sock

Host: Intel(R) Core(TM) i5-8250U CPU @ 1.60GHz, 8 cores, 7G,  Windows 10 , 64 bit Build 19041 (10.0.19041.5915)
Time: Thu Oct  1 17:44:03 2026 Morocco Standard Time elapsed time: 10.013064 seconds (0d 0h 0m 10s)

---------------  T H R E A D  ---------------

Current thread (0x000002cf87aaea80):  JavaThread "C2 CompilerThread1" daemon [_thread_in_native, id=1940, stack(0x000000fad5800000,0x000000fad5900000) (1024K)]


Current CompileTask:
C2:10013 3067   !   4       java.util.concurrent.ConcurrentHashMap::transfer (849 bytes)

Stack: [0x000000fad5800000,0x000000fad5900000]
Native frames: (J=compiled Java code, j=interpreted, Vv=VM code, C=native code)
V  [jvm.dll+0x6d83e9]
V  [jvm.dll+0x8b5736]
V  [jvm.dll+0x8b7cee]
V  [jvm.dll+0x8b83d3]
V  [jvm.dll+0x284596]
V  [jvm.dll+0xc685d]
V  [jvm.dll+0xc6da1]
V  [jvm.dll+0x65ff6d]
V  [jvm.dll+0x6600fb]
V  [jvm.dll+0x665dcb]
V  [jvm.dll+0x666dc6]
V  [jvm.dll+0x66510b]
V  [jvm.dll+0x24c57b]
V  [jvm.dll+0x24bce0]
V  [jvm.dll+0x1cb4ae]
V  [jvm.dll+0x25baad]
V  [jvm.dll+0x25a03a]
V  [jvm.dll+0x3f8aae]
V  [jvm.dll+0x8600cd]
V  [jvm.dll+0x6d6c1d]
C  [ucrtbase.dll+0x21bb2]
C  [KERNEL32.DLL+0x17374]
C  [ntdll.dll+0x4cc91]


---------------  P R O C E S S  ---------------

Threads class SMR info:
_java_thread_list=0x000002cf8732e9a0, length=22, elements={
0x000002cf29328110, 0x000002cf3fd91020, 0x000002cf3fd92930, 0x000002cf3fd94c60,
0x000002cf3fd97e20, 0x000002cf3fd9fd70, 0x000002cf3fda16c0, 0x000002cf3fdab400,
0x000002cf3fdae520, 0x000002cf82805a10, 0x000002cf82804cf0, 0x000002cf828060a0,
0x000002cf82806dc0, 0x000002cf82805380, 0x000002cf82806730, 0x000002cf82803940,
0x000002cf82804660, 0x000002cf8743cf50, 0x000002cf87442b30, 0x000002cf8743c230,
0x000002cf87443850, 0x000002cf87aaea80
}

Java Threads: ( => current thread )
  0x000002cf29328110 JavaThread "main"                              [_thread_blocked, id=12852, stack(0x000000fad3900000,0x000000fad3a00000) (1024K)]
  0x000002cf3fd91020 JavaThread "Reference Handler"          daemon [_thread_blocked, id=9540, stack(0x000000fad3d00000,0x000000fad3e00000) (1024K)]
  0x000002cf3fd92930 JavaThread "Finalizer"                  daemon [_thread_blocked, id=5132, stack(0x000000fad3e00000,0x000000fad3f00000) (1024K)]
  0x000002cf3fd94c60 JavaThread "Signal Dispatcher"          daemon [_thread_blocked, id=24784, stack(0x000000fad3f00000,0x000000fad4000000) (1024K)]
  0x000002cf3fd97e20 JavaThread "Attach Listener"            daemon [_thread_blocked, id=13480, stack(0x000000fad4000000,0x000000fad4100000) (1024K)]
  0x000002cf3fd9fd70 JavaThread "Service Thread"             daemon [_thread_blocked, id=8492, stack(0x000000fad4100000,0x000000fad4200000) (1024K)]
  0x000002cf3fda16c0 JavaThread "Monitor Deflation Thread"   daemon [_thread_blocked, id=15300, stack(0x000000fad4200000,0x000000fad4300000) (1024K)]
  0x000002cf3fdab400 JavaThread "C2 CompilerThread0"         daemon [_thread_in_native, id=15792, stack(0x000000fad4300000,0x000000fad4400000) (1024K)]
  0x000002cf3fdae520 JavaThread "C1 CompilerThread0"         daemon [_thread_in_native, id=4412, stack(0x000000fad4400000,0x000000fad4500000) (1024K)]
  0x000002cf82805a10 JavaThread "Common-Cleaner"             daemon [_thread_blocked, id=18580, stack(0x000000fad4500000,0x000000fad4600000) (1024K)]
  0x000002cf82804cf0 JavaThread "Notification Thread"        daemon [_thread_blocked, id=16552, stack(0x000000fad4600000,0x000000fad4700000) (1024K)]
  0x000002cf828060a0 JavaThread "Active Thread: Equinox Container: 6e869aa1-9c52-4cab-95f6-3e412cb8650f"        [_thread_blocked, id=21740, stack(0x000000fad4f00000,0x000000fad5000000) (1024K)]
  0x000002cf82806dc0 JavaThread "Refresh Thread: Equinox Container: 6e869aa1-9c52-4cab-95f6-3e412cb8650f" daemon [_thread_blocked, id=1740, stack(0x000000fad5100000,0x000000fad5200000) (1024K)]
  0x000002cf82805380 JavaThread "Framework Event Dispatcher: Equinox Container: 6e869aa1-9c52-4cab-95f6-3e412cb8650f" daemon [_thread_blocked, id=3136, stack(0x000000fad4700000,0x000000fad4800000) (1024K)]
  0x000002cf82806730 JavaThread "Start Level: Equinox Container: 6e869aa1-9c52-4cab-95f6-3e412cb8650f" daemon [_thread_in_Java, id=7708, stack(0x000000fad4800000,0x000000fad4900000) (1024K)]
  0x000002cf82803940 JavaThread "Bundle File Closer"         daemon [_thread_blocked, id=10560, stack(0x000000fad5400000,0x000000fad5500000) (1024K)]
  0x000002cf82804660 JavaThread "SCR Component Actor"        daemon [_thread_blocked, id=25160, stack(0x000000fad5200000,0x000000fad5300000) (1024K)]
  0x000002cf8743cf50 JavaThread "Worker-JM"                         [_thread_blocked, id=10524, stack(0x000000fad5500000,0x000000fad5600000) (1024K)]
  0x000002cf87442b30 JavaThread "JNA Cleaner"                daemon [_thread_blocked, id=15812, stack(0x000000fad5300000,0x000000fad5400000) (1024K)]
  0x000002cf8743c230 JavaThread "Worker-0: Checking project encoding"        [_thread_blocked, id=19780, stack(0x000000fad5600000,0x000000fad5700000) (1024K)]
  0x000002cf87443850 JavaThread "Worker-1"                          [_thread_blocked, id=4880, stack(0x000000fad5700000,0x000000fad5800000) (1024K)]
=>0x000002cf87aaea80 JavaThread "C2 CompilerThread1"         daemon [_thread_in_native, id=1940, stack(0x000000fad5800000,0x000000fad5900000) (1024K)]
Total: 22

Other Threads:
  0x000002cf3fd826a0 VMThread "VM Thread"                           [id=18164, stack(0x000000fad3c00000,0x000000fad3d00000) (1024K)]
  0x000002cf29391d90 WatcherThread "VM Periodic Task Thread"        [id=20332, stack(0x000000fad3b00000,0x000000fad3c00000) (1024K)]
  0x000002cf29345180 WorkerThread "GC Thread#0"                     [id=17700, stack(0x000000fad3a00000,0x000000fad3b00000) (1024K)]
  0x000002cf87500a20 WorkerThread "GC Thread#1"                     [id=10224, stack(0x000000fad4900000,0x000000fad4a00000) (1024K)]
  0x000002cf876caec0 WorkerThread "GC Thread#2"                     [id=10008, stack(0x000000fad4a00000,0x000000fad4b00000) (1024K)]
  0x000002cf876cb270 WorkerThread "GC Thread#3"                     [id=23772, stack(0x000000fad4b00000,0x000000fad4c00000) (1024K)]
  0x000002cf876cb620 WorkerThread "GC Thread#4"                     [id=4024, stack(0x000000fad4c00000,0x000000fad4d00000) (1024K)]
  0x000002cf876cb9d0 WorkerThread "GC Thread#5"                     [id=15848, stack(0x000000fad4d00000,0x000000fad4e00000) (1024K)]
  0x000002cf876cbd80 WorkerThread "GC Thread#6"                     [id=16208, stack(0x000000fad4e00000,0x000000fad4f00000) (1024K)]
  0x000002cf8780af10 WorkerThread "GC Thread#7"                     [id=2608, stack(0x000000fad5000000,0x000000fad5100000) (1024K)]
Total: 10

Threads with active compile tasks:
C2 CompilerThread0  10088 3059       4       java.lang.invoke.MethodType::makeImpl (109 bytes)
C1 CompilerThread0  10089 3241       3       org.objectweb.asm.SymbolTable::addType (81 bytes)
C2 CompilerThread1  10089 3067   !   4       java.util.concurrent.ConcurrentHashMap::transfer (849 bytes)
Total: 3

VM state: not at safepoint (normal execution)

VM Mutex/Monitor currently owned by a thread: None

Heap address: 0x0000000080000000, size: 2048 MB, Compressed Oops mode: 32-bit

CDS archive(s) mapped at: [0x000002cf40000000-0x000002cf40ba0000-0x000002cf40ba0000), size 12189696, SharedBaseAddress: 0x000002cf40000000, ArchiveRelocationMode: 1.
Compressed class space mapped at: 0x000002cf41000000-0x000002cf81000000, reserved size: 1073741824
Narrow klass base: 0x000002cf40000000, Narrow klass shift: 0, Narrow klass range: 0x100000000

GC Precious Log:
 CardTable entry size: 512
 CPUs: 8 total, 8 available
 Memory: 8042M
 Large Page Support: Disabled
 NUMA Support: Disabled
 Compressed Oops: Enabled (32-bit)
 Alignments: Space 512K, Generation 512K, Heap 2M
 Heap Min Capacity: 100M
 Heap Initial Capacity: 100M
 Heap Max Capacity: 2G
 Pre-touch: Disabled
 Parallel Workers: 8

Heap:
 PSYoungGen      total 29184K, used 20540K [0x00000000d5580000, 0x00000000d7900000, 0x0000000100000000)
  eden space 25088K, 65% used [0x00000000d5580000,0x00000000d6594ce8,0x00000000d6e00000)
  from space 4096K, 99% used [0x00000000d6e80000,0x00000000d727a5e0,0x00000000d7280000)
  to   space 5632K, 0% used [0x00000000d7380000,0x00000000d7380000,0x00000000d7900000)
 ParOldGen       total 68608K, used 7531K [0x0000000080000000, 0x0000000084300000, 0x00000000d5580000)
  object space 68608K, 10% used [0x0000000080000000,0x000000008075ac80,0x0000000084300000)
 Metaspace       used 17970K, committed 18752K, reserved 1114112K
  class space    used 1894K, committed 2176K, reserved 1048576K

Card table byte_map: [0x000002cf28cd0000,0x000002cf290e0000] _byte_map_base: 0x000002cf288d0000

Marking Bits: (ParMarkBitMap*) 0x00007fff2ef544a0
 Begin Bits: [0x000002cf3b7e0000, 0x000002cf3d7e0000)
 End Bits:   [0x000002cf3d7e0000, 0x000002cf3f7e0000)

Polling page: 0x000002cf27310000

Metaspace:

Usage:
  Non-class:     15.70 MB used.
      Class:      1.85 MB used.
       Both:     17.55 MB used.

Virtual space:
  Non-class space:       64.00 MB reserved,      16.19 MB ( 25%) committed,  1 nodes.
      Class space:        1.00 GB reserved,       2.12 MB ( <1%) committed,  1 nodes.
             Both:        1.06 GB reserved,      18.31 MB (  2%) committed. 

Chunk freelists:
   Non-Class:  15.86 MB
       Class:  13.71 MB
        Both:  29.57 MB

MaxMetaspaceSize: unlimited
CompressedClassSpaceSize: 1.00 GB
Initial GC threshold: 21.00 MB
Current GC threshold: 21.00 MB
CDS: on
 - commit_granule_bytes: 65536.
 - commit_granule_words: 8192.
 - virtual_space_node_default_size: 8388608.
 - enlarge_chunks_in_place: 1.
 - use_allocation_guard: 0.


Internal statistics:

num_allocs_failed_limit: 0.
num_arena_births: 562.
num_arena_deaths: 0.
num_vsnodes_births: 2.
num_vsnodes_deaths: 0.
num_space_committed: 293.
num_space_uncommitted: 0.
num_chunks_returned_to_freelist: 0.
num_chunks_taken_from_freelist: 1232.
num_chunk_merges: 0.
num_chunk_splits: 788.
num_chunks_enlarged: 507.
num_inconsistent_stats: 0.

CodeHeap 'non-profiled nmethods': size=120000Kb used=1394Kb max_used=1394Kb free=118605Kb
 bounds [0x000002cf34000000, 0x000002cf34270000, 0x000002cf3b530000]
CodeHeap 'profiled nmethods': size=120000Kb used=6446Kb max_used=6446Kb free=113553Kb
 bounds [0x000002cf2c530000, 0x000002cf2cb80000, 0x000002cf33a60000]
CodeHeap 'non-nmethods': size=5760Kb used=1275Kb max_used=1289Kb free=4484Kb
 bounds [0x000002cf33a60000, 0x000002cf33cd0000, 0x000002cf34000000]
CodeCache: size=245760Kb, used=9115Kb, max_used=9129Kb, free=236642Kb
 total_blobs=3782, nmethods=3229, adapters=458, full_count=0
Compilation: enabled, stopped_count=0, restarted_count=0

Compilation events (20 events):
Event: 9.994 Thread 0x000002cf3fdae520 nmethod 3180 0x000002cf2cb51890 code [0x000002cf2cb51a40, 0x000002cf2cb51bc0]
Event: 9.994 Thread 0x000002cf3fdae520 3181       3       org.objectweb.asm.Frame::merge (322 bytes)
Event: 9.996 Thread 0x000002cf3fdae520 nmethod 3181 0x000002cf2cb51c90 code [0x000002cf2cb51ec0, 0x000002cf2cb52780]
Event: 9.997 Thread 0x000002cf3fdae520 3182       3       org.objectweb.asm.tree.MethodNode::getLabelNode (29 bytes)
Event: 9.997 Thread 0x000002cf3fdae520 nmethod 3182 0x000002cf2cb52990 code [0x000002cf2cb52b60, 0x000002cf2cb53030]
Event: 9.997 Thread 0x000002cf3fdae520 3183       3       org.objectweb.asm.tree.LabelNode::getLabel (23 bytes)
Event: 9.998 Thread 0x000002cf3fdae520 nmethod 3183 0x000002cf2cb53190 code [0x000002cf2cb53340, 0x000002cf2cb535c8]
Event: 9.998 Thread 0x000002cf3fdae520 3184       3       org.objectweb.asm.ClassReader::readBytecodeInstructionOffset (1 bytes)
Event: 9.998 Thread 0x000002cf3fdae520 nmethod 3184 0x000002cf2cb53710 code [0x000002cf2cb538a0, 0x000002cf2cb539a8]
Event: 9.998 Thread 0x000002cf3fdae520 3185       3       org.objectweb.asm.Label::<init> (5 bytes)
Event: 9.999 Thread 0x000002cf3fdae520 nmethod 3185 0x000002cf2cb53a10 code [0x000002cf2cb53bc0, 0x000002cf2cb53d28]
Event: 9.999 Thread 0x000002cf3fdae520 3186       3       org.objectweb.asm.Type::getSize (86 bytes)
Event: 10.000 Thread 0x000002cf3fdae520 nmethod 3186 0x000002cf2cb53e10 code [0x000002cf2cb53fe0, 0x000002cf2cb54378]
Event: 10.000 Thread 0x000002cf3fdae520 3187       3       org.objectweb.asm.ClassReader::readInt (52 bytes)
Event: 10.001 Thread 0x000002cf3fdae520 nmethod 3187 0x000002cf2cb54490 code [0x000002cf2cb54640, 0x000002cf2cb54818]
Event: 10.002 Thread 0x000002cf3fdae520 3188       3       org.objectweb.asm.ByteVector::putByte (39 bytes)
Event: 10.003 Thread 0x000002cf3fdae520 nmethod 3188 0x000002cf2cb54990 code [0x000002cf2cb54b40, 0x000002cf2cb54d20]
Event: 10.005 Thread 0x000002cf3fdae520 3189       3       org.objectweb.asm.Label::getCanonicalInstance (19 bytes)
Event: 10.006 Thread 0x000002cf3fdae520 nmethod 3189 0x000002cf2cb54e90 code [0x000002cf2cb55040, 0x000002cf2cb551a0]
Event: 10.006 Thread 0x000002cf3fdae520 3190       3       org.objectweb.asm.Frame::execute (2303 bytes)

GC Heap History (10 events):
Event: 2.077 GC heap before
{Heap before GC invocations=1 (full 0):
 PSYoungGen      total 29696K, used 25600K [0x00000000d5580000, 0x00000000d7680000, 0x0000000100000000)
  eden space 25600K, 100% used [0x00000000d5580000,0x00000000d6e80000,0x00000000d6e80000)
  from space 4096K, 0% used [0x00000000d7280000,0x00000000d7280000,0x00000000d7680000)
  to   space 4096K, 0% used [0x00000000d6e80000,0x00000000d6e80000,0x00000000d7280000)
 ParOldGen       total 68608K, used 0K [0x0000000080000000, 0x0000000084300000, 0x00000000d5580000)
  object space 68608K, 0% used [0x0000000080000000,0x0000000080000000,0x0000000084300000)
 Metaspace       used 4310K, committed 4544K, reserved 1114112K
  class space    used 474K, committed 576K, reserved 1048576K
}
Event: 2.091 GC heap after
{Heap after GC invocations=1 (full 0):
 PSYoungGen      total 29696K, used 3271K [0x00000000d5580000, 0x00000000d7680000, 0x0000000100000000)
  eden space 25600K, 0% used [0x00000000d5580000,0x00000000d5580000,0x00000000d6e80000)
  from space 4096K, 79% used [0x00000000d6e80000,0x00000000d71b1e98,0x00000000d7280000)
  to   space 4096K, 0% used [0x00000000d7280000,0x00000000d7280000,0x00000000d7680000)
 ParOldGen       total 68608K, used 16K [0x0000000080000000, 0x0000000084300000, 0x00000000d5580000)
  object space 68608K, 0% used [0x0000000080000000,0x0000000080004000,0x0000000084300000)
 Metaspace       used 4310K, committed 4544K, reserved 1114112K
  class space    used 474K, committed 576K, reserved 1048576K
}
Event: 3.614 GC heap before
{Heap before GC invocations=2 (full 0):
 PSYoungGen      total 29696K, used 28871K [0x00000000d5580000, 0x00000000d7680000, 0x0000000100000000)
  eden space 25600K, 100% used [0x00000000d5580000,0x00000000d6e80000,0x00000000d6e80000)
  from space 4096K, 79% used [0x00000000d6e80000,0x00000000d71b1e98,0x00000000d7280000)
  to   space 4096K, 0% used [0x00000000d7280000,0x00000000d7280000,0x00000000d7680000)
 ParOldGen       total 68608K, used 16K [0x0000000080000000, 0x0000000084300000, 0x00000000d5580000)
  object space 68608K, 0% used [0x0000000080000000,0x0000000080004000,0x0000000084300000)
 Metaspace       used 7998K, committed 8256K, reserved 1114112K
  class space    used 833K, committed 960K, reserved 1048576K
}
Event: 3.627 GC heap after
{Heap after GC invocations=2 (full 0):
 PSYoungGen      total 29696K, used 4070K [0x00000000d5580000, 0x00000000d7680000, 0x0000000100000000)
  eden space 25600K, 0% used [0x00000000d5580000,0x00000000d5580000,0x00000000d6e80000)
  from space 4096K, 99% used [0x00000000d7280000,0x00000000d7679800,0x00000000d7680000)
  to   space 4096K, 0% used [0x00000000d6e80000,0x00000000d6e80000,0x00000000d7280000)
 ParOldGen       total 68608K, used 1985K [0x0000000080000000, 0x0000000084300000, 0x00000000d5580000)
  object space 68608K, 2% used [0x0000000080000000,0x00000000801f06a8,0x0000000084300000)
 Metaspace       used 7998K, committed 8256K, reserved 1114112K
  class space    used 833K, committed 960K, reserved 1048576K
}
Event: 5.433 GC heap before
{Heap before GC invocations=3 (full 0):
 PSYoungGen      total 29696K, used 29670K [0x00000000d5580000, 0x00000000d7680000, 0x0000000100000000)
  eden space 25600K, 100% used [0x00000000d5580000,0x00000000d6e80000,0x00000000d6e80000)
  from space 4096K, 99% used [0x00000000d7280000,0x00000000d7679800,0x00000000d7680000)
  to   space 4096K, 0% used [0x00000000d6e80000,0x00000000d6e80000,0x00000000d7280000)
 ParOldGen       total 68608K, used 1985K [0x0000000080000000, 0x0000000084300000, 0x00000000d5580000)
  object space 68608K, 2% used [0x0000000080000000,0x00000000801f06a8,0x0000000084300000)
 Metaspace       used 9427K, committed 9728K, reserved 1114112K
  class space    used 1007K, committed 1152K, reserved 1048576K
}
Event: 5.447 GC heap after
{Heap after GC invocations=3 (full 0):
 PSYoungGen      total 29696K, used 4079K [0x00000000d5580000, 0x00000000d7680000, 0x0000000100000000)
  eden space 25600K, 0% used [0x00000000d5580000,0x00000000d5580000,0x00000000d6e80000)
  from space 4096K, 99% used [0x00000000d6e80000,0x00000000d727be80,0x00000000d7280000)
  to   space 4096K, 0% used [0x00000000d7280000,0x00000000d7280000,0x00000000d7680000)
 ParOldGen       total 68608K, used 5135K [0x0000000080000000, 0x0000000084300000, 0x00000000d5580000)
  object space 68608K, 7% used [0x0000000080000000,0x0000000080503d90,0x0000000084300000)
 Metaspace       used 9427K, committed 9728K, reserved 1114112K
  class space    used 1007K, committed 1152K, reserved 1048576K
}
Event: 8.029 GC heap before
{Heap before GC invocations=4 (full 0):
 PSYoungGen      total 29696K, used 29679K [0x00000000d5580000, 0x00000000d7680000, 0x0000000100000000)
  eden space 25600K, 100% used [0x00000000d5580000,0x00000000d6e80000,0x00000000d6e80000)
  from space 4096K, 99% used [0x00000000d6e80000,0x00000000d727be80,0x00000000d7280000)
  to   space 4096K, 0% used [0x00000000d7280000,0x00000000d7280000,0x00000000d7680000)
 ParOldGen       total 68608K, used 5135K [0x0000000080000000, 0x0000000084300000, 0x00000000d5580000)
  object space 68608K, 7% used [0x0000000080000000,0x0000000080503d90,0x0000000084300000)
 Metaspace       used 11697K, committed 12096K, reserved 1114112K
  class space    used 1244K, committed 1408K, reserved 1048576K
}
Event: 8.039 GC heap after
{Heap after GC invocations=4 (full 0):
 PSYoungGen      total 29696K, used 4068K [0x00000000d5580000, 0x00000000d7680000, 0x0000000100000000)
  eden space 25600K, 0% used [0x00000000d5580000,0x00000000d5580000,0x00000000d6e80000)
  from space 4096K, 99% used [0x00000000d7280000,0x00000000d7679378,0x00000000d7680000)
  to   space 4096K, 0% used [0x00000000d6e80000,0x00000000d6e80000,0x00000000d7280000)
 ParOldGen       total 68608K, used 6450K [0x0000000080000000, 0x0000000084300000, 0x00000000d5580000)
  object space 68608K, 9% used [0x0000000080000000,0x000000008064cbe0,0x0000000084300000)
 Metaspace       used 11697K, committed 12096K, reserved 1114112K
  class space    used 1244K, committed 1408K, reserved 1048576K
}
Event: 9.205 GC heap before
{Heap before GC invocations=5 (full 0):
 PSYoungGen      total 29696K, used 29668K [0x00000000d5580000, 0x00000000d7680000, 0x0000000100000000)
  eden space 25600K, 100% used [0x00000000d5580000,0x00000000d6e80000,0x00000000d6e80000)
  from space 4096K, 99% used [0x00000000d7280000,0x00000000d7679378,0x00000000d7680000)
  to   space 4096K, 0% used [0x00000000d6e80000,0x00000000d6e80000,0x00000000d7280000)
 ParOldGen       total 68608K, used 6450K [0x0000000080000000, 0x0000000084300000, 0x00000000d5580000)
  object space 68608K, 9% used [0x0000000080000000,0x000000008064cbe0,0x0000000084300000)
 Metaspace       used 15646K, committed 16320K, reserved 1114112K
  class space    used 1632K, committed 1920K, reserved 1048576K
}
Event: 9.216 GC heap after
{Heap after GC invocations=5 (full 0):
 PSYoungGen      total 29184K, used 4073K [0x00000000d5580000, 0x00000000d7900000, 0x0000000100000000)
  eden space 25088K, 0% used [0x00000000d5580000,0x00000000d5580000,0x00000000d6e00000)
  from space 4096K, 99% used [0x00000000d6e80000,0x00000000d727a5e0,0x00000000d7280000)
  to   space 5632K, 0% used [0x00000000d7380000,0x00000000d7380000,0x00000000d7900000)
 ParOldGen       total 68608K, used 7531K [0x0000000080000000, 0x0000000084300000, 0x00000000d5580000)
  object space 68608K, 10% used [0x0000000080000000,0x000000008075ac80,0x0000000084300000)
 Metaspace       used 15646K, committed 16320K, reserved 1114112K
  class space    used 1632K, committed 1920K, reserved 1048576K
}

Dll operation events (20 events):
Event: 0.035 Attempting to load shared library c:\Users\PC\.vscode\extensions\redhat.java-1.56.0-win32-x64\jre\21.0.12.1-win32-x86_64\bin\java.dll
Event: 0.035 Loaded shared library c:\Users\PC\.vscode\extensions\redhat.java-1.56.0-win32-x64\jre\21.0.12.1-win32-x86_64\bin\java.dll
Event: 0.248 Attempting to load shared library c:\Users\PC\.vscode\extensions\redhat.java-1.56.0-win32-x64\jre\21.0.12.1-win32-x86_64\bin\zip.dll
Event: 0.248 Loaded shared library c:\Users\PC\.vscode\extensions\redhat.java-1.56.0-win32-x64\jre\21.0.12.1-win32-x86_64\bin\zip.dll
Event: 0.311 Attempting to load shared library C:\Users\PC\.vscode\extensions\redhat.java-1.56.0-win32-x64\jre\21.0.12.1-win32-x86_64\bin\instrument.dll
Event: 0.311 Loaded shared library C:\Users\PC\.vscode\extensions\redhat.java-1.56.0-win32-x64\jre\21.0.12.1-win32-x86_64\bin\instrument.dll
Event: 0.320 Attempting to load shared library C:\Users\PC\.vscode\extensions\redhat.java-1.56.0-win32-x64\jre\21.0.12.1-win32-x86_64\bin\net.dll
Event: 0.322 Loaded shared library C:\Users\PC\.vscode\extensions\redhat.java-1.56.0-win32-x64\jre\21.0.12.1-win32-x86_64\bin\net.dll
Event: 0.325 Attempting to load shared library C:\Users\PC\.vscode\extensions\redhat.java-1.56.0-win32-x64\jre\21.0.12.1-win32-x86_64\bin\nio.dll
Event: 0.326 Loaded shared library C:\Users\PC\.vscode\extensions\redhat.java-1.56.0-win32-x64\jre\21.0.12.1-win32-x86_64\bin\nio.dll
Event: 0.334 Attempting to load shared library C:\Users\PC\.vscode\extensions\redhat.java-1.56.0-win32-x64\jre\21.0.12.1-win32-x86_64\bin\zip.dll
Event: 0.334 Loaded shared library C:\Users\PC\.vscode\extensions\redhat.java-1.56.0-win32-x64\jre\21.0.12.1-win32-x86_64\bin\zip.dll
Event: 0.379 Attempting to load shared library C:\Users\PC\.vscode\extensions\redhat.java-1.56.0-win32-x64\jre\21.0.12.1-win32-x86_64\bin\jimage.dll
Event: 0.379 Loaded shared library C:\Users\PC\.vscode\extensions\redhat.java-1.56.0-win32-x64\jre\21.0.12.1-win32-x86_64\bin\jimage.dll
Event: 0.628 Attempting to load shared library c:\Users\PC\.vscode\extensions\redhat.java-1.56.0-win32-x64\jre\21.0.12.1-win32-x86_64\bin\verify.dll
Event: 0.628 Loaded shared library c:\Users\PC\.vscode\extensions\redhat.java-1.56.0-win32-x64\jre\21.0.12.1-win32-x86_64\bin\verify.dll
Event: 3.669 Attempting to load shared library C:\Users\PC\AppData\Roaming\Code\User\globalStorage\redhat.java\1.56.0\config_win\org.eclipse.equinox.launcher\org.eclipse.equinox.launcher.win32.win32.x86_64_1.3.100.v20260804-1928\eclipse_11924.dll
Event: 4.210 Loaded shared library C:\Users\PC\AppData\Roaming\Code\User\globalStorage\redhat.java\1.56.0\config_win\org.eclipse.equinox.launcher\org.eclipse.equinox.launcher.win32.win32.x86_64_1.3.100.v20260804-1928\eclipse_11924.dll
Event: 9.383 Attempting to load shared library C:\Users\PC\AppData\Local\Temp\jna-2547\jna4228591158034624428.dll
Event: 9.522 Loaded shared library C:\Users\PC\AppData\Local\Temp\jna-2547\jna4228591158034624428.dll

Deoptimization events (20 events):
Event: 9.061 Thread 0x000002cf82806730 DEOPT PACKING pc=0x000002cf340a2258 sp=0x000000fad48f99c0
Event: 9.061 Thread 0x000002cf82806730 DEOPT UNPACKING pc=0x000002cf33ab3aa2 sp=0x000000fad48f9940 mode 2
Event: 9.276 Thread 0x000002cf82806730 Uncommon trap: trap_request=0xffffff45 fr.pc=0x000002cf3412cc64 relative=0x0000000000000b24
Event: 9.276 Thread 0x000002cf82806730 Uncommon trap: reason=unstable_if action=reinterpret pc=0x000002cf3412cc64 method=java.io.BufferedInputStream.implRead([BII)I @ 55 c2
Event: 9.276 Thread 0x000002cf82806730 DEOPT PACKING pc=0x000002cf3412cc64 sp=0x000000fad48f91d0
Event: 9.276 Thread 0x000002cf82806730 DEOPT UNPACKING pc=0x000002cf33ab3aa2 sp=0x000000fad48f9128 mode 2
Event: 9.314 Thread 0x000002cf82806730 Uncommon trap: trap_request=0xffffff45 fr.pc=0x000002cf34038e88 relative=0x00000000000006e8
Event: 9.314 Thread 0x000002cf82806730 Uncommon trap: reason=unstable_if action=reinterpret pc=0x000002cf34038e88 method=java.lang.String.replace(Ljava/lang/CharSequence;Ljava/lang/CharSequence;)Ljava/lang/String; @ 42 c2
Event: 9.314 Thread 0x000002cf82806730 DEOPT PACKING pc=0x000002cf34038e88 sp=0x000000fad48f7990
Event: 9.314 Thread 0x000002cf82806730 DEOPT UNPACKING pc=0x000002cf33ab3aa2 sp=0x000000fad48f7910 mode 2
Event: 9.641 Thread 0x000002cf82806730 DEOPT PACKING pc=0x000002cf2c907bb5 sp=0x000000fad48f74f0
Event: 9.641 Thread 0x000002cf82806730 DEOPT UNPACKING pc=0x000002cf33ab4242 sp=0x000000fad48f6a18 mode 0
Event: 9.762 Thread 0x000002cf8743c230 Uncommon trap: trap_request=0xffffff45 fr.pc=0x000002cf340ef5e0 relative=0x00000000000000c0
Event: 9.762 Thread 0x000002cf8743c230 Uncommon trap: reason=unstable_if action=reinterpret pc=0x000002cf340ef5e0 method=java.util.concurrent.locks.ReentrantLock$NonfairSync.initialTryLock()Z @ 25 c2
Event: 9.762 Thread 0x000002cf8743c230 DEOPT PACKING pc=0x000002cf340ef5e0 sp=0x000000fad56fdfd0
Event: 9.762 Thread 0x000002cf8743c230 DEOPT UNPACKING pc=0x000002cf33ab3aa2 sp=0x000000fad56fdf50 mode 2
Event: 9.837 Thread 0x000002cf82806730 Uncommon trap: trap_request=0xffffff45 fr.pc=0x000002cf3411d094 relative=0x0000000000000074
Event: 9.837 Thread 0x000002cf82806730 Uncommon trap: reason=unstable_if action=reinterpret pc=0x000002cf3411d094 method=java.lang.ref.ReferenceQueue.poll()Ljava/lang/ref/Reference; @ 4 c2
Event: 9.837 Thread 0x000002cf82806730 DEOPT PACKING pc=0x000002cf3411d094 sp=0x000000fad48f3270
Event: 9.837 Thread 0x000002cf82806730 DEOPT UNPACKING pc=0x000002cf33ab3aa2 sp=0x000000fad48f31f8 mode 2

Classes loaded (20 events):
Event: 9.627 Loading class java/util/stream/SliceOps$1$1
Event: 9.627 Loading class java/util/stream/SliceOps$1$1 done
Event: 9.637 Loading class jdk/internal/reflect/MethodHandleShortFieldAccessorImpl
Event: 9.638 Loading class jdk/internal/reflect/MethodHandleShortFieldAccessorImpl done
Event: 9.638 Loading class java/lang/Short$ShortCache
Event: 9.638 Loading class java/lang/Short$ShortCache done
Event: 9.701 Loading class java/util/function/LongUnaryOperator
Event: 9.701 Loading class java/util/function/LongUnaryOperator done
Event: 9.702 Loading class java/lang/ThreadDeath
Event: 9.703 Loading class java/lang/ThreadDeath done
Event: 9.726 Loading class java/util/stream/SortedOps$SizedRefSortingSink
Event: 9.726 Loading class java/util/stream/SortedOps$SizedRefSortingSink done
Event: 9.796 Loading class java/util/concurrent/atomic/Striped64$1
Event: 9.796 Loading class java/util/concurrent/atomic/Striped64$1 done
Event: 9.963 Loading class java/util/BitSet
Event: 9.964 Loading class java/util/BitSet done
Event: 9.978 Loading class sun/net/www/protocol/jrt/JavaRuntimeURLConnection
Event: 9.978 Loading class sun/net/www/protocol/jrt/JavaRuntimeURLConnection done
Event: 9.979 Loading class sun/net/www/protocol/jrt/JavaRuntimeURLConnection$1
Event: 9.980 Loading class sun/net/www/protocol/jrt/JavaRuntimeURLConnection$1 done

Classes unloaded (0 events):
No events

Classes redefined (0 events):
No events

Internal exceptions (20 events):
Event: 9.234 Thread 0x000002cf82806730 Exception <a 'java/lang/NoSuchMethodError'{0x00000000d55d6260}: 'java.lang.Object java.lang.invoke.DirectMethodHandle$Holder.invokeStaticInit(java.lang.Object, int)'> (0x00000000d55d6260) 
thrown [s\src\hotspot\share\interpreter\linkResolver.cpp, line 773]
Event: 9.322 Thread 0x000002cf82806730 Exception <a 'java/lang/NoSuchMethodError'{0x00000000d5895de0}: 'java.lang.Object java.lang.invoke.DirectMethodHandle$Holder.invokeStaticInit(java.lang.Object, int, int, int, int)'> (0x00000000d5895de0) 
thrown [s\src\hotspot\share\interpreter\linkResolver.cpp, line 773]
Event: 9.365 Thread 0x000002cf82806730 Exception <a 'java/lang/NoSuchMethodError'{0x00000000d5965f30}: 'java.lang.Object java.lang.invoke.DirectMethodHandle$Holder.invokeStaticInit(java.lang.Object, java.lang.Object, int, int, int, int)'> (0x00000000d5965f30) 
thrown [s\src\hotspot\share\interpreter\linkResolver.cpp, line 773]
Event: 9.577 Thread 0x000002cf82806730 Exception <a 'java/lang/NoSuchMethodError'{0x00000000d5a982c0}: 'void java.lang.invoke.DirectMethodHandle$Holder.invokeSpecial(java.lang.Object, java.lang.Object, java.lang.Object, int)'> (0x00000000d5a982c0) 
thrown [s\src\hotspot\share\interpreter\linkResolver.cpp, line 773]
Event: 9.583 Thread 0x000002cf82806730 Exception <a 'java/lang/NoSuchMethodError'{0x00000000d5a9be90}: 'void java.lang.invoke.DelegatingMethodHandle$Holder.reinvoke_L(java.lang.Object, java.lang.Object, int)'> (0x00000000d5a9be90) 
thrown [s\src\hotspot\share\interpreter\linkResolver.cpp, line 773]
Event: 9.585 Thread 0x000002cf82806730 Exception <a 'java/lang/NoSuchMethodError'{0x00000000d5aa2b78}: 'int java.lang.invoke.Invokers$Holder.invokeExact_MT(java.lang.Object, java.lang.Object, java.lang.Object)'> (0x00000000d5aa2b78) 
thrown [s\src\hotspot\share\interpreter\linkResolver.cpp, line 773]
Event: 9.623 Thread 0x000002cf82806730 Exception <a 'java/lang/NoSuchMethodError'{0x00000000d5b81510}: method resolution failed> (0x00000000d5b81510) 
thrown [s\src\hotspot\share\prims\methodHandles.cpp, line 1136]
Event: 9.650 Thread 0x000002cf82806730 Exception <a 'java/lang/NoSuchMethodError'{0x00000000d5bd9be8}: 'void java.lang.invoke.Invokers$Holder.invokeExact_MT(java.lang.Object, java.lang.Object, int, java.lang.Object)'> (0x00000000d5bd9be8) 
thrown [s\src\hotspot\share\interpreter\linkResolver.cpp, line 773]
Event: 9.696 Thread 0x000002cf82806730 Exception <a 'java/lang/NoSuchMethodError'{0x00000000d5ce4d20}: 'java.lang.Object java.lang.invoke.DirectMethodHandle$Holder.invokeSpecial(java.lang.Object, java.lang.Object, java.lang.Object, long, java.lang.Object)'> (0x00000000d5ce4d20) 
thrown [s\src\hotspot\share\interpreter\linkResolver.cpp, line 773]
Event: 9.697 Thread 0x000002cf82806730 Exception <a 'java/lang/NoSuchMethodError'{0x00000000d5cec568}: 'java.lang.Object java.lang.invoke.DirectMethodHandle$Holder.newInvokeSpecial(java.lang.Object, java.lang.Object, java.lang.Object, long)'> (0x00000000d5cec568) 
thrown [s\src\hotspot\share\interpreter\linkResolver.cpp, line 773]
Event: 9.699 Thread 0x000002cf82806730 Exception <a 'java/lang/NoSuchMethodError'{0x00000000d5cf0918}: 'java.lang.Object java.lang.invoke.DirectMethodHandle$Holder.invokeSpecial(java.lang.Object, java.lang.Object, java.lang.Object, java.lang.Object, long)'> (0x00000000d5cf0918) 
thrown [s\src\hotspot\share\interpreter\linkResolver.cpp, line 773]
Event: 9.700 Thread 0x000002cf82806730 Exception <a 'java/lang/NoSuchMethodError'{0x00000000d5cf4538}: 'java.lang.Object java.lang.invoke.Invokers$Holder.linkToTargetMethod(java.lang.Object, java.lang.Object, long, java.lang.Object)'> (0x00000000d5cf4538) 
thrown [s\src\hotspot\share\interpreter\linkResolver.cpp, line 773]
Event: 9.721 Thread 0x000002cf82806730 Exception <a 'java/lang/NoSuchMethodError'{0x00000000d5d56f70}: 'int java.lang.invoke.DirectMethodHandle$Holder.invokeStaticInit(java.lang.Object, java.lang.Object, java.lang.Object)'> (0x00000000d5d56f70) 
thrown [s\src\hotspot\share\interpreter\linkResolver.cpp, line 773]
Event: 9.749 Thread 0x000002cf82806730 Exception <a 'java/lang/IncompatibleClassChangeError'{0x00000000d5e1c528}: Found class java.lang.Object, but interface was expected> (0x00000000d5e1c528) 
thrown [s\src\hotspot\share\interpreter\linkResolver.cpp, line 840]
Event: 9.754 Thread 0x000002cf82806730 Exception <a 'java/lang/NoSuchMethodError'{0x00000000d5e2c208}: 'java.lang.Object java.lang.invoke.DirectMethodHandle$Holder.invokeSpecial(java.lang.Object, java.lang.Object, java.lang.Object, int, java.lang.Object, java.lang.Object)'> (0x00000000d5e2c208) 
thrown [s\src\hotspot\share\interpreter\linkResolver.cpp, line 773]
Event: 9.756 Thread 0x000002cf82806730 Exception <a 'java/lang/NoSuchMethodError'{0x00000000d5e33c20}: 'java.lang.Object java.lang.invoke.DirectMethodHandle$Holder.newInvokeSpecial(java.lang.Object, java.lang.Object, java.lang.Object, int, java.lang.Object)'> (0x00000000d5e33c20) 
thrown [s\src\hotspot\share\interpreter\linkResolver.cpp, line 773]
Event: 9.757 Thread 0x000002cf82806730 Exception <a 'java/lang/NoSuchMethodError'{0x00000000d5e37ba0}: 'java.lang.Object java.lang.invoke.DirectMethodHandle$Holder.invokeSpecial(java.lang.Object, java.lang.Object, java.lang.Object, java.lang.Object, int, java.lang.Object)'> (0x00000000d5e37ba0) 
thrown [s\src\hotspot\share\interpreter\linkResolver.cpp, line 773]
Event: 9.758 Thread 0x000002cf82806730 Exception <a 'java/lang/NoSuchMethodError'{0x00000000d5e3b6e0}: 'java.lang.Object java.lang.invoke.Invokers$Holder.linkToTargetMethod(java.lang.Object, java.lang.Object, int, java.lang.Object, java.lang.Object)'> (0x00000000d5e3b6e0) 
thrown [s\src\hotspot\share\interpreter\linkResolver.cpp, line 773]
Event: 9.759 Thread 0x000002cf8743c230 Exception <a 'java/lang/NoSuchMethodError'{0x00000000d5d93300}: 'java.lang.Object java.lang.invoke.DirectMethodHandle$Holder.invokeSpecial(java.lang.Object, java.lang.Object, int, java.lang.Object, java.lang.Object)'> (0x00000000d5d93300) 
thrown [s\src\hotspot\share\interpreter\linkResolver.cpp, line 773]
Event: 9.804 Thread 0x000002cf82806730 Exception <a 'java/lang/NoSuchMethodError'{0x00000000d5f443d8}: 'void java.lang.invoke.DirectMethodHandle$Holder.invokeSpecial(java.lang.Object, java.lang.Object, java.lang.Object, java.lang.Object, java.lang.Object)'> (0x00000000d5f443d8) 
thrown [s\src\hotspot\share\interpreter\linkResolver.cpp, line 773]

ZGC Phase Switch (0 events):
No events

VM Operations (20 events):
Event: 6.625 Executing safepoint VM operation: Cleanup
Event: 6.625 Executing safepoint VM operation: Cleanup done
Event: 7.633 Executing safepoint VM operation: Cleanup
Event: 7.633 Executing safepoint VM operation: Cleanup done
Event: 7.974 Executing non-safepoint VM operation: HandshakeAllThreads (Deoptimize)
Event: 7.974 Executing non-safepoint VM operation: HandshakeAllThreads (Deoptimize) done
Event: 8.029 Executing safepoint VM operation: ParallelGCFailedAllocation (Allocation Failure)
Event: 8.039 Executing safepoint VM operation: ParallelGCFailedAllocation (Allocation Failure) done
Event: 9.051 Executing safepoint VM operation: Cleanup
Event: 9.053 Executing safepoint VM operation: Cleanup done
Event: 9.066 Executing non-safepoint VM operation: HandshakeAllThreads (Deoptimize)
Event: 9.066 Executing non-safepoint VM operation: HandshakeAllThreads (Deoptimize) done
Event: 9.205 Executing safepoint VM operation: ParallelGCFailedAllocation (Allocation Failure)
Event: 9.216 Executing safepoint VM operation: ParallelGCFailedAllocation (Allocation Failure) done
Event: 9.355 Executing non-safepoint VM operation: HandshakeAllThreads (Deoptimize)
Event: 9.355 Executing non-safepoint VM operation: HandshakeAllThreads (Deoptimize) done
Event: 9.549 Executing non-safepoint VM operation: HandshakeAllThreads (Deoptimize)
Event: 9.549 Executing non-safepoint VM operation: HandshakeAllThreads (Deoptimize) done
Event: 9.980 Executing non-safepoint VM operation: HandshakeAllThreads (Deoptimize)
Event: 9.980 Executing non-safepoint VM operation: HandshakeAllThreads (Deoptimize) done

Memory protections (0 events):
No events

Nmethod flushes (0 events):
No events

Events (20 events):
Event: 2.516 Thread 0x000002cf874590c0 Thread added: 0x000002cf8767b650
Event: 3.059 Thread 0x000002cf29328110 Thread added: 0x000002cf828060a0
Event: 3.663 Thread 0x000002cf29328110 Thread added: 0x000002cf82806dc0
Event: 4.212 Thread 0x000002cf8767b650 Thread exited: 0x000002cf8767b650
Event: 4.212 Thread 0x000002cf874590c0 Thread exited: 0x000002cf874590c0
Event: 4.354 Thread 0x000002cf82806dc0 Thread added: 0x000002cf82805380
Event: 4.380 Thread 0x000002cf29328110 Thread added: 0x000002cf82806730
Event: 4.971 Thread 0x000002cf3fdab400 Thread added: 0x000002cf8754f290
Event: 4.976 Thread 0x000002cf8754f290 Thread added: 0x000002cf8754f940
Event: 5.601 Thread 0x000002cf82806730 Thread added: 0x000002cf82803940
Event: 5.909 Thread 0x000002cf8754f940 Thread exited: 0x000002cf8754f940
Event: 5.923 Thread 0x000002cf8754f290 Thread exited: 0x000002cf8754f290
Event: 7.741 Thread 0x000002cf82806730 Thread added: 0x000002cf82804660
Event: 8.103 Thread 0x000002cf3fdae520 Thread added: 0x000002cf826e70c0
Event: 8.662 Thread 0x000002cf82806730 Thread added: 0x000002cf8743cf50
Event: 8.820 Thread 0x000002cf826e70c0 Thread exited: 0x000002cf826e70c0
Event: 9.602 Thread 0x000002cf82806730 Thread added: 0x000002cf87442b30
Event: 9.707 Thread 0x000002cf82806730 Thread added: 0x000002cf8743c230
Event: 9.761 Thread 0x000002cf82806730 Thread added: 0x000002cf87443850
Event: 9.984 Thread 0x000002cf3fdae520 Thread added: 0x000002cf87aaea80


Dynamic libraries:
0x00007ff790220000 - 0x00007ff79022e000 	c:\Users\PC\.vscode\extensions\redhat.java-1.56.0-win32-x64\jre\21.0.12.1-win32-x86_64\bin\java.exe
0x00007fff75ad0000 - 0x00007fff75cc8000 	C:\Windows\SYSTEM32\ntdll.dll
0x00007fff759c0000 - 0x00007fff75a82000 	C:\Windows\System32\KERNEL32.DLL
0x00007fff73520000 - 0x00007fff73816000 	C:\Windows\System32\KERNELBASE.dll
0x00007fff73200000 - 0x00007fff73300000 	C:\Windows\System32\ucrtbase.dll
0x00007fff6ca10000 - 0x00007fff6ca28000 	c:\Users\PC\.vscode\extensions\redhat.java-1.56.0-win32-x64\jre\21.0.12.1-win32-x86_64\bin\jli.dll
0x00007fff752f0000 - 0x00007fff75491000 	C:\Windows\System32\USER32.dll
0x00007fff73950000 - 0x00007fff73972000 	C:\Windows\System32\win32u.dll
0x00007fff75030000 - 0x00007fff7505b000 	C:\Windows\System32\GDI32.dll
0x00007fff739d0000 - 0x00007fff73ae9000 	C:\Windows\System32\gdi32full.dll
0x00007fff73160000 - 0x00007fff731fd000 	C:\Windows\System32\msvcp_win.dll
0x00007fff6c020000 - 0x00007fff6c03e000 	c:\Users\PC\.vscode\extensions\redhat.java-1.56.0-win32-x64\jre\21.0.12.1-win32-x86_64\bin\VCRUNTIME140.dll
0x00007fff5fc60000 - 0x00007fff5fefb000 	C:\Windows\WinSxS\amd64_microsoft.windows.common-controls_6595b64144ccf1df_6.0.19041.6456_none_60b8a6cb71f64256\COMCTL32.dll
0x00007fff73de0000 - 0x00007fff73e7e000 	C:\Windows\System32\msvcrt.dll
0x00007fff75510000 - 0x00007fff7553f000 	C:\Windows\System32\IMM32.DLL
0x00007fff6dd30000 - 0x00007fff6dd3c000 	c:\Users\PC\.vscode\extensions\redhat.java-1.56.0-win32-x64\jre\21.0.12.1-win32-x86_64\bin\vcruntime140_1.dll
0x00007fff47d80000 - 0x00007fff47e0d000 	c:\Users\PC\.vscode\extensions\redhat.java-1.56.0-win32-x64\jre\21.0.12.1-win32-x86_64\bin\msvcp140.dll
0x00007fff2e290000 - 0x00007fff2f032000 	c:\Users\PC\.vscode\extensions\redhat.java-1.56.0-win32-x64\jre\21.0.12.1-win32-x86_64\bin\server\jvm.dll
0x00007fff73e80000 - 0x00007fff73f31000 	C:\Windows\System32\ADVAPI32.dll
0x00007fff74690000 - 0x00007fff7472f000 	C:\Windows\System32\sechost.dll
0x00007fff73cc0000 - 0x00007fff73de0000 	C:\Windows\System32\RPCRT4.dll
0x00007fff734f0000 - 0x00007fff73517000 	C:\Windows\System32\bcrypt.dll
0x00007fff754a0000 - 0x00007fff7550b000 	C:\Windows\System32\WS2_32.dll
0x00007fff5f2f0000 - 0x00007fff5f317000 	C:\Windows\SYSTEM32\WINMM.dll
0x00007fff72660000 - 0x00007fff726ab000 	C:\Windows\SYSTEM32\POWRPROF.dll
0x00007fff5c220000 - 0x00007fff5c22a000 	C:\Windows\SYSTEM32\VERSION.dll
0x00007fff72520000 - 0x00007fff72532000 	C:\Windows\SYSTEM32\UMPDC.dll
0x00007fff71930000 - 0x00007fff71942000 	C:\Windows\SYSTEM32\kernel.appcore.dll
0x00007fff6d600000 - 0x00007fff6d60a000 	c:\Users\PC\.vscode\extensions\redhat.java-1.56.0-win32-x64\jre\21.0.12.1-win32-x86_64\bin\jimage.dll
0x00007fff71630000 - 0x00007fff71831000 	C:\Windows\SYSTEM32\DBGHELP.DLL
0x00007fff59c70000 - 0x00007fff59ca4000 	C:\Windows\SYSTEM32\dbgcore.DLL
0x00007fff73460000 - 0x00007fff734e2000 	C:\Windows\System32\bcryptPrimitives.dll
0x00007fff6bfe0000 - 0x00007fff6bfef000 	c:\Users\PC\.vscode\extensions\redhat.java-1.56.0-win32-x64\jre\21.0.12.1-win32-x86_64\bin\instrument.dll
0x00007fff6ac40000 - 0x00007fff6ac60000 	c:\Users\PC\.vscode\extensions\redhat.java-1.56.0-win32-x64\jre\21.0.12.1-win32-x86_64\bin\java.dll
0x00007fff748c0000 - 0x00007fff75030000 	C:\Windows\System32\SHELL32.dll
0x00007fff70e80000 - 0x00007fff71625000 	C:\Windows\SYSTEM32\windows.storage.dll
0x00007fff74240000 - 0x00007fff74594000 	C:\Windows\System32\combase.dll
0x00007fff72ab0000 - 0x00007fff72adb000 	C:\Windows\SYSTEM32\Wldp.dll
0x00007fff73fa0000 - 0x00007fff7406d000 	C:\Windows\System32\OLEAUT32.dll
0x00007fff740d0000 - 0x00007fff7417d000 	C:\Windows\System32\SHCORE.dll
0x00007fff74730000 - 0x00007fff7478b000 	C:\Windows\System32\shlwapi.dll
0x00007fff73090000 - 0x00007fff730b4000 	C:\Windows\SYSTEM32\profapi.dll
0x00007fff6a7a0000 - 0x00007fff6a7b8000 	c:\Users\PC\.vscode\extensions\redhat.java-1.56.0-win32-x64\jre\21.0.12.1-win32-x86_64\bin\zip.dll
0x00007fff6bfd0000 - 0x00007fff6bfe0000 	C:\Users\PC\.vscode\extensions\redhat.java-1.56.0-win32-x64\jre\21.0.12.1-win32-x86_64\bin\net.dll
0x00007fff6f720000 - 0x00007fff6f82a000 	C:\Windows\SYSTEM32\WINHTTP.dll
0x00007fff72890000 - 0x00007fff728fa000 	C:\Windows\system32\mswsock.dll
0x00007fff6a770000 - 0x00007fff6a786000 	C:\Users\PC\.vscode\extensions\redhat.java-1.56.0-win32-x64\jre\21.0.12.1-win32-x86_64\bin\nio.dll
0x00007fff6bab0000 - 0x00007fff6bac0000 	c:\Users\PC\.vscode\extensions\redhat.java-1.56.0-win32-x64\jre\21.0.12.1-win32-x86_64\bin\verify.dll
0x00007fff3f9c0000 - 0x00007fff3fa05000 	C:\Users\PC\AppData\Roaming\Code\User\globalStorage\redhat.java\1.56.0\config_win\org.eclipse.equinox.launcher\org.eclipse.equinox.launcher.win32.win32.x86_64_1.3.100.v20260804-1928\eclipse_11924.dll
0x00007fff74790000 - 0x00007fff748bb000 	C:\Windows\System32\ole32.dll
0x00007fff72af0000 - 0x00007fff72b08000 	C:\Windows\SYSTEM32\CRYPTSP.dll
0x00007fff72160000 - 0x00007fff72198000 	C:\Windows\system32\rsaenh.dll
0x00007fff73010000 - 0x00007fff7303e000 	C:\Windows\SYSTEM32\USERENV.dll
0x00007fff72a20000 - 0x00007fff72a2c000 	C:\Windows\SYSTEM32\CRYPTBASE.dll
0x00007fff72540000 - 0x00007fff7257b000 	C:\Windows\SYSTEM32\IPHLPAPI.DLL
0x00007fff74210000 - 0x00007fff74218000 	C:\Windows\System32\NSI.dll
0x00007fff68500000 - 0x00007fff68549000 	C:\Users\PC\AppData\Local\Temp\jna-2547\jna4228591158034624428.dll
0x00007fff75540000 - 0x00007fff75548000 	C:\Windows\System32\PSAPI.DLL

JVMTI agents:
c:\Users\PC\.vscode\extensions\redhat.java-1.56.0-win32-x64\lombok\lombok-1.18.39-4050.jar path:c:\Users\PC\.vscode\extensions\redhat.java-1.56.0-win32-x64\jre\21.0.12.1-win32-x86_64\bin\instrument.dll, loaded, initialized, instrumentlib options:none

dbghelp: loaded successfully - version: 4.0.5 - missing functions: none
symbol engine: initialized successfully - sym options: 0x614 - pdb path: .;c:\Users\PC\.vscode\extensions\redhat.java-1.56.0-win32-x64\jre\21.0.12.1-win32-x86_64\bin;C:\Windows\SYSTEM32;C:\Windows\WinSxS\amd64_microsoft.windows.common-controls_6595b64144ccf1df_6.0.19041.6456_none_60b8a6cb71f64256;c:\Users\PC\.vscode\extensions\redhat.java-1.56.0-win32-x64\jre\21.0.12.1-win32-x86_64\bin\server;C:\Users\PC\AppData\Roaming\Code\User\globalStorage\redhat.java\1.56.0\config_win\org.eclipse.equinox.launcher\org.eclipse.equinox.launcher.win32.win32.x86_64_1.3.100.v20260804-1928;C:\Users\PC\AppData\Local\Temp\jna-2547

VM Arguments:
jvm_args: --add-modules=ALL-SYSTEM --add-opens=java.base/java.util=ALL-UNNAMED --add-opens=java.base/java.lang=ALL-UNNAMED --add-opens=java.base/sun.nio.fs=ALL-UNNAMED -Declipse.application=org.eclipse.jdt.ls.core.id1 -Dosgi.bundles.defaultStartLevel=4 -Declipse.product=org.eclipse.jdt.ls.core.product -Djava.import.generatesMetadataFilesAtProjectRoot=false -Dm2e.project.cache.size=50 -DDetectVMInstallationsJob.disabled=true -Dfile.encoding=utf8 -XX:+UseParallelGC -XX:GCTimeRatio=4 -XX:AdaptiveSizePolicyWeight=90 -Dsun.zip.disableMemoryMapping=true -Xmx2G -Xms100m -Xlog:disable -javaagent:c:\Users\PC\.vscode\extensions\redhat.java-1.56.0-win32-x64\lombok\lombok-1.18.39-4050.jar -XX:+HeapDumpOnOutOfMemoryError -XX:HeapDumpPath=c:\Users\PC\AppData\Roaming\Code\User\workspaceStorage\ec1410200dd7bcd3f80d97ac2a3ddf05\redhat.java -Daether.dependencyCollector.impl=bf 
java_command: c:\Users\PC\.vscode\extensions\redhat.java-1.56.0-win32-x64\server\plugins\org.eclipse.equinox.launcher_1.8.0.v20260804-1928.jar -configuration c:\Users\PC\AppData\Roaming\Code\User\globalStorage\redhat.java\1.56.0\config_win -data c:\Users\PC\AppData\Roaming\Code\User\workspaceStorage\ec1410200dd7bcd3f80d97ac2a3ddf05\redhat.java\jdt_ws --pipe=\\.\pipe\lsp-8cfcab0b9cb13667da96b4e16ce88a2b-sock
java_class_path (initial): c:\Users\PC\.vscode\extensions\redhat.java-1.56.0-win32-x64\server\plugins\org.eclipse.equinox.launcher_1.8.0.v20260804-1928.jar
Launcher Type: SUN_STANDARD

[Global flags]
    uintx AdaptiveSizePolicyWeight                 = 90                                        {product} {command line}
     intx CICompilerCount                          = 4                                         {product} {ergonomic}
    uintx GCTimeRatio                              = 4                                         {product} {command line}
     bool HeapDumpOnOutOfMemoryError               = true                                   {manageable} {command line}
    ccstr HeapDumpPath                             = c:\Users\PC\AppData\Roaming\Code\User\workspaceStorage\ec1410200dd7bcd3f80d97ac2a3ddf05\redhat.java         {manageable} {command line}
   size_t InitialHeapSize                          = 104857600                                 {product} {command line}
   size_t MaxHeapSize                              = 2147483648                                {product} {command line}
   size_t MaxNewSize                               = 715653120                                 {product} {ergonomic}
   size_t MinHeapDeltaBytes                        = 524288                                    {product} {ergonomic}
   size_t MinHeapSize                              = 104857600                                 {product} {command line}
   size_t NewSize                                  = 34603008                                  {product} {ergonomic}
    uintx NonNMethodCodeHeapSize                   = 5839372                                {pd product} {ergonomic}
    uintx NonProfiledCodeHeapSize                  = 122909434                              {pd product} {ergonomic}
   size_t OldSize                                  = 70254592                                  {product} {ergonomic}
    uintx ProfiledCodeHeapSize                     = 122909434                              {pd product} {ergonomic}
    uintx ReservedCodeCacheSize                    = 251658240                              {pd product} {ergonomic}
     bool SegmentedCodeCache                       = true                                      {product} {ergonomic}
   size_t SoftMaxHeapSize                          = 2147483648                             {manageable} {ergonomic}
     bool UseCompressedOops                        = true                           {product lp64_product} {ergonomic}
     bool UseLargePagesIndividualAllocation        = false                                  {pd product} {ergonomic}
     bool UseParallelGC                            = true                                      {product} {command line}

Logging:
Log output configuration:
 #0: stdout all=off uptime,level,tags foldmultilines=false
 #1: stderr all=off uptime,level,tags foldmultilines=false

Release file:
JAVA_VERSION="21.0.12.1" 
MODULES="java.base java.compiler java.datatransfer java.xml java.prefs java.desktop java.instrument java.logging java.management java.security.sasl java.naming java.rmi java.management.rmi java.net.http java.scripting java.security.jgss java.transaction.xa java.sql java.sql.rowset java.xml.crypto java.se java.smartcardio jdk.accessibility jdk.internal.jvmstat jdk.attach jdk.charsets jdk.internal.opt jdk.zipfs jdk.compiler jdk.crypto.ec jdk.crypto.cryptoki jdk.crypto.mscapi jdk.dynalink jdk.internal.ed jdk.editpad jdk.hotspot.agent jdk.httpserver jdk.internal.le jdk.internal.vm.ci jdk.internal.vm.compiler jdk.internal.vm.compiler.management jdk.jartool jdk.javadoc jdk.jcmd jdk.management jdk.management.agent jdk.jconsole jdk.jdeps jdk.jdwp.agent jdk.jdi jdk.jfr jdk.jshell jdk.jsobject jdk.jstatd jdk.localedata jdk.management.jfr jdk.naming.dns jdk.naming.rmi jdk.net jdk.nio.mapmode jdk.random jdk.sctp jdk.security.auth jdk.security.jgss jdk.unsupported jdk.unsupported.desktop jdk.xml.dom" 

Environment Variables:
PATH=C:\Program Files\Eclipse Adoptium\jdk-25.0.2.10-hotspot\bin;C:\app\PC\product\21c\dbhomeXE\bin;C:\Program Files\Eclipse Adoptium\jdk-8.0.382.5-hotspot\bin;C:\Program Files\Eclipse Adoptium\jdk-17.0.17.10-hotspot\bin;C:\Program Files (x86)\Common Files\Oracle\Java\javapath;C:\Windows\system32;C:\Windows;C:\Windows\System32\Wbem;C:\Windows\System32\WindowsPowerShell\v1.0\;C:\Windows\System32\OpenSSH\;C:\msys64\mingw64\bin;C:\Program Files\MySQL\MySQL Server 8.0\bin;C:\Program Files\Microsoft SQL Server\150\Tools\Binn\;C:\Program Files\Microsoft SQL Server\Client SDK\ODBC\170\Tools\Binn\;C:\Program Files\dotnet\;C:\Program Files (x86)\Windows Kits\10\Windows Performance Toolkit\;%MAVEN_HOME%\bin;C:\Program Files\ZeroC\Ice-3.7.9\bin;C:\Program Files (x86)\Microsoft SQL Server\170\Tools\Binn\;C:\Program Files\Microsoft SQL Server\170\Tools\Binn\;C:\Program Files\Microsoft SQL Server\Client SDK\ODBC\180\Tools\Binn\;C:\Program Files\Microsoft SQL Server\170\DTS\Binn\;C:\Program Files\Git\cmd;C:\Program Files\nodejs\;C:\Program Files\WSL\;C:\Users\PC\Desktop\sonar-scanner-cli-5.0.1.3006-windows\sonar-scanner-5.0.1.3006-windows\bin;C:\Users\PC\AppData\Local\Programs\Python\Python314\Scripts\;C:\Users\PC\AppData\Local\Programs\Python\Python314\;C:\Program Files\MySQL\MySQL Shell 8.0\bin\;C:\Users\PC\AppData\Local\Microsoft\WindowsApps;C:\Users\PC\AppData\Local\Programs\Microsoft VS Code\bin;C:\Users\PC\.dotnet\tools;C:\Users\PC\AppData\Roaming\npm;C:\Program Files\nodejs\;C:\Users\PC\AppData\Local\Programs\Python\Python314;C:\Users\PC\AppData\Local\Programs\Python\Python314\Scripts;C:\Users\PC\Desktop\apache-maven-3.9.16-bin\bin;C:\Users\PC\Desktop\sonar-scanner-cli-5.0.1.3006-windows\sonar-scanner-5.0.1.3006-windows\bin;
USERNAME=PC
OS=Windows_NT
PROCESSOR_IDENTIFIER=Intel64 Family 6 Model 142 Stepping 10, GenuineIntel
TMP=C:\Users\PC\AppData\Local\Temp
TEMP=C:\Users\PC\AppData\Local\Temp




Periodic native trim disabled

---------------  S Y S T E M  ---------------

OS:
 Windows 10 , 64 bit Build 19041 (10.0.19041.5915)
OS uptime: 0 days 4:18 hours
Hyper-V role detected

CPU: total 8 (initial active 8) (4 cores per cpu, 2 threads per core) family 6 model 142 stepping 10 microcode 0xb4, cx8, cmov, fxsr, ht, mmx, 3dnowpref, sse, sse2, sse3, ssse3, sse4.1, sse4.2, popcnt, lzcnt, tsc, tscinvbit, avx, avx2, aes, erms, clmul, bmi1, bmi2, adx, fma, vzeroupper, clflush, clflushopt, hv, rdtscp, f16c
Processor Information for the first 8 processors :
  Max Mhz: 1800, Current Mhz: 1600, Mhz Limit: 1584

Memory: 4k page, system-wide physical 8042M (448M free)
TotalPageFile size 17965M (AvailPageFile size 1M)
current process WorkingSet (physical memory assigned to process): 136M, peak: 136M
current process commit charge ("private bytes"): 276M, peak: 276M

vm_info: OpenJDK 64-Bit Server VM (21.0.12.1+1-LTS) for windows-amd64 JRE (21.0.12.1+1-LTS), built on 2026-08-18T00:00:00Z by "admin" with MS VC++ 17.12 (VS2022)

END.
