#
# There is insufficient memory for the Java Runtime Environment to continue.
# Native memory allocation (malloc) failed to allocate 157296 bytes. Error detail: Chunk::new
# Possible reasons:
#   The system is out of physical RAM or swap space
#   This process is running with CompressedOops enabled, and the Java Heap may be blocking the growth of the native heap
# Possible solutions:
#   Reduce memory load on the system
#   Increase physical memory or swap space
#   Check if swap backing store is full
#   Decrease Java heap size (-Xmx/-Xms)
#   Decrease number of Java threads
#   Decrease Java thread stack sizes (-Xss)
#   Set larger code cache with -XX:ReservedCodeCacheSize=
#   JVM is running with Unscaled Compressed Oops mode in which the Java heap is
#     placed in the first 4GB address space. The Java Heap base address is the
#     maximum limit for the native heap growth. Please use -XX:HeapBaseMinAddress
#     to set the Java Heap base and to place the Java Heap above 4GB virtual address.
# This output file may be truncated or incomplete.
#
#  Out of Memory Error (arena.cpp:168), pid=24076, tid=11916
#
# JRE version: OpenJDK Runtime Environment Temurin-21.0.12.1+1 (21.0.12.1+1) (build 21.0.12.1+1-LTS)
# Java VM: OpenJDK 64-Bit Server VM Temurin-21.0.12.1+1 (21.0.12.1+1-LTS, mixed mode, sharing, tiered, compressed oops, compressed class ptrs, parallel gc, windows-amd64)
# No core dump will be written. Minidumps are not enabled by default on client versions of Windows
#

---------------  S U M M A R Y ------------

Command Line: --add-modules=ALL-SYSTEM --add-opens=java.base/java.util=ALL-UNNAMED --add-opens=java.base/java.lang=ALL-UNNAMED --add-opens=java.base/sun.nio.fs=ALL-UNNAMED -Declipse.application=org.eclipse.jdt.ls.core.id1 -Dosgi.bundles.defaultStartLevel=4 -Declipse.product=org.eclipse.jdt.ls.core.product -Djava.import.generatesMetadataFilesAtProjectRoot=false -Dm2e.project.cache.size=50 -DDetectVMInstallationsJob.disabled=true -Dfile.encoding=utf8 -XX:+UseParallelGC -XX:GCTimeRatio=4 -XX:AdaptiveSizePolicyWeight=90 -Dsun.zip.disableMemoryMapping=true -Xmx2G -Xms100m -Xlog:disable -javaagent:c:\Users\PC\.vscode\extensions\redhat.java-1.56.0-win32-x64\lombok\lombok-1.18.39-4050.jar -XX:+HeapDumpOnOutOfMemoryError -XX:HeapDumpPath=c:\Users\PC\AppData\Roaming\Code\User\workspaceStorage\ec1410200dd7bcd3f80d97ac2a3ddf05\redhat.java -Daether.dependencyCollector.impl=bf c:\Users\PC\.vscode\extensions\redhat.java-1.56.0-win32-x64\server\plugins\org.eclipse.equinox.launcher_1.8.0.v20260804-1928.jar -configuration c:\Users\PC\AppData\Roaming\Code\User\globalStorage\redhat.java\1.56.0\config_win -data c:\Users\PC\AppData\Roaming\Code\User\workspaceStorage\ec1410200dd7bcd3f80d97ac2a3ddf05\redhat.java\jdt_ws --pipe=\\.\pipe\lsp-c798952b26bf966d62dbe559f24ea860-sock

Host: Intel(R) Core(TM) i5-8250U CPU @ 1.60GHz, 8 cores, 7G,  Windows 10 , 64 bit Build 19041 (10.0.19041.5915)
Time: Thu Oct  1 17:38:53 2026 Morocco Standard Time elapsed time: 1.104972 seconds (0d 0h 0m 1s)

---------------  T H R E A D  ---------------

Current thread (0x0000025bfd772760):  JavaThread "C2 CompilerThread0" daemon [_thread_in_native, id=11916, stack(0x000000933c100000,0x000000933c200000) (1024K)]


Current CompileTask:
C2:1105  672       4       lombok.patcher.PatchScript::classMatches (41 bytes)

Stack: [0x000000933c100000,0x000000933c200000]
Native frames: (J=compiled Java code, j=interpreted, Vv=VM code, C=native code)
V  [jvm.dll+0x6d83e9]
V  [jvm.dll+0x8b5736]
V  [jvm.dll+0x8b7cee]
V  [jvm.dll+0x8b83d3]
V  [jvm.dll+0x284596]
V  [jvm.dll+0xc685d]
V  [jvm.dll+0xc6da1]
V  [jvm.dll+0x2fb5ae]
V  [jvm.dll+0x5fee94]
V  [jvm.dll+0x255d67]
V  [jvm.dll+0x24e3bf]
V  [jvm.dll+0x24bbe6]
V  [jvm.dll+0x1cb4ae]
V  [jvm.dll+0x25baad]
V  [jvm.dll+0x25a03a]
V  [jvm.dll+0x3f8aae]
V  [jvm.dll+0x8600cd]
V  [jvm.dll+0x6d6c1d]
C  [ucrtbase.dll+0x21bb2]
C  [KERNEL32.DLL+0x17374]
C  [ntdll.dll+0x4cc91]


---------------  P R O C E S S  ---------------

Threads class SMR info:
_java_thread_list=0x0000025bff3210a0, length=12, elements={
0x0000025bf9cf4c60, 0x0000025bfd761d70, 0x0000025bfd763320, 0x0000025bfd766c00,
0x0000025bfd767860, 0x0000025bfd76bf80, 0x0000025bfd76dad0, 0x0000025bfd772760,
0x0000025bfd773c00, 0x0000025bff1ae780, 0x0000025bff26b7b0, 0x0000025bff26ad40
}

Java Threads: ( => current thread )
  0x0000025bf9cf4c60 JavaThread "main"                              [_thread_in_Java, id=10112, stack(0x000000933b700000,0x000000933b800000) (1024K)]
  0x0000025bfd761d70 JavaThread "Reference Handler"          daemon [_thread_blocked, id=19208, stack(0x000000933bb00000,0x000000933bc00000) (1024K)]
  0x0000025bfd763320 JavaThread "Finalizer"                  daemon [_thread_blocked, id=1940, stack(0x000000933bc00000,0x000000933bd00000) (1024K)]
  0x0000025bfd766c00 JavaThread "Signal Dispatcher"          daemon [_thread_blocked, id=10448, stack(0x000000933bd00000,0x000000933be00000) (1024K)]
  0x0000025bfd767860 JavaThread "Attach Listener"            daemon [_thread_blocked, id=12548, stack(0x000000933be00000,0x000000933bf00000) (1024K)]
  0x0000025bfd76bf80 JavaThread "Service Thread"             daemon [_thread_blocked, id=23768, stack(0x000000933bf00000,0x000000933c000000) (1024K)]
  0x0000025bfd76dad0 JavaThread "Monitor Deflation Thread"   daemon [_thread_blocked, id=23288, stack(0x000000933c000000,0x000000933c100000) (1024K)]
=>0x0000025bfd772760 JavaThread "C2 CompilerThread0"         daemon [_thread_in_native, id=11916, stack(0x000000933c100000,0x000000933c200000) (1024K)]
  0x0000025bfd773c00 JavaThread "C1 CompilerThread0"         daemon [_thread_blocked, id=16024, stack(0x000000933c200000,0x000000933c300000) (1024K)]
  0x0000025bff1ae780 JavaThread "Common-Cleaner"             daemon [_thread_blocked, id=10520, stack(0x000000933c300000,0x000000933c400000) (1024K)]
  0x0000025bff26b7b0 JavaThread "C2 CompilerThread1"         daemon [_thread_blocked, id=8052, stack(0x000000933c400000,0x000000933c500000) (1024K)]
  0x0000025bff26ad40 JavaThread "Notification Thread"        daemon [_thread_blocked, id=7956, stack(0x000000933c500000,0x000000933c600000) (1024K)]
Total: 12

Other Threads:
  0x0000025bfd752480 VMThread "VM Thread"                           [id=25272, stack(0x000000933ba00000,0x000000933bb00000) (1024K)]
  0x0000025bf9d5dec0 WatcherThread "VM Periodic Task Thread"        [id=1912, stack(0x000000933b900000,0x000000933ba00000) (1024K)]
  0x0000025bf9d127b0 WorkerThread "GC Thread#0"                     [id=22068, stack(0x000000933b800000,0x000000933b900000) (1024K)]
Total: 3

Threads with active compile tasks:
C2 CompilerThread0  1163  672       4       lombok.patcher.PatchScript::classMatches (41 bytes)
Total: 1

VM state: not at safepoint (normal execution)

VM Mutex/Monitor currently owned by a thread: None

Heap address: 0x0000000080000000, size: 2048 MB, Compressed Oops mode: 32-bit

CDS archive(s) mapped at: [0x0000025b93000000-0x0000025b93ba0000-0x0000025b93ba0000), size 12189696, SharedBaseAddress: 0x0000025b93000000, ArchiveRelocationMode: 1.
Compressed class space mapped at: 0x0000025b94000000-0x0000025bd4000000, reserved size: 1073741824
Narrow klass base: 0x0000025b93000000, Narrow klass shift: 0, Narrow klass range: 0x100000000

GC Precious Log:
 CardTable entry size: 512
 CPUs: 8 total, 8 available
 Memory: 8042M
 Large Page Support: Disabled
 NUMA Support: Disabled
 Compressed Oops: Enabled (32-bit)
 Alignments: Space 512K, Generation 512K, Heap 2M
 Heap Min Capacity: 100M
 Heap Initial Capacity: 100M
 Heap Max Capacity: 2G
 Pre-touch: Disabled
 Parallel Workers: 8

Heap:
 PSYoungGen      total 29696K, used 14612K [0x00000000d5580000, 0x00000000d7680000, 0x0000000100000000)
  eden space 25600K, 57% used [0x00000000d5580000,0x00000000d63c52f8,0x00000000d6e80000)
  from space 4096K, 0% used [0x00000000d7280000,0x00000000d7280000,0x00000000d7680000)
  to   space 4096K, 0% used [0x00000000d6e80000,0x00000000d6e80000,0x00000000d7280000)
 ParOldGen       total 68608K, used 0K [0x0000000080000000, 0x0000000084300000, 0x00000000d5580000)
  object space 68608K, 0% used [0x0000000080000000,0x0000000080000000,0x0000000084300000)
 Metaspace       used 2867K, committed 3072K, reserved 1114112K
  class space    used 297K, committed 384K, reserved 1048576K

Card table byte_map: [0x0000025bf96d0000,0x0000025bf9ae0000] _byte_map_base: 0x0000025bf92d0000

Marking Bits: (ParMarkBitMap*) 0x00007fff2ef544a0
 Begin Bits: [0x0000025b8f000000, 0x0000025b91000000)
 End Bits:   [0x0000025b91000000, 0x0000025b93000000)

Polling page: 0x0000025bf94c0000

Metaspace:

Usage:
  Non-class:      2.51 MB used.
      Class:    297.20 KB used.
       Both:      2.80 MB used.

Virtual space:
  Non-class space:       64.00 MB reserved,       2.62 MB (  4%) committed,  1 nodes.
      Class space:        1.00 GB reserved,     384.00 KB ( <1%) committed,  1 nodes.
             Both:        1.06 GB reserved,       3.00 MB ( <1%) committed. 

Chunk freelists:
   Non-Class:  11.65 MB
       Class:  15.67 MB
        Both:  27.32 MB

MaxMetaspaceSize: unlimited
CompressedClassSpaceSize: 1.00 GB
Initial GC threshold: 21.00 MB
Current GC threshold: 21.00 MB
CDS: on
 - commit_granule_bytes: 65536.
 - commit_granule_words: 8192.
 - virtual_space_node_default_size: 8388608.
 - enlarge_chunks_in_place: 1.
 - use_allocation_guard: 0.


Internal statistics:

num_allocs_failed_limit: 0.
num_arena_births: 82.
num_arena_deaths: 0.
num_vsnodes_births: 2.
num_vsnodes_deaths: 0.
num_space_committed: 48.
num_space_uncommitted: 0.
num_chunks_returned_to_freelist: 0.
num_chunks_taken_from_freelist: 104.
num_chunk_merges: 0.
num_chunk_splits: 73.
num_chunks_enlarged: 47.
num_inconsistent_stats: 0.

CodeHeap 'non-profiled nmethods': size=120000Kb used=269Kb max_used=269Kb free=119730Kb
 bounds [0x0000025b87ad0000, 0x0000025b87d40000, 0x0000025b8f000000]
CodeHeap 'profiled nmethods': size=120000Kb used=1048Kb max_used=1048Kb free=118951Kb
 bounds [0x0000025b80000000, 0x0000025b80270000, 0x0000025b87530000]
CodeHeap 'non-nmethods': size=5760Kb used=1181Kb max_used=1204Kb free=4578Kb
 bounds [0x0000025b87530000, 0x0000025b877a0000, 0x0000025b87ad0000]
CodeCache: size=245760Kb, used=2498Kb, max_used=2521Kb, free=243259Kb
 total_blobs=1150, nmethods=710, adapters=347, full_count=0
Compilation: enabled, stopped_count=0, restarted_count=0

Compilation events (20 events):
Event: 1.049 Thread 0x0000025bfd773c00  702       3       java.lang.invoke.VarHandleByteArrayAsInts$ArrayHandle::get (36 bytes)
Event: 1.050 Thread 0x0000025bfd773c00 nmethod 702 0x0000025b80103390 code [0x0000025b80103560, 0x0000025b80103938]
Event: 1.050 Thread 0x0000025bfd773c00  703       3       java.lang.invoke.VarHandle::checkAccessModeThenIsDirect (29 bytes)
Event: 1.051 Thread 0x0000025bfd773c00 nmethod 703 0x0000025b80103b10 code [0x0000025b80103d20, 0x0000025b80104588]
Event: 1.051 Thread 0x0000025bfd773c00  704       3       java.lang.invoke.VarHandle::accessModeType (41 bytes)
Event: 1.052 Thread 0x0000025bfd773c00 nmethod 704 0x0000025b80104890 code [0x0000025b80104a80, 0x0000025b801051b0]
Event: 1.052 Thread 0x0000025bfd773c00  705       3       java.lang.invoke.VarForm::getMemberName (38 bytes)
Event: 1.052 Thread 0x0000025bff26b7b0 nmethod 686% 0x0000025b87b10790 code [0x0000025b87b10920, 0x0000025b87b10b28]
Event: 1.052 Thread 0x0000025bff26b7b0  680       4       java.lang.Integer::rotateRight (9 bytes)
Event: 1.053 Thread 0x0000025bfd773c00 nmethod 705 0x0000025b80105410 code [0x0000025b801055e0, 0x0000025b80105930]
Event: 1.053 Thread 0x0000025bfd773c00  706       3       java.lang.invoke.VarHandleByteArrayAsInts$ArrayHandle::index (12 bytes)
Event: 1.053 Thread 0x0000025bfd773c00 nmethod 706 0x0000025b80105b10 code [0x0000025b80105cc0, 0x0000025b80105e08]
Event: 1.053 Thread 0x0000025bfd773c00  708       3       java.math.MutableBigInteger::unsignedLongCompare (20 bytes)
Event: 1.053 Thread 0x0000025bfd773c00 nmethod 708 0x0000025b80105f10 code [0x0000025b801060a0, 0x0000025b80106210]
Event: 1.053 Thread 0x0000025bff26b7b0 nmethod 680 0x0000025b87b10d10 code [0x0000025b87b10e80, 0x0000025b87b10ef0]
Event: 1.053 Thread 0x0000025bff26b7b0  678       4       java.lang.StringUTF16::putChar (54 bytes)
Event: 1.055 Thread 0x0000025bff26b7b0 nmethod 678 0x0000025b87b11010 code [0x0000025b87b111a0, 0x0000025b87b112a0]
Event: 1.057 Thread 0x0000025bff26b7b0  709       4       java.math.BigInteger::implMulAdd (81 bytes)
Event: 1.096 Thread 0x0000025bff26b7b0 nmethod 709 0x0000025b87b11390 code [0x0000025b87b11520, 0x0000025b87b11780]
Event: 1.097 Thread 0x0000025bff26b7b0  673       4       java.util.Collections$UnmodifiableCollection::iterator (9 bytes)

GC Heap History (0 events):
No events

Dll operation events (16 events):
Event: 0.031 Attempting to load shared library c:\Users\PC\.vscode\extensions\redhat.java-1.56.0-win32-x64\jre\21.0.12.1-win32-x86_64\bin\java.dll
Event: 0.031 Loaded shared library c:\Users\PC\.vscode\extensions\redhat.java-1.56.0-win32-x64\jre\21.0.12.1-win32-x86_64\bin\java.dll
Event: 0.177 Attempting to load shared library c:\Users\PC\.vscode\extensions\redhat.java-1.56.0-win32-x64\jre\21.0.12.1-win32-x86_64\bin\zip.dll
Event: 0.178 Loaded shared library c:\Users\PC\.vscode\extensions\redhat.java-1.56.0-win32-x64\jre\21.0.12.1-win32-x86_64\bin\zip.dll
Event: 0.213 Attempting to load shared library C:\Users\PC\.vscode\extensions\redhat.java-1.56.0-win32-x64\jre\21.0.12.1-win32-x86_64\bin\instrument.dll
Event: 0.213 Loaded shared library C:\Users\PC\.vscode\extensions\redhat.java-1.56.0-win32-x64\jre\21.0.12.1-win32-x86_64\bin\instrument.dll
Event: 0.219 Attempting to load shared library C:\Users\PC\.vscode\extensions\redhat.java-1.56.0-win32-x64\jre\21.0.12.1-win32-x86_64\bin\net.dll
Event: 0.221 Loaded shared library C:\Users\PC\.vscode\extensions\redhat.java-1.56.0-win32-x64\jre\21.0.12.1-win32-x86_64\bin\net.dll
Event: 0.224 Attempting to load shared library C:\Users\PC\.vscode\extensions\redhat.java-1.56.0-win32-x64\jre\21.0.12.1-win32-x86_64\bin\nio.dll
Event: 0.225 Loaded shared library C:\Users\PC\.vscode\extensions\redhat.java-1.56.0-win32-x64\jre\21.0.12.1-win32-x86_64\bin\nio.dll
Event: 0.229 Attempting to load shared library C:\Users\PC\.vscode\extensions\redhat.java-1.56.0-win32-x64\jre\21.0.12.1-win32-x86_64\bin\zip.dll
Event: 0.229 Loaded shared library C:\Users\PC\.vscode\extensions\redhat.java-1.56.0-win32-x64\jre\21.0.12.1-win32-x86_64\bin\zip.dll
Event: 0.254 Attempting to load shared library C:\Users\PC\.vscode\extensions\redhat.java-1.56.0-win32-x64\jre\21.0.12.1-win32-x86_64\bin\jimage.dll
Event: 0.254 Loaded shared library C:\Users\PC\.vscode\extensions\redhat.java-1.56.0-win32-x64\jre\21.0.12.1-win32-x86_64\bin\jimage.dll
Event: 0.351 Attempting to load shared library c:\Users\PC\.vscode\extensions\redhat.java-1.56.0-win32-x64\jre\21.0.12.1-win32-x86_64\bin\verify.dll
Event: 0.352 Loaded shared library c:\Users\PC\.vscode\extensions\redhat.java-1.56.0-win32-x64\jre\21.0.12.1-win32-x86_64\bin\verify.dll

Deoptimization events (20 events):
Event: 1.068 Thread 0x0000025bf9cf4c60 DEOPT PACKING pc=0x0000025b800f8384 sp=0x000000933b7fd610
Event: 1.068 Thread 0x0000025bf9cf4c60 DEOPT UNPACKING pc=0x0000025b87584242 sp=0x000000933b7fca68 mode 0
Event: 1.068 Thread 0x0000025bf9cf4c60 DEOPT PACKING pc=0x0000025b800f8384 sp=0x000000933b7fd610
Event: 1.068 Thread 0x0000025bf9cf4c60 DEOPT UNPACKING pc=0x0000025b87584242 sp=0x000000933b7fca68 mode 0
Event: 1.068 Thread 0x0000025bf9cf4c60 DEOPT PACKING pc=0x0000025b800f8384 sp=0x000000933b7fd580
Event: 1.068 Thread 0x0000025bf9cf4c60 DEOPT UNPACKING pc=0x0000025b87584242 sp=0x000000933b7fc9d8 mode 0
Event: 1.069 Thread 0x0000025bf9cf4c60 DEOPT PACKING pc=0x0000025b800f8384 sp=0x000000933b7fd610
Event: 1.069 Thread 0x0000025bf9cf4c60 DEOPT UNPACKING pc=0x0000025b87584242 sp=0x000000933b7fca68 mode 0
Event: 1.092 Thread 0x0000025bf9cf4c60 DEOPT PACKING pc=0x0000025b800f8384 sp=0x000000933b7fd610
Event: 1.092 Thread 0x0000025bf9cf4c60 DEOPT UNPACKING pc=0x0000025b87584242 sp=0x000000933b7fca68 mode 0
Event: 1.095 Thread 0x0000025bf9cf4c60 DEOPT PACKING pc=0x0000025b800f8384 sp=0x000000933b7fd580
Event: 1.095 Thread 0x0000025bf9cf4c60 DEOPT UNPACKING pc=0x0000025b87584242 sp=0x000000933b7fc9d8 mode 0
Event: 1.095 Thread 0x0000025bf9cf4c60 DEOPT PACKING pc=0x0000025b800f8384 sp=0x000000933b7fd610
Event: 1.095 Thread 0x0000025bf9cf4c60 DEOPT UNPACKING pc=0x0000025b87584242 sp=0x000000933b7fca68 mode 0
Event: 1.096 Thread 0x0000025bf9cf4c60 DEOPT PACKING pc=0x0000025b800f8384 sp=0x000000933b7fd610
Event: 1.096 Thread 0x0000025bf9cf4c60 DEOPT UNPACKING pc=0x0000025b87584242 sp=0x000000933b7fca68 mode 0
Event: 1.097 Thread 0x0000025bf9cf4c60 Uncommon trap: trap_request=0xffffff6e fr.pc=0x0000025b87b1172c relative=0x000000000000020c
Event: 1.097 Thread 0x0000025bf9cf4c60 Uncommon trap: reason=loop_limit_check action=maybe_recompile pc=0x0000025b87b1172c method=java.math.BigInteger.implMulAdd([I[IIII)I @ 26 c2
Event: 1.097 Thread 0x0000025bf9cf4c60 DEOPT PACKING pc=0x0000025b87b1172c sp=0x000000933b7fd590
Event: 1.097 Thread 0x0000025bf9cf4c60 DEOPT UNPACKING pc=0x0000025b87583aa2 sp=0x000000933b7fd4e0 mode 2

Classes loaded (20 events):
Event: 0.977 Loading class sun/security/pkcs/PKCS8Key done
Event: 0.977 Loading class sun/security/rsa/RSAPrivateKeyImpl done
Event: 0.977 Loading class sun/security/rsa/RSAPrivateCrtKeyImpl
Event: 0.978 Loading class java/security/interfaces/RSAPrivateCrtKey
Event: 0.978 Loading class java/security/interfaces/RSAPrivateCrtKey done
Event: 0.978 Loading class sun/security/rsa/RSAPrivateCrtKeyImpl done
Event: 0.978 Loading class sun/security/rsa/RSACore
Event: 0.979 Loading class sun/security/rsa/RSACore done
Event: 0.979 Loading class sun/security/rsa/RSAPadding
Event: 0.979 Loading class sun/security/rsa/RSAPadding done
Event: 0.980 Loading class java/math/MutableBigInteger
Event: 0.981 Loading class java/math/MutableBigInteger done
Event: 1.036 Loading class sun/security/provider/certpath/X509CertPath
Event: 1.037 Loading class java/security/cert/CertPath
Event: 1.038 Loading class java/security/cert/CertPath done
Event: 1.038 Loading class sun/security/provider/certpath/X509CertPath done
Event: 1.038 Loading class sun/security/timestamp/TimestampToken
Event: 1.039 Loading class sun/security/timestamp/TimestampToken done
Event: 1.041 Loading class java/security/Timestamp
Event: 1.041 Loading class java/security/Timestamp done

Classes unloaded (0 events):
No events

Classes redefined (0 events):
No events

Internal exceptions (12 events):
Event: 0.172 Thread 0x0000025bf9cf4c60 Exception <a 'java/lang/NoSuchMethodError'{0x00000000d57a95e8}: 'void java.lang.invoke.DirectMethodHandle$Holder.invokeStatic(java.lang.Object, java.lang.Object, java.lang.Object)'> (0x00000000d57a95e8) 
thrown [s\src\hotspot\share\interpreter\linkResolver.cpp, line 773]
Event: 0.245 Thread 0x0000025bf9cf4c60 Exception <a 'java/lang/NoSuchMethodError'{0x00000000d5912430}: 'java.lang.Object java.lang.invoke.Invokers$Holder.invokeExact_MT(java.lang.Object, java.lang.Object, java.lang.Object, java.lang.Object, java.lang.Object)'> (0x00000000d5912430) 
thrown [s\src\hotspot\share\interpreter\linkResolver.cpp, line 773]
Event: 0.295 Thread 0x0000025bf9cf4c60 Exception <a 'java/lang/NoSuchMethodError'{0x00000000d59ca230}: 'int java.lang.invoke.DirectMethodHandle$Holder.invokeSpecial(java.lang.Object, java.lang.Object, java.lang.Object, int)'> (0x00000000d59ca230) 
thrown [s\src\hotspot\share\interpreter\linkResolver.cpp, line 773]
Event: 0.299 Thread 0x0000025bf9cf4c60 Exception <a 'java/lang/NoSuchMethodError'{0x00000000d59dcc18}: 'java.lang.Object java.lang.invoke.DirectMethodHandle$Holder.invokeStatic(java.lang.Object, java.lang.Object, java.lang.Object, java.lang.Object, int)'> (0x00000000d59dcc18) 
thrown [s\src\hotspot\share\interpreter\linkResolver.cpp, line 773]
Event: 0.301 Thread 0x0000025bf9cf4c60 Exception <a 'java/lang/NoSuchMethodError'{0x00000000d59e80e0}: 'void java.lang.invoke.DelegatingMethodHandle$Holder.reinvoke_L(java.lang.Object, java.lang.Object, java.lang.Object, int, java.lang.Object)'> (0x00000000d59e80e0) 
thrown [s\src\hotspot\share\interpreter\linkResolver.cpp, line 773]
Event: 0.304 Thread 0x0000025bf9cf4c60 Exception <a 'java/lang/NoSuchMethodError'{0x00000000d59f8a30}: 'int java.lang.invoke.DirectMethodHandle$Holder.invokeSpecial(java.lang.Object, java.lang.Object, java.lang.Object)'> (0x00000000d59f8a30) 
thrown [s\src\hotspot\share\interpreter\linkResolver.cpp, line 773]
Event: 0.306 Thread 0x0000025bf9cf4c60 Exception <a 'java/lang/NoSuchMethodError'{0x00000000d5a046f0}: 'java.lang.Object java.lang.invoke.DirectMethodHandle$Holder.invokeStatic(java.lang.Object, java.lang.Object, int)'> (0x00000000d5a046f0) 
thrown [s\src\hotspot\share\interpreter\linkResolver.cpp, line 773]
Event: 0.307 Thread 0x0000025bf9cf4c60 Exception <a 'java/lang/NoSuchMethodError'{0x00000000d5a09040}: 'void java.lang.invoke.DirectMethodHandle$Holder.invokeStatic(java.lang.Object, java.lang.Object, int, java.lang.Object)'> (0x00000000d5a09040) 
thrown [s\src\hotspot\share\interpreter\linkResolver.cpp, line 773]
Event: 0.307 Thread 0x0000025bf9cf4c60 Exception <a 'java/lang/NoSuchMethodError'{0x00000000d5a0cbd0}: 'void java.lang.invoke.DirectMethodHandle$Holder.invokeSpecial(java.lang.Object, java.lang.Object, java.lang.Object, int, java.lang.Object)'> (0x00000000d5a0cbd0) 
thrown [s\src\hotspot\share\interpreter\linkResolver.cpp, line 773]
Event: 0.308 Thread 0x0000025bf9cf4c60 Exception <a 'java/lang/NoSuchMethodError'{0x00000000d5a10040}: 'void java.lang.invoke.DelegatingMethodHandle$Holder.delegate(java.lang.Object, java.lang.Object, int, java.lang.Object)'> (0x00000000d5a10040) 
thrown [s\src\hotspot\share\interpreter\linkResolver.cpp, line 773]
Event: 0.397 Thread 0x0000025bf9cf4c60 Exception <a 'java/lang/NoSuchMethodError'{0x00000000d5bd09a0}: 'void java.lang.invoke.DelegatingMethodHandle$Holder.reinvoke_L(java.lang.Object, java.lang.Object, java.lang.Object, int)'> (0x00000000d5bd09a0) 
thrown [s\src\hotspot\share\interpreter\linkResolver.cpp, line 773]
Event: 0.700 Thread 0x0000025bf9cf4c60 Exception <a 'java/lang/NoSuchMethodError'{0x00000000d60620b8}: 'void java.lang.invoke.DirectMethodHandle$Holder.invokeVirtual(java.lang.Object, java.lang.Object)'> (0x00000000d60620b8) 
thrown [s\src\hotspot\share\interpreter\linkResolver.cpp, line 773]

ZGC Phase Switch (0 events):
No events

VM Operations (4 events):
Event: 0.176 Executing non-safepoint VM operation: HandshakeAllThreads (Deoptimize)
Event: 0.176 Executing non-safepoint VM operation: HandshakeAllThreads (Deoptimize) done
Event: 0.271 Executing non-safepoint VM operation: HandshakeAllThreads (Deoptimize)
Event: 0.272 Executing non-safepoint VM operation: HandshakeAllThreads (Deoptimize) done

Memory protections (0 events):
No events

Nmethod flushes (0 events):
No events

Events (12 events):
Event: 0.079 Thread 0x0000025bf9cf4c60 Thread added: 0x0000025bf9cf4c60
Event: 0.121 Thread 0x0000025bf9cf4c60 Thread added: 0x0000025bfd761d70
Event: 0.121 Thread 0x0000025bf9cf4c60 Thread added: 0x0000025bfd763320
Event: 0.122 Thread 0x0000025bf9cf4c60 Thread added: 0x0000025bfd766c00
Event: 0.122 Thread 0x0000025bf9cf4c60 Thread added: 0x0000025bfd767860
Event: 0.122 Thread 0x0000025bf9cf4c60 Thread added: 0x0000025bfd76bf80
Event: 0.122 Thread 0x0000025bf9cf4c60 Thread added: 0x0000025bfd76dad0
Event: 0.123 Thread 0x0000025bf9cf4c60 Thread added: 0x0000025bfd772760
Event: 0.123 Thread 0x0000025bf9cf4c60 Thread added: 0x0000025bfd773c00
Event: 0.216 Thread 0x0000025bf9cf4c60 Thread added: 0x0000025bff1ae780
Event: 0.355 Thread 0x0000025bfd772760 Thread added: 0x0000025bff26b7b0
Event: 0.524 Thread 0x0000025bf9cf4c60 Thread added: 0x0000025bff26ad40


Dynamic libraries:
0x00007ff790220000 - 0x00007ff79022e000 	c:\Users\PC\.vscode\extensions\redhat.java-1.56.0-win32-x64\jre\21.0.12.1-win32-x86_64\bin\java.exe
0x00007fff75ad0000 - 0x00007fff75cc8000 	C:\Windows\SYSTEM32\ntdll.dll
0x00007fff759c0000 - 0x00007fff75a82000 	C:\Windows\System32\KERNEL32.DLL
0x00007fff73520000 - 0x00007fff73816000 	C:\Windows\System32\KERNELBASE.dll
0x00007fff73200000 - 0x00007fff73300000 	C:\Windows\System32\ucrtbase.dll
0x00007fff6c020000 - 0x00007fff6c03e000 	c:\Users\PC\.vscode\extensions\redhat.java-1.56.0-win32-x64\jre\21.0.12.1-win32-x86_64\bin\VCRUNTIME140.dll
0x00007fff6ca10000 - 0x00007fff6ca28000 	c:\Users\PC\.vscode\extensions\redhat.java-1.56.0-win32-x64\jre\21.0.12.1-win32-x86_64\bin\jli.dll
0x00007fff752f0000 - 0x00007fff75491000 	C:\Windows\System32\USER32.dll
0x00007fff73950000 - 0x00007fff73972000 	C:\Windows\System32\win32u.dll
0x00007fff75030000 - 0x00007fff7505b000 	C:\Windows\System32\GDI32.dll
0x00007fff739d0000 - 0x00007fff73ae9000 	C:\Windows\System32\gdi32full.dll
0x00007fff73160000 - 0x00007fff731fd000 	C:\Windows\System32\msvcp_win.dll
0x00007fff5fc60000 - 0x00007fff5fefb000 	C:\Windows\WinSxS\amd64_microsoft.windows.common-controls_6595b64144ccf1df_6.0.19041.6456_none_60b8a6cb71f64256\COMCTL32.dll
0x00007fff73de0000 - 0x00007fff73e7e000 	C:\Windows\System32\msvcrt.dll
0x00007fff75510000 - 0x00007fff7553f000 	C:\Windows\System32\IMM32.DLL
0x00007fff6dd30000 - 0x00007fff6dd3c000 	c:\Users\PC\.vscode\extensions\redhat.java-1.56.0-win32-x64\jre\21.0.12.1-win32-x86_64\bin\vcruntime140_1.dll
0x00007fff47d80000 - 0x00007fff47e0d000 	c:\Users\PC\.vscode\extensions\redhat.java-1.56.0-win32-x64\jre\21.0.12.1-win32-x86_64\bin\msvcp140.dll
0x00007fff2e290000 - 0x00007fff2f032000 	c:\Users\PC\.vscode\extensions\redhat.java-1.56.0-win32-x64\jre\21.0.12.1-win32-x86_64\bin\server\jvm.dll
0x00007fff73e80000 - 0x00007fff73f31000 	C:\Windows\System32\ADVAPI32.dll
0x00007fff74690000 - 0x00007fff7472f000 	C:\Windows\System32\sechost.dll
0x00007fff73cc0000 - 0x00007fff73de0000 	C:\Windows\System32\RPCRT4.dll
0x00007fff734f0000 - 0x00007fff73517000 	C:\Windows\System32\bcrypt.dll
0x00007fff754a0000 - 0x00007fff7550b000 	C:\Windows\System32\WS2_32.dll
0x00007fff5f2f0000 - 0x00007fff5f317000 	C:\Windows\SYSTEM32\WINMM.dll
0x00007fff5c220000 - 0x00007fff5c22a000 	C:\Windows\SYSTEM32\VERSION.dll
0x00007fff72660000 - 0x00007fff726ab000 	C:\Windows\SYSTEM32\POWRPROF.dll
0x00007fff72520000 - 0x00007fff72532000 	C:\Windows\SYSTEM32\UMPDC.dll
0x00007fff71930000 - 0x00007fff71942000 	C:\Windows\SYSTEM32\kernel.appcore.dll
0x00007fff6d600000 - 0x00007fff6d60a000 	c:\Users\PC\.vscode\extensions\redhat.java-1.56.0-win32-x64\jre\21.0.12.1-win32-x86_64\bin\jimage.dll
0x00007fff71630000 - 0x00007fff71831000 	C:\Windows\SYSTEM32\DBGHELP.DLL
0x00007fff59c70000 - 0x00007fff59ca4000 	C:\Windows\SYSTEM32\dbgcore.DLL
0x00007fff73460000 - 0x00007fff734e2000 	C:\Windows\System32\bcryptPrimitives.dll
0x00007fff6bfe0000 - 0x00007fff6bfef000 	c:\Users\PC\.vscode\extensions\redhat.java-1.56.0-win32-x64\jre\21.0.12.1-win32-x86_64\bin\instrument.dll
0x00007fff6ac40000 - 0x00007fff6ac60000 	c:\Users\PC\.vscode\extensions\redhat.java-1.56.0-win32-x64\jre\21.0.12.1-win32-x86_64\bin\java.dll
0x00007fff748c0000 - 0x00007fff75030000 	C:\Windows\System32\SHELL32.dll
0x00007fff70e80000 - 0x00007fff71625000 	C:\Windows\SYSTEM32\windows.storage.dll
0x00007fff74240000 - 0x00007fff74594000 	C:\Windows\System32\combase.dll
0x00007fff72ab0000 - 0x00007fff72adb000 	C:\Windows\SYSTEM32\Wldp.dll
0x00007fff73fa0000 - 0x00007fff7406d000 	C:\Windows\System32\OLEAUT32.dll
0x00007fff740d0000 - 0x00007fff7417d000 	C:\Windows\System32\SHCORE.dll
0x00007fff74730000 - 0x00007fff7478b000 	C:\Windows\System32\shlwapi.dll
0x00007fff73090000 - 0x00007fff730b4000 	C:\Windows\SYSTEM32\profapi.dll
0x00007fff6a7a0000 - 0x00007fff6a7b8000 	c:\Users\PC\.vscode\extensions\redhat.java-1.56.0-win32-x64\jre\21.0.12.1-win32-x86_64\bin\zip.dll
0x00007fff6bfd0000 - 0x00007fff6bfe0000 	C:\Users\PC\.vscode\extensions\redhat.java-1.56.0-win32-x64\jre\21.0.12.1-win32-x86_64\bin\net.dll
0x00007fff6f720000 - 0x00007fff6f82a000 	C:\Windows\SYSTEM32\WINHTTP.dll
0x00007fff72890000 - 0x00007fff728fa000 	C:\Windows\system32\mswsock.dll
0x00007fff6a770000 - 0x00007fff6a786000 	C:\Users\PC\.vscode\extensions\redhat.java-1.56.0-win32-x64\jre\21.0.12.1-win32-x86_64\bin\nio.dll
0x00007fff6bab0000 - 0x00007fff6bac0000 	c:\Users\PC\.vscode\extensions\redhat.java-1.56.0-win32-x64\jre\21.0.12.1-win32-x86_64\bin\verify.dll

JVMTI agents:
c:\Users\PC\.vscode\extensions\redhat.java-1.56.0-win32-x64\lombok\lombok-1.18.39-4050.jar path:c:\Users\PC\.vscode\extensions\redhat.java-1.56.0-win32-x64\jre\21.0.12.1-win32-x86_64\bin\instrument.dll, loaded, initialized, instrumentlib options:none

dbghelp: loaded successfully - version: 4.0.5 - missing functions: none
symbol engine: initialized successfully - sym options: 0x614 - pdb path: .;c:\Users\PC\.vscode\extensions\redhat.java-1.56.0-win32-x64\jre\21.0.12.1-win32-x86_64\bin;C:\Windows\SYSTEM32;C:\Windows\WinSxS\amd64_microsoft.windows.common-controls_6595b64144ccf1df_6.0.19041.6456_none_60b8a6cb71f64256;c:\Users\PC\.vscode\extensions\redhat.java-1.56.0-win32-x64\jre\21.0.12.1-win32-x86_64\bin\server

VM Arguments:
jvm_args: --add-modules=ALL-SYSTEM --add-opens=java.base/java.util=ALL-UNNAMED --add-opens=java.base/java.lang=ALL-UNNAMED --add-opens=java.base/sun.nio.fs=ALL-UNNAMED -Declipse.application=org.eclipse.jdt.ls.core.id1 -Dosgi.bundles.defaultStartLevel=4 -Declipse.product=org.eclipse.jdt.ls.core.product -Djava.import.generatesMetadataFilesAtProjectRoot=false -Dm2e.project.cache.size=50 -DDetectVMInstallationsJob.disabled=true -Dfile.encoding=utf8 -XX:+UseParallelGC -XX:GCTimeRatio=4 -XX:AdaptiveSizePolicyWeight=90 -Dsun.zip.disableMemoryMapping=true -Xmx2G -Xms100m -Xlog:disable -javaagent:c:\Users\PC\.vscode\extensions\redhat.java-1.56.0-win32-x64\lombok\lombok-1.18.39-4050.jar -XX:+HeapDumpOnOutOfMemoryError -XX:HeapDumpPath=c:\Users\PC\AppData\Roaming\Code\User\workspaceStorage\ec1410200dd7bcd3f80d97ac2a3ddf05\redhat.java -Daether.dependencyCollector.impl=bf 
java_command: c:\Users\PC\.vscode\extensions\redhat.java-1.56.0-win32-x64\server\plugins\org.eclipse.equinox.launcher_1.8.0.v20260804-1928.jar -configuration c:\Users\PC\AppData\Roaming\Code\User\globalStorage\redhat.java\1.56.0\config_win -data c:\Users\PC\AppData\Roaming\Code\User\workspaceStorage\ec1410200dd7bcd3f80d97ac2a3ddf05\redhat.java\jdt_ws --pipe=\\.\pipe\lsp-c798952b26bf966d62dbe559f24ea860-sock
java_class_path (initial): c:\Users\PC\.vscode\extensions\redhat.java-1.56.0-win32-x64\server\plugins\org.eclipse.equinox.launcher_1.8.0.v20260804-1928.jar
Launcher Type: SUN_STANDARD

[Global flags]
    uintx AdaptiveSizePolicyWeight                 = 90                                        {product} {command line}
     intx CICompilerCount                          = 4                                         {product} {ergonomic}
    uintx GCTimeRatio                              = 4                                         {product} {command line}
     bool HeapDumpOnOutOfMemoryError               = true                                   {manageable} {command line}
    ccstr HeapDumpPath                             = c:\Users\PC\AppData\Roaming\Code\User\workspaceStorage\ec1410200dd7bcd3f80d97ac2a3ddf05\redhat.java         {manageable} {command line}
   size_t InitialHeapSize                          = 104857600                                 {product} {command line}
   size_t MaxHeapSize                              = 2147483648                                {product} {command line}
   size_t MaxNewSize                               = 715653120                                 {product} {ergonomic}
   size_t MinHeapDeltaBytes                        = 524288                                    {product} {ergonomic}
   size_t MinHeapSize                              = 104857600                                 {product} {command line}
   size_t NewSize                                  = 34603008                                  {product} {ergonomic}
    uintx NonNMethodCodeHeapSize                   = 5839372                                {pd product} {ergonomic}
    uintx NonProfiledCodeHeapSize                  = 122909434                              {pd product} {ergonomic}
   size_t OldSize                                  = 70254592                                  {product} {ergonomic}
    uintx ProfiledCodeHeapSize                     = 122909434                              {pd product} {ergonomic}
    uintx ReservedCodeCacheSize                    = 251658240                              {pd product} {ergonomic}
     bool SegmentedCodeCache                       = true                                      {product} {ergonomic}
   size_t SoftMaxHeapSize                          = 2147483648                             {manageable} {ergonomic}
     bool UseCompressedOops                        = true                           {product lp64_product} {ergonomic}
     bool UseLargePagesIndividualAllocation        = false                                  {pd product} {ergonomic}
     bool UseParallelGC                            = true                                      {product} {command line}

Logging:
Log output configuration:
 #0: stdout all=off uptime,level,tags foldmultilines=false
 #1: stderr all=off uptime,level,tags foldmultilines=false

Release file:
JAVA_VERSION="21.0.12.1" 
MODULES="java.base java.compiler java.datatransfer java.xml java.prefs java.desktop java.instrument java.logging java.management java.security.sasl java.naming java.rmi java.management.rmi java.net.http java.scripting java.security.jgss java.transaction.xa java.sql java.sql.rowset java.xml.crypto java.se java.smartcardio jdk.accessibility jdk.internal.jvmstat jdk.attach jdk.charsets jdk.internal.opt jdk.zipfs jdk.compiler jdk.crypto.ec jdk.crypto.cryptoki jdk.crypto.mscapi jdk.dynalink jdk.internal.ed jdk.editpad jdk.hotspot.agent jdk.httpserver jdk.internal.le jdk.internal.vm.ci jdk.internal.vm.compiler jdk.internal.vm.compiler.management jdk.jartool jdk.javadoc jdk.jcmd jdk.management jdk.management.agent jdk.jconsole jdk.jdeps jdk.jdwp.agent jdk.jdi jdk.jfr jdk.jshell jdk.jsobject jdk.jstatd jdk.localedata jdk.management.jfr jdk.naming.dns jdk.naming.rmi jdk.net jdk.nio.mapmode jdk.random jdk.sctp jdk.security.auth jdk.security.jgss jdk.unsupported jdk.unsupported.desktop jdk.xml.dom" 

Environment Variables:
PATH=C:\Program Files\Eclipse Adoptium\jdk-25.0.2.10-hotspot\bin;C:\app\PC\product\21c\dbhomeXE\bin;C:\Program Files\Eclipse Adoptium\jdk-8.0.382.5-hotspot\bin;C:\Program Files\Eclipse Adoptium\jdk-17.0.17.10-hotspot\bin;C:\Program Files (x86)\Common Files\Oracle\Java\javapath;C:\Windows\system32;C:\Windows;C:\Windows\System32\Wbem;C:\Windows\System32\WindowsPowerShell\v1.0\;C:\Windows\System32\OpenSSH\;C:\msys64\mingw64\bin;C:\Program Files\MySQL\MySQL Server 8.0\bin;C:\Program Files\Microsoft SQL Server\150\Tools\Binn\;C:\Program Files\Microsoft SQL Server\Client SDK\ODBC\170\Tools\Binn\;C:\Program Files\dotnet\;C:\Program Files (x86)\Windows Kits\10\Windows Performance Toolkit\;%MAVEN_HOME%\bin;C:\Program Files\ZeroC\Ice-3.7.9\bin;C:\Program Files (x86)\Microsoft SQL Server\170\Tools\Binn\;C:\Program Files\Microsoft SQL Server\170\Tools\Binn\;C:\Program Files\Microsoft SQL Server\Client SDK\ODBC\180\Tools\Binn\;C:\Program Files\Microsoft SQL Server\170\DTS\Binn\;C:\Program Files\Git\cmd;C:\Program Files\nodejs\;C:\Program Files\WSL\;C:\Users\PC\Desktop\sonar-scanner-cli-5.0.1.3006-windows\sonar-scanner-5.0.1.3006-windows\bin;C:\Users\PC\AppData\Local\Programs\Python\Python314\Scripts\;C:\Users\PC\AppData\Local\Programs\Python\Python314\;C:\Program Files\MySQL\MySQL Shell 8.0\bin\;C:\Users\PC\AppData\Local\Microsoft\WindowsApps;C:\Users\PC\AppData\Local\Programs\Microsoft VS Code\bin;C:\Users\PC\.dotnet\tools;C:\Users\PC\AppData\Roaming\npm;C:\Program Files\nodejs\;C:\Users\PC\AppData\Local\Programs\Python\Python314;C:\Users\PC\AppData\Local\Programs\Python\Python314\Scripts;C:\Users\PC\Desktop\apache-maven-3.9.16-bin\bin;C:\Users\PC\Desktop\sonar-scanner-cli-5.0.1.3006-windows\sonar-scanner-5.0.1.3006-windows\bin;
USERNAME=PC
OS=Windows_NT
PROCESSOR_IDENTIFIER=Intel64 Family 6 Model 142 Stepping 10, GenuineIntel
TMP=C:\Users\PC\AppData\Local\Temp
TEMP=C:\Users\PC\AppData\Local\Temp




Periodic native trim disabled

---------------  S Y S T E M  ---------------

OS:
 Windows 10 , 64 bit Build 19041 (10.0.19041.5915)
OS uptime: 0 days 4:12 hours
Hyper-V role detected

CPU: total 8 (initial active 8) (4 cores per cpu, 2 threads per core) family 6 model 142 stepping 10 microcode 0xb4, cx8, cmov, fxsr, ht, mmx, 3dnowpref, sse, sse2, sse3, ssse3, sse4.1, sse4.2, popcnt, lzcnt, tsc, tscinvbit, avx, avx2, aes, erms, clmul, bmi1, bmi2, adx, fma, vzeroupper, clflush, clflushopt, hv, rdtscp, f16c
Processor Information for the first 8 processors :
  Max Mhz: 1800, Current Mhz: 1600, Mhz Limit: 1584

Memory: 4k page, system-wide physical 8042M (528M free)
TotalPageFile size 17965M (AvailPageFile size 34M)
current process WorkingSet (physical memory assigned to process): 59M, peak: 60M
current process commit charge ("private bytes"): 231M, peak: 233M

vm_info: OpenJDK 64-Bit Server VM (21.0.12.1+1-LTS) for windows-amd64 JRE (21.0.12.1+1-LTS), built on 2026-08-18T00:00:00Z by "admin" with MS VC++ 17.12 (VS2022)

END.
